profile desktop-session is valid
bionicx-exec: running untraced pid=8498
bionicx-exec: running untraced pid=8509
bionicx ELF fixups: 2 entries
installed profile desktop-session for io.taowen.bx
Starting: Intent { cmp=io.taowen.bx/com.winlator.BionicXActivity }
Status: ok
LaunchState: UNKNOWN (0)
Activity: io.taowen.bx/com.winlator.BionicXActivity
WaitTime: 3012
Complete
desktop-session accept finished at 3s
I/BionicX ( 8569): enabled D-Bus session service at /data/user/0/io.taowen.bx/files/run/desktop-session/runtime/bus
I/BionicX ( 8569): enabled PulseAudio host service at /data/user/0/io.taowen.bx/files/rootfs/tmp/.sound/PS0
I/BionicX ( 8569): enabled app-private CUPS service
I/BionicX ( 8569): enabled Vulkan host service at /data/user/0/io.taowen.bx/files/rootfs/tmp/.vortek/V0
I/BionicX ( 8569): BXTEST PASS desktop-session-launch icewm=8612 app1=8621 app2=8626
I/BionicX ( 8569): BXTEST PASS session-display :0
I/BionicX ( 8569): BXTEST PASS session-two-mapped xterm=0x800014 mousepad=0xc00003
I/BionicX ( 8569): BXTEST PASS session-switch-xterm focus=xterm
I/BionicX ( 8569): BXTEST PASS session-switch-mousepad focus=mousepad
I/BionicX ( 8569): BXTEST PASS session-resize-xterm 644x340 -> 740x382
I/BionicX ( 8569): BXTEST PASS session-close-mousepad client withdrawn
I/BionicX ( 8569): BXTEST PASS session-reopen-mousepad pid=8640 alive=1
I/BionicX ( 8569): BXSUMMARY desktop-session-accept passed=7 failed=0
desktop-session two-app accept: PASS
