profile desktop-session is valid
bionicx-exec: running untraced pid=14240
bionicx-exec: running untraced pid=14252
bionicx ELF fixups: 2 entries
installed profile desktop-session for io.taowen.bx
Starting: Intent { cmp=io.taowen.bx/com.winlator.BionicXActivity }
Status: ok
LaunchState: COLD
Activity: io.taowen.bx/com.winlator.BionicXActivity
TotalTime: 242
WaitTime: 244
Complete
desktop-session accept finished at 6s
I/BionicX (14310): enabled D-Bus session service at /data/user/0/io.taowen.bx/files/run/desktop-session/runtime/bus
I/BionicX (14310): enabled PulseAudio host service at /data/user/0/io.taowen.bx/files/rootfs/tmp/.sound/PS0
I/BionicX (14310): enabled app-private CUPS service
I/BionicX (14310): enabled Vulkan host service at /data/user/0/io.taowen.bx/files/rootfs/tmp/.vortek/V0
I/BionicX (14310): BXTEST PASS desktop-session-launch icewm=14356 app1=14374 app2=14379
I/BionicX (14310): BXTEST PASS session-display :0
I/BionicX (14310): BXTEST PASS session-two-mapped xterm=0x800014 mousepad=0xc00003
I/BionicX (14310): BXTEST PASS session-switch-xterm focus=xterm
I/BionicX (14310): BXTEST PASS session-switch-mousepad focus=mousepad
I/BionicX (14310): BXTEST PASS session-resize-xterm 644x340 -> 740x382
I/BionicX (14310): BXTEST PASS session-close-mousepad client withdrawn
I/BionicX (14310): BXTEST PASS session-reopen-mousepad pid=14408 alive=1
I/BionicX (14310): BXSUMMARY desktop-session-accept passed=7 failed=0
desktop-session two-app accept: PASS
