BXINFO seed
ed998c095a1b9384b1f022d06101ac3fc3c61761ac751546bd84edca298e44e2
BXINFO dns=8.8.8.8
/var/home/taowen/projects/glibc-on-bionic/bionicx/build/nss-ckbi-probe: 1 file pushed, 0 skipped. 191.9 MB/s (131985 bytes in 0.001s)
bionicx-exec: running untraced pid=15005
BXTEST PASS gred-softokn /data/user/0/io.taowen.bx/files/rootfs/usr/lib/firefox-esr/libsoftokn3.so
BXTEST PASS gred-ckbi /data/user/0/io.taowen.bx/files/rootfs/usr/lib/firefox-esr/libnssckbi.so
BXTEST PASS system-ckbi /data/user/0/io.taowen.bx/files/rootfs/usr/lib/aarch64-linux-gnu/libnssckbi.so
BXTEST PASS gred-ckbi-relative ../aarch64-linux-gnu/libnssckbi.so
BXTEST PASS dlopen-libnss3 /data/user/0/io.taowen.bx/files/rootfs/usr/lib/firefox-esr/libnss3.so
BXTEST PASS gred-softokn-soname /data/user/0/io.taowen.bx/files/rootfs/usr/lib/firefox-esr/libsoftokn3.so
BXTEST PASS nss-symbols NSS_NoDB_Init
BXTEST PASS nss-sql-init sql-ok
BXTEST PASS psm-key-slot ready
BXTEST PASS nss-init nodb
BXTEST PASS load-ckbi /data/user/0/io.taowen.bx/files/rootfs/usr/lib/firefox-esr/libnssckbi.so
BXTEST PASS trust-anchors count=176
BXTEST PASS dlopen-libssl3 /data/user/0/io.taowen.bx/files/rootfs/usr/lib/firefox-esr/libssl3.so
BXTEST PASS dlopen-libnspr4 libnspr4.so
BXTEST PASS tls-symbols ssl3+nspr
BXTEST PASS dns-example example.com=172.66.147.243
BXTEST PASS tls-example tls-ok
BXSUMMARY nss-ckbi passed=17 failed=0
bionicx-exec: primary pid=15005 exited status=0x0; draining session
bionicx-exec: session drained children=0
BXSUMMARY nss-ckbi passed=17 failed=0
/var/home/taowen/projects/glibc-on-bionic/bionicx/build/productivity-apps-bundle
profile firefox-esr is valid
/var/home/taowen/projects/glibc-on-bionic/bionicx/build/bxapt.conf: 1 file pushed, 0 skipped. 19.6 MB/s (1092 bytes in 0.000s)
/var/home/taowen/projects/glibc-on-bionic/bionicx/tools/rootfs-elf-fixup.sh: 1 file pushed, 0 skipped. 143.1 MB/s (11852 bytes in 0.000s)
/var/home/taowen/projects/glibc-on-bionic/bionicx/tools/bxapt-unpack.sh: 1 file pushed, 0 skipped. 57.1 MB/s (5904 bytes in 0.000s)
/var/home/taowen/projects/glibc-on-bionic/bionicx/tools/bxapt-ldconfig.sh: 1 file pushed, 0 skipped. 29.0 MB/s (2747 bytes in 0.000s)
/var/home/taowen/projects/glibc-on-bionic/bionicx/android/app/src/main/assets/bionicx/lib/libbionicx-runtime.so: 1 file pushed, 0 skipped. 73.9 MB/s (78840 bytes in 0.001s)
bionicx-exec: running untraced pid=15090
bionicx-exec: primary pid=15090 exited status=0x0; draining session
bionicx-exec: session drained children=0
bionicx-exec: running untraced pid=15101
bionicx ELF fixups: 0 entries
bionicx-exec: primary pid=15101 exited status=0x0; draining session
bionicx-exec: session drained children=0
/var/home/taowen/projects/glibc-on-bionic/bionicx/profiles/firefox-esr-online.json: 1 file pushed, 0 skipped. 15.4 MB/s (1383 bytes in 0.000s)
installed profile firefox-esr for io.taowen.bx
/var/home/taowen/projects/glibc-on-bionic/bionicx/build/productivity-apps-bundle/app/fixtures/firefox-online-user.js: 1 file pushed, 0 skipped. 21.6 MB/s (1125 bytes in 0.000s)
Starting: Intent { cmp=io.taowen.bx/com.winlator.BionicXActivity }
Status: ok
LaunchState: COLD
Activity: io.taowen.bx/com.winlator.BionicXActivity
TotalTime: 200
WaitTime: 202
Complete
screenshot /var/home/taowen/projects/glibc-on-bionic/bionicx/evidence/rebuild-2026-08-14/firefox-esr-online.png bytes=52992
I/ActivityTaskManager( 2320): START u0 {flg=0x10000000 cmp=io.taowen.bx/com.winlator.BionicXActivity} with LAUNCH_MULTIPLE from uid 2000 (BAL_ALLOW_PERMISSION) result code=0
V/WindowManagerShell( 2661): Transition requested: android.os.BinderProxy@2e28d6e TransitionRequestInfo { type = OPEN, triggerTask = TaskInfo{userId=0 taskId=1276 displayId=0 isRunning=true baseIntent=Intent { flg=0x10000000 cmp=io.taowen.bx/com.winlator.BionicXActivity } baseActivity=ComponentInfo{io.taowen.bx/com.winlator.BionicXActivity} topActivity=ComponentInfo{io.taowen.bx/com.winlator.BionicXActivity} origActivity=null realActivity=ComponentInfo{io.taowen.bx/com.winlator.BionicXActivity} numActivities=1 lastActiveTime=6785438 supportsMultiWindow=true resizeMode=1 isResizeable=true minWidth=-1 minHeight=-1 defaultMinSize=220 token=WCT{android.window.IWindowContainerToken$Stub$Proxy@2a1ec0f} topActivityType=1 pictureInPictureParams=null shouldDockBigOverlays=false launchIntoPipHostTaskId=-1 lastParentTaskIdBeforePip=-1 displayCutoutSafeInsets=null topActivityInfo=ActivityInfo{778449c com.winlator.BionicXActivity} launchCookies=[] positionInParent=Point(0, 0) parentTaskId=-1 isFocused=false isVisible=false isVisibleRequested=false isSleeping=false topActivityInSizeCompat=false topActivityEligibleForLetterboxEducation= false topActivityLetterboxed= false isFromDoubleTap= false topActivityLetterboxVerticalPosition= -1 topActivityLetterboxHorizontalPosition= -1 topActivityLetterboxWidth=-1 topActivityLetterboxHeight=-1 locusId=null displayAreaFeatureId=1 cameraCompatControlState=hidden}, remoteTransition = null, displayChange = null }
I/ActivityManager( 2320): Start proc 15151:io.taowen.bx/u0a194 for next-top-activity {io.taowen.bx/com.winlator.BionicXActivity}
V/WindowManager( 2320): Sent Transition #129 createdAt=08-14 04:55:56.888 via request=TransitionRequestInfo { type = OPEN, triggerTask = TaskInfo{userId=0 taskId=1276 displayId=0 isRunning=true baseIntent=Intent { flg=0x10000000 cmp=io.taowen.bx/com.winlator.BionicXActivity } baseActivity=ComponentInfo{io.taowen.bx/com.winlator.BionicXActivity} topActivity=ComponentInfo{io.taowen.bx/com.winlator.BionicXActivity} origActivity=null realActivity=ComponentInfo{io.taowen.bx/com.winlator.BionicXActivity} numActivities=1 lastActiveTime=6785438 supportsMultiWindow=true resizeMode=1 isResizeable=true minWidth=-1 minHeight=-1 defaultMinSize=220 token=WCT{RemoteToken{a2a602e Task{c3a48df #1276 type=standard A=10194:io.taowen.bx}}} topActivityType=1 pictureInPictureParams=null shouldDockBigOverlays=false launchIntoPipHostTaskId=-1 lastParentTaskIdBeforePip=-1 displayCutoutSafeInsets=null topActivityInfo=ActivityInfo{c11f065 com.winlator.BionicXActivity} launchCookies=[] positionInParent=Point(0, 0) parentTaskId=-1 isFocused=false isVisible=false isVisibleRequested=false isSleeping=false topActivityInSizeCompat=false topActivityEligibleForLetterboxEducation= false topActivityLetterboxed= false isFromDoubleTap= false topActivityLetterboxVerticalPosition= -1 topActivityLetterboxHorizontalPosition= -1 topActivityLetterboxWidth=-1 topActivityLetterboxHeight=-1 locusId=null displayAreaFeatureId=1 cameraCompatControlState=hidden}, remoteTransition = null, displayChange = null }
I/BionicX (15151): profile=firefox-esr display=1920x1080@144 socket=filesystem
I/BionicX (15151): runtime DNS servers=2
I/BionicX (15151): launching Firefox ESR online (Debian trixie ARM64): [/data/user/0/io.taowen.bx/files/bin/bionicx-exec, --cwd, /data/user/0/io.taowen.bx/files/rootfs/usr/lib/firefox-esr, --env, DISPLAY=:0, --env, HOME=/data/user/0/io.taowen.bx/files/homes/firefox-esr, --env, TMPDIR=/data/user/0/io.taowen.bx/files/run/firefox-esr, --env, XDG_RUNTIME_DIR=/data/user/0/io.taowen.bx/files/run/firefox-esr/runtime, --env, XDG_CONFIG_HOME=/data/user/0/io.taowen.bx/files/homes/firefox-esr/.config, --env, XDG_CACHE_HOME=/data/user/0/io.taowen.bx/files/homes/firefox-esr/.cache, --env, XDG_DATA_HOME=/data/user/0/io.taowen.bx/files/homes/firefox-esr/.local/share, --env, XDG_DATA_DIRS=/data/user/0/io.taowen.bx/files/rootfs/usr/local/share:/data/user/0/io.taowen.bx/files/rootfs/usr/share, --env, GDK_PIXBUF_MODULE_FILE=/data/user/0/io.taowen.bx/files/rootfs/usr/lib/aarch64-linux-gnu/gdk-pixbuf-2.0/2.10.0/loaders.cache, --env, SSL_CERT_FILE=/data/user/0/io.taowen.bx/files/rootfs/etc/ssl/certs/ca-certificates.crt, --env, MOZ_ENABLE_WAYLAND=0, --env, MOZ_DISABLE_CONTENT_SANDBOX=1, --env, MOZ_DISABLE_SOCKET_PROCESS_SANDBOX=1, --env, MOZ_FORCE_DISABLE_E10S=1, --env, MOZILLA_FIVE_HOME=/data/user/0/io.taowen.bx/files/rootfs/usr/lib/firefox-esr, --env, NO_AT_BRIDGE=1, --env, PATH=/data/user/0/io.taowen.bx/files/rootfs/usr/bin:/data/user/0/io.taowen.bx/files/rootfs/bin:/product/bin:/system/bin, --env, LANG=C.UTF-8, --env, BIONICX_DNS_SERVERS=fe80::1%wlan0,192.168.1.1, --env, BIONICX_ROOTFS=/data/user/0/io.taowen.bx/files/rootfs, --env, BIONICX_APP=/data/user/0/io.taowen.bx/files/apps/firefox-esr, --env, BIONICX_TMPDIR=/data/user/0/io.taowen.bx/cache, --env, FONTCONFIG_PATH=/data/user/0/io.taowen.bx/files/rootfs/etc/fonts, --env, FONTCONFIG_FILE=fonts.conf, --env, FONTCONFIG_SYSROOT=/data/user/0/io.taowen.bx/files/rootfs, --env, LD_PRELOAD=/data/user/0/io.taowen.bx/files/lib/libbionicx-runtime.so, --, /data/user/0/io.taowen.bx/files/rootfs/usr/lib/firefox-esr/firefox-esr, --no-remote, --new-instance, --profile, /data/user/0/io.taowen.bx/files/homes/firefox-esr/online, https://example.com/]
D/CoreBackPreview( 2320): Window{9c3abdb u0 io.taowen.bx/com.winlator.BionicXActivity}: Setting back callback OnBackInvokedCallbackInfo{mCallback=android.window.IOnBackInvokedCallback$Stub$Proxy@d8ebf42, mPriority=0, mIsAnimationCallback=false}
I/BionicX (15151): bionicx-exec: running untraced pid=15185
I/ActivityTaskManager( 2320): Displayed io.taowen.bx/com.winlator.BionicXActivity for user 0: +200ms
I/BionicX (15151): [GFX1-]: ManageChildProcess(glxtest): poll failed: Success
I/BionicX (15151): 
I/BionicX (15151): [GFX1-]: glxtest: ManageChildProcess failed
I/BionicX (15151): 
I/BionicX (15151): [GFX1-]: No GPUs detected via PCI
I/BionicX (15151): 
I/BionicX (15151): [Parent 15185, Main Thread] WARNING: Failed to create DBus proxy for org.a11y.Bus: Failed to execute child process “dbus-launch” (No such file or directory)
I/BionicX (15151): : 'glib warning', file toolkit/xre/nsSigHandlers.cpp:201
I/BionicX (15151): 
I/BionicX (15151): ** (firefox-esr:15185): WARNING **: 20:56:01.460: Failed to create DBus proxy for org.a11y.Bus: Failed to execute child process “dbus-launch” (No such file or directory)
I/BionicX (15151): 
I/BionicX (15151): [15185] Sandbox: Couldn't open video device /dev/video33
I/BionicX (15151): [15185] Sandbox: Couldn't open video device /dev/video32
BXTEST PASS firefox-example-page size=1920x1080 light=0.596 dark=0.400
BXTEST PASS firefox-nss-profile cert9+key4
BXINFO firefox-places not flushed yet
BXINFO cold-start
BXTEST PASS firefox-example-page size=1920x1080 light=0.595 dark=0.400
BXTEST PASS firefox-online-cold cert9
BXSUMMARY firefox-online warm+cold

BXTEST PASS firefox-places example.com
