/var/home/taowen/projects/glibc-on-bionic/bionicx/build/popular-apps-bundle
/var/home/taowen/projects/glibc-on-bionic/bionicx/build/popular-apps-bundle/app/lib/libGL.so.1.7.0
profile keepassxc is valid
bionicx-exec: running untraced pid=18724
bionicx-exec: running untraced pid=18735
bionicx ELF fixups: 2 entries
installed profile keepassxc for io.taowen.bx
bionicx-exec: running untraced pid=18795
Successfully created new database.
bionicx-exec: primary pid=18795 exited status=0x0; draining session
bionicx-exec: session drained children=0
BXTEST PASS db-create created
bionicx-exec: running untraced pid=18800
Successfully added entry login.
bionicx-exec: primary pid=18800 exited status=0x0; draining session
bionicx-exec: session drained children=0
BXTEST PASS db-add login
bionicx-exec: running untraced pid=18806
login
bionicx-exec: primary pid=18806 exited status=0x0; draining session
bionicx-exec: session drained children=0
BXTEST PASS db-ls login
bionicx-exec: running untraced pid=18811
login
bionicx
https://example.com
bionicx-exec: primary pid=18811 exited status=0x0; draining session
bionicx-exec: session drained children=0
BXTEST PASS db-show login bionicx example.com
bionicx-exec: running untraced pid=18817
login
bionicx-exec: primary pid=18817 exited status=0x0; draining session
bionicx-exec: session drained children=0
BXTEST PASS db-reopen login
BXTEST PASS db-persist bytes=1918
BXSUMMARY keepassxc-cli passed=6 failed=0
Starting: Intent { cmp=io.taowen.bx/com.winlator.BionicXActivity }
Status: ok
LaunchState: COLD
Activity: io.taowen.bx/com.winlator.BionicXActivity
TotalTime: 217
WaitTime: 219
Complete
screenshot /var/home/taowen/projects/glibc-on-bionic/bionicx/evidence/rebuild-2026-08-14/keepassxc.png bytes=62781
I/ActivityTaskManager( 2320): START u0 {flg=0x10000000 cmp=io.taowen.bx/com.winlator.BionicXActivity} with LAUNCH_MULTIPLE from uid 2000 (BAL_ALLOW_PERMISSION) result code=0
V/WindowManagerShell( 2661): Transition requested: android.os.BinderProxy@7d9055f TransitionRequestInfo { type = OPEN, triggerTask = TaskInfo{userId=0 taskId=1278 displayId=0 isRunning=true baseIntent=Intent { flg=0x10000000 cmp=io.taowen.bx/com.winlator.BionicXActivity } baseActivity=ComponentInfo{io.taowen.bx/com.winlator.BionicXActivity} topActivity=ComponentInfo{io.taowen.bx/com.winlator.BionicXActivity} origActivity=null realActivity=ComponentInfo{io.taowen.bx/com.winlator.BionicXActivity} numActivities=1 lastActiveTime=7349013 supportsMultiWindow=true resizeMode=1 isResizeable=true minWidth=-1 minHeight=-1 defaultMinSize=220 token=WCT{android.window.IWindowContainerToken$Stub$Proxy@d846bac} topActivityType=1 pictureInPictureParams=null shouldDockBigOverlays=false launchIntoPipHostTaskId=-1 lastParentTaskIdBeforePip=-1 displayCutoutSafeInsets=null topActivityInfo=ActivityInfo{d387075 com.winlator.BionicXActivity} launchCookies=[] positionInParent=Point(0, 0) parentTaskId=-1 isFocused=false isVisible=false isVisibleRequested=false isSleeping=false topActivityInSizeCompat=false topActivityEligibleForLetterboxEducation= false topActivityLetterboxed= false isFromDoubleTap= false topActivityLetterboxVerticalPosition= -1 topActivityLetterboxHorizontalPosition= -1 topActivityLetterboxWidth=-1 topActivityLetterboxHeight=-1 locusId=null displayAreaFeatureId=1 cameraCompatControlState=hidden}, remoteTransition = null, displayChange = null }
V/WindowManager( 2320): Sent Transition #132 createdAt=08-14 05:05:20.464 via request=TransitionRequestInfo { type = OPEN, triggerTask = TaskInfo{userId=0 taskId=1278 displayId=0 isRunning=true baseIntent=Intent { flg=0x10000000 cmp=io.taowen.bx/com.winlator.BionicXActivity } baseActivity=ComponentInfo{io.taowen.bx/com.winlator.BionicXActivity} topActivity=ComponentInfo{io.taowen.bx/com.winlator.BionicXActivity} origActivity=null realActivity=ComponentInfo{io.taowen.bx/com.winlator.BionicXActivity} numActivities=1 lastActiveTime=7349013 supportsMultiWindow=true resizeMode=1 isResizeable=true minWidth=-1 minHeight=-1 defaultMinSize=220 token=WCT{RemoteToken{1d30611 Task{5102fb4 #1278 type=standard A=10194:io.taowen.bx}}} topActivityType=1 pictureInPictureParams=null shouldDockBigOverlays=false launchIntoPipHostTaskId=-1 lastParentTaskIdBeforePip=-1 displayCutoutSafeInsets=null topActivityInfo=ActivityInfo{4d8f376 com.winlator.BionicXActivity} launchCookies=[] positionInParent=Point(0, 0) parentTaskId=-1 isFocused=false isVisible=false isVisibleRequested=false isSleeping=false topActivityInSizeCompat=false topActivityEligibleForLetterboxEducation= false topActivityLetterboxed= false isFromDoubleTap= false topActivityLetterboxVerticalPosition= -1 topActivityLetterboxHorizontalPosition= -1 topActivityLetterboxWidth=-1 topActivityLetterboxHeight=-1 locusId=null displayAreaFeatureId=1 cameraCompatControlState=hidden}, remoteTransition = null, displayChange = null }
I/ActivityManager( 2320): Start proc 18845:io.taowen.bx/u0a194 for next-top-activity {io.taowen.bx/com.winlator.BionicXActivity}
I/BionicX (18845): profile=keepassxc display=1920x1080@144 socket=filesystem
I/BionicX (18845): enabled D-Bus session service at /data/user/0/io.taowen.bx/files/run/keepassxc/runtime/bus
I/BionicX (18845): dbus: bionicx-exec: running untraced pid=18875
I/BionicX (18845): runtime DNS servers=2
I/BionicX (18845): launching KeePassXC (Debian trixie ARM64): [/data/user/0/io.taowen.bx/files/bin/bionicx-exec, --cwd, /data/user/0/io.taowen.bx/files/homes/keepassxc, --env, DISPLAY=:0, --env, GLADIO_X11_SOCKET=/data/data/io.taowen.bx/files/rootfs/tmp/.X11-unix/X0, --env, HOME=/data/user/0/io.taowen.bx/files/homes/keepassxc, --env, TMPDIR=/data/user/0/io.taowen.bx/cache, --env, XDG_RUNTIME_DIR=/data/user/0/io.taowen.bx/files/run/keepassxc/runtime, --env, XDG_CONFIG_HOME=/data/user/0/io.taowen.bx/files/homes/keepassxc/.config, --env, XDG_CACHE_HOME=/data/user/0/io.taowen.bx/files/homes/keepassxc/.cache, --env, XDG_DATA_HOME=/data/user/0/io.taowen.bx/files/homes/keepassxc/.local/share, --env, XDG_DATA_DIRS=/data/user/0/io.taowen.bx/files/rootfs/usr/local/share:/data/user/0/io.taowen.bx/files/rootfs/usr/share, --env, QT_QPA_PLATFORM=xcb, --env, QT_PLUGIN_PATH=/data/user/0/io.taowen.bx/files/rootfs/usr/lib/aarch64-linux-gnu/qt5/plugins, --env, QT_XKB_CONFIG_ROOT=/data/user/0/io.taowen.bx/files/rootfs/usr/share/X11/xkb, --env, NO_AT_BRIDGE=1, --env, PATH=/data/user/0/io.taowen.bx/files/rootfs/usr/bin:/data/user/0/io.taowen.bx/files/rootfs/bin:/product/bin:/system/bin, --env, LANG=C.UTF-8, --env, BIONICX_DNS_SERVERS=fe80::1%wlan0,192.168.1.1, --env, BIONICX_ROOTFS=/data/user/0/io.taowen.bx/files/rootfs, --env, BIONICX_APP=/data/user/0/io.taowen.bx/files/apps/keepassxc, --env, LD_LIBRARY_PATH=/data/user/0/io.taowen.bx/files/apps/keepassxc/lib, --env, BIONICX_TMPDIR=/data/user/0/io.taowen.bx/cache, --env, FONTCONFIG_PATH=/data/user/0/io.taowen.bx/files/rootfs/etc/fonts, --env, FONTCONFIG_FILE=fonts.conf, --env, FONTCONFIG_SYSROOT=/data/user/0/io.taowen.bx/files/rootfs, --env, DBUS_SESSION_BUS_ADDRESS=unix:path=/data/user/0/io.taowen.bx/files/run/keepassxc/runtime/bus, --env, LD_PRELOAD=/data/user/0/io.taowen.bx/files/lib/libbionicx-runtime.so, --, /data/user/0/io.taowen.bx/files/rootfs/bin/sh, /data/user/0/io.taowen.bx/files/apps/keepassxc/bin/keepassxc-deferred-open, --keyfile, /data/user/0/io.taowen.bx/files/apps/keepassxc/fixtures/bionicx.key, /data/user/0/io.taowen.bx/files/apps/keepassxc/fixtures/bionicx.kdbx]
D/CoreBackPreview( 2320): Window{f0e2180 u0 io.taowen.bx/com.winlator.BionicXActivity}: Setting back callback OnBackInvokedCallbackInfo{mCallback=android.window.IOnBackInvokedCallback$Stub$Proxy@e508a7b, mPriority=0, mIsAnimationCallback=false}
I/BionicX (18845): bionicx-exec: running untraced pid=18882
I/ActivityTaskManager( 2320): Displayed io.taowen.bx/com.winlator.BionicXActivity for user 0: +217ms
