BXINFO seed
ed998c095a1b9384b1f022d06101ac3fc3c61761ac751546bd84edca298e44e2
/var/home/taowen/projects/glibc-on-bionic/bionicx/build/popular-apps-bundle
/work/third_party/gladio/src/main.c: In function 'getRangeIndices':
/work/third_party/gladio/src/main.c:35:31: warning: initialization discards 'const' qualifier from pointer target type [-Wdiscarded-qualifiers]
   35 |             GLubyte* values = indices;
      |                               ^~~~~~~
/work/third_party/gladio/src/main.c:43:32: warning: initialization discards 'const' qualifier from pointer target type [-Wdiscarded-qualifiers]
   43 |             GLushort* values = indices;
      |                                ^~~~~~~
/work/third_party/gladio/src/main.c:51:30: warning: initialization discards 'const' qualifier from pointer target type [-Wdiscarded-qualifiers]
   51 |             GLuint* values = indices;
      |                              ^~~~~~~
In file included from /work/third_party/gladio/include/gl_client_state.h:5,
                 from /work/third_party/gladio/include/gl_context.h:4,
                 from /work/third_party/gladio/src/gl_calls.c:2:
/work/third_party/gladio/src/gl_calls.c: In function 'glColorPointer':
/work/third_party/gladio/include/gl_vao.h:54:46: warning: assignment discards 'const' qualifier from pointer target type [-Wdiscarded-qualifiers]
   54 |     clientState->vao->attribs[index].pointer = pointer; \
      |                                              ^
/work/third_party/gladio/src/gl_calls.c:872:5: note: in expansion of macro 'GL_SEND_VERTEX_ARRAY'
  872 |     GL_SEND_VERTEX_ARRAY(REQUEST_CODE_GL_COLOR_POINTER, COLOR_ARRAY_INDEX);
      |     ^~~~~~~~~~~~~~~~~~~~
/work/third_party/gladio/src/gl_calls.c: In function 'glGetStringi':
/work/third_party/gladio/src/gl_calls.c:2998:42: warning: passing argument 1 of 'strsplit' discards 'const' qualifier from pointer target type [-Wdiscarded-qualifiers]
 2998 |     if (cachedValues.size == 0) strsplit((const char*)glGetString(name), ' ', &cachedValues);
      |                                          ^~~~~~~~~~~~~~~~~~~~~~~~~~~~~~
In file included from /work/third_party/gladio/include/texture_utils.h:9,
                 from /work/third_party/gladio/include/gladio.h:72,
                 from /work/third_party/gladio/src/gl_calls.c:1:
/work/third_party/gladio/include/string_utils.h:135:35: note: expected 'char *' but argument is of type 'const char *'
  135 | static inline void strsplit(char* input, char delimiter, ArrayList* outStrings) {
      |                             ~~~~~~^~~~~
/work/third_party/gladio/src/gl_calls.c: In function 'glLoadMatrixf':
/work/third_party/gladio/src/gl_calls.c:3585:73: warning: passing argument 3 of 'gl_send' discards 'const' qualifier from pointer target type [-Wdiscarded-qualifiers]
 3585 |     gl_send(currentGLContext->serverRing, REQUEST_CODE_GL_LOAD_MATRIXF, m, 16 * sizeof(GLfloat));
      |                                                                         ^
/work/third_party/gladio/include/gladio.h:115:71: note: expected 'void *' but argument is of type 'const GLfloat *' {aka 'const float *'}
  115 | static inline bool gl_send(RingBuffer* ring, short requestCode, void* data, int size) {
      |                                                                 ~~~~~~^~~~
/work/third_party/gladio/src/gl_calls.c: In function 'glLoadTransposeMatrixf':
/work/third_party/gladio/src/gl_calls.c:3606:83: warning: passing argument 3 of 'gl_send' discards 'const' qualifier from pointer target type [-Wdiscarded-qualifiers]
 3606 |     gl_send(currentGLContext->serverRing, REQUEST_CODE_GL_LOAD_TRANSPOSE_MATRIXF, m, 16 * sizeof(GLfloat));
      |                                                                                   ^
/work/third_party/gladio/include/gladio.h:115:71: note: expected 'void *' but argument is of type 'const GLfloat *' {aka 'const float *'}
  115 | static inline bool gl_send(RingBuffer* ring, short requestCode, void* data, int size) {
      |                                                                 ~~~~~~^~~~
/work/third_party/gladio/src/gl_calls.c: In function 'glMultMatrixf':
/work/third_party/gladio/src/gl_calls.c:3855:73: warning: passing argument 3 of 'gl_send' discards 'const' qualifier from pointer target type [-Wdiscarded-qualifiers]
 3855 |     gl_send(currentGLContext->serverRing, REQUEST_CODE_GL_MULT_MATRIXF, m, 16 * sizeof(GLfloat));
      |                                                                         ^
/work/third_party/gladio/include/gladio.h:115:71: note: expected 'void *' but argument is of type 'const GLfloat *' {aka 'const float *'}
  115 | static inline bool gl_send(RingBuffer* ring, short requestCode, void* data, int size) {
      |                                                                 ~~~~~~^~~~
/work/third_party/gladio/src/gl_calls.c: In function 'glMultTransposeMatrixf':
/work/third_party/gladio/src/gl_calls.c:3870:83: warning: passing argument 3 of 'gl_send' discards 'const' qualifier from pointer target type [-Wdiscarded-qualifiers]
 3870 |     gl_send(currentGLContext->serverRing, REQUEST_CODE_GL_MULT_TRANSPOSE_MATRIXF, m, 16 * sizeof(GLfloat));
      |                                                                                   ^
/work/third_party/gladio/include/gladio.h:115:71: note: expected 'void *' but argument is of type 'const GLfloat *' {aka 'const float *'}
  115 | static inline bool gl_send(RingBuffer* ring, short requestCode, void* data, int size) {
      |                                                                 ~~~~~~^~~~
/work/third_party/gladio/src/gl_calls.c: In function 'glNormalPointer':
/work/third_party/gladio/include/gl_vao.h:54:46: warning: assignment discards 'const' qualifier from pointer target type [-Wdiscarded-qualifiers]
   54 |     clientState->vao->attribs[index].pointer = pointer; \
      |                                              ^
/work/third_party/gladio/src/gl_calls.c:4454:5: note: in expansion of macro 'GL_SEND_VERTEX_ARRAY'
 4454 |     GL_SEND_VERTEX_ARRAY(REQUEST_CODE_GL_NORMAL_POINTER, NORMAL_ARRAY_INDEX);
      |     ^~~~~~~~~~~~~~~~~~~~
/work/third_party/gladio/src/gl_calls.c: In function 'glTexCoordPointer':
/work/third_party/gladio/include/gl_vao.h:54:46: warning: assignment discards 'const' qualifier from pointer target type [-Wdiscarded-qualifiers]
   54 |     clientState->vao->attribs[index].pointer = pointer; \
      |                                              ^
/work/third_party/gladio/src/gl_calls.c:5666:5: note: in expansion of macro 'GL_SEND_VERTEX_ARRAY'
 5666 |     GL_SEND_VERTEX_ARRAY(REQUEST_CODE_GL_TEX_COORD_POINTER, TEXCOORD_ARRAY_INDEX);
      |     ^~~~~~~~~~~~~~~~~~~~
/work/third_party/gladio/src/gl_calls.c: In function 'glVertexAttribIPointer':
/work/third_party/gladio/src/gl_calls.c:7315:54: warning: assignment discards 'const' qualifier from pointer target type [-Wdiscarded-qualifiers]
 7315 |             clientState->vao->attribs[index].pointer = pointer;
      |                                                      ^
/work/third_party/gladio/src/gl_calls.c: In function 'glVertexAttribPointer':
/work/third_party/gladio/src/gl_calls.c:7354:54: warning: assignment discards 'const' qualifier from pointer target type [-Wdiscarded-qualifiers]
 7354 |             clientState->vao->attribs[index].pointer = arrayBuffer ? arrayBuffer->mappedData : pointer;
      |                                                      ^
/work/third_party/gladio/src/gl_calls.c: In function 'glVertexPointer':
/work/third_party/gladio/include/gl_vao.h:54:46: warning: assignment discards 'const' qualifier from pointer target type [-Wdiscarded-qualifiers]
   54 |     clientState->vao->attribs[index].pointer = pointer; \
      |                                              ^
/work/third_party/gladio/src/gl_calls.c:7382:5: note: in expansion of macro 'GL_SEND_VERTEX_ARRAY'
 7382 |     GL_SEND_VERTEX_ARRAY(REQUEST_CODE_GL_VERTEX_POINTER, POSITION_ARRAY_INDEX);
      |     ^~~~~~~~~~~~~~~~~~~~
/work/third_party/gladio/src/arrays.c: In function 'ArrayMap_put':
/work/third_party/gladio/src/arrays.c:358:34: warning: assignment discards 'const' qualifier from pointer target type [-Wdiscarded-qualifiers]
  358 |     arrayMap->entries[index].key = key;
      |                                  ^
/var/home/taowen/projects/glibc-on-bionic/bionicx/build/popular-apps-bundle/app/lib/libGL.so.1.7.0
profile keepassxc is valid
/var/home/taowen/projects/glibc-on-bionic/bionicx/build/bxapt.conf: 1 file pushed, 0 skipped. 13.3 MB/s (1092 bytes in 0.000s)
/var/home/taowen/projects/glibc-on-bionic/bionicx/tools/rootfs-elf-fixup.sh: 1 file pushed, 0 skipped. 107.1 MB/s (11852 bytes in 0.000s)
/var/home/taowen/projects/glibc-on-bionic/bionicx/tools/bxapt-unpack.sh: 1 file pushed, 0 skipped. 75.1 MB/s (5904 bytes in 0.000s)
/var/home/taowen/projects/glibc-on-bionic/bionicx/tools/bxapt-ldconfig.sh: 1 file pushed, 0 skipped. 29.4 MB/s (2747 bytes in 0.000s)
/var/home/taowen/projects/glibc-on-bionic/bionicx/android/app/src/main/assets/bionicx/lib/libbionicx-runtime.so: 1 file pushed, 0 skipped. 71.7 MB/s (78840 bytes in 0.001s)
bionicx-exec: running untraced pid=18724
bionicx-exec: primary pid=18724 exited status=0x0; draining session
bionicx-exec: session drained children=0
bionicx-exec: running untraced pid=18735
bionicx ELF fixups: 2 entries
bionicx-exec: primary pid=18735 exited status=0x0; draining session
bionicx-exec: session drained children=0
/var/home/taowen/projects/glibc-on-bionic/bionicx/profiles/keepassxc.json: 1 file pushed, 0 skipped. 14.8 MB/s (1233 bytes in 0.000s)
installed profile keepassxc for io.taowen.bx
/var/home/taowen/projects/glibc-on-bionic/bionicx/examples/keepassxc-cli-probe/keepassxc-deferred-open: 1 file pushed, 0 skipped. 6.5 MB/s (1262 bytes in 0.000s)
/var/home/taowen/projects/glibc-on-bionic/bionicx/examples/keepassxc-cli-probe/fixtures/bionicx.key: 1 file pushed, 0 skipped. 3.3 MB/s (259 bytes in 0.000s)
bionicx-exec: running untraced pid=18795
Successfully created new database.
bionicx-exec: primary pid=18795 exited status=0x0; draining session
bionicx-exec: session drained children=0
BXTEST PASS db-create created
bionicx-exec: running untraced pid=18800
Successfully added entry login.
bionicx-exec: primary pid=18800 exited status=0x0; draining session
bionicx-exec: session drained children=0
BXTEST PASS db-add login
bionicx-exec: running untraced pid=18806
login
bionicx-exec: primary pid=18806 exited status=0x0; draining session
bionicx-exec: session drained children=0
BXTEST PASS db-ls login
bionicx-exec: running untraced pid=18811
login
bionicx
https://example.com
bionicx-exec: primary pid=18811 exited status=0x0; draining session
bionicx-exec: session drained children=0
BXTEST PASS db-show login bionicx example.com
bionicx-exec: running untraced pid=18817
login
bionicx-exec: primary pid=18817 exited status=0x0; draining session
bionicx-exec: session drained children=0
BXTEST PASS db-reopen login
BXTEST PASS db-persist bytes=1918
BXSUMMARY keepassxc-cli passed=6 failed=0
Starting: Intent { cmp=io.taowen.bx/com.winlator.BionicXActivity }
Status: ok
LaunchState: COLD
Activity: io.taowen.bx/com.winlator.BionicXActivity
TotalTime: 217
WaitTime: 219
Complete
screenshot /var/home/taowen/projects/glibc-on-bionic/bionicx/evidence/rebuild-2026-08-14/keepassxc.png bytes=62781
I/ActivityTaskManager( 2320): START u0 {flg=0x10000000 cmp=io.taowen.bx/com.winlator.BionicXActivity} with LAUNCH_MULTIPLE from uid 2000 (BAL_ALLOW_PERMISSION) result code=0
V/WindowManagerShell( 2661): Transition requested: android.os.BinderProxy@7d9055f TransitionRequestInfo { type = OPEN, triggerTask = TaskInfo{userId=0 taskId=1278 displayId=0 isRunning=true baseIntent=Intent { flg=0x10000000 cmp=io.taowen.bx/com.winlator.BionicXActivity } baseActivity=ComponentInfo{io.taowen.bx/com.winlator.BionicXActivity} topActivity=ComponentInfo{io.taowen.bx/com.winlator.BionicXActivity} origActivity=null realActivity=ComponentInfo{io.taowen.bx/com.winlator.BionicXActivity} numActivities=1 lastActiveTime=7349013 supportsMultiWindow=true resizeMode=1 isResizeable=true minWidth=-1 minHeight=-1 defaultMinSize=220 token=WCT{android.window.IWindowContainerToken$Stub$Proxy@d846bac} topActivityType=1 pictureInPictureParams=null shouldDockBigOverlays=false launchIntoPipHostTaskId=-1 lastParentTaskIdBeforePip=-1 displayCutoutSafeInsets=null topActivityInfo=ActivityInfo{d387075 com.winlator.BionicXActivity} launchCookies=[] positionInParent=Point(0, 0) parentTaskId=-1 isFocused=false isVisible=false isVisibleRequested=false isSleeping=false topActivityInSizeCompat=false topActivityEligibleForLetterboxEducation= false topActivityLetterboxed= false isFromDoubleTap= false topActivityLetterboxVerticalPosition= -1 topActivityLetterboxHorizontalPosition= -1 topActivityLetterboxWidth=-1 topActivityLetterboxHeight=-1 locusId=null displayAreaFeatureId=1 cameraCompatControlState=hidden}, remoteTransition = null, displayChange = null }
V/WindowManager( 2320): Sent Transition #132 createdAt=08-14 05:05:20.464 via request=TransitionRequestInfo { type = OPEN, triggerTask = TaskInfo{userId=0 taskId=1278 displayId=0 isRunning=true baseIntent=Intent { flg=0x10000000 cmp=io.taowen.bx/com.winlator.BionicXActivity } baseActivity=ComponentInfo{io.taowen.bx/com.winlator.BionicXActivity} topActivity=ComponentInfo{io.taowen.bx/com.winlator.BionicXActivity} origActivity=null realActivity=ComponentInfo{io.taowen.bx/com.winlator.BionicXActivity} numActivities=1 lastActiveTime=7349013 supportsMultiWindow=true resizeMode=1 isResizeable=true minWidth=-1 minHeight=-1 defaultMinSize=220 token=WCT{RemoteToken{1d30611 Task{5102fb4 #1278 type=standard A=10194:io.taowen.bx}}} topActivityType=1 pictureInPictureParams=null shouldDockBigOverlays=false launchIntoPipHostTaskId=-1 lastParentTaskIdBeforePip=-1 displayCutoutSafeInsets=null topActivityInfo=ActivityInfo{4d8f376 com.winlator.BionicXActivity} launchCookies=[] positionInParent=Point(0, 0) parentTaskId=-1 isFocused=false isVisible=false isVisibleRequested=false isSleeping=false topActivityInSizeCompat=false topActivityEligibleForLetterboxEducation= false topActivityLetterboxed= false isFromDoubleTap= false topActivityLetterboxVerticalPosition= -1 topActivityLetterboxHorizontalPosition= -1 topActivityLetterboxWidth=-1 topActivityLetterboxHeight=-1 locusId=null displayAreaFeatureId=1 cameraCompatControlState=hidden}, remoteTransition = null, displayChange = null }
I/ActivityManager( 2320): Start proc 18845:io.taowen.bx/u0a194 for next-top-activity {io.taowen.bx/com.winlator.BionicXActivity}
I/BionicX (18845): profile=keepassxc display=1920x1080@144 socket=filesystem
I/BionicX (18845): enabled D-Bus session service at /data/user/0/io.taowen.bx/files/run/keepassxc/runtime/bus
I/BionicX (18845): dbus: bionicx-exec: running untraced pid=18875
I/BionicX (18845): runtime DNS servers=2
I/BionicX (18845): launching KeePassXC (Debian trixie ARM64): [/data/user/0/io.taowen.bx/files/bin/bionicx-exec, --cwd, /data/user/0/io.taowen.bx/files/homes/keepassxc, --env, DISPLAY=:0, --env, GLADIO_X11_SOCKET=/data/data/io.taowen.bx/files/rootfs/tmp/.X11-unix/X0, --env, HOME=/data/user/0/io.taowen.bx/files/homes/keepassxc, --env, TMPDIR=/data/user/0/io.taowen.bx/cache, --env, XDG_RUNTIME_DIR=/data/user/0/io.taowen.bx/files/run/keepassxc/runtime, --env, XDG_CONFIG_HOME=/data/user/0/io.taowen.bx/files/homes/keepassxc/.config, --env, XDG_CACHE_HOME=/data/user/0/io.taowen.bx/files/homes/keepassxc/.cache, --env, XDG_DATA_HOME=/data/user/0/io.taowen.bx/files/homes/keepassxc/.local/share, --env, XDG_DATA_DIRS=/data/user/0/io.taowen.bx/files/rootfs/usr/local/share:/data/user/0/io.taowen.bx/files/rootfs/usr/share, --env, QT_QPA_PLATFORM=xcb, --env, QT_PLUGIN_PATH=/data/user/0/io.taowen.bx/files/rootfs/usr/lib/aarch64-linux-gnu/qt5/plugins, --env, QT_XKB_CONFIG_ROOT=/data/user/0/io.taowen.bx/files/rootfs/usr/share/X11/xkb, --env, NO_AT_BRIDGE=1, --env, PATH=/data/user/0/io.taowen.bx/files/rootfs/usr/bin:/data/user/0/io.taowen.bx/files/rootfs/bin:/product/bin:/system/bin, --env, LANG=C.UTF-8, --env, BIONICX_DNS_SERVERS=fe80::1%wlan0,192.168.1.1, --env, BIONICX_ROOTFS=/data/user/0/io.taowen.bx/files/rootfs, --env, BIONICX_APP=/data/user/0/io.taowen.bx/files/apps/keepassxc, --env, LD_LIBRARY_PATH=/data/user/0/io.taowen.bx/files/apps/keepassxc/lib, --env, BIONICX_TMPDIR=/data/user/0/io.taowen.bx/cache, --env, FONTCONFIG_PATH=/data/user/0/io.taowen.bx/files/rootfs/etc/fonts, --env, FONTCONFIG_FILE=fonts.conf, --env, FONTCONFIG_SYSROOT=/data/user/0/io.taowen.bx/files/rootfs, --env, DBUS_SESSION_BUS_ADDRESS=unix:path=/data/user/0/io.taowen.bx/files/run/keepassxc/runtime/bus, --env, LD_PRELOAD=/data/user/0/io.taowen.bx/files/lib/libbionicx-runtime.so, --, /data/user/0/io.taowen.bx/files/rootfs/bin/sh, /data/user/0/io.taowen.bx/files/apps/keepassxc/bin/keepassxc-deferred-open, --keyfile, /data/user/0/io.taowen.bx/files/apps/keepassxc/fixtures/bionicx.key, /data/user/0/io.taowen.bx/files/apps/keepassxc/fixtures/bionicx.kdbx]
D/CoreBackPreview( 2320): Window{f0e2180 u0 io.taowen.bx/com.winlator.BionicXActivity}: Setting back callback OnBackInvokedCallbackInfo{mCallback=android.window.IOnBackInvokedCallback$Stub$Proxy@e508a7b, mPriority=0, mIsAnimationCallback=false}
I/BionicX (18845): bionicx-exec: running untraced pid=18882
I/ActivityTaskManager( 2320): Displayed io.taowen.bx/com.winlator.BionicXActivity for user 0: +217ms
BXSHOT keepassxc.png bytes=62781
bionicx-exec: running untraced pid=18961
login
bionicx
https://example.com
bionicx-exec: primary pid=18961 exited status=0x0; draining session
bionicx-exec: session drained children=0
BXTEST PASS keepassxc-durable-show login/bionicx/example.com
BXINFO qbit-payload expected=a68590ec9ed4b1530a44cfb5f9df3457503ebc106d1b0124d865ca217f38537d actual=a68590ec9ed4b1530a44cfb5f9df3457503ebc106d1b0124d865ca217f38537d
BXTEST PASS qbit-payload-hash sha256=a68590ec9ed4b1530a44cfb5f9df3457503ebc106d1b0124d865ca217f38537d
BXTEST PASS qbit-fastresume
/var/home/taowen/projects/glibc-on-bionic/bionicx/build/popular-apps-bundle
profile qbittorrent is valid
/var/home/taowen/projects/glibc-on-bionic/bionicx/build/bxapt.conf: 1 file pushed, 0 skipped. 13.5 MB/s (1092 bytes in 0.000s)
/var/home/taowen/projects/glibc-on-bionic/bionicx/tools/rootfs-elf-fixup.sh: 1 file pushed, 0 skipped. 133.1 MB/s (11852 bytes in 0.000s)
/var/home/taowen/projects/glibc-on-bionic/bionicx/tools/bxapt-unpack.sh: 1 file pushed, 0 skipped. 62.7 MB/s (5904 bytes in 0.000s)
/var/home/taowen/projects/glibc-on-bionic/bionicx/tools/bxapt-ldconfig.sh: 1 file pushed, 0 skipped. 32.5 MB/s (2747 bytes in 0.000s)
/var/home/taowen/projects/glibc-on-bionic/bionicx/android/app/src/main/assets/bionicx/lib/libbionicx-runtime.so: 1 file pushed, 0 skipped. 98.8 MB/s (78840 bytes in 0.001s)
bionicx-exec: running untraced pid=19041
bionicx-exec: primary pid=19041 exited status=0x0; draining session
bionicx-exec: session drained children=0
bionicx-exec: running untraced pid=19053
bionicx ELF fixups: 0 entries
bionicx-exec: primary pid=19053 exited status=0x0; draining session
bionicx-exec: session drained children=0
/var/home/taowen/projects/glibc-on-bionic/bionicx/profiles/qbittorrent.json: 1 file pushed, 0 skipped. 16.6 MB/s (1077 bytes in 0.000s)
installed profile qbittorrent for io.taowen.bx
Starting: Intent { cmp=io.taowen.bx/com.winlator.BionicXActivity }
Status: ok
LaunchState: COLD
Activity: io.taowen.bx/com.winlator.BionicXActivity
TotalTime: 214
WaitTime: 216
Complete
screenshot /var/home/taowen/projects/glibc-on-bionic/bionicx/evidence/rebuild-2026-08-14/qbittorrent.png bytes=64773
W/ActivityTaskManager( 2320): Force removing ActivityRecord{8b8b487 u0 io.taowen.bx/com.winlator.BionicXActivity t1278 f}}: app died, no saved state
V/WindowManagerShell( 2661): Transition requested: android.os.BinderProxy@a2d4c4a TransitionRequestInfo { type = CLOSE, triggerTask = TaskInfo{userId=0 taskId=1278 displayId=0 isRunning=false baseIntent=Intent { flg=0x10000000 cmp=io.taowen.bx/com.winlator.BionicXActivity } baseActivity=null topActivity=null origActivity=null realActivity=ComponentInfo{io.taowen.bx/com.winlator.BionicXActivity} numActivities=0 lastActiveTime=7349046 supportsMultiWindow=true resizeMode=1 isResizeable=true minWidth=-1 minHeight=-1 defaultMinSize=220 token=WCT{android.window.IWindowContainerToken$Stub$Proxy@dc437bb} topActivityType=1 pictureInPictureParams=null shouldDockBigOverlays=false launchIntoPipHostTaskId=-1 lastParentTaskIdBeforePip=-1 displayCutoutSafeInsets=null topActivityInfo=null launchCookies=[] positionInParent=Point(0, 0) parentTaskId=-1 isFocused=true isVisible=true isVisibleRequested=true isSleeping=false topActivityInSizeCompat=false topActivityEligibleForLetterboxEducation= false topActivityLetterboxed= false isFromDoubleTap= false topActivityLetterboxVerticalPosition= -1 topActivityLetterboxHorizontalPosition= -1 topActivityLetterboxWidth=-1 topActivityLetterboxHeight=-1 locusId=null displayAreaFeatureId=1 cameraCompatControlState=hidden}, remoteTransition = null, displayChange = null }
I/Zygote  ( 1294): Process 18845 exited due to signal 9 (Killed)
I/WindowManager( 2320): WIN DEATH: Window{f0e2180 u0 io.taowen.bx/com.winlator.BionicXActivity}
W/InputManager-JNI( 2320): Input channel object 'f0e2180 io.taowen.bx/com.winlator.BionicXActivity (client)' was disposed without first being removed with the input manager!
W/WindowManager( 2320): Failed to deliver inset control state change to w=Window{f0e2180 u0 io.taowen.bx/com.winlator.BionicXActivity EXITING}
V/WindowManager( 2320): Sent Transition #133 createdAt=08-14 05:05:34.826 via request=TransitionRequestInfo { type = CLOSE, triggerTask = TaskInfo{userId=0 taskId=1278 displayId=0 isRunning=false baseIntent=Intent { flg=0x10000000 cmp=io.taowen.bx/com.winlator.BionicXActivity } baseActivity=null topActivity=null origActivity=null realActivity=ComponentInfo{io.taowen.bx/com.winlator.BionicXActivity} numActivities=0 lastActiveTime=7349046 supportsMultiWindow=true resizeMode=1 isResizeable=true minWidth=-1 minHeight=-1 defaultMinSize=220 token=WCT{RemoteToken{1d30611 Task{5102fb4 #1278 type=standard A=10194:io.taowen.bx}}} topActivityType=1 pictureInPictureParams=null shouldDockBigOverlays=false launchIntoPipHostTaskId=-1 lastParentTaskIdBeforePip=-1 displayCutoutSafeInsets=null topActivityInfo=null launchCookies=[] positionInParent=Point(0, 0) parentTaskId=-1 isFocused=true isVisible=true isVisibleRequested=true isSleeping=false topActivityInSizeCompat=false topActivityEligibleForLetterboxEducation= false topActivityLetterboxed= false isFromDoubleTap= false topActivityLetterboxVerticalPosition= -1 topActivityLetterboxHorizontalPosition= -1 topActivityLetterboxWidth=-1 topActivityLetterboxHeight=-1 locusId=null displayAreaFeatureId=1 cameraCompatControlState=hidden}, remoteTransition = null, displayChange = null }
W/WindowManager( 2320): Failed to deliver inset control state change to w=Window{f0e2180 u0 io.taowen.bx/com.winlator.BionicXActivity EXITING}
I/ActivityTaskManager( 2320): START u0 {flg=0x10000000 cmp=io.taowen.bx/com.winlator.BionicXActivity} with LAUNCH_MULTIPLE from uid 2000 (BAL_ALLOW_PERMISSION) result code=0
V/WindowManagerShell( 2661): Transition requested: android.os.BinderProxy@f137052 TransitionRequestInfo { type = OPEN, triggerTask = TaskInfo{userId=0 taskId=1279 displayId=0 isRunning=true baseIntent=Intent { flg=0x10000000 cmp=io.taowen.bx/com.winlator.BionicXActivity } baseActivity=ComponentInfo{io.taowen.bx/com.winlator.BionicXActivity} topActivity=ComponentInfo{io.taowen.bx/com.winlator.BionicXActivity} origActivity=null realActivity=ComponentInfo{io.taowen.bx/com.winlator.BionicXActivity} numActivities=1 lastActiveTime=7363779 supportsMultiWindow=true resizeMode=1 isResizeable=true minWidth=-1 minHeight=-1 defaultMinSize=220 token=WCT{android.window.IWindowContainerToken$Stub$Proxy@8ebff23} topActivityType=1 pictureInPictureParams=null shouldDockBigOverlays=false launchIntoPipHostTaskId=-1 lastParentTaskIdBeforePip=-1 displayCutoutSafeInsets=null topActivityInfo=ActivityInfo{c4a7c20 com.winlator.BionicXActivity} launchCookies=[] positionInParent=Point(0, 0) parentTaskId=-1 isFocused=false isVisible=false isVisibleRequested=false isSleeping=false topActivityInSizeCompat=false topActivityEligibleForLetterboxEducation= false topActivityLetterboxed= false isFromDoubleTap= false topActivityLetterboxVerticalPosition= -1 topActivityLetterboxHorizontalPosition= -1 topActivityLetterboxWidth=-1 topActivityLetterboxHeight=-1 locusId=null displayAreaFeatureId=1 cameraCompatControlState=hidden}, remoteTransition = null, displayChange = null }
I/ActivityManager( 2320): Start proc 19099:io.taowen.bx/u0a194 for next-top-activity {io.taowen.bx/com.winlator.BionicXActivity}
V/WindowManager( 2320): Sent Transition #134 createdAt=08-14 05:05:35.230 via request=TransitionRequestInfo { type = OPEN, triggerTask = TaskInfo{userId=0 taskId=1279 displayId=0 isRunning=true baseIntent=Intent { flg=0x10000000 cmp=io.taowen.bx/com.winlator.BionicXActivity } baseActivity=ComponentInfo{io.taowen.bx/com.winlator.BionicXActivity} topActivity=ComponentInfo{io.taowen.bx/com.winlator.BionicXActivity} origActivity=null realActivity=ComponentInfo{io.taowen.bx/com.winlator.BionicXActivity} numActivities=1 lastActiveTime=7363779 supportsMultiWindow=true resizeMode=1 isResizeable=true minWidth=-1 minHeight=-1 defaultMinSize=220 token=WCT{RemoteToken{94e61c9 Task{270eca0 #1279 type=standard A=10194:io.taowen.bx}}} topActivityType=1 pictureInPictureParams=null shouldDockBigOverlays=false launchIntoPipHostTaskId=-1 lastParentTaskIdBeforePip=-1 displayCutoutSafeInsets=null topActivityInfo=ActivityInfo{2a110ce com.winlator.BionicXActivity} launchCookies=[] positionInParent=Point(0, 0) parentTaskId=-1 isFocused=false isVisible=false isVisibleRequested=false isSleeping=false topActivityInSizeCompat=false topActivityEligibleForLetterboxEducation= false topActivityLetterboxed= false isFromDoubleTap= false topActivityLetterboxVerticalPosition= -1 topActivityLetterboxHorizontalPosition= -1 topActivityLetterboxWidth=-1 topActivityLetterboxHeight=-1 locusId=null displayAreaFeatureId=1 cameraCompatControlState=hidden}, remoteTransition = null, displayChange = null }
W/WindowManager( 2320): Failed to deliver inset control state change to w=Window{f0e2180 u0 io.taowen.bx/com.winlator.BionicXActivity EXITING}
W/WindowManager( 2320): Failed to deliver inset control state change to w=Window{f0e2180 u0 io.taowen.bx/com.winlator.BionicXActivity EXITING}
W/WindowManager( 2320): Exception thrown during dispatchAppVisibility Window{f0e2180 u0 io.taowen.bx/com.winlator.BionicXActivity EXITING}
I/BionicX (19099): profile=qbittorrent display=1920x1080@144 socket=filesystem
I/BionicX (19099): enabled D-Bus session service at /data/user/0/io.taowen.bx/files/run/qbittorrent/runtime/bus
I/BionicX (19099): dbus: bionicx-exec: running untraced pid=19128
I/BionicX (19099): runtime DNS servers=2
I/BionicX (19099): launching qBittorrent (Debian trixie ARM64): [/data/user/0/io.taowen.bx/files/bin/bionicx-exec, --cwd, /data/user/0/io.taowen.bx/files/homes/qbittorrent, --env, DISPLAY=:0, --env, HOME=/data/user/0/io.taowen.bx/files/homes/qbittorrent, --env, TMPDIR=/data/user/0/io.taowen.bx/cache, --env, XDG_RUNTIME_DIR=/data/user/0/io.taowen.bx/files/run/qbittorrent/runtime, --env, XDG_CONFIG_HOME=/data/user/0/io.taowen.bx/files/homes/qbittorrent/.config, --env, XDG_CACHE_HOME=/data/user/0/io.taowen.bx/files/homes/qbittorrent/.cache, --env, XDG_DATA_HOME=/data/user/0/io.taowen.bx/files/homes/qbittorrent/.local/share, --env, XDG_DATA_DIRS=/data/user/0/io.taowen.bx/files/rootfs/usr/local/share:/data/user/0/io.taowen.bx/files/rootfs/usr/share, --env, QT_QPA_PLATFORM=xcb, --env, QT_PLUGIN_PATH=/data/user/0/io.taowen.bx/files/rootfs/usr/lib/aarch64-linux-gnu/qt6/plugins, --env, QT_XKB_CONFIG_ROOT=/data/user/0/io.taowen.bx/files/rootfs/usr/share/X11/xkb, --env, NO_AT_BRIDGE=1, --env, PATH=/data/user/0/io.taowen.bx/files/rootfs/usr/bin:/data/user/0/io.taowen.bx/files/rootfs/bin:/product/bin:/system/bin, --env, LANG=C.UTF-8, --env, BIONICX_DNS_SERVERS=fe80::1%wlan0,192.168.1.1, --env, BIONICX_ROOTFS=/data/user/0/io.taowen.bx/files/rootfs, --env, BIONICX_APP=/data/user/0/io.taowen.bx/files/apps/qbittorrent, --env, BIONICX_TMPDIR=/data/user/0/io.taowen.bx/cache, --env, FONTCONFIG_PATH=/data/user/0/io.taowen.bx/files/rootfs/etc/fonts, --env, FONTCONFIG_FILE=fonts.conf, --env, FONTCONFIG_SYSROOT=/data/user/0/io.taowen.bx/files/rootfs, --env, DBUS_SESSION_BUS_ADDRESS=unix:path=/data/user/0/io.taowen.bx/files/run/qbittorrent/runtime/bus, --env, LD_PRELOAD=/data/user/0/io.taowen.bx/files/lib/libbionicx-runtime.so, --, /data/user/0/io.taowen.bx/files/rootfs/usr/bin/qbittorrent, /data/user/0/io.taowen.bx/files/apps/qbittorrent/fixtures/bionicx-webseed.torrent]
D/CoreBackPreview( 2320): Window{e2575e2 u0 io.taowen.bx/com.winlator.BionicXActivity}: Setting back callback OnBackInvokedCallbackInfo{mCallback=android.window.IOnBackInvokedCallback$Stub$Proxy@86af665, mPriority=0, mIsAnimationCallback=false}
I/BionicX (19099): bionicx-exec: running untraced pid=19136
I/ActivityTaskManager( 2320): Displayed io.taowen.bx/com.winlator.BionicXActivity for user 0: +214ms
I/Zygote  ( 1294): Process 18639 exited due to signal 9 (Killed)
BXSHOT qbittorrent.png bytes=104301
BXTEST PASS qbit-persist-after-stop sha256=a68590ec9ed4b1530a44cfb5f9df3457503ebc106d1b0124d865ca217f38537d
/var/home/taowen/projects/glibc-on-bionic/bionicx/build/popular-apps-bundle
profile qbittorrent is valid
/var/home/taowen/projects/glibc-on-bionic/bionicx/build/bxapt.conf: 1 file pushed, 0 skipped. 12.9 MB/s (1092 bytes in 0.000s)
/var/home/taowen/projects/glibc-on-bionic/bionicx/tools/rootfs-elf-fixup.sh: 1 file pushed, 0 skipped. 101.7 MB/s (11852 bytes in 0.000s)
/var/home/taowen/projects/glibc-on-bionic/bionicx/tools/bxapt-unpack.sh: 1 file pushed, 0 skipped. 53.0 MB/s (5904 bytes in 0.000s)
/var/home/taowen/projects/glibc-on-bionic/bionicx/tools/bxapt-ldconfig.sh: 1 file pushed, 0 skipped. 46.5 MB/s (2747 bytes in 0.000s)
/var/home/taowen/projects/glibc-on-bionic/bionicx/android/app/src/main/assets/bionicx/lib/libbionicx-runtime.so: 1 file pushed, 0 skipped. 73.7 MB/s (78840 bytes in 0.001s)
bionicx-exec: running untraced pid=19359
bionicx-exec: primary pid=19359 exited status=0x0; draining session
bionicx-exec: session drained children=0
bionicx-exec: running untraced pid=19371
bionicx ELF fixups: 0 entries
bionicx-exec: primary pid=19371 exited status=0x0; draining session
bionicx-exec: session drained children=0
/var/home/taowen/projects/glibc-on-bionic/bionicx/profiles/qbittorrent.json: 1 file pushed, 0 skipped. 17.3 MB/s (1077 bytes in 0.000s)
installed profile qbittorrent for io.taowen.bx
Starting: Intent { cmp=io.taowen.bx/com.winlator.BionicXActivity }
Status: ok
LaunchState: COLD
Activity: io.taowen.bx/com.winlator.BionicXActivity
TotalTime: 212
WaitTime: 215
Complete
screenshot /var/home/taowen/projects/glibc-on-bionic/bionicx/evidence/rebuild-2026-08-14/qbittorrent-cold.png bytes=104162
I/ActivityTaskManager( 2320): START u0 {flg=0x10000000 cmp=io.taowen.bx/com.winlator.BionicXActivity} with LAUNCH_MULTIPLE from uid 2000 (BAL_ALLOW_PERMISSION) result code=0
V/WindowManagerShell( 2661): Transition requested: android.os.BinderProxy@3a5a864 TransitionRequestInfo { type = OPEN, triggerTask = TaskInfo{userId=0 taskId=1280 displayId=0 isRunning=true baseIntent=Intent { flg=0x10000000 cmp=io.taowen.bx/com.winlator.BionicXActivity } baseActivity=ComponentInfo{io.taowen.bx/com.winlator.BionicXActivity} topActivity=ComponentInfo{io.taowen.bx/com.winlator.BionicXActivity} origActivity=null realActivity=ComponentInfo{io.taowen.bx/com.winlator.BionicXActivity} numActivities=1 lastActiveTime=7378598 supportsMultiWindow=true resizeMode=1 isResizeable=true minWidth=-1 minHeight=-1 defaultMinSize=220 token=WCT{android.window.IWindowContainerToken$Stub$Proxy@82f5acd} topActivityType=1 pictureInPictureParams=null shouldDockBigOverlays=false launchIntoPipHostTaskId=-1 lastParentTaskIdBeforePip=-1 displayCutoutSafeInsets=null topActivityInfo=ActivityInfo{1624f82 com.winlator.BionicXActivity} launchCookies=[] positionInParent=Point(0, 0) parentTaskId=-1 isFocused=false isVisible=false isVisibleRequested=false isSleeping=false topActivityInSizeCompat=false topActivityEligibleForLetterboxEducation= false topActivityLetterboxed= false isFromDoubleTap= false topActivityLetterboxVerticalPosition= -1 topActivityLetterboxHorizontalPosition= -1 topActivityLetterboxWidth=-1 topActivityLetterboxHeight=-1 locusId=null displayAreaFeatureId=1 cameraCompatControlState=hidden}, remoteTransition = null, displayChange = null }
I/ActivityManager( 2320): Start proc 19419:io.taowen.bx/u0a194 for next-top-activity {io.taowen.bx/com.winlator.BionicXActivity}
V/WindowManager( 2320): Sent Transition #136 createdAt=08-14 05:05:50.049 via request=TransitionRequestInfo { type = OPEN, triggerTask = TaskInfo{userId=0 taskId=1280 displayId=0 isRunning=true baseIntent=Intent { flg=0x10000000 cmp=io.taowen.bx/com.winlator.BionicXActivity } baseActivity=ComponentInfo{io.taowen.bx/com.winlator.BionicXActivity} topActivity=ComponentInfo{io.taowen.bx/com.winlator.BionicXActivity} origActivity=null realActivity=ComponentInfo{io.taowen.bx/com.winlator.BionicXActivity} numActivities=1 lastActiveTime=7378598 supportsMultiWindow=true resizeMode=1 isResizeable=true minWidth=-1 minHeight=-1 defaultMinSize=220 token=WCT{RemoteToken{a93cb1a Task{c35e05b #1280 type=standard A=10194:io.taowen.bx}}} topActivityType=1 pictureInPictureParams=null shouldDockBigOverlays=false launchIntoPipHostTaskId=-1 lastParentTaskIdBeforePip=-1 displayCutoutSafeInsets=null topActivityInfo=ActivityInfo{8eb964b com.winlator.BionicXActivity} launchCookies=[] positionInParent=Point(0, 0) parentTaskId=-1 isFocused=false isVisible=false isVisibleRequested=false isSleeping=false topActivityInSizeCompat=false topActivityEligibleForLetterboxEducation= false topActivityLetterboxed= false isFromDoubleTap= false topActivityLetterboxVerticalPosition= -1 topActivityLetterboxHorizontalPosition= -1 topActivityLetterboxWidth=-1 topActivityLetterboxHeight=-1 locusId=null displayAreaFeatureId=1 cameraCompatControlState=hidden}, remoteTransition = null, displayChange = null }
I/BionicX (19419): profile=qbittorrent display=1920x1080@144 socket=filesystem
I/BionicX (19419): enabled D-Bus session service at /data/user/0/io.taowen.bx/files/run/qbittorrent/runtime/bus
I/BionicX (19419): dbus: bionicx-exec: running untraced pid=19446
I/BionicX (19419): runtime DNS servers=2
I/BionicX (19419): launching qBittorrent (Debian trixie ARM64): [/data/user/0/io.taowen.bx/files/bin/bionicx-exec, --cwd, /data/user/0/io.taowen.bx/files/homes/qbittorrent, --env, DISPLAY=:0, --env, HOME=/data/user/0/io.taowen.bx/files/homes/qbittorrent, --env, TMPDIR=/data/user/0/io.taowen.bx/cache, --env, XDG_RUNTIME_DIR=/data/user/0/io.taowen.bx/files/run/qbittorrent/runtime, --env, XDG_CONFIG_HOME=/data/user/0/io.taowen.bx/files/homes/qbittorrent/.config, --env, XDG_CACHE_HOME=/data/user/0/io.taowen.bx/files/homes/qbittorrent/.cache, --env, XDG_DATA_HOME=/data/user/0/io.taowen.bx/files/homes/qbittorrent/.local/share, --env, XDG_DATA_DIRS=/data/user/0/io.taowen.bx/files/rootfs/usr/local/share:/data/user/0/io.taowen.bx/files/rootfs/usr/share, --env, QT_QPA_PLATFORM=xcb, --env, QT_PLUGIN_PATH=/data/user/0/io.taowen.bx/files/rootfs/usr/lib/aarch64-linux-gnu/qt6/plugins, --env, QT_XKB_CONFIG_ROOT=/data/user/0/io.taowen.bx/files/rootfs/usr/share/X11/xkb, --env, NO_AT_BRIDGE=1, --env, PATH=/data/user/0/io.taowen.bx/files/rootfs/usr/bin:/data/user/0/io.taowen.bx/files/rootfs/bin:/product/bin:/system/bin, --env, LANG=C.UTF-8, --env, BIONICX_DNS_SERVERS=fe80::1%wlan0,192.168.1.1, --env, BIONICX_ROOTFS=/data/user/0/io.taowen.bx/files/rootfs, --env, BIONICX_APP=/data/user/0/io.taowen.bx/files/apps/qbittorrent, --env, BIONICX_TMPDIR=/data/user/0/io.taowen.bx/cache, --env, FONTCONFIG_PATH=/data/user/0/io.taowen.bx/files/rootfs/etc/fonts, --env, FONTCONFIG_FILE=fonts.conf, --env, FONTCONFIG_SYSROOT=/data/user/0/io.taowen.bx/files/rootfs, --env, DBUS_SESSION_BUS_ADDRESS=unix:path=/data/user/0/io.taowen.bx/files/run/qbittorrent/runtime/bus, --env, LD_PRELOAD=/data/user/0/io.taowen.bx/files/lib/libbionicx-runtime.so, --, /data/user/0/io.taowen.bx/files/rootfs/usr/bin/qbittorrent, /data/user/0/io.taowen.bx/files/apps/qbittorrent/fixtures/bionicx-webseed.torrent]
I/BionicX (19419): bionicx-exec: running untraced pid=19453
D/CoreBackPreview( 2320): Window{998d17 u0 io.taowen.bx/com.winlator.BionicXActivity}: Setting back callback OnBackInvokedCallbackInfo{mCallback=android.window.IOnBackInvokedCallback$Stub$Proxy@d2e996e, mPriority=0, mIsAnimationCallback=false}
I/ActivityTaskManager( 2320): Displayed io.taowen.bx/com.winlator.BionicXActivity for user 0: +212ms
BXSHOT qbittorrent-cold.png bytes=104129
BXTEST PASS qbit-cold-payload sha256=a68590ec9ed4b1530a44cfb5f9df3457503ebc106d1b0124d865ca217f38537d
/work/third_party/gladio/src/main.c: In function 'getRangeIndices':
/work/third_party/gladio/src/main.c:35:31: warning: initialization discards 'const' qualifier from pointer target type [-Wdiscarded-qualifiers]
   35 |             GLubyte* values = indices;
      |                               ^~~~~~~
/work/third_party/gladio/src/main.c:43:32: warning: initialization discards 'const' qualifier from pointer target type [-Wdiscarded-qualifiers]
   43 |             GLushort* values = indices;
      |                                ^~~~~~~
/work/third_party/gladio/src/main.c:51:30: warning: initialization discards 'const' qualifier from pointer target type [-Wdiscarded-qualifiers]
   51 |             GLuint* values = indices;
      |                              ^~~~~~~
In file included from /work/third_party/gladio/include/gl_client_state.h:5,
                 from /work/third_party/gladio/include/gl_context.h:4,
                 from /work/third_party/gladio/src/gl_calls.c:2:
/work/third_party/gladio/src/gl_calls.c: In function 'glColorPointer':
/work/third_party/gladio/include/gl_vao.h:54:46: warning: assignment discards 'const' qualifier from pointer target type [-Wdiscarded-qualifiers]
   54 |     clientState->vao->attribs[index].pointer = pointer; \
      |                                              ^
/work/third_party/gladio/src/gl_calls.c:872:5: note: in expansion of macro 'GL_SEND_VERTEX_ARRAY'
  872 |     GL_SEND_VERTEX_ARRAY(REQUEST_CODE_GL_COLOR_POINTER, COLOR_ARRAY_INDEX);
      |     ^~~~~~~~~~~~~~~~~~~~
/work/third_party/gladio/src/gl_calls.c: In function 'glGetStringi':
/work/third_party/gladio/src/gl_calls.c:2998:42: warning: passing argument 1 of 'strsplit' discards 'const' qualifier from pointer target type [-Wdiscarded-qualifiers]
 2998 |     if (cachedValues.size == 0) strsplit((const char*)glGetString(name), ' ', &cachedValues);
      |                                          ^~~~~~~~~~~~~~~~~~~~~~~~~~~~~~
In file included from /work/third_party/gladio/include/texture_utils.h:9,
                 from /work/third_party/gladio/include/gladio.h:72,
                 from /work/third_party/gladio/src/gl_calls.c:1:
/work/third_party/gladio/include/string_utils.h:135:35: note: expected 'char *' but argument is of type 'const char *'
  135 | static inline void strsplit(char* input, char delimiter, ArrayList* outStrings) {
      |                             ~~~~~~^~~~~
/work/third_party/gladio/src/gl_calls.c: In function 'glLoadMatrixf':
/work/third_party/gladio/src/gl_calls.c:3585:73: warning: passing argument 3 of 'gl_send' discards 'const' qualifier from pointer target type [-Wdiscarded-qualifiers]
 3585 |     gl_send(currentGLContext->serverRing, REQUEST_CODE_GL_LOAD_MATRIXF, m, 16 * sizeof(GLfloat));
      |                                                                         ^
/work/third_party/gladio/include/gladio.h:115:71: note: expected 'void *' but argument is of type 'const GLfloat *' {aka 'const float *'}
  115 | static inline bool gl_send(RingBuffer* ring, short requestCode, void* data, int size) {
      |                                                                 ~~~~~~^~~~
/work/third_party/gladio/src/gl_calls.c: In function 'glLoadTransposeMatrixf':
/work/third_party/gladio/src/gl_calls.c:3606:83: warning: passing argument 3 of 'gl_send' discards 'const' qualifier from pointer target type [-Wdiscarded-qualifiers]
 3606 |     gl_send(currentGLContext->serverRing, REQUEST_CODE_GL_LOAD_TRANSPOSE_MATRIXF, m, 16 * sizeof(GLfloat));
      |                                                                                   ^
/work/third_party/gladio/include/gladio.h:115:71: note: expected 'void *' but argument is of type 'const GLfloat *' {aka 'const float *'}
  115 | static inline bool gl_send(RingBuffer* ring, short requestCode, void* data, int size) {
      |                                                                 ~~~~~~^~~~
/work/third_party/gladio/src/gl_calls.c: In function 'glMultMatrixf':
/work/third_party/gladio/src/gl_calls.c:3855:73: warning: passing argument 3 of 'gl_send' discards 'const' qualifier from pointer target type [-Wdiscarded-qualifiers]
 3855 |     gl_send(currentGLContext->serverRing, REQUEST_CODE_GL_MULT_MATRIXF, m, 16 * sizeof(GLfloat));
      |                                                                         ^
/work/third_party/gladio/include/gladio.h:115:71: note: expected 'void *' but argument is of type 'const GLfloat *' {aka 'const float *'}
  115 | static inline bool gl_send(RingBuffer* ring, short requestCode, void* data, int size) {
      |                                                                 ~~~~~~^~~~
/work/third_party/gladio/src/gl_calls.c: In function 'glMultTransposeMatrixf':
/work/third_party/gladio/src/gl_calls.c:3870:83: warning: passing argument 3 of 'gl_send' discards 'const' qualifier from pointer target type [-Wdiscarded-qualifiers]
 3870 |     gl_send(currentGLContext->serverRing, REQUEST_CODE_GL_MULT_TRANSPOSE_MATRIXF, m, 16 * sizeof(GLfloat));
      |                                                                                   ^
/work/third_party/gladio/include/gladio.h:115:71: note: expected 'void *' but argument is of type 'const GLfloat *' {aka 'const float *'}
  115 | static inline bool gl_send(RingBuffer* ring, short requestCode, void* data, int size) {
      |                                                                 ~~~~~~^~~~
/work/third_party/gladio/src/gl_calls.c: In function 'glNormalPointer':
/work/third_party/gladio/include/gl_vao.h:54:46: warning: assignment discards 'const' qualifier from pointer target type [-Wdiscarded-qualifiers]
   54 |     clientState->vao->attribs[index].pointer = pointer; \
      |                                              ^
/work/third_party/gladio/src/gl_calls.c:4454:5: note: in expansion of macro 'GL_SEND_VERTEX_ARRAY'
 4454 |     GL_SEND_VERTEX_ARRAY(REQUEST_CODE_GL_NORMAL_POINTER, NORMAL_ARRAY_INDEX);
      |     ^~~~~~~~~~~~~~~~~~~~
/work/third_party/gladio/src/gl_calls.c: In function 'glTexCoordPointer':
/work/third_party/gladio/include/gl_vao.h:54:46: warning: assignment discards 'const' qualifier from pointer target type [-Wdiscarded-qualifiers]
   54 |     clientState->vao->attribs[index].pointer = pointer; \
      |                                              ^
/work/third_party/gladio/src/gl_calls.c:5666:5: note: in expansion of macro 'GL_SEND_VERTEX_ARRAY'
 5666 |     GL_SEND_VERTEX_ARRAY(REQUEST_CODE_GL_TEX_COORD_POINTER, TEXCOORD_ARRAY_INDEX);
      |     ^~~~~~~~~~~~~~~~~~~~
/work/third_party/gladio/src/gl_calls.c: In function 'glVertexAttribIPointer':
/work/third_party/gladio/src/gl_calls.c:7315:54: warning: assignment discards 'const' qualifier from pointer target type [-Wdiscarded-qualifiers]
 7315 |             clientState->vao->attribs[index].pointer = pointer;
      |                                                      ^
/work/third_party/gladio/src/gl_calls.c: In function 'glVertexAttribPointer':
/work/third_party/gladio/src/gl_calls.c:7354:54: warning: assignment discards 'const' qualifier from pointer target type [-Wdiscarded-qualifiers]
 7354 |             clientState->vao->attribs[index].pointer = arrayBuffer ? arrayBuffer->mappedData : pointer;
      |                                                      ^
/work/third_party/gladio/src/gl_calls.c: In function 'glVertexPointer':
/work/third_party/gladio/include/gl_vao.h:54:46: warning: assignment discards 'const' qualifier from pointer target type [-Wdiscarded-qualifiers]
   54 |     clientState->vao->attribs[index].pointer = pointer; \
      |                                              ^
/work/third_party/gladio/src/gl_calls.c:7382:5: note: in expansion of macro 'GL_SEND_VERTEX_ARRAY'
 7382 |     GL_SEND_VERTEX_ARRAY(REQUEST_CODE_GL_VERTEX_POINTER, POSITION_ARRAY_INDEX);
      |     ^~~~~~~~~~~~~~~~~~~~
/work/third_party/gladio/src/arrays.c: In function 'ArrayMap_put':
/work/third_party/gladio/src/arrays.c:358:34: warning: assignment discards 'const' qualifier from pointer target type [-Wdiscarded-qualifiers]
  358 |     arrayMap->entries[index].key = key;
      |                                  ^
/var/home/taowen/projects/glibc-on-bionic/bionicx/build/krita-glx-destroy-probe-bundle/app/lib/libGL.so.1.7.0
profile krita-glx-destroy-probe is valid
/var/home/taowen/projects/glibc-on-bionic/bionicx/build/bxapt.conf: 1 file pushed, 0 skipped. 20.4 MB/s (1092 bytes in 0.000s)
/var/home/taowen/projects/glibc-on-bionic/bionicx/tools/rootfs-elf-fixup.sh: 1 file pushed, 0 skipped. 121.5 MB/s (11852 bytes in 0.000s)
/var/home/taowen/projects/glibc-on-bionic/bionicx/tools/bxapt-unpack.sh: 1 file pushed, 0 skipped. 53.1 MB/s (5904 bytes in 0.000s)
/var/home/taowen/projects/glibc-on-bionic/bionicx/tools/bxapt-ldconfig.sh: 1 file pushed, 0 skipped. 20.8 MB/s (2747 bytes in 0.000s)
/var/home/taowen/projects/glibc-on-bionic/bionicx/android/app/src/main/assets/bionicx/lib/libbionicx-runtime.so: 1 file pushed, 0 skipped. 98.1 MB/s (78840 bytes in 0.001s)
bionicx-exec: running untraced pid=19754
bionicx-exec: primary pid=19754 exited status=0x0; draining session
bionicx-exec: session drained children=0
bionicx-exec: running untraced pid=19766
bionicx-exec: primary pid=19766 exited status=0x0; draining session
bionicx-exec: session drained children=0
bionicx ELF fixups: 4 entries
/var/home/taowen/projects/glibc-on-bionic/bionicx/profiles/krita-glx-destroy-probe.json: 1 file pushed, 0 skipped. 7.9 MB/s (561 bytes in 0.000s)
installed profile krita-glx-destroy-probe for io.taowen.bx
I/BionicX (19859): BXTEST PASS destroy-null no-op
I/BionicX (19859): BXTEST PASS choose-fbconfig
I/BionicX (19859): BXTEST PASS create-new
I/BionicX (19859): BXTEST PASS destroy-created ok
I/BionicX (19859): BXSUMMARY krita-glx-destroy passed=4 failed=0
I/BionicX (19859): krita-glx-destroy-probe exited with 0
/var/home/taowen/projects/glibc-on-bionic/bionicx/build/productivity-apps-bundle
/work/third_party/gladio/src/main.c: In function 'getRangeIndices':
/work/third_party/gladio/src/main.c:35:31: warning: initialization discards 'const' qualifier from pointer target type [-Wdiscarded-qualifiers]
   35 |             GLubyte* values = indices;
      |                               ^~~~~~~
/work/third_party/gladio/src/main.c:43:32: warning: initialization discards 'const' qualifier from pointer target type [-Wdiscarded-qualifiers]
   43 |             GLushort* values = indices;
      |                                ^~~~~~~
/work/third_party/gladio/src/main.c:51:30: warning: initialization discards 'const' qualifier from pointer target type [-Wdiscarded-qualifiers]
   51 |             GLuint* values = indices;
      |                              ^~~~~~~
In file included from /work/third_party/gladio/include/gl_client_state.h:5,
                 from /work/third_party/gladio/include/gl_context.h:4,
                 from /work/third_party/gladio/src/gl_calls.c:2:
/work/third_party/gladio/src/gl_calls.c: In function 'glColorPointer':
/work/third_party/gladio/include/gl_vao.h:54:46: warning: assignment discards 'const' qualifier from pointer target type [-Wdiscarded-qualifiers]
   54 |     clientState->vao->attribs[index].pointer = pointer; \
      |                                              ^
/work/third_party/gladio/src/gl_calls.c:872:5: note: in expansion of macro 'GL_SEND_VERTEX_ARRAY'
  872 |     GL_SEND_VERTEX_ARRAY(REQUEST_CODE_GL_COLOR_POINTER, COLOR_ARRAY_INDEX);
      |     ^~~~~~~~~~~~~~~~~~~~
/work/third_party/gladio/src/gl_calls.c: In function 'glGetStringi':
/work/third_party/gladio/src/gl_calls.c:2998:42: warning: passing argument 1 of 'strsplit' discards 'const' qualifier from pointer target type [-Wdiscarded-qualifiers]
 2998 |     if (cachedValues.size == 0) strsplit((const char*)glGetString(name), ' ', &cachedValues);
      |                                          ^~~~~~~~~~~~~~~~~~~~~~~~~~~~~~
In file included from /work/third_party/gladio/include/texture_utils.h:9,
                 from /work/third_party/gladio/include/gladio.h:72,
                 from /work/third_party/gladio/src/gl_calls.c:1:
/work/third_party/gladio/include/string_utils.h:135:35: note: expected 'char *' but argument is of type 'const char *'
  135 | static inline void strsplit(char* input, char delimiter, ArrayList* outStrings) {
      |                             ~~~~~~^~~~~
/work/third_party/gladio/src/gl_calls.c: In function 'glLoadMatrixf':
/work/third_party/gladio/src/gl_calls.c:3585:73: warning: passing argument 3 of 'gl_send' discards 'const' qualifier from pointer target type [-Wdiscarded-qualifiers]
 3585 |     gl_send(currentGLContext->serverRing, REQUEST_CODE_GL_LOAD_MATRIXF, m, 16 * sizeof(GLfloat));
      |                                                                         ^
/work/third_party/gladio/include/gladio.h:115:71: note: expected 'void *' but argument is of type 'const GLfloat *' {aka 'const float *'}
  115 | static inline bool gl_send(RingBuffer* ring, short requestCode, void* data, int size) {
      |                                                                 ~~~~~~^~~~
/work/third_party/gladio/src/gl_calls.c: In function 'glLoadTransposeMatrixf':
/work/third_party/gladio/src/gl_calls.c:3606:83: warning: passing argument 3 of 'gl_send' discards 'const' qualifier from pointer target type [-Wdiscarded-qualifiers]
 3606 |     gl_send(currentGLContext->serverRing, REQUEST_CODE_GL_LOAD_TRANSPOSE_MATRIXF, m, 16 * sizeof(GLfloat));
      |                                                                                   ^
/work/third_party/gladio/include/gladio.h:115:71: note: expected 'void *' but argument is of type 'const GLfloat *' {aka 'const float *'}
  115 | static inline bool gl_send(RingBuffer* ring, short requestCode, void* data, int size) {
      |                                                                 ~~~~~~^~~~
/work/third_party/gladio/src/gl_calls.c: In function 'glMultMatrixf':
/work/third_party/gladio/src/gl_calls.c:3855:73: warning: passing argument 3 of 'gl_send' discards 'const' qualifier from pointer target type [-Wdiscarded-qualifiers]
 3855 |     gl_send(currentGLContext->serverRing, REQUEST_CODE_GL_MULT_MATRIXF, m, 16 * sizeof(GLfloat));
      |                                                                         ^
/work/third_party/gladio/include/gladio.h:115:71: note: expected 'void *' but argument is of type 'const GLfloat *' {aka 'const float *'}
  115 | static inline bool gl_send(RingBuffer* ring, short requestCode, void* data, int size) {
      |                                                                 ~~~~~~^~~~
/work/third_party/gladio/src/gl_calls.c: In function 'glMultTransposeMatrixf':
/work/third_party/gladio/src/gl_calls.c:3870:83: warning: passing argument 3 of 'gl_send' discards 'const' qualifier from pointer target type [-Wdiscarded-qualifiers]
 3870 |     gl_send(currentGLContext->serverRing, REQUEST_CODE_GL_MULT_TRANSPOSE_MATRIXF, m, 16 * sizeof(GLfloat));
      |                                                                                   ^
/work/third_party/gladio/include/gladio.h:115:71: note: expected 'void *' but argument is of type 'const GLfloat *' {aka 'const float *'}
  115 | static inline bool gl_send(RingBuffer* ring, short requestCode, void* data, int size) {
      |                                                                 ~~~~~~^~~~
/work/third_party/gladio/src/gl_calls.c: In function 'glNormalPointer':
/work/third_party/gladio/include/gl_vao.h:54:46: warning: assignment discards 'const' qualifier from pointer target type [-Wdiscarded-qualifiers]
   54 |     clientState->vao->attribs[index].pointer = pointer; \
      |                                              ^
/work/third_party/gladio/src/gl_calls.c:4454:5: note: in expansion of macro 'GL_SEND_VERTEX_ARRAY'
 4454 |     GL_SEND_VERTEX_ARRAY(REQUEST_CODE_GL_NORMAL_POINTER, NORMAL_ARRAY_INDEX);
      |     ^~~~~~~~~~~~~~~~~~~~
/work/third_party/gladio/src/gl_calls.c: In function 'glTexCoordPointer':
/work/third_party/gladio/include/gl_vao.h:54:46: warning: assignment discards 'const' qualifier from pointer target type [-Wdiscarded-qualifiers]
   54 |     clientState->vao->attribs[index].pointer = pointer; \
      |                                              ^
/work/third_party/gladio/src/gl_calls.c:5666:5: note: in expansion of macro 'GL_SEND_VERTEX_ARRAY'
 5666 |     GL_SEND_VERTEX_ARRAY(REQUEST_CODE_GL_TEX_COORD_POINTER, TEXCOORD_ARRAY_INDEX);
      |     ^~~~~~~~~~~~~~~~~~~~
/work/third_party/gladio/src/gl_calls.c: In function 'glVertexAttribIPointer':
/work/third_party/gladio/src/gl_calls.c:7315:54: warning: assignment discards 'const' qualifier from pointer target type [-Wdiscarded-qualifiers]
 7315 |             clientState->vao->attribs[index].pointer = pointer;
      |                                                      ^
/work/third_party/gladio/src/gl_calls.c: In function 'glVertexAttribPointer':
/work/third_party/gladio/src/gl_calls.c:7354:54: warning: assignment discards 'const' qualifier from pointer target type [-Wdiscarded-qualifiers]
 7354 |             clientState->vao->attribs[index].pointer = arrayBuffer ? arrayBuffer->mappedData : pointer;
      |                                                      ^
/work/third_party/gladio/src/gl_calls.c: In function 'glVertexPointer':
/work/third_party/gladio/include/gl_vao.h:54:46: warning: assignment discards 'const' qualifier from pointer target type [-Wdiscarded-qualifiers]
   54 |     clientState->vao->attribs[index].pointer = pointer; \
      |                                              ^
/work/third_party/gladio/src/gl_calls.c:7382:5: note: in expansion of macro 'GL_SEND_VERTEX_ARRAY'
 7382 |     GL_SEND_VERTEX_ARRAY(REQUEST_CODE_GL_VERTEX_POINTER, POSITION_ARRAY_INDEX);
      |     ^~~~~~~~~~~~~~~~~~~~
/work/third_party/gladio/src/arrays.c: In function 'ArrayMap_put':
/work/third_party/gladio/src/arrays.c:358:34: warning: assignment discards 'const' qualifier from pointer target type [-Wdiscarded-qualifiers]
  358 |     arrayMap->entries[index].key = key;
      |                                  ^
/var/home/taowen/projects/glibc-on-bionic/bionicx/build/productivity-apps-bundle/app/lib/libGL.so.1.7.0
profile krita is valid
/var/home/taowen/projects/glibc-on-bionic/bionicx/build/bxapt.conf: 1 file pushed, 0 skipped. 12.7 MB/s (1092 bytes in 0.000s)
/var/home/taowen/projects/glibc-on-bionic/bionicx/tools/rootfs-elf-fixup.sh: 1 file pushed, 0 skipped. 130.3 MB/s (11852 bytes in 0.000s)
/var/home/taowen/projects/glibc-on-bionic/bionicx/tools/bxapt-unpack.sh: 1 file pushed, 0 skipped. 59.8 MB/s (5904 bytes in 0.000s)
/var/home/taowen/projects/glibc-on-bionic/bionicx/tools/bxapt-ldconfig.sh: 1 file pushed, 0 skipped. 27.6 MB/s (2747 bytes in 0.000s)
/var/home/taowen/projects/glibc-on-bionic/bionicx/android/app/src/main/assets/bionicx/lib/libbionicx-runtime.so: 1 file pushed, 0 skipped. 82.5 MB/s (78840 bytes in 0.001s)
bionicx-exec: running untraced pid=20052
bionicx-exec: primary pid=20052 exited status=0x0; draining session
bionicx-exec: session drained children=0
bionicx-exec: running untraced pid=20063
bionicx ELF fixups: 2 entries
bionicx-exec: primary pid=20063 exited status=0x0; draining session
bionicx-exec: session drained children=0
/var/home/taowen/projects/glibc-on-bionic/bionicx/profiles/krita.json: 1 file pushed, 0 skipped. 17.2 MB/s (1137 bytes in 0.000s)
installed profile krita for io.taowen.bx
Starting: Intent { cmp=io.taowen.bx/com.winlator.BionicXActivity }
Status: ok
LaunchState: COLD
Activity: io.taowen.bx/com.winlator.BionicXActivity
TotalTime: 211
WaitTime: 214
Complete
screenshot /var/home/taowen/projects/glibc-on-bionic/bionicx/evidence/rebuild-2026-08-14/krita.png bytes=60985
W/ActivityTaskManager( 2320): Force removing ActivityRecord{7f5ef23 u0 io.taowen.bx/com.winlator.BionicXActivity t1281 f}}: app died, no saved state
V/WindowManagerShell( 2661): Transition requested: android.os.BinderProxy@fa0155a TransitionRequestInfo { type = CLOSE, triggerTask = TaskInfo{userId=0 taskId=1281 displayId=0 isRunning=false baseIntent=Intent { flg=0x10000000 cmp=io.taowen.bx/com.winlator.BionicXActivity } baseActivity=null topActivity=null origActivity=null realActivity=ComponentInfo{io.taowen.bx/com.winlator.BionicXActivity} numActivities=0 lastActiveTime=7408498 supportsMultiWindow=true resizeMode=1 isResizeable=true minWidth=-1 minHeight=-1 defaultMinSize=220 token=WCT{android.window.IWindowContainerToken$Stub$Proxy@b46b38b} topActivityType=1 pictureInPictureParams=null shouldDockBigOverlays=false launchIntoPipHostTaskId=-1 lastParentTaskIdBeforePip=-1 displayCutoutSafeInsets=null topActivityInfo=null launchCookies=[] positionInParent=Point(0, 0) parentTaskId=-1 isFocused=true isVisible=true isVisibleRequested=true isSleeping=false topActivityInSizeCompat=false topActivityEligibleForLetterboxEducation= false topActivityLetterboxed= false isFromDoubleTap= false topActivityLetterboxVerticalPosition= -1 topActivityLetterboxHorizontalPosition= -1 topActivityLetterboxWidth=-1 topActivityLetterboxHeight=-1 locusId=null displayAreaFeatureId=1 cameraCompatControlState=hidden}, remoteTransition = null, displayChange = null }
I/Zygote  ( 1294): Process 19859 exited due to signal 9 (Killed)
W/WindowManager( 2320): Failed to deliver inset control state change to w=Window{18ce962 u0 io.taowen.bx/com.winlator.BionicXActivity}
I/WindowManager( 2320): WIN DEATH: Window{18ce962 u0 io.taowen.bx/com.winlator.BionicXActivity}
W/InputManager-JNI( 2320): Input channel object '18ce962 io.taowen.bx/com.winlator.BionicXActivity (client)' was disposed without first being removed with the input manager!
V/WindowManager( 2320): Sent Transition #139 createdAt=08-14 05:06:36.618 via request=TransitionRequestInfo { type = CLOSE, triggerTask = TaskInfo{userId=0 taskId=1281 displayId=0 isRunning=false baseIntent=Intent { flg=0x10000000 cmp=io.taowen.bx/com.winlator.BionicXActivity } baseActivity=null topActivity=null origActivity=null realActivity=ComponentInfo{io.taowen.bx/com.winlator.BionicXActivity} numActivities=0 lastActiveTime=7408498 supportsMultiWindow=true resizeMode=1 isResizeable=true minWidth=-1 minHeight=-1 defaultMinSize=220 token=WCT{RemoteToken{a924b49 Task{aa5ac20 #1281 type=standard A=10194:io.taowen.bx}}} topActivityType=1 pictureInPictureParams=null shouldDockBigOverlays=false launchIntoPipHostTaskId=-1 lastParentTaskIdBeforePip=-1 displayCutoutSafeInsets=null topActivityInfo=null launchCookies=[] positionInParent=Point(0, 0) parentTaskId=-1 isFocused=true isVisible=true isVisibleRequested=true isSleeping=false topActivityInSizeCompat=false topActivityEligibleForLetterboxEducation= false topActivityLetterboxed= false isFromDoubleTap= false topActivityLetterboxVerticalPosition= -1 topActivityLetterboxHorizontalPosition= -1 topActivityLetterboxWidth=-1 topActivityLetterboxHeight=-1 locusId=null displayAreaFeatureId=1 cameraCompatControlState=hidden}, remoteTransition = null, displayChange = null }
W/WindowManager( 2320): Failed to deliver inset control state change to w=Window{18ce962 u0 io.taowen.bx/com.winlator.BionicXActivity EXITING}
I/ActivityTaskManager( 2320): START u0 {flg=0x10000000 cmp=io.taowen.bx/com.winlator.BionicXActivity} with LAUNCH_MULTIPLE from uid 2000 (BAL_ALLOW_PERMISSION) result code=0
V/WindowManagerShell( 2661): Transition requested: android.os.BinderProxy@fa538f3 TransitionRequestInfo { type = OPEN, triggerTask = TaskInfo{userId=0 taskId=1282 displayId=0 isRunning=true baseIntent=Intent { flg=0x10000000 cmp=io.taowen.bx/com.winlator.BionicXActivity } baseActivity=ComponentInfo{io.taowen.bx/com.winlator.BionicXActivity} topActivity=ComponentInfo{io.taowen.bx/com.winlator.BionicXActivity} origActivity=null realActivity=ComponentInfo{io.taowen.bx/com.winlator.BionicXActivity} numActivities=1 lastActiveTime=7425573 supportsMultiWindow=true resizeMode=1 isResizeable=true minWidth=-1 minHeight=-1 defaultMinSize=220 token=WCT{android.window.IWindowContainerToken$Stub$Proxy@fa579b0} topActivityType=1 pictureInPictureParams=null shouldDockBigOverlays=false launchIntoPipHostTaskId=-1 lastParentTaskIdBeforePip=-1 displayCutoutSafeInsets=null topActivityInfo=ActivityInfo{2a8a029 com.winlator.BionicXActivity} launchCookies=[] positionInParent=Point(0, 0) parentTaskId=-1 isFocused=false isVisible=false isVisibleRequested=false isSleeping=false topActivityInSizeCompat=false topActivityEligibleForLetterboxEducation= false topActivityLetterboxed= false isFromDoubleTap= false topActivityLetterboxVerticalPosition= -1 topActivityLetterboxHorizontalPosition= -1 topActivityLetterboxWidth=-1 topActivityLetterboxHeight=-1 locusId=null displayAreaFeatureId=1 cameraCompatControlState=hidden}, remoteTransition = null, displayChange = null }
I/ActivityManager( 2320): Start proc 20129:io.taowen.bx/u0a194 for next-top-activity {io.taowen.bx/com.winlator.BionicXActivity}
W/WindowManager( 2320): Failed to deliver inset control state change to w=Window{18ce962 u0 io.taowen.bx/com.winlator.BionicXActivity EXITING}
V/WindowManager( 2320): Sent Transition #140 createdAt=08-14 05:06:37.027 via request=TransitionRequestInfo { type = OPEN, triggerTask = TaskInfo{userId=0 taskId=1282 displayId=0 isRunning=true baseIntent=Intent { flg=0x10000000 cmp=io.taowen.bx/com.winlator.BionicXActivity } baseActivity=ComponentInfo{io.taowen.bx/com.winlator.BionicXActivity} topActivity=ComponentInfo{io.taowen.bx/com.winlator.BionicXActivity} origActivity=null realActivity=ComponentInfo{io.taowen.bx/com.winlator.BionicXActivity} numActivities=1 lastActiveTime=7425573 supportsMultiWindow=true resizeMode=1 isResizeable=true minWidth=-1 minHeight=-1 defaultMinSize=220 token=WCT{RemoteToken{f90f2e Task{8362294 #1282 type=standard A=10194:io.taowen.bx}}} topActivityType=1 pictureInPictureParams=null shouldDockBigOverlays=false launchIntoPipHostTaskId=-1 lastParentTaskIdBeforePip=-1 displayCutoutSafeInsets=null topActivityInfo=ActivityInfo{7b7ab65 com.winlator.BionicXActivity} launchCookies=[] positionInParent=Point(0, 0) parentTaskId=-1 isFocused=false isVisible=false isVisibleRequested=false isSleeping=false topActivityInSizeCompat=false topActivityEligibleForLetterboxEducation= false topActivityLetterboxed= false isFromDoubleTap= false topActivityLetterboxVerticalPosition= -1 topActivityLetterboxHorizontalPosition= -1 topActivityLetterboxWidth=-1 topActivityLetterboxHeight=-1 locusId=null displayAreaFeatureId=1 cameraCompatControlState=hidden}, remoteTransition = null, displayChange = null }
W/WindowManager( 2320): Failed to deliver inset control state change to w=Window{18ce962 u0 io.taowen.bx/com.winlator.BionicXActivity EXITING}
W/WindowManager( 2320): Exception thrown during dispatchAppVisibility Window{18ce962 u0 io.taowen.bx/com.winlator.BionicXActivity EXITING}
I/BionicX (20129): profile=krita display=1920x1080@144 socket=filesystem
I/BionicX (20129): enabled D-Bus session service at /data/user/0/io.taowen.bx/files/run/krita/runtime/bus
I/BionicX (20129): dbus: bionicx-exec: running untraced pid=20159
I/BionicX (20129): runtime DNS servers=2
I/BionicX (20129): launching Krita (Debian trixie ARM64): [/data/user/0/io.taowen.bx/files/bin/bionicx-exec, --cwd, /data/user/0/io.taowen.bx/files/homes/krita, --env, DISPLAY=:0, --env, GLADIO_X11_SOCKET=/data/data/io.taowen.bx/files/rootfs/tmp/.X11-unix/X0, --env, HOME=/data/user/0/io.taowen.bx/files/homes/krita, --env, TMPDIR=/data/user/0/io.taowen.bx/cache, --env, XDG_RUNTIME_DIR=/data/user/0/io.taowen.bx/files/run/krita/runtime, --env, XDG_CONFIG_HOME=/data/user/0/io.taowen.bx/files/homes/krita/.config, --env, XDG_CACHE_HOME=/data/user/0/io.taowen.bx/files/homes/krita/.cache, --env, XDG_DATA_HOME=/data/user/0/io.taowen.bx/files/homes/krita/.local/share, --env, XDG_DATA_DIRS=/data/user/0/io.taowen.bx/files/rootfs/usr/local/share:/data/user/0/io.taowen.bx/files/rootfs/usr/share, --env, QT_QPA_PLATFORM=xcb, --env, QT_PLUGIN_PATH=/data/user/0/io.taowen.bx/files/rootfs/usr/lib/aarch64-linux-gnu/qt5/plugins, --env, QT_XKB_CONFIG_ROOT=/data/user/0/io.taowen.bx/files/rootfs/usr/share/X11/xkb, --env, NO_AT_BRIDGE=1, --env, PATH=/data/user/0/io.taowen.bx/files/rootfs/usr/bin:/data/user/0/io.taowen.bx/files/rootfs/bin:/product/bin:/system/bin, --env, LANG=C.UTF-8, --env, BIONICX_DNS_SERVERS=fe80::1%wlan0,192.168.1.1, --env, BIONICX_ROOTFS=/data/user/0/io.taowen.bx/files/rootfs, --env, BIONICX_APP=/data/user/0/io.taowen.bx/files/apps/krita, --env, LD_LIBRARY_PATH=/data/user/0/io.taowen.bx/files/apps/krita/lib, --env, BIONICX_TMPDIR=/data/user/0/io.taowen.bx/cache, --env, FONTCONFIG_PATH=/data/user/0/io.taowen.bx/files/rootfs/etc/fonts, --env, FONTCONFIG_FILE=fonts.conf, --env, FONTCONFIG_SYSROOT=/data/user/0/io.taowen.bx/files/rootfs, --env, DBUS_SESSION_BUS_ADDRESS=unix:path=/data/user/0/io.taowen.bx/files/run/krita/runtime/bus, --env, LD_PRELOAD=/data/user/0/io.taowen.bx/files/lib/libbionicx-runtime.so, --, /data/user/0/io.taowen.bx/files/rootfs/usr/bin/krita, /data/user/0/io.taowen.bx/files/apps/krita/fixtures/bionicx-image.ppm]
D/CoreBackPreview( 2320): Window{c97ccb6 u0 io.taowen.bx/com.winlator.BionicXActivity}: Setting back callback OnBackInvokedCallbackInfo{mCallback=android.window.IOnBackInvokedCallback$Stub$Proxy@8b16489, mPriority=0, mIsAnimationCallback=false}
I/BionicX (20129): bionicx-exec: running untraced pid=20167
I/ActivityTaskManager( 2320): Displayed io.taowen.bx/com.winlator.BionicXActivity for user 0: +211ms
BXSHOT krita.png bytes=133385
profile krita is valid
/var/home/taowen/projects/glibc-on-bionic/bionicx/profiles/krita-export.json: 1 file pushed, 0 skipped. 13.0 MB/s (1254 bytes in 0.000s)
installed profile krita for io.taowen.bx
BXTEST PASS krita-export bytes=7968
BXINFO krita-export-head  89 50 4e 47 0d 0a 1a 0a
BXTEST PASS krita-export-png 640x480 bytes=7968
BXSHOT krita-export.png bytes=7968
BXINFO export completed on device after runner cut (krita exited 0); verified PNG IHDR 640x480
BXSUMMARY popular-durable keepassxc+qbit+krita
