/var/home/taowen/projects/glibc-on-bionic/bionicx/build/bxapt.conf: 1 file pushed, 0 skipped. 14.5 MB/s (1092 bytes in 0.000s)
/var/home/taowen/projects/glibc-on-bionic/bionicx/tools/rootfs-elf-fixup.sh: 1 file pushed, 0 skipped. 86.9 MB/s (8383 bytes in 0.000s)
/var/home/taowen/projects/glibc-on-bionic/bionicx/tools/bxapt-unpack.sh: 1 file pushed, 0 skipped. 13.1 MB/s (880 bytes in 0.000s)
bionicx-exec: running untraced pid=18825
Reading package lists...
Building dependency tree...
Reading state information...
0 upgraded, 0 newly installed, 0 to remove and 0 not upgraded.
1 not fully installed or removed.
After this operation, 0 B of additional disk space will be used.
Setting up xterm (398-1) ...
update-alternatives: warning: /data/user/0/io.taowen.bx/files/rootfs/etc/alternatives/x-terminal-emulator is dangling; it will be updated with best choice
update-alternatives: using /usr/bin/lxterm to provide /usr/bin/x-terminal-emulator (x-terminal-emulator) in auto mode
update-alternatives: warning: /data/user/0/io.taowen.bx/files/rootfs/etc/alternatives/x-terminal-emulator is dangling; it will be updated with best choice
update-alternatives: using /usr/bin/lxterm to provide /usr/bin/x-terminal-emulator (x-terminal-emulator) in auto mode
update-alternatives: warning: /data/user/0/io.taowen.bx/files/rootfs/etc/alternatives/x-terminal-emulator is dangling; it will be updated with best choice
update-alternatives: using /usr/bin/lxterm to provide /usr/bin/x-terminal-emulator (x-terminal-emulator) in auto mode
update-alternatives: warning: /data/user/0/io.taowen.bx/files/rootfs/etc/alternatives/x-terminal-emulator is dangling; it will be updated with best choice
update-alternatives: using /usr/bin/lxterm to provide /usr/bin/x-terminal-emulator (x-terminal-emulator) in auto mode
bionicx-exec: primary pid=18825 exited status=0x0; draining session
bionicx-exec: session drained children=0
/var/home/taowen/projects/glibc-on-bionic/bionicx/build/bxapt.conf: 1 file pushed, 0 skipped. 11.6 MB/s (1092 bytes in 0.000s)
/var/home/taowen/projects/glibc-on-bionic/bionicx/tools/rootfs-elf-fixup.sh: 1 file pushed, 0 skipped. 117.6 MB/s (8383 bytes in 0.000s)
/var/home/taowen/projects/glibc-on-bionic/bionicx/tools/bxapt-unpack.sh: 1 file pushed, 0 skipped. 15.5 MB/s (880 bytes in 0.000s)
bionicx-exec: running untraced pid=18883
bionicx-exec: primary pid=18883 exited status=0x0; draining session
bionicx-exec: session drained children=0
