/var/home/taowen/projects/glibc-on-bionic/bionicx/build/bxapt.conf: 1 file pushed, 0 skipped. 13.0 MB/s (1092 bytes in 0.000s)
/var/home/taowen/projects/glibc-on-bionic/bionicx/tools/rootfs-elf-fixup.sh: 1 file pushed, 0 skipped. 74.5 MB/s (8383 bytes in 0.000s)
/var/home/taowen/projects/glibc-on-bionic/bionicx/tools/bxapt-unpack.sh: 1 file pushed, 0 skipped. 7.7 MB/s (880 bytes in 0.000s)
bionicx-exec: running untraced pid=17560
bionicx-exec: primary pid=17560 exited status=0x0; draining session
bionicx-exec: session drained children=0
bionicx-exec: running untraced pid=17565
Reading package lists...
Building dependency tree...
Reading state information...
The following NEW packages will be installed:
  fonts-opensymbol fonts-stix
0 upgraded, 2 newly installed, 0 to remove and 0 not upgraded.
Need to get 715 kB of archives.
After this operation, 3130 kB of additional disk space will be used.
Get:1 http://snapshot.debian.org/archive/debian/20260811T000000Z trixie/main arm64 fonts-opensymbol all 4:102.12+LibO25.2.3-2+deb13u6 [128 kB]
Get:2 http://snapshot.debian.org/archive/debian/20260811T000000Z trixie/main arm64 fonts-stix all 1.1.1-5 [587 kB]
Fetched 715 kB in 5s (145 kB/s)
Download complete and in download only mode
bionicx-exec: primary pid=17565 exited status=0x0; draining session
bionicx-exec: session drained children=0
bionicx-exec: running untraced pid=17595
Selecting previously unselected package fonts-opensymbol.
(Reading database ... 40493 files and directories currently installed.)
Preparing to unpack .../fonts-opensymbol_4%3a102.12+LibO25.2.3-2+deb13u6_all.deb ...
Unpacking fonts-opensymbol (4:102.12+LibO25.2.3-2+deb13u6) ...
Selecting previously unselected package fonts-stix.
Preparing to unpack .../fonts-stix_1.1.1-5_all.deb ...
Unpacking fonts-stix (1.1.1-5) ...
Processing triggers for fontconfig (2.15.0-2.3) ...
bionicx-exec: primary pid=17595 exited status=0x0; draining session
bionicx-exec: session drained children=0
bionicx-exec: running untraced pid=17638
bionicx ELF fixups: 1300 entries
bionicx-exec: primary pid=17638 exited status=0x0; draining session
bionicx-exec: session drained children=0
bionicx-exec: running untraced pid=17656
Reading package lists...
Building dependency tree...
Reading state information...
fonts-stix is already the newest version (1.1.1-5).
fonts-opensymbol is already the newest version (4:102.12+LibO25.2.3-2+deb13u6).
0 upgraded, 0 newly installed, 0 to remove and 0 not upgraded.
2 not fully installed or removed.
After this operation, 0 B of additional disk space will be used.
Setting up fonts-stix (1.1.1-5) ...
Setting up fonts-opensymbol (4:102.12+LibO25.2.3-2+deb13u6) ...
bionicx-exec: primary pid=17656 exited status=0x0; draining session
bionicx-exec: session drained children=0
BXELAPSED 8.28 seconds
