/var/home/taowen/projects/glibc-on-bionic/bionicx/build/bxapt.conf: 1 file pushed, 0 skipped. 28.4 MB/s (1384 bytes in 0.000s)
/var/home/taowen/projects/glibc-on-bionic/bionicx/tools/rootfs-elf-fixup.sh: 1 file pushed, 0 skipped. 76.8 MB/s (8511 bytes in 0.000s)
/var/home/taowen/projects/glibc-on-bionic/bionicx/tools/bxapt-unpack.sh: 1 file pushed, 0 skipped. 21.6 MB/s (928 bytes in 0.000s)
bionicx-exec: running untraced pid=25918
bionicx-exec: primary pid=25918 exited status=0x0; draining session
bionicx-exec: session drained children=0
bionicx-exec: running untraced pid=25924
Reading package lists...
Building dependency tree...
Reading state information...
0 upgraded, 0 newly installed, 1 reinstalled, 0 to remove and 0 not upgraded.
Need to get 858 kB of archives.
After this operation, 0 B of additional disk space will be used.
Get:1 http://snapshot.debian.org/archive/debian/20260811T000000Z trixie/main arm64 xterm arm64 398-1 [858 kB]
bionicx-exec: session child pid=25948 exited status=0x0
Fetched 858 kB in 3s (252 kB/s)
(Reading database ... (Reading database ... 5%(Reading database ... 10%(Reading database ... 15%(Reading database ... 20%(Reading database ... 25%(Reading database ... 30%(Reading database ... 35%(Reading database ... 40%(Reading database ... 45%(Reading database ... 50%(Reading database ... 55%(Reading database ... 60%(Reading database ... 65%(Reading database ... 70%(Reading database ... 75%(Reading database ... 80%(Reading database ... 85%(Reading database ... 90%(Reading database ... 95%(Reading database ... 100%(Reading database ... 40509 files and directories currently installed.)
Preparing to unpack .../archives/xterm_398-1_arm64.deb ...
Unpacking xterm (398-1) over (398-1) ...
Setting up xterm (398-1) ...
update-alternatives: warning: /data/user/0/io.taowen.bx/files/rootfs/etc/alternatives/x-terminal-emulator is dangling; it will be updated with best choice
update-alternatives: using /usr/bin/lxterm to provide /usr/bin/x-terminal-emulator (x-terminal-emulator) in auto mode
update-alternatives: warning: /data/user/0/io.taowen.bx/files/rootfs/etc/alternatives/x-terminal-emulator is dangling; it will be updated with best choice
update-alternatives: using /usr/bin/lxterm to provide /usr/bin/x-terminal-emulator (x-terminal-emulator) in auto mode
update-alternatives: warning: /data/user/0/io.taowen.bx/files/rootfs/etc/alternatives/x-terminal-emulator is dangling; it will be updated with best choice
update-alternatives: using /usr/bin/lxterm to provide /usr/bin/x-terminal-emulator (x-terminal-emulator) in auto mode
update-alternatives: warning: /data/user/0/io.taowen.bx/files/rootfs/etc/alternatives/x-terminal-emulator is dangling; it will be updated with best choice
update-alternatives: using /usr/bin/lxterm to provide /usr/bin/x-terminal-emulator (x-terminal-emulator) in auto mode
bionicx ELF fixups: 1302 entries
bionicx-exec: primary pid=25924 exited status=0x0; draining session
bionicx-exec: session drained children=1
BXELAPSED 6.43 seconds
