bionicx-exec: running untraced pid=25146
bionicx-exec: primary pid=25146 exited status=0x0; draining session
bionicx-exec: session drained children=0
bionicx-exec: running untraced pid=25154
bionicx-exec: primary pid=25154 exited status=0x0; draining session
bionicx-exec: session drained children=0
bionicx-exec: running untraced pid=25164
bionicx-exec: primary pid=25164 exited status=0x0; draining session
bionicx-exec: session drained children=0
bionicx-exec: running untraced pid=25169
bionicx-exec: primary pid=25169 exited status=0x0; draining session
bionicx-exec: session drained children=0
bionicx-exec: running untraced pid=25174
bionicx-exec: primary pid=25174 exited status=0x0; draining session
bionicx-exec: session drained children=0
bionicx-exec: running untraced pid=25179
Reading package lists...
Building dependency tree...
Reading state information...
The following additional packages will be installed:
  bubblewrap dictionaries-common dirmngr emacsen-common evince-common
  gnome-desktop3-data gnupg gnupg-l10n gpg gpg-agent gpgconf gpgsm
  gsettings-desktop-schemas gstreamer1.0-plugins-base hunspell-en-us iso-codes
  libarchive13t64 libaspell15 libassuan9 libcap2-bin libcdparanoia0
  libcurl3t64-gnutls libdjvulibre-text libdjvulibre21 libdrm-common libdrm2
  libenchant-2-2 libevdocument3-4t64 libevview3-3t64 libgcrypt20
  libgnome-desktop-3-20t64 libgpg-error0 libgpgme11t64 libgpgmepp6t64
  libgspell-1-3 libgspell-1-common libgstreamer-plugins-base1.0-0
  libgstreamer1.0-0 libgtksourceview-4-0 libgtksourceview-4-common libgxps2t64
  libhandy-1-0 libhunspell-1.7-0 libicu76 libkpathsea6 libksba8 libldap2
  libmagic-mgc libmagic1t64 libmousepad0 libnghttp2-14 libnghttp3-9
  libngtcp2-16 libngtcp2-crypto-gnutls8 libnpth0t64 libnspr4 libnss3
  liborc-0.4-0t64 libpoppler-glib8t64 libpoppler147 libpsl5t64 librtmp1
  libsasl2-2 libsasl2-modules-db libsecret-1-0 libsecret-common libssh2-1t64
  libsynctex2 libtext-iconv-perl libtheoradec1 libtheoraenc1 libvisual-0.4-0
  libxkbregistry0 pinentry-curses
Suggested packages:
  ispell | aspell | hunspell wordlist pinentry-gnome3 tor gvfs nautilus-sendto
  gpg-wks-server parcimonie xloadimage scdaemon tpm2daemon hunspell
  openoffice.org-hunspell | openoffice.org-core isoquery lrzip aspell
  libenchant-2-voikko rng-tools libvisual-0.4-plugins gstreamer1.0-tools file
  pinentry-doc heif-gdk-pixbuf libavif-gdk-pixbuf libjxl-gdk-pixbuf
  webp-pixbuf-loader
Recommended packages:
  gnupg-utils gpg-wks-client gpgv aspell-en | aspell-dictionary
  | aspell6a-dictionary libpam-cap enchant-2 locales | locales-all
  libgpg-error-l10n libldap-common publicsuffix libsasl2-modules tumbler
The following NEW packages will be installed:
  bubblewrap dictionaries-common dirmngr emacsen-common evince evince-common
  gnome-desktop3-data gnupg gnupg-l10n gpg gpg-agent gpgconf gpgsm
  gsettings-desktop-schemas gstreamer1.0-plugins-base hunspell-en-us iso-codes
  libarchive13t64 libaspell15 libassuan9 libcap2-bin libcdparanoia0
  libcurl3t64-gnutls libdjvulibre-text libdjvulibre21 libdrm-common libdrm2
  libenchant-2-2 libevdocument3-4t64 libevview3-3t64 libgcrypt20
  libgnome-desktop-3-20t64 libgpg-error0 libgpgme11t64 libgpgmepp6t64
  libgspell-1-3 libgspell-1-common libgstreamer-plugins-base1.0-0
  libgstreamer1.0-0 libgtksourceview-4-0 libgtksourceview-4-common libgxps2t64
  libhandy-1-0 libhunspell-1.7-0 libicu76 libkpathsea6 libksba8 libldap2
  libmagic-mgc libmagic1t64 libmousepad0 libnghttp2-14 libnghttp3-9
  libngtcp2-16 libngtcp2-crypto-gnutls8 libnpth0t64 libnspr4 libnss3
  liborc-0.4-0t64 libpoppler-glib8t64 libpoppler147 libpsl5t64 librtmp1
  libsasl2-2 libsasl2-modules-db libsecret-1-0 libsecret-common libssh2-1t64
  libsynctex2 libtext-iconv-perl libtheoradec1 libtheoraenc1 libvisual-0.4-0
  libxkbregistry0 mousepad pinentry-curses ristretto
0 upgraded, 77 newly installed, 0 to remove and 0 not upgraded.
Need to get 33.5 MB of archives.
After this operation, 163 MB of additional disk space will be used.
Get:1 http://snapshot.debian.org/archive/debian/20260811T000000Z trixie/main arm64 bubblewrap arm64 0.11.0-2+deb13u1 [50.1 kB]
Get:2 http://snapshot.debian.org/archive/debian/20260811T000000Z trixie/main arm64 libtext-iconv-perl arm64 1.7-8+b4 [14.2 kB]
Get:3 http://snapshot.debian.org/archive/debian/20260811T000000Z trixie/main arm64 emacsen-common all 3.0.8 [13.6 kB]
Get:4 http://snapshot.debian.org/archive/debian/20260811T000000Z trixie/main arm64 dictionaries-common all 1.30.10 [174 kB]
Get:5 http://snapshot.debian.org/archive/debian/20260811T000000Z trixie/main arm64 libgpg-error0 arm64 1.51-4 [78.5 kB]
Get:6 http://snapshot.debian.org/archive/debian/20260811T000000Z trixie/main arm64 libassuan9 arm64 3.0.2-2 [59.1 kB]
Get:7 http://snapshot.debian.org/archive/debian/20260811T000000Z trixie/main arm64 libgcrypt20 arm64 1.11.0-7+deb13u1 [741 kB]
Get:8 http://snapshot.debian.org/archive/debian/20260811T000000Z trixie/main arm64 gpgconf arm64 2.4.7-21+deb13u1+b4 [122 kB]
Get:9 http://snapshot.debian.org/archive/debian/20260811T000000Z trixie/main arm64 libksba8 arm64 1.6.7-2+b1 [125 kB]
Get:10 http://snapshot.debian.org/archive/debian/20260811T000000Z trixie/main arm64 libsasl2-modules-db arm64 2.1.28+dfsg1-9 [20.1 kB]
Get:11 http://snapshot.debian.org/archive/debian/20260811T000000Z trixie/main arm64 libsasl2-2 arm64 2.1.28+dfsg1-9 [55.6 kB]
Get:12 http://snapshot.debian.org/archive/debian/20260811T000000Z trixie/main arm64 libldap2 arm64 2.6.10+dfsg-1 [179 kB]
Get:13 http://snapshot.debian.org/archive/debian/20260811T000000Z trixie/main arm64 libnpth0t64 arm64 1.8-3 [22.9 kB]
Get:14 http://snapshot.debian.org/archive/debian/20260811T000000Z trixie/main arm64 dirmngr arm64 2.4.7-21+deb13u1+b4 [359 kB]
Get:15 http://snapshot.debian.org/archive/debian/20260811T000000Z trixie/main arm64 evince-common all 48.1-3+deb13u1 [1526 kB]
Get:16 http://snapshot.debian.org/archive/debian/20260811T000000Z trixie/main arm64 gsettings-desktop-schemas all 48.0-1 [700 kB]
Get:17 http://snapshot.debian.org/archive/debian/20260811T000000Z trixie/main arm64 libarchive13t64 arm64 3.7.4-4+deb13u1 [324 kB]
Get:18 http://snapshot.debian.org/archive/debian/20260811T000000Z trixie/main arm64 libdjvulibre-text all 3.5.28-2.2 [52.0 kB]
Get:19 http://snapshot.debian.org/archive/debian/20260811T000000Z trixie/main arm64 libdjvulibre21 arm64 3.5.28-2.2 [538 kB]
Get:20 http://snapshot.debian.org/archive/debian/20260811T000000Z trixie/main arm64 libgxps2t64 arm64 0.3.2-4+b2 [50.2 kB]
Get:21 http://snapshot.debian.org/archive/debian/20260811T000000Z trixie/main arm64 libkpathsea6 arm64 2024.20240313.70630+ds-6 [154 kB]
Get:22 http://snapshot.debian.org/archive/debian/20260811T000000Z trixie/main arm64 libnghttp2-14 arm64 1.64.0-1.1+deb13u1 [71.6 kB]
Get:23 http://snapshot.debian.org/archive/debian/20260811T000000Z trixie/main arm64 libnghttp3-9 arm64 1.8.0-1 [63.2 kB]
Get:24 http://snapshot.debian.org/archive/debian/20260811T000000Z trixie/main arm64 libngtcp2-16 arm64 1.11.0-1+deb13u1 [121 kB]
Get:25 http://snapshot.debian.org/archive/debian/20260811T000000Z trixie/main arm64 libngtcp2-crypto-gnutls8 arm64 1.11.0-1+deb13u1 [28.4 kB]
Get:26 http://snapshot.debian.org/archive/debian/20260811T000000Z trixie/main arm64 libpsl5t64 arm64 0.21.2-1.1+b1 [57.1 kB]
Get:27 http://snapshot.debian.org/archive/debian/20260811T000000Z trixie/main arm64 librtmp1 arm64 2.4+20151223.gitfa8646d.1-2+b5 [56.8 kB]
Get:28 http://snapshot.debian.org/archive/debian/20260811T000000Z trixie/main arm64 libssh2-1t64 arm64 1.11.1-1+deb13u1 [236 kB]
Get:29 http://snapshot.debian.org/archive/debian/20260811T000000Z trixie/main arm64 libcurl3t64-gnutls arm64 8.14.1-2+deb13u4 [354 kB]
Get:30 http://snapshot.debian.org/archive/debian/20260811T000000Z trixie/main arm64 gnupg-l10n all 2.4.7-21+deb13u1 [749 kB]
Get:31 http://snapshot.debian.org/archive/debian/20260811T000000Z trixie/main arm64 gpg arm64 2.4.7-21+deb13u1+b4 [579 kB]
Get:32 http://snapshot.debian.org/archive/debian/20260811T000000Z trixie/main arm64 pinentry-curses arm64 1.3.1-2 [83.5 kB]
Get:33 http://snapshot.debian.org/archive/debian/20260811T000000Z trixie/main arm64 gpg-agent arm64 2.4.7-21+deb13u1+b4 [249 kB]
Get:34 http://snapshot.debian.org/archive/debian/20260811T000000Z trixie/main arm64 gpgsm arm64 2.4.7-21+deb13u1+b4 [252 kB]
Get:35 http://snapshot.debian.org/archive/debian/20260811T000000Z trixie/main arm64 gnupg all 2.4.7-21+deb13u1 [417 kB]
Get:36 http://snapshot.debian.org/archive/debian/20260811T000000Z trixie/main arm64 libgpgme11t64 arm64 1.24.2-3 [329 kB]
Get:37 http://snapshot.debian.org/archive/debian/20260811T000000Z trixie/main arm64 libgpgmepp6t64 arm64 1.24.2-3 [328 kB]
Get:38 http://snapshot.debian.org/archive/debian/20260811T000000Z trixie/main arm64 libnspr4 arm64 2:4.36-1 [102 kB]
Get:39 http://snapshot.debian.org/archive/debian-security/20260811T000000Z trixie-security/main arm64 libnss3 arm64 2:3.110-1+deb13u4 [1293 kB]
Get:40 http://snapshot.debian.org/archive/debian/20260811T000000Z trixie/main arm64 libpoppler147 arm64 25.03.0-5+deb13u4 [1914 kB]
Get:41 http://snapshot.debian.org/archive/debian/20260811T000000Z trixie/main arm64 libpoppler-glib8t64 arm64 25.03.0-5+deb13u4 [140 kB]
Get:42 http://snapshot.debian.org/archive/debian/20260811T000000Z trixie/main arm64 libsynctex2 arm64 2024.20240313.70630+ds-6 [60.5 kB]
Get:43 http://snapshot.debian.org/archive/debian/20260811T000000Z trixie/main arm64 libevdocument3-4t64 arm64 48.1-3+deb13u1 [163 kB]
Get:44 http://snapshot.debian.org/archive/debian/20260811T000000Z trixie/main arm64 libcdparanoia0 arm64 3.10.2+debian-14+b1 [41.3 kB]
Get:45 http://snapshot.debian.org/archive/debian/20260811T000000Z trixie/main arm64 libdrm-common all 2.4.124-2 [8288 B]
Get:46 http://snapshot.debian.org/archive/debian/20260811T000000Z trixie/main arm64 libdrm2 arm64 2.4.124-2 [38.3 kB]
Get:47 http://snapshot.debian.org/archive/debian/20260811T000000Z trixie/main arm64 libcap2-bin arm64 1:2.75-10+deb13u1+b1 [35.5 kB]
Get:48 http://snapshot.debian.org/archive/debian/20260811T000000Z trixie/main arm64 libgstreamer1.0-0 arm64 1.26.2-2 [1294 kB]
Get:49 http://snapshot.debian.org/archive/debian/20260811T000000Z trixie/main arm64 liborc-0.4-0t64 arm64 1:0.4.41-1 [171 kB]
Get:50 http://snapshot.debian.org/archive/debian/20260811T000000Z trixie/main arm64 iso-codes all 4.18.0-1 [3125 kB]
Get:51 http://snapshot.debian.org/archive/debian/20260811T000000Z trixie/main arm64 libgstreamer-plugins-base1.0-0 arm64 1.26.2-1+deb13u1 [897 kB]
Get:52 http://snapshot.debian.org/archive/debian/20260811T000000Z trixie/main arm64 libtheoradec1 arm64 1.2.0~alpha1+dfsg-6 [52.6 kB]
Get:53 http://snapshot.debian.org/archive/debian/20260811T000000Z trixie/main arm64 libtheoraenc1 arm64 1.2.0~alpha1+dfsg-6 [99.1 kB]
Get:54 http://snapshot.debian.org/archive/debian/20260811T000000Z trixie/main arm64 libvisual-0.4-0 arm64 0.4.2-2+b2 [131 kB]
Get:55 http://snapshot.debian.org/archive/debian/20260811T000000Z trixie/main arm64 gstreamer1.0-plugins-base arm64 1.26.2-1+deb13u1 [671 kB]
Get:56 http://snapshot.debian.org/archive/debian/20260811T000000Z trixie/main arm64 libgspell-1-common all 1.14.0-2 [36.5 kB]
Get:57 http://snapshot.debian.org/archive/debian/20260811T000000Z trixie/main arm64 hunspell-en-us all 1:2020.12.07-4 [558 kB]
Get:58 http://snapshot.debian.org/archive/debian/20260811T000000Z trixie/main arm64 libaspell15 arm64 0.60.8.1-4 [308 kB]
Get:59 http://snapshot.debian.org/archive/debian/20260811T000000Z trixie/main arm64 libhunspell-1.7-0 arm64 1.7.2+really1.7.2-10+b4 [204 kB]
Get:60 http://snapshot.debian.org/archive/debian/20260811T000000Z trixie/main arm64 libenchant-2-2 arm64 2.8.2+dfsg1-3 [53.9 kB]
Get:61 http://snapshot.debian.org/archive/debian/20260811T000000Z trixie/main arm64 libicu76 arm64 76.1-4 [9524 kB]
Get:62 http://snapshot.debian.org/archive/debian/20260811T000000Z trixie/main arm64 libgspell-1-3 arm64 1.14.0-2+b1 [49.6 kB]
Get:63 http://snapshot.debian.org/archive/debian/20260811T000000Z trixie/main arm64 libevview3-3t64 arm64 48.1-3+deb13u1 [122 kB]
Get:64 http://snapshot.debian.org/archive/debian/20260811T000000Z trixie/main arm64 gnome-desktop3-data all 44.3-3 [433 kB]
Get:65 http://snapshot.debian.org/archive/debian/20260811T000000Z trixie/main arm64 libxkbregistry0 arm64 1.7.0-2 [15.2 kB]
Get:66 http://snapshot.debian.org/archive/debian/20260811T000000Z trixie/main arm64 libgnome-desktop-3-20t64 arm64 44.3-3 [85.0 kB]
Get:67 http://snapshot.debian.org/archive/debian/20260811T000000Z trixie/main arm64 libhandy-1-0 arm64 1.8.3-2 [292 kB]
Get:68 http://snapshot.debian.org/archive/debian/20260811T000000Z trixie/main arm64 libsecret-common all 0.21.7-1 [27.9 kB]
Get:69 http://snapshot.debian.org/archive/debian/20260811T000000Z trixie/main arm64 libsecret-1-0 arm64 0.21.7-1 [102 kB]
Get:70 http://snapshot.debian.org/archive/debian/20260811T000000Z trixie/main arm64 evince arm64 48.1-3+deb13u1 [275 kB]
Get:71 http://snapshot.debian.org/archive/debian/20260811T000000Z trixie/main arm64 libgtksourceview-4-common all 4.8.4-6 [533 kB]
Get:72 http://snapshot.debian.org/archive/debian/20260811T000000Z trixie/main arm64 libgtksourceview-4-0 arm64 4.8.4-6 [202 kB]
Get:73 http://snapshot.debian.org/archive/debian/20260811T000000Z trixie/main arm64 libmagic-mgc arm64 1:5.46-5 [338 kB]
Get:74 http://snapshot.debian.org/archive/debian/20260811T000000Z trixie/main arm64 libmagic1t64 arm64 1:5.46-5 [103 kB]
Get:75 http://snapshot.debian.org/archive/debian/20260811T000000Z trixie/main arm64 libmousepad0 arm64 0.6.3-1 [121 kB]
Get:76 http://snapshot.debian.org/archive/debian/20260811T000000Z trixie/main arm64 mousepad arm64 0.6.3-1 [315 kB]
Get:77 http://snapshot.debian.org/archive/debian/20260811T000000Z trixie/main arm64 ristretto arm64 0.13.3-1 [246 kB]
Fetched 33.5 MB in 2min 26s (230 kB/s)
Download complete and in download only mode
bionicx-exec: primary pid=25179 exited status=0x0; draining session
bionicx-exec: session drained children=0
bionicx-exec: running untraced pid=26070
bionicx-exec: primary pid=26070 exited status=0x0; draining session
bionicx-exec: session drained children=0
bionicx-exec: running untraced pid=26079
Selecting previously unselected package bubblewrap.
(Reading database ... 15493 files and directories currently installed.)
Preparing to unpack .../bubblewrap_0.11.0-2+deb13u1_arm64.deb ...
Unpacking bubblewrap (0.11.0-2+deb13u1) ...
Selecting previously unselected package dictionaries-common.
Preparing to unpack .../dictionaries-common_1.30.10_all.deb ...
Adding 'diversion of /usr/share/dict/words to /usr/share/dict/words.pre-dictionaries-common by dictionaries-common'
Unpacking dictionaries-common (1.30.10) ...
Selecting previously unselected package dirmngr.
Preparing to unpack .../dirmngr_2.4.7-21+deb13u1+b4_arm64.deb ...
Unpacking dirmngr (2.4.7-21+deb13u1+b4) ...
Selecting previously unselected package emacsen-common.
Preparing to unpack .../emacsen-common_3.0.8_all.deb ...
Unpacking emacsen-common (3.0.8) ...
Selecting previously unselected package evince-common.
Preparing to unpack .../evince-common_48.1-3+deb13u1_all.deb ...
Unpacking evince-common (48.1-3+deb13u1) ...
Selecting previously unselected package evince.
Preparing to unpack .../evince_48.1-3+deb13u1_arm64.deb ...
Unpacking evince (48.1-3+deb13u1) ...
Selecting previously unselected package gnome-desktop3-data.
Preparing to unpack .../gnome-desktop3-data_44.3-3_all.deb ...
Unpacking gnome-desktop3-data (44.3-3) ...
Selecting previously unselected package gnupg-l10n.
Preparing to unpack .../gnupg-l10n_2.4.7-21+deb13u1_all.deb ...
Unpacking gnupg-l10n (2.4.7-21+deb13u1) ...
Selecting previously unselected package gnupg.
Preparing to unpack .../gnupg_2.4.7-21+deb13u1_all.deb ...
Unpacking gnupg (2.4.7-21+deb13u1) ...
Selecting previously unselected package gpg-agent.
Preparing to unpack .../gpg-agent_2.4.7-21+deb13u1+b4_arm64.deb ...
Unpacking gpg-agent (2.4.7-21+deb13u1+b4) ...
Selecting previously unselected package gpg.
Preparing to unpack .../gpg_2.4.7-21+deb13u1+b4_arm64.deb ...
Unpacking gpg (2.4.7-21+deb13u1+b4) ...
Selecting previously unselected package gpgconf.
Preparing to unpack .../gpgconf_2.4.7-21+deb13u1+b4_arm64.deb ...
Unpacking gpgconf (2.4.7-21+deb13u1+b4) ...
Selecting previously unselected package gpgsm.
Preparing to unpack .../gpgsm_2.4.7-21+deb13u1+b4_arm64.deb ...
Unpacking gpgsm (2.4.7-21+deb13u1+b4) ...
Selecting previously unselected package gsettings-desktop-schemas.
Preparing to unpack .../gsettings-desktop-schemas_48.0-1_all.deb ...
Unpacking gsettings-desktop-schemas (48.0-1) ...
Selecting previously unselected package gstreamer1.0-plugins-base:arm64.
Preparing to unpack .../gstreamer1.0-plugins-base_1.26.2-1+deb13u1_arm64.deb ...
Unpacking gstreamer1.0-plugins-base:arm64 (1.26.2-1+deb13u1) ...
Selecting previously unselected package hunspell-en-us.
Preparing to unpack .../hunspell-en-us_1%3a2020.12.07-4_all.deb ...
Unpacking hunspell-en-us (1:2020.12.07-4) ...
Selecting previously unselected package iso-codes.
Preparing to unpack .../iso-codes_4.18.0-1_all.deb ...
Unpacking iso-codes (4.18.0-1) ...
Selecting previously unselected package libarchive13t64:arm64.
Preparing to unpack .../libarchive13t64_3.7.4-4+deb13u1_arm64.deb ...
Unpacking libarchive13t64:arm64 (3.7.4-4+deb13u1) ...
Selecting previously unselected package libaspell15:arm64.
Preparing to unpack .../libaspell15_0.60.8.1-4_arm64.deb ...
Unpacking libaspell15:arm64 (0.60.8.1-4) ...
Selecting previously unselected package libassuan9:arm64.
Preparing to unpack .../libassuan9_3.0.2-2_arm64.deb ...
Unpacking libassuan9:arm64 (3.0.2-2) ...
Selecting previously unselected package libcap2-bin.
Preparing to unpack .../libcap2-bin_1%3a2.75-10+deb13u1+b1_arm64.deb ...
Unpacking libcap2-bin (1:2.75-10+deb13u1+b1) ...
Selecting previously unselected package libcdparanoia0:arm64.
Preparing to unpack .../libcdparanoia0_3.10.2+debian-14+b1_arm64.deb ...
Unpacking libcdparanoia0:arm64 (3.10.2+debian-14+b1) ...
Selecting previously unselected package libcurl3t64-gnutls:arm64.
Preparing to unpack .../libcurl3t64-gnutls_8.14.1-2+deb13u4_arm64.deb ...
Unpacking libcurl3t64-gnutls:arm64 (8.14.1-2+deb13u4) ...
Selecting previously unselected package libdjvulibre-text.
Preparing to unpack .../libdjvulibre-text_3.5.28-2.2_all.deb ...
Unpacking libdjvulibre-text (3.5.28-2.2) ...
Selecting previously unselected package libdjvulibre21:arm64.
Preparing to unpack .../libdjvulibre21_3.5.28-2.2_arm64.deb ...
Unpacking libdjvulibre21:arm64 (3.5.28-2.2) ...
Selecting previously unselected package libdrm-common.
Preparing to unpack .../libdrm-common_2.4.124-2_all.deb ...
Unpacking libdrm-common (2.4.124-2) ...
Selecting previously unselected package libdrm2:arm64.
Preparing to unpack .../libdrm2_2.4.124-2_arm64.deb ...
Unpacking libdrm2:arm64 (2.4.124-2) ...
Selecting previously unselected package libenchant-2-2:arm64.
Preparing to unpack .../libenchant-2-2_2.8.2+dfsg1-3_arm64.deb ...
Unpacking libenchant-2-2:arm64 (2.8.2+dfsg1-3) ...
Selecting previously unselected package libevdocument3-4t64:arm64.
Preparing to unpack .../libevdocument3-4t64_48.1-3+deb13u1_arm64.deb ...
Unpacking libevdocument3-4t64:arm64 (48.1-3+deb13u1) ...
Selecting previously unselected package libevview3-3t64:arm64.
Preparing to unpack .../libevview3-3t64_48.1-3+deb13u1_arm64.deb ...
Unpacking libevview3-3t64:arm64 (48.1-3+deb13u1) ...
Selecting previously unselected package libgcrypt20:arm64.
Preparing to unpack .../libgcrypt20_1.11.0-7+deb13u1_arm64.deb ...
Unpacking libgcrypt20:arm64 (1.11.0-7+deb13u1) ...
Selecting previously unselected package libgnome-desktop-3-20t64:arm64.
Preparing to unpack .../libgnome-desktop-3-20t64_44.3-3_arm64.deb ...
Unpacking libgnome-desktop-3-20t64:arm64 (44.3-3) ...
Selecting previously unselected package libgpg-error0:arm64.
Preparing to unpack .../libgpg-error0_1.51-4_arm64.deb ...
Unpacking libgpg-error0:arm64 (1.51-4) ...
Selecting previously unselected package libgpgme11t64:arm64.
Preparing to unpack .../libgpgme11t64_1.24.2-3_arm64.deb ...
Unpacking libgpgme11t64:arm64 (1.24.2-3) ...
Selecting previously unselected package libgpgmepp6t64:arm64.
Preparing to unpack .../libgpgmepp6t64_1.24.2-3_arm64.deb ...
Unpacking libgpgmepp6t64:arm64 (1.24.2-3) ...
Selecting previously unselected package libgspell-1-3:arm64.
Preparing to unpack .../libgspell-1-3_1.14.0-2+b1_arm64.deb ...
Unpacking libgspell-1-3:arm64 (1.14.0-2+b1) ...
Selecting previously unselected package libgspell-1-common.
Preparing to unpack .../libgspell-1-common_1.14.0-2_all.deb ...
Unpacking libgspell-1-common (1.14.0-2) ...
Selecting previously unselected package libgstreamer-plugins-base1.0-0:arm64.
Preparing to unpack .../libgstreamer-plugins-base1.0-0_1.26.2-1+deb13u1_arm64.deb ...
Unpacking libgstreamer-plugins-base1.0-0:arm64 (1.26.2-1+deb13u1) ...
Selecting previously unselected package libgstreamer1.0-0:arm64.
Preparing to unpack .../libgstreamer1.0-0_1.26.2-2_arm64.deb ...
Unpacking libgstreamer1.0-0:arm64 (1.26.2-2) ...
Selecting previously unselected package libgtksourceview-4-0:arm64.
Preparing to unpack .../libgtksourceview-4-0_4.8.4-6_arm64.deb ...
Unpacking libgtksourceview-4-0:arm64 (4.8.4-6) ...
Selecting previously unselected package libgtksourceview-4-common.
Preparing to unpack .../libgtksourceview-4-common_4.8.4-6_all.deb ...
Unpacking libgtksourceview-4-common (4.8.4-6) ...
Selecting previously unselected package libgxps2t64:arm64.
Preparing to unpack .../libgxps2t64_0.3.2-4+b2_arm64.deb ...
Unpacking libgxps2t64:arm64 (0.3.2-4+b2) ...
Selecting previously unselected package libhandy-1-0:arm64.
Preparing to unpack .../libhandy-1-0_1.8.3-2_arm64.deb ...
Unpacking libhandy-1-0:arm64 (1.8.3-2) ...
Selecting previously unselected package libhunspell-1.7-0:arm64.
Preparing to unpack .../libhunspell-1.7-0_1.7.2+really1.7.2-10+b4_arm64.deb ...
Unpacking libhunspell-1.7-0:arm64 (1.7.2+really1.7.2-10+b4) ...
Selecting previously unselected package libicu76:arm64.
Preparing to unpack .../libicu76_76.1-4_arm64.deb ...
Unpacking libicu76:arm64 (76.1-4) ...
Selecting previously unselected package libkpathsea6:arm64.
Preparing to unpack .../libkpathsea6_2024.20240313.70630+ds-6_arm64.deb ...
Unpacking libkpathsea6:arm64 (2024.20240313.70630+ds-6) ...
Selecting previously unselected package libksba8:arm64.
Preparing to unpack .../libksba8_1.6.7-2+b1_arm64.deb ...
Unpacking libksba8:arm64 (1.6.7-2+b1) ...
Selecting previously unselected package libldap2:arm64.
Preparing to unpack .../libldap2_2.6.10+dfsg-1_arm64.deb ...
Unpacking libldap2:arm64 (2.6.10+dfsg-1) ...
Selecting previously unselected package libmagic-mgc.
Preparing to unpack .../libmagic-mgc_1%3a5.46-5_arm64.deb ...
Unpacking libmagic-mgc (1:5.46-5) ...
Selecting previously unselected package libmagic1t64:arm64.
Preparing to unpack .../libmagic1t64_1%3a5.46-5_arm64.deb ...
Unpacking libmagic1t64:arm64 (1:5.46-5) ...
Selecting previously unselected package libmousepad0:arm64.
Preparing to unpack .../libmousepad0_0.6.3-1_arm64.deb ...
Unpacking libmousepad0:arm64 (0.6.3-1) ...
Selecting previously unselected package libnghttp2-14:arm64.
Preparing to unpack .../libnghttp2-14_1.64.0-1.1+deb13u1_arm64.deb ...
Unpacking libnghttp2-14:arm64 (1.64.0-1.1+deb13u1) ...
Selecting previously unselected package libnghttp3-9:arm64.
Preparing to unpack .../libnghttp3-9_1.8.0-1_arm64.deb ...
Unpacking libnghttp3-9:arm64 (1.8.0-1) ...
Selecting previously unselected package libngtcp2-16:arm64.
Preparing to unpack .../libngtcp2-16_1.11.0-1+deb13u1_arm64.deb ...
Unpacking libngtcp2-16:arm64 (1.11.0-1+deb13u1) ...
Selecting previously unselected package libngtcp2-crypto-gnutls8:arm64.
Preparing to unpack .../libngtcp2-crypto-gnutls8_1.11.0-1+deb13u1_arm64.deb ...
Unpacking libngtcp2-crypto-gnutls8:arm64 (1.11.0-1+deb13u1) ...
Selecting previously unselected package libnpth0t64:arm64.
Preparing to unpack .../libnpth0t64_1.8-3_arm64.deb ...
Unpacking libnpth0t64:arm64 (1.8-3) ...
Selecting previously unselected package libnspr4:arm64.
Preparing to unpack .../libnspr4_2%3a4.36-1_arm64.deb ...
Unpacking libnspr4:arm64 (2:4.36-1) ...
Selecting previously unselected package libnss3:arm64.
Preparing to unpack .../libnss3_2%3a3.110-1+deb13u4_arm64.deb ...
Unpacking libnss3:arm64 (2:3.110-1+deb13u4) ...
Selecting previously unselected package liborc-0.4-0t64:arm64.
Preparing to unpack .../liborc-0.4-0t64_1%3a0.4.41-1_arm64.deb ...
Unpacking liborc-0.4-0t64:arm64 (1:0.4.41-1) ...
Selecting previously unselected package libpoppler-glib8t64:arm64.
Preparing to unpack .../libpoppler-glib8t64_25.03.0-5+deb13u4_arm64.deb ...
Unpacking libpoppler-glib8t64:arm64 (25.03.0-5+deb13u4) ...
Selecting previously unselected package libpoppler147:arm64.
Preparing to unpack .../libpoppler147_25.03.0-5+deb13u4_arm64.deb ...
Unpacking libpoppler147:arm64 (25.03.0-5+deb13u4) ...
Selecting previously unselected package libpsl5t64:arm64.
Preparing to unpack .../libpsl5t64_0.21.2-1.1+b1_arm64.deb ...
Unpacking libpsl5t64:arm64 (0.21.2-1.1+b1) ...
Selecting previously unselected package librtmp1:arm64.
Preparing to unpack .../librtmp1_2.4+20151223.gitfa8646d.1-2+b5_arm64.deb ...
Unpacking librtmp1:arm64 (2.4+20151223.gitfa8646d.1-2+b5) ...
Selecting previously unselected package libsasl2-2:arm64.
Preparing to unpack .../libsasl2-2_2.1.28+dfsg1-9_arm64.deb ...
Unpacking libsasl2-2:arm64 (2.1.28+dfsg1-9) ...
Selecting previously unselected package libsasl2-modules-db:arm64.
Preparing to unpack .../libsasl2-modules-db_2.1.28+dfsg1-9_arm64.deb ...
Unpacking libsasl2-modules-db:arm64 (2.1.28+dfsg1-9) ...
Selecting previously unselected package libsecret-1-0:arm64.
Preparing to unpack .../libsecret-1-0_0.21.7-1_arm64.deb ...
Unpacking libsecret-1-0:arm64 (0.21.7-1) ...
Selecting previously unselected package libsecret-common.
Preparing to unpack .../libsecret-common_0.21.7-1_all.deb ...
Unpacking libsecret-common (0.21.7-1) ...
Selecting previously unselected package libssh2-1t64:arm64.
Preparing to unpack .../libssh2-1t64_1.11.1-1+deb13u1_arm64.deb ...
Unpacking libssh2-1t64:arm64 (1.11.1-1+deb13u1) ...
Selecting previously unselected package libsynctex2:arm64.
Preparing to unpack .../libsynctex2_2024.20240313.70630+ds-6_arm64.deb ...
Unpacking libsynctex2:arm64 (2024.20240313.70630+ds-6) ...
Selecting previously unselected package libtext-iconv-perl:arm64.
Preparing to unpack .../libtext-iconv-perl_1.7-8+b4_arm64.deb ...
Unpacking libtext-iconv-perl:arm64 (1.7-8+b4) ...
Selecting previously unselected package libtheoradec1:arm64.
Preparing to unpack .../libtheoradec1_1.2.0~alpha1+dfsg-6_arm64.deb ...
Unpacking libtheoradec1:arm64 (1.2.0~alpha1+dfsg-6) ...
Selecting previously unselected package libtheoraenc1:arm64.
Preparing to unpack .../libtheoraenc1_1.2.0~alpha1+dfsg-6_arm64.deb ...
Unpacking libtheoraenc1:arm64 (1.2.0~alpha1+dfsg-6) ...
Selecting previously unselected package libvisual-0.4-0:arm64.
Preparing to unpack .../libvisual-0.4-0_0.4.2-2+b2_arm64.deb ...
Unpacking libvisual-0.4-0:arm64 (0.4.2-2+b2) ...
Selecting previously unselected package libxkbregistry0:arm64.
Preparing to unpack .../libxkbregistry0_1.7.0-2_arm64.deb ...
Unpacking libxkbregistry0:arm64 (1.7.0-2) ...
Selecting previously unselected package mousepad.
Preparing to unpack .../mousepad_0.6.3-1_arm64.deb ...
Unpacking mousepad (0.6.3-1) ...
Selecting previously unselected package pinentry-curses.
Preparing to unpack .../pinentry-curses_1.3.1-2_arm64.deb ...
Unpacking pinentry-curses (1.3.1-2) ...
Selecting previously unselected package ristretto.
Preparing to unpack .../ristretto_0.13.3-1_arm64.deb ...
Unpacking ristretto (0.13.3-1) ...
Processing triggers for systemd (257.13-1~deb13u1) ...
Processing triggers for procps (2:4.0.4-9) ...
grep: /proc/1/environ: Permission denied
procps: Applying updated sysctl configuration
sysctl: permission denied on key "kernel.core_pattern"
sysctl: permission denied on key "kernel.pid_max"
Processing triggers for man-db (2.13.1-1) ...
setpriv: keep process capabilities failed: Operation not permitted
Processing triggers for desktop-file-utils (0.28-1) ...
Processing triggers for libglib2.0-0t64:arm64 (2.84.4-3~deb13u3) ...
Processing triggers for hicolor-icon-theme (0.18-2) ...
Processing triggers for libc-bin (2.41-12+deb13u3) ...
bionicx unpack wave remaining=0
bionicx-exec: primary pid=26079 exited status=0x0; draining session
bionicx-exec: session drained children=0
bionicx-exec: running untraced pid=28159
bionicx ELF fixups: 1880 entries
bionicx-exec: primary pid=28159 exited status=0x0; draining session
bionicx-exec: session drained children=0
bionicx-exec: running untraced pid=5207
Setting up bubblewrap (0.11.0-2+deb13u1) ...
Setting up gsettings-desktop-schemas (48.0-1) ...
Setting up libtext-iconv-perl:arm64 (1.7-8+b4) ...
Setting up libcdparanoia0:arm64 (3.10.2+debian-14+b1) ...
Setting up libnpth0t64:arm64 (1.8-3) ...
Setting up libgpg-error0:arm64 (1.51-4) ...
Setting up libgspell-1-common (1.14.0-2) ...
Setting up libmagic-mgc (1:5.46-5) ...
Setting up evince-common (48.1-3+deb13u1) ...
Setting up libvisual-0.4-0:arm64 (0.4.2-2+b2) ...
Setting up libaspell15:arm64 (0.60.8.1-4) ...
Setting up libmagic1t64:arm64 (1:5.46-5) ...
Setting up libpsl5t64:arm64 (0.21.2-1.1+b1) ...
Setting up libnghttp2-14:arm64 (1.64.0-1.1+deb13u1) ...
Setting up libgcrypt20:arm64 (1.11.0-7+deb13u1) ...
Setting up liborc-0.4-0t64:arm64 (1:0.4.41-1) ...
Setting up libsasl2-modules-db:arm64 (2.1.28+dfsg1-9) ...
Setting up libcap2-bin (1:2.75-10+deb13u1+b1) ...
Setting up gnome-desktop3-data (44.3-3) ...
Setting up libtheoraenc1:arm64 (1.2.0~alpha1+dfsg-6) ...
Setting up emacsen-common (3.0.8) ...
Setting up libtheoradec1:arm64 (1.2.0~alpha1+dfsg-6) ...
Setting up libxkbregistry0:arm64 (1.7.0-2) ...
Setting up libnspr4:arm64 (2:4.36-1) ...
Setting up gnupg-l10n (2.4.7-21+deb13u1) ...
Setting up librtmp1:arm64 (2.4+20151223.gitfa8646d.1-2+b5) ...
Setting up libkpathsea6:arm64 (2024.20240313.70630+ds-6) ...
Setting up libsasl2-2:arm64 (2.1.28+dfsg1-9) ...
Setting up libnghttp3-9:arm64 (1.8.0-1) ...
Setting up ristretto (0.13.3-1) ...
Setting up libassuan9:arm64 (3.0.2-2) ...
Setting up gpgconf (2.4.7-21+deb13u1+b4) ...
Setting up libngtcp2-16:arm64 (1.11.0-1+deb13u1) ...
Setting up libicu76:arm64 (76.1-4) ...
Setting up libdjvulibre-text (3.5.28-2.2) ...
Setting up libssh2-1t64:arm64 (1.11.1-1+deb13u1) ...
Setting up libhunspell-1.7-0:arm64 (1.7.2+really1.7.2-10+b4) ...
Setting up libdrm-common (2.4.124-2) ...
Setting up libarchive13t64:arm64 (3.7.4-4+deb13u1) ...
Setting up libgtksourceview-4-common (4.8.4-6) ...
Setting up libldap2:arm64 (2.6.10+dfsg-1) ...
Setting up iso-codes (4.18.0-1) ...
Setting up libsecret-common (0.21.7-1) ...
Setting up libngtcp2-crypto-gnutls8:arm64 (1.11.0-1+deb13u1) ...
Setting up libgstreamer1.0-0:arm64 (1.26.2-2) ...
unable to set CAP_SETFCAP effective capability: Operation not permitted
Setcap failed on gst-ptp-helper, falling back to setuid
Setting up libsynctex2:arm64 (2024.20240313.70630+ds-6) ...
Setting up libhandy-1-0:arm64 (1.8.3-2) ...
Setting up libksba8:arm64 (1.6.7-2+b1) ...
Setting up pinentry-curses (1.3.1-2) ...
Setting up gpg-agent (2.4.7-21+deb13u1+b4) ...
Setting up dictionaries-common (1.30.10) ...
CANNOT LINK EXECUTABLE "sh": library "libc.so.6" not found: needed by /data/user/0/io.taowen.bx/files/lib/libbionicx-runtime.so in namespace (default)
CANNOT LINK EXECUTABLE "sh": library "libc.so.6" not found: needed by /data/user/0/io.taowen.bx/files/lib/libbionicx-runtime.so in namespace (default)
CANNOT LINK EXECUTABLE "sh": library "libc.so.6" not found: needed by /data/user/0/io.taowen.bx/files/lib/libbionicx-runtime.so in namespace (default)
CANNOT LINK EXECUTABLE "sh": library "libc.so.6" not found: needed by /data/user/0/io.taowen.bx/files/lib/libbionicx-runtime.so in namespace (default)
CANNOT LINK EXECUTABLE "sh": library "libc.so.6" not found: needed by /data/user/0/io.taowen.bx/files/lib/libbionicx-runtime.so in namespace (default)
ispell-autobuildhash: Cannot make temporary directory under "/data/user/0/io.taowen.bx/files/run/bxapt". Aborting ...
update-default-ispell: Error running ispell-autobuildhash
Setting up gpgsm (2.4.7-21+deb13u1+b4) ...
dpkg: error processing package dictionaries-common (--configure):
 installed dictionaries-common package post-installation script subprocess returned error exit status 25
Setting up libdjvulibre21:arm64 (3.5.28-2.2) ...
Setting up libcurl3t64-gnutls:arm64 (8.14.1-2+deb13u4) ...
Setting up libnss3:arm64 (2:3.110-1+deb13u4) ...
Setting up libgnome-desktop-3-20t64:arm64 (44.3-3) ...
Setting up dirmngr (2.4.7-21+deb13u1+b4) ...
Setting up libgtksourceview-4-0:arm64 (4.8.4-6) ...
Setting up libsecret-1-0:arm64 (0.21.7-1) ...
Setting up libgxps2t64:arm64 (0.3.2-4+b2) ...
Setting up libdrm2:arm64 (2.4.124-2) ...
dpkg: dependency problems prevent configuration of hunspell-en-us:
 hunspell-en-us depends on dictionaries-common (>= 0.10); however:
  Package dictionaries-common is not configured yet.

dpkg: error processing package hunspell-en-us (--configure):
 dependency problems - leaving unconfigured
Setting up gpg (2.4.7-21+deb13u1+b4) ...
dpkg: dependency problems prevent configuration of libenchant-2-2:arm64:
 libenchant-2-2:arm64 depends on hunspell-en-us | hunspSetting up libgstreamer-plugins-base1.0-0:arm64 (1.26.2-1+deb13u1) ...
ell-dictionary | myspell-dictionary | aspell-dictionary | ispell-dictionary; however:
  Package hunspell-en-us is not configured yet.
  Package hunspell-dictionary is not installed.
  Package hunspell-en-us which provides hunspell-dictionary is not configured yet.
  Package myspell-dictionary is not installed.
  Package aspell-dictionary is not installed.
  Package ispell-dictionary is not installed.

dpkg: error processing package libenchant-2-2:arm64 (--configure):
 dependency problems - leaving unconfigured
Setting up libmousepad0:arm64 (0.6.3-1) ...
Setting up gstreamer1.0-plugins-base:arm64 (1.26.2-1+deb13u1) ...
Setting up gnupg (2.4.7-21+deb13u1) ...
Setting up libgpgme11t64:arm64 (1.24.2-3) ...
dpkg: dependency problems prevent configuration of libgspell-1-3:arm64:
 libgspell-1-3:arm64 depends on libenchant-2-2 (>= 2.2.3); however:
  Package libenchant-2-2:arm64 is not configured yet.

dpkg: error processing package libgspell-1-3:arm64 (--configure):
 dependency problems - leaving unconfigured
Setting up libgpgmepp6t64:arm64 (1.24.2-3) ...
Setting up libpoppler147:arm64 (25.03.0-5+deb13u4) ...
dpkg: dependency problems prevent configuration of libevview3-3t64:arm64:
 libevview3-3t64:arm64 depends on libgspell-1-3 (>= 1.8.2); however:
  Package libgspell-1-3:arm64 is not configured yet.

dpkg: error processing package libevview3-3t64:arm64 (--configure):
 dependency problems - leaving unconfigured
Setting up libpoppler-glib8t64:arm64 (25.03.0-5+deb13u4) ...
dpkg: dependency problems prevent configuration of evince:
 evince depends on libevview3-3t64 (= 48.1-3+deb13u1); however:
  Package libevview3-3t64:arm64 is not configured yet.

dpkg: error processing package evince (--configure):
 dependency problems - leaving unconfigured
dpkg: dependency problems prevent configuration of mousepad:
 mousepad depends on libgspell-1-3 (>= 1.8.2); however:
  Package libgspell-1-3:arm64 is not configured yet.

dpkg: error processing package mousepad (--configure):
 dependency problems - leaving unconfigured
Setting up libevdocument3-4t64:arm64 (48.1-3+deb13u1) ...
Processing triggers for libc-bin (2.41-12+deb13u3) ...
Errors were encountered while processing:
 dictionaries-common
 hunspell-en-us
 libenchant-2-2:arm64
 libgspell-1-3:arm64
 libevview3-3t64:arm64
 evince
 mousepad
bionicx-exec: primary pid=5207 exited status=0x100; draining session
bionicx-exec: session drained children=0
