bionicx-exec: running untraced pid=7885
bionicx-exec: primary pid=7885 exited status=0x0; draining session
bionicx-exec: session drained children=0
bionicx-exec: running untraced pid=7894
bionicx-exec: primary pid=7894 exited status=0x0; draining session
bionicx-exec: session drained children=0
bionicx-exec: running untraced pid=7901
bionicx-exec: primary pid=7901 exited status=0x0; draining session
bionicx-exec: session drained children=0
bionicx-exec: running untraced pid=7905
bionicx-exec: primary pid=7905 exited status=0x0; draining session
bionicx-exec: session drained children=0
bionicx-exec: running untraced pid=7910
bionicx-exec: primary pid=7910 exited status=0x0; draining session
bionicx-exec: session drained children=0
bionicx-exec: running untraced pid=7915
Reading package lists...
Building dependency tree...
Reading state information...
The following additional packages will be installed:
  dbus-bin dbus-daemon dbus-session-bus-common dbus-system-bus-common
  libapparmor1
Suggested packages:
  default-dbus-session-bus | dbus-session-bus
The following NEW packages will be installed:
  dbus dbus-bin dbus-daemon dbus-session-bus-common dbus-system-bus-common
  libapparmor1
0 upgraded, 6 newly installed, 0 to remove and 0 not upgraded.
Need to get 450 kB of archives.
After this operation, 1373 kB of additional disk space will be used.
Get:1 http://snapshot.debian.org/archive/debian/20260811T000000Z trixie/main arm64 dbus-bin arm64 1.16.2-2 [78.8 kB]
Get:2 http://snapshot.debian.org/archive/debian/20260811T000000Z trixie/main arm64 dbus-session-bus-common all 1.16.2-2 [52.3 kB]
Get:3 http://snapshot.debian.org/archive/debian/20260811T000000Z trixie/main arm64 libapparmor1 arm64 4.1.0-1 [42.9 kB]
Get:4 http://snapshot.debian.org/archive/debian/20260811T000000Z trixie/main arm64 dbus-daemon arm64 1.16.2-2 [152 kB]
Get:5 http://snapshot.debian.org/archive/debian/20260811T000000Z trixie/main arm64 dbus-system-bus-common all 1.16.2-2 [53.5 kB]
Get:6 http://snapshot.debian.org/archive/debian/20260811T000000Z trixie/main arm64 dbus arm64 1.16.2-2 [70.7 kB]
Fetched 450 kB in 2s (191 kB/s)
Download complete and in download only mode
bionicx-exec: primary pid=7915 exited status=0x0; draining session
bionicx-exec: session drained children=0
bionicx-exec: running untraced pid=7932
bionicx-exec: primary pid=7932 exited status=0x0; draining session
bionicx-exec: session drained children=0
bionicx-exec: running untraced pid=7939
Selecting previously unselected package dbus-bin.
(Reading database ... 10565 files and directories currently installed.)
Preparing to unpack .../dbus-bin_1.16.2-2_arm64.deb ...
Unpacking dbus-bin (1.16.2-2) ...
Selecting previously unselected package dbus-daemon.
Preparing to unpack .../dbus-daemon_1.16.2-2_arm64.deb ...
Unpacking dbus-daemon (1.16.2-2) ...
Selecting previously unselected package dbus-session-bus-common.
Preparing to unpack .../dbus-session-bus-common_1.16.2-2_all.deb ...
Unpacking dbus-session-bus-common (1.16.2-2) ...
Selecting previously unselected package dbus-system-bus-common.
Preparing to unpack .../dbus-system-bus-common_1.16.2-2_all.deb ...
Unpacking dbus-system-bus-common (1.16.2-2) ...
Selecting previously unselected package dbus.
Preparing to unpack .../dbus_1.16.2-2_arm64.deb ...
Unpacking dbus (1.16.2-2) ...
Selecting previously unselected package libapparmor1:arm64.
Preparing to unpack .../libapparmor1_4.1.0-1_arm64.deb ...
Unpacking libapparmor1:arm64 (4.1.0-1) ...
Processing triggers for man-db (2.13.1-1) ...
setpriv: keep process capabilities failed: Operation not permitted
Processing triggers for libc-bin (2.41-12+deb13u3) ...
bionicx unpack wave remaining=0
bionicx-exec: primary pid=7939 exited status=0x0; draining session
bionicx-exec: session drained children=0
bionicx-exec: running untraced pid=8112
bionicx ELF fixups: 1357 entries
bionicx-exec: primary pid=8112 exited status=0x0; draining session
bionicx-exec: session drained children=0
bionicx-exec: running untraced pid=8416
Setting up libapparmor1:arm64 (4.1.0-1) ...
Setting up dbus-session-bus-common (1.16.2-2) ...
Setting up dbus-system-bus-common (1.16.2-2) ...
Creating group 'messagebus' with GID 999.
Creating user 'messagebus' (System Message Bus) with UID 999 and GID 999.
Setting up dbus-bin (1.16.2-2) ...
Setting up dbus-daemon (1.16.2-2) ...
Setting up dbus (1.16.2-2) ...
Processing triggers for libc-bin (2.41-12+deb13u3) ...
bionicx-exec: primary pid=8416 exited status=0x0; draining session
bionicx-exec: session drained children=0
bionicx-exec: running untraced pid=8434
Reading package lists...
Building dependency tree...
Reading state information...
0 upgraded, 0 newly installed, 0 to remove and 0 not upgraded.
bionicx-exec: primary pid=8434 exited status=0x0; draining session
bionicx-exec: session drained children=0
bionicx-exec: running untraced pid=8441
dbus set to automatically installed.
dbus-bin set to automatically installed.
dbus-daemon set to automatically installed.
dbus-session-bus-common set to automatically installed.
dbus-system-bus-common set to automatically installed.
libapparmor1 set to automatically installed.
dbus set to manually installed.
bionicx-exec: primary pid=8441 exited status=0x0; draining session
bionicx-exec: session drained children=0
