==== seed ====
ed998c095a1b9384b1f022d06101ac3fc3c61761ac751546bd84edca298e44e2
==== status ====
bc 1.07.1-4+b1 ii 
cups-client 2.4.10-3+deb13u2 ii 
cups-common 2.4.10-3+deb13u2 ii 
cups-daemon 2.4.10-3+deb13u2 ii 
dbus 1.16.2-2 ii 
hello 2.10-5 ii 
icewm 3.7.4-1 ii 
ssl-cert 1.1.3 ii 
x11-apps 7.7+11+b2 ii 
xterm 398-1 ii 
==== accounts ====
lpadmin:x:101:
ssl-cert:x:102:
lp:x:7:7:lp:/var/spool/lpd:/usr/sbin/nologin
==== marks ====
adduser
apt
bc
binutils
ca-certificates
coreutils
cups-client
cups-common
cups-daemon
dash
dbus
debian-archive-keyring
dpkg
findutils
grep
hello
icewm
libncursesw6
libproc2-0
libreadline8t64
patchelf
procps
readline-common
sed
ssl-cert
systemd-standalone-sysusers
x11-apps
xterm
==== audit ====
==== cupsd -t ====
==== apps libc ====
