==== seed ====
ed998c095a1b9384b1f022d06101ac3fc3c61761ac751546bd84edca298e44e2
==== status ====
bsdextrautils 2.41-5 ii 
cups-client 2.4.10-3+deb13u2 ii 
cups-daemon 2.4.10-3+deb13u2 ii 
dbus 1.16.2-2 ii 
geany 2.0-2 ii 
hello 2.10-5 ii 
icewm 3.7.4-1 ii 
systemd 257.13-1~deb13u1 ii 
thunar 4.20.2-1+deb13u1 ii 
x11-apps 7.7+11+b2 ii 
xterm 398-1 ii 
dpkg-query: no packages found matching systemd-standalone-sysusers
==== marks ====
-- manual --
adduser
apt
bc
binutils
bsdextrautils
ca-certificates
coreutils
cups-client
cups-common
cups-daemon
dash
dbus
debian-archive-keyring
dpkg
findutils
geany
grep
hello
icewm
libncursesw6
libproc2-0
libreadline8t64
patchelf
procps
readline-common
sed
ssl-cert
thunar
x11-apps
xterm
-- auto (slice) --
geany-common
libgtk-3-0t64
libgtk-3-common
libxfce4ui-2-0
libxfce4ui-common
libxfce4util-common
libxfce4util7
systemd
systemd-sysv
thunar-data
==== audit ====
==== apps libc ====
