/var/home/taowen/projects/glibc-on-bionic/bionicx/build/bxapt.conf: 1 file pushed, 0 skipped. 14.6 MB/s (1092 bytes in 0.000s)
/var/home/taowen/projects/glibc-on-bionic/bionicx/tools/rootfs-elf-fixup.sh: 1 file pushed, 0 skipped. 53.9 MB/s (8868 bytes in 0.000s)
/var/home/taowen/projects/glibc-on-bionic/bionicx/tools/bxapt-unpack.sh: 1 file pushed, 0 skipped. 32.8 MB/s (2411 bytes in 0.000s)
bionicx-exec: running untraced pid=666
Reading package lists...
Building dependency tree...
Reading state information...
0 upgraded, 0 newly installed, 0 to remove and 0 not upgraded.
3 not fully installed or removed.
After this operation, 0 B of additional disk space will be used.
Setting up cups-client (2.4.10-3+deb13u2) ...
fatal: Only root may add a user or group to the system.
dpkg: error processing package cups-client (--configure):
 installed cups-client package post-installation script subprocess returned error exit status 54
Setting up ssl-cert (1.1.3) ...
fatal: Only root may add a user or group to the system.
dpkg: error processing package ssl-cert (--configure):
 installed ssl-cert package post-installation script subprocess returned error exit status 54
dpkg: dependency problems prevent configuration of cups-daemon:
 cups-daemon depends on ssl-cert; however:
  Package ssl-cert is not configured yet.

dpkg: error processing package cups-daemon (--configure):
 dependency problems - leaving unconfigured
Errors were encountered while processing:
 cups-client
 ssl-cert
 cups-daemon
E: Sub-process /data/user/0/io.taowen.bx/files/rootfs/usr/bin/dpkg returned an error code (1)
bionicx-exec: primary pid=666 exited status=0x6400; draining session
bionicx-exec: session drained children=0
