/var/home/taowen/projects/glibc-on-bionic/bionicx/build/bxapt.conf: 1 file pushed, 0 skipped. 13.8 MB/s (1092 bytes in 0.000s)
/var/home/taowen/projects/glibc-on-bionic/bionicx/tools/rootfs-elf-fixup.sh: 1 file pushed, 0 skipped. 78.2 MB/s (8511 bytes in 0.000s)
/var/home/taowen/projects/glibc-on-bionic/bionicx/tools/bxapt-unpack.sh: 1 file pushed, 0 skipped. 23.3 MB/s (2411 bytes in 0.000s)
bionicx-exec: running untraced pid=28195
bionicx-exec: primary pid=28195 exited status=0x0; draining session
bionicx-exec: session drained children=0
bionicx-exec: running untraced pid=28203
bionicx-exec: primary pid=28203 exited status=0x0; draining session
bionicx-exec: session drained children=0
bionicx-exec: running untraced pid=28209
Reading package lists...
Building dependency tree...
Reading state information...
The following additional packages will be installed:
  libjq1 libonig5
The following NEW packages will be installed:
  jq libjq1 libonig5
0 upgraded, 3 newly installed, 0 to remove and 0 not upgraded.
Need to get 410 kB of archives.
After this operation, 1299 kB of additional disk space will be used.
Get:1 http://snapshot.debian.org/archive/debian/20260811T000000Z trixie/main arm64 libonig5 arm64 6.9.9-1+b1 [181 kB]
Get:2 http://snapshot.debian.org/archive/debian-security/20260811T000000Z trixie-security/main arm64 libjq1 arm64 1.7.1-6+deb13u3 [152 kB]
Get:3 http://snapshot.debian.org/archive/debian-security/20260811T000000Z trixie-security/main arm64 jq arm64 1.7.1-6+deb13u3 [78.3 kB]
Fetched 410 kB in 9s (45.1 kB/s)
Download complete and in download only mode
bionicx-exec: primary pid=28209 exited status=0x0; draining session
bionicx-exec: session drained children=0
bionicx-exec: running untraced pid=28259
Selecting previously unselected package jq.
(Reading database ... 33945 files and directories currently installed.)
Preparing to unpack .../jq_1.7.1-6+deb13u3_arm64.deb ...
Unpacking jq (1.7.1-6+deb13u3) ...
Selecting previously unselected package libjq1:arm64.
Preparing to unpack .../libjq1_1.7.1-6+deb13u3_arm64.deb ...
Unpacking libjq1:arm64 (1.7.1-6+deb13u3) ...
Selecting previously unselected package libonig5:arm64.
Preparing to unpack .../libonig5_6.9.9-1+b1_arm64.deb ...
Unpacking libonig5:arm64 (6.9.9-1+b1) ...
Processing triggers for libc-bin (2.41-12+deb13u3) ...
bionicx-exec: primary pid=28259 exited status=0x0; draining session
bionicx-exec: session drained children=0
bionicx-exec: running untraced pid=28316
bionicx ELF fixups: 1306 entries
bionicx-exec: primary pid=28316 exited status=0x0; draining session
bionicx-exec: session drained children=0
bionicx-exec: running untraced pid=28403
Reading package lists...
Building dependency tree...
Reading state information...
0 upgraded, 0 newly installed, 0 to remove and 0 not upgraded.
3 not fully installed or removed.
After this operation, 0 B of additional disk space will be used.
Setting up libonig5:arm64 (6.9.9-1+b1) ...
Setting up libjq1:arm64 (1.7.1-6+deb13u3) ...
Setting up jq (1.7.1-6+deb13u3) ...
Processing triggers for libc-bin (2.41-12+deb13u3) ...
bionicx-exec: primary pid=28403 exited status=0x0; draining session
bionicx-exec: session drained children=0
bionicx-exec: running untraced pid=28421
jq set to automatically installed.
libjq1 set to automatically installed.
libonig5 set to automatically installed.
jq set to manually installed.
bionicx-exec: primary pid=28421 exited status=0x0; draining session
bionicx-exec: session drained children=0
BXELAPSED 13.98 seconds
