/var/home/taowen/projects/glibc-on-bionic/bionicx/build/bxapt.conf: 1 file pushed, 0 skipped. 15.2 MB/s (1092 bytes in 0.000s)
/var/home/taowen/projects/glibc-on-bionic/bionicx/tools/rootfs-elf-fixup.sh: 1 file pushed, 0 skipped. 87.7 MB/s (8383 bytes in 0.000s)
/var/home/taowen/projects/glibc-on-bionic/bionicx/tools/bxapt-unpack.sh: 1 file pushed, 0 skipped. 10.7 MB/s (880 bytes in 0.000s)
bionicx-exec: running untraced pid=18965
bionicx-exec: primary pid=18965 exited status=0x0; draining session
bionicx-exec: session drained children=0
bionicx-exec: running untraced pid=18970
Reading package lists...
Building dependency tree...
Reading state information...
0 upgraded, 0 newly installed, 1 reinstalled, 0 to remove and 0 not upgraded.
Need to get 858 kB of archives.
After this operation, 0 B of additional disk space will be used.
Get:1 http://snapshot.debian.org/archive/debian/20260811T000000Z trixie/main arm64 xterm arm64 398-1 [858 kB]
Fetched 858 kB in 2s (458 kB/s)
Download complete and in download only mode
bionicx-exec: primary pid=18970 exited status=0x0; draining session
bionicx-exec: session drained children=0
bionicx-exec: running untraced pid=18986
(Reading database ... 40542 files and directories currently installed.)
Preparing to unpack .../archives/xterm_398-1_arm64.deb ...
Unpacking xterm (398-1) over (398-1) ...
bionicx-exec: primary pid=18986 exited status=0x0; draining session
bionicx-exec: session drained children=0
bionicx-exec: running untraced pid=19010
bionicx ELF fixups: 1302 entries
bionicx-exec: primary pid=19010 exited status=0x0; draining session
bionicx-exec: session drained children=0
bionicx-exec: running untraced pid=19161
Reading package lists...
Building dependency tree...
Reading state information...
0 upgraded, 0 newly installed, 0 to remove and 0 not upgraded.
1 not fully installed or removed.
After this operation, 0 B of additional disk space will be used.
Setting up xterm (398-1) ...
update-alternatives: warning: /data/user/0/io.taowen.bx/files/rootfs/etc/alternatives/x-terminal-emulator is dangling; it will be updated with best choice
update-alternatives: using /usr/bin/lxterm to provide /usr/bin/x-terminal-emulator (x-terminal-emulator) in auto mode
update-alternatives: warning: /data/user/0/io.taowen.bx/files/rootfs/etc/alternatives/x-terminal-emulator is dangling; it will be updated with best choice
update-alternatives: using /usr/bin/lxterm to provide /usr/bin/x-terminal-emulator (x-terminal-emulator) in auto mode
update-alternatives: warning: /data/user/0/io.taowen.bx/files/rootfs/etc/alternatives/x-terminal-emulator is dangling; it will be updated with best choice
update-alternatives: using /usr/bin/lxterm to provide /usr/bin/x-terminal-emulator (x-terminal-emulator) in auto mode
update-alternatives: warning: /data/user/0/io.taowen.bx/files/rootfs/etc/alternatives/x-terminal-emulator is dangling; it will be updated with best choice
update-alternatives: using /usr/bin/lxterm to provide /usr/bin/x-terminal-emulator (x-terminal-emulator) in auto mode
bionicx-exec: primary pid=19161 exited status=0x0; draining session
bionicx-exec: session drained children=0
BXELAPSED 5.53 seconds
