/var/home/taowen/projects/glibc-on-bionic/bionicx/build/bxapt.conf: 1 file pushed, 0 skipped. 13.8 MB/s (1092 bytes in 0.000s)
/var/home/taowen/projects/glibc-on-bionic/bionicx/tools/rootfs-elf-fixup.sh: 1 file pushed, 0 skipped. 95.6 MB/s (8868 bytes in 0.000s)
/var/home/taowen/projects/glibc-on-bionic/bionicx/tools/bxapt-unpack.sh: 1 file pushed, 0 skipped. 34.5 MB/s (2411 bytes in 0.000s)
bionicx-exec: running untraced pid=31345
bionicx-exec: primary pid=31345 exited status=0x0; draining session
bionicx-exec: session drained children=0
bionicx-exec: running untraced pid=31352
bionicx-exec: primary pid=31352 exited status=0x0; draining session
bionicx-exec: session drained children=0
bionicx-exec: running untraced pid=31357
Reading package lists...
Building dependency tree...
Reading state information...
The following additional packages will be installed:
  bc cups-common libncursesw6 libproc2-0 libreadline8t64 procps
  readline-common ssl-cert
Suggested packages:
  cups cups-bsd smbclient cups-filters cups-pdf cups-ppdc cups-server-common
  foomatic-db-compressed-ppds | foomatic-db ghostscript poppler-utils udev
  readline-doc
Recommended packages:
  avahi-daemon colord cups-browsed ipp-usb libgpm2 psmisc
  linux-sysctl-defaults
The following NEW packages will be installed:
  bc cups-client cups-common cups-daemon libncursesw6 libproc2-0
  libreadline8t64 procps readline-common ssl-cert
0 upgraded, 10 newly installed, 0 to remove and 0 not upgraded.
Need to get 2161 kB of archives.
After this operation, 11.3 MB of additional disk space will be used.
Get:1 http://snapshot.debian.org/archive/debian/20260811T000000Z trixie/main arm64 readline-common all 8.2-6 [69.4 kB]
Get:2 http://snapshot.debian.org/archive/debian/20260811T000000Z trixie/main arm64 libreadline8t64 arm64 8.2-6 [159 kB]
Get:3 http://snapshot.debian.org/archive/debian/20260811T000000Z trixie/main arm64 bc arm64 1.07.1-4+b1 [101 kB]
Get:4 http://snapshot.debian.org/archive/debian/20260811T000000Z trixie/main arm64 libncursesw6 arm64 6.5+20250216-2 [124 kB]
Get:5 http://snapshot.debian.org/archive/debian/20260811T000000Z trixie/main arm64 libproc2-0 arm64 2:4.0.4-9 [62.8 kB]
Get:6 http://snapshot.debian.org/archive/debian/20260811T000000Z trixie/main arm64 procps arm64 2:4.0.4-9 [871 kB]
Get:7 http://snapshot.debian.org/archive/debian/20260811T000000Z trixie/main arm64 ssl-cert all 1.1.3 [16.8 kB]
Get:8 http://snapshot.debian.org/archive/debian/20260811T000000Z trixie/main arm64 cups-daemon arm64 2.4.10-3+deb13u2 [341 kB]
Get:9 http://snapshot.debian.org/archive/debian/20260811T000000Z trixie/main arm64 cups-common all 2.4.10-3+deb13u2 [258 kB]
Get:10 http://snapshot.debian.org/archive/debian/20260811T000000Z trixie/main arm64 cups-client arm64 2.4.10-3+deb13u2 [157 kB]
Fetched 2161 kB in 26s (82.3 kB/s)
Download complete and in download only mode
bionicx-exec: primary pid=31357 exited status=0x0; draining session
bionicx-exec: session drained children=0
bionicx-exec: running untraced pid=31539
Selecting previously unselected package bc.
(Reading database ... 33945 files and directories currently installed.)
Preparing to unpack .../bc_1.07.1-4+b1_arm64.deb ...
Unpacking bc (1.07.1-4+b1) ...
Selecting previously unselected package cups-client.
Preparing to unpack .../cups-client_2.4.10-3+deb13u2_arm64.deb ...
Unpacking cups-client (2.4.10-3+deb13u2) ...
Selecting previously unselected package cups-common.
Preparing to unpack .../cups-common_2.4.10-3+deb13u2_all.deb ...
Unpacking cups-common (2.4.10-3+deb13u2) ...
Selecting previously unselected package cups-daemon.
Preparing to unpack .../cups-daemon_2.4.10-3+deb13u2_arm64.deb ...
Unpacking cups-daemon (2.4.10-3+deb13u2) ...
Selecting previously unselected package libncursesw6:arm64.
Preparing to unpack .../libncursesw6_6.5+20250216-2_arm64.deb ...
Unpacking libncursesw6:arm64 (6.5+20250216-2) ...
Selecting previously unselected package libproc2-0:arm64.
Preparing to unpack .../libproc2-0_2%3a4.0.4-9_arm64.deb ...
Unpacking libproc2-0:arm64 (2:4.0.4-9) ...
Selecting previously unselected package libreadline8t64:arm64.
Preparing to unpack .../libreadline8t64_8.2-6_arm64.deb ...
Adding 'diversion of /lib/aarch64-linux-gnu/libhistory.so.8 to /lib/aarch64-linux-gnu/libhistory.so.8.usr-is-merged by libreadline8t64'
Adding 'diversion of /lib/aarch64-linux-gnu/libhistory.so.8.2 to /lib/aarch64-linux-gnu/libhistory.so.8.2.usr-is-merged by libreadline8t64'
Adding 'diversion of /lib/aarch64-linux-gnu/libreadline.so.8 to /lib/aarch64-linux-gnu/libreadline.so.8.usr-is-merged by libreadline8t64'
Adding 'diversion of /lib/aarch64-linux-gnu/libreadline.so.8.2 to /lib/aarch64-linux-gnu/libreadline.so.8.2.usr-is-merged by libreadline8t64'
Unpacking libreadline8t64:arm64 (8.2-6) ...
Selecting previously unselected package procps.
Preparing to unpack .../procps_2%3a4.0.4-9_arm64.deb ...
Unpacking procps (2:4.0.4-9) ...
Selecting previously unselected package readline-common.
Preparing to unpack .../readline-common_8.2-6_all.deb ...
Unpacking readline-common (8.2-6) ...
Selecting previously unselected package ssl-cert.
Preparing to unpack .../ssl-cert_1.1.3_all.deb ...
Unpacking ssl-cert (1.1.3) ...
Processing triggers for libc-bin (2.41-12+deb13u3) ...
bionicx-exec: primary pid=31539 exited status=0x0; draining session
bionicx-exec: session drained children=0
bionicx-exec: running untraced pid=31723
bionicx ELF fixups: 1310 entries
bionicx-exec: primary pid=31723 exited status=0x0; draining session
bionicx-exec: session drained children=0
bionicx-exec: running untraced pid=394
Reading package lists...
Building dependency tree...
Reading state information...
0 upgraded, 0 newly installed, 0 to remove and 0 not upgraded.
10 not fully installed or removed.
After this operation, 0 B of additional disk space will be used.
Setting up cups-common (2.4.10-3+deb13u2) ...
Setting up cups-client (2.4.10-3+deb13u2) ...
fatal: Only root may add a user or group to the system.
dpkg: error processing package cups-client (--configure):
 installed cups-client package post-installation script subprocess returned error exit status 54
Setting up ssl-cert (1.1.3) ...
fatal: Only root may add a user or group to the system.
dpkg: error processing package ssl-cert (--configure):
 installed ssl-cert package post-installation script subprocess returned error exit status 54
Setting up libproc2-0:arm64 (2:4.0.4-9) ...
dpkg: dependency problems prevent configuration of cups-daemon:
 cups-daemon depends on ssl-cert; however:
  Package ssl-cert is not configured yet.

dpkg: error processing package cups-daemon (--configure):
 dependency problems - leaving unconfigured
Setting up libncursesw6:arm64 (6.5+20250216-2) ...
Setting up procps (2:4.0.4-9) ...
Setting up readline-common (8.2-6) ...
Setting up libreadline8t64:arm64 (8.2-6) ...
Setting up bc (1.07.1-4+b1) ...
Processing triggers for libc-bin (2.41-12+deb13u3) ...
Errors were encountered while processing:
 cups-client
 ssl-cert
 cups-daemon
E: Sub-process /data/user/0/io.taowen.bx/files/rootfs/usr/bin/dpkg returned an error code (1)
bionicx-exec: primary pid=394 exited status=0x6400; draining session
bionicx-exec: session drained children=0
