bionicx-exec: running untraced pid=20969
bionicx-exec: primary pid=20969 exited status=0x0; draining session
bionicx-exec: session drained children=0
bionicx-exec: running untraced pid=20977
bionicx-exec: primary pid=20977 exited status=0x0; draining session
bionicx-exec: session drained children=0
bionicx-exec: running untraced pid=20984
bionicx-exec: primary pid=20984 exited status=0x0; draining session
bionicx-exec: session drained children=0
bionicx-exec: running untraced pid=20988
bionicx-exec: primary pid=20988 exited status=0x0; draining session
bionicx-exec: session drained children=0
bionicx-exec: running untraced pid=20993
bionicx-exec: primary pid=20993 exited status=0x0; draining session
bionicx-exec: session drained children=0
bionicx-exec: running untraced pid=20998
Reading package lists...
Building dependency tree...
Reading state information...
The following additional packages will be installed:
  bsdextrautils fontconfig-config fonts-dejavu-core fonts-dejavu-mono
  groff-base libbrotli1 libexpat1 libfontconfig1 libfreetype6 libgdbm6t64
  libice6 libpipeline1 libpng16-16t64 libsm6 libuchardet0 libutempter0
  libx11-6 libx11-data libx11-xcb1 libxau6 libxaw7 libxcb-damage0
  libxcb-present0 libxcb-xfixes0 libxcb1 libxcursor1 libxdmcp6 libxext6
  libxfixes3 libxft2 libxi6 libxinerama1 libxkbfile1 libxmu6 libxmuu1 libxpm4
  libxrender1 libxt6t64 man-db x11-common xbitmaps
Suggested packages:
  groff gdbm-l10n apparmor less www-browser mesa-utils xfonts-cyrillic
Recommended packages:
  luit | x11-utils
The following NEW packages will be installed:
  bsdextrautils fontconfig-config fonts-dejavu-core fonts-dejavu-mono
  groff-base libbrotli1 libexpat1 libfontconfig1 libfreetype6 libgdbm6t64
  libice6 libpipeline1 libpng16-16t64 libsm6 libuchardet0 libutempter0
  libx11-6 libx11-data libx11-xcb1 libxau6 libxaw7 libxcb-damage0
  libxcb-present0 libxcb-xfixes0 libxcb1 libxcursor1 libxdmcp6 libxext6
  libxfixes3 libxft2 libxi6 libxinerama1 libxkbfile1 libxmu6 libxmuu1 libxpm4
  libxrender1 libxt6t64 man-db x11-apps x11-common xbitmaps xterm
0 upgraded, 43 newly installed, 0 to remove and 0 not upgraded.
Need to get 10.6 MB of archives.
After this operation, 31.6 MB of additional disk space will be used.
Get:1 http://snapshot.debian.org/archive/debian-security/20260811T000000Z trixie-security/main arm64 libexpat1 arm64 2.8.2-1~deb13u1 [108 kB]
Get:2 http://snapshot.debian.org/archive/debian/20260811T000000Z trixie/main arm64 libuchardet0 arm64 0.0.8-1+b2 [69.2 kB]
Get:3 http://snapshot.debian.org/archive/debian/20260811T000000Z trixie/main arm64 groff-base arm64 1.23.0-9 [1130 kB]
Get:4 http://snapshot.debian.org/archive/debian/20260811T000000Z trixie/main arm64 bsdextrautils arm64 2.41-5 [93.8 kB]
Get:5 http://snapshot.debian.org/archive/debian/20260811T000000Z trixie/main arm64 libgdbm6t64 arm64 1.24-2 [74.0 kB]
Get:6 http://snapshot.debian.org/archive/debian/20260811T000000Z trixie/main arm64 libpipeline1 arm64 1.5.8-1 [40.2 kB]
Get:7 http://snapshot.debian.org/archive/debian/20260811T000000Z trixie/main arm64 man-db arm64 2.13.1-1 [1453 kB]
Get:8 http://snapshot.debian.org/archive/debian/20260811T000000Z trixie/main arm64 fonts-dejavu-mono all 2.37-8 [489 kB]
Get:9 http://snapshot.debian.org/archive/debian/20260811T000000Z trixie/main arm64 fonts-dejavu-core all 2.37-8 [840 kB]
Get:10 http://snapshot.debian.org/archive/debian/20260811T000000Z trixie/main arm64 fontconfig-config arm64 2.15.0-2.3 [318 kB]
Get:11 http://snapshot.debian.org/archive/debian/20260811T000000Z trixie/main arm64 libbrotli1 arm64 1.1.0-2+b7 [308 kB]
Get:12 http://snapshot.debian.org/archive/debian/20260811T000000Z trixie/main arm64 libpng16-16t64 arm64 1.6.48-1+deb13u5 [275 kB]
Get:13 http://snapshot.debian.org/archive/debian/20260811T000000Z trixie/main arm64 libfreetype6 arm64 2.13.3+dfsg-1+deb13u1 [422 kB]
Get:14 http://snapshot.debian.org/archive/debian/20260811T000000Z trixie/main arm64 libfontconfig1 arm64 2.15.0-2.3 [387 kB]
Get:15 http://snapshot.debian.org/archive/debian/20260811T000000Z trixie/main arm64 x11-common all 1:7.7+24+deb13u1 [217 kB]
Get:16 http://snapshot.debian.org/archive/debian/20260811T000000Z trixie/main arm64 libice6 arm64 2:1.1.1-1 [62.1 kB]
Get:17 http://snapshot.debian.org/archive/debian/20260811T000000Z trixie/main arm64 libsm6 arm64 2:1.2.6-1 [36.4 kB]
Get:18 http://snapshot.debian.org/archive/debian/20260811T000000Z trixie/main arm64 libutempter0 arm64 1.2.1-4 [9216 B]
Get:19 http://snapshot.debian.org/archive/debian/20260811T000000Z trixie/main arm64 libxau6 arm64 1:1.0.11-1 [20.6 kB]
Get:20 http://snapshot.debian.org/archive/debian/20260811T000000Z trixie/main arm64 libxdmcp6 arm64 1:1.1.5-1 [27.8 kB]
Get:21 http://snapshot.debian.org/archive/debian/20260811T000000Z trixie/main arm64 libxcb1 arm64 1.17.0-2+b1 [143 kB]
Get:22 http://snapshot.debian.org/archive/debian/20260811T000000Z trixie/main arm64 libx11-data all 2:1.8.12-1 [343 kB]
Get:23 http://snapshot.debian.org/archive/debian/20260811T000000Z trixie/main arm64 libx11-6 arm64 2:1.8.12-1 [795 kB]
Get:24 http://snapshot.debian.org/archive/debian/20260811T000000Z trixie/main arm64 libx11-xcb1 arm64 2:1.8.12-1 [247 kB]
Get:25 http://snapshot.debian.org/archive/debian/20260811T000000Z trixie/main arm64 libxext6 arm64 2:1.3.4-1+b3 [49.2 kB]
Get:26 http://snapshot.debian.org/archive/debian/20260811T000000Z trixie/main arm64 libxt6t64 arm64 1:1.2.1-1.2+b2 [173 kB]
Get:27 http://snapshot.debian.org/archive/debian/20260811T000000Z trixie/main arm64 libxmu6 arm64 2:1.1.3-3+b4 [55.7 kB]
Get:28 http://snapshot.debian.org/archive/debian/20260811T000000Z trixie/main arm64 libxpm4 arm64 1:3.5.17-1+deb13u1 [52.9 kB]
Get:29 http://snapshot.debian.org/archive/debian/20260811T000000Z trixie/main arm64 libxaw7 arm64 2:1.0.16-1 [195 kB]
Get:30 http://snapshot.debian.org/archive/debian/20260811T000000Z trixie/main arm64 libxcb-damage0 arm64 1.17.0-2+b1 [105 kB]
Get:31 http://snapshot.debian.org/archive/debian/20260811T000000Z trixie/main arm64 libxcb-present0 arm64 1.17.0-2+b1 [106 kB]
Get:32 http://snapshot.debian.org/archive/debian/20260811T000000Z trixie/main arm64 libxcb-xfixes0 arm64 1.17.0-2+b1 [110 kB]
Get:33 http://snapshot.debian.org/archive/debian/20260811T000000Z trixie/main arm64 libxfixes3 arm64 1:6.0.0-2+b4 [20.5 kB]
Get:34 http://snapshot.debian.org/archive/debian/20260811T000000Z trixie/main arm64 libxrender1 arm64 1:0.9.12-1 [27.0 kB]
Get:35 http://snapshot.debian.org/archive/debian/20260811T000000Z trixie/main arm64 libxcursor1 arm64 1:1.2.3-1 [39.3 kB]
Get:36 http://snapshot.debian.org/archive/debian/20260811T000000Z trixie/main arm64 libxft2 arm64 2.3.6-1+b4 [51.6 kB]
Get:37 http://snapshot.debian.org/archive/debian/20260811T000000Z trixie/main arm64 libxi6 arm64 2:1.8.2-1 [77.8 kB]
Get:38 http://snapshot.debian.org/archive/debian/20260811T000000Z trixie/main arm64 libxinerama1 arm64 2:1.1.4-3+b4 [16.0 kB]
Get:39 http://snapshot.debian.org/archive/debian/20260811T000000Z trixie/main arm64 libxkbfile1 arm64 1:1.1.0-1+b4 [72.4 kB]
Get:40 http://snapshot.debian.org/archive/debian/20260811T000000Z trixie/main arm64 libxmuu1 arm64 2:1.1.3-3+b4 [22.0 kB]
Get:41 http://snapshot.debian.org/archive/debian/20260811T000000Z trixie/main arm64 x11-apps arm64 7.7+11+b2 [614 kB]
Get:42 http://snapshot.debian.org/archive/debian/20260811T000000Z trixie/main arm64 xbitmaps all 1.1.1-2.2 [25.1 kB]
Get:43 http://snapshot.debian.org/archive/debian/20260811T000000Z trixie/main arm64 xterm arm64 398-1 [858 kB]
Fetched 10.6 MB in 43s (249 kB/s)
Download complete and in download only mode
bionicx-exec: primary pid=20998 exited status=0x0; draining session
bionicx-exec: session drained children=0
bionicx-exec: running untraced pid=21231
bionicx-exec: primary pid=21231 exited status=0x0; draining session
bionicx-exec: session drained children=0
bionicx-exec: running untraced pid=21238
Selecting previously unselected package bsdextrautils.
(Reading database ... 6207 files and directories currently installed.)
Preparing to unpack .../bsdextrautils_2.41-5_arm64.deb ...
Unpacking bsdextrautils (2.41-5) ...
Selecting previously unselected package fontconfig-config.
Preparing to unpack .../fontconfig-config_2.15.0-2.3_arm64.deb ...
Unpacking fontconfig-config (2.15.0-2.3) ...
Selecting previously unselected package fonts-dejavu-core.
Preparing to unpack .../fonts-dejavu-core_2.37-8_all.deb ...
Unpacking fonts-dejavu-core (2.37-8) ...
Selecting previously unselected package fonts-dejavu-mono.
Preparing to unpack .../fonts-dejavu-mono_2.37-8_all.deb ...
Unpacking fonts-dejavu-mono (2.37-8) ...
Selecting previously unselected package groff-base.
Preparing to unpack .../groff-base_1.23.0-9_arm64.deb ...
Unpacking groff-base (1.23.0-9) ...
Selecting previously unselected package libbrotli1:arm64.
Preparing to unpack .../libbrotli1_1.1.0-2+b7_arm64.deb ...
Unpacking libbrotli1:arm64 (1.1.0-2+b7) ...
Selecting previously unselected package libexpat1:arm64.
Preparing to unpack .../libexpat1_2.8.2-1~deb13u1_arm64.deb ...
Unpacking libexpat1:arm64 (2.8.2-1~deb13u1) ...
Selecting previously unselected package libfontconfig1:arm64.
Preparing to unpack .../libfontconfig1_2.15.0-2.3_arm64.deb ...
Unpacking libfontconfig1:arm64 (2.15.0-2.3) ...
Selecting previously unselected package libfreetype6:arm64.
Preparing to unpack .../libfreetype6_2.13.3+dfsg-1+deb13u1_arm64.deb ...
Unpacking libfreetype6:arm64 (2.13.3+dfsg-1+deb13u1) ...
Selecting previously unselected package libgdbm6t64:arm64.
Preparing to unpack .../libgdbm6t64_1.24-2_arm64.deb ...
Unpacking libgdbm6t64:arm64 (1.24-2) ...
Selecting previously unselected package libice6:arm64.
Preparing to unpack .../libice6_2%3a1.1.1-1_arm64.deb ...
Unpacking libice6:arm64 (2:1.1.1-1) ...
Selecting previously unselected package libpipeline1:arm64.
Preparing to unpack .../libpipeline1_1.5.8-1_arm64.deb ...
Unpacking libpipeline1:arm64 (1.5.8-1) ...
Selecting previously unselected package libpng16-16t64:arm64.
Preparing to unpack .../libpng16-16t64_1.6.48-1+deb13u5_arm64.deb ...
Unpacking libpng16-16t64:arm64 (1.6.48-1+deb13u5) ...
Selecting previously unselected package libsm6:arm64.
Preparing to unpack .../libsm6_2%3a1.2.6-1_arm64.deb ...
Unpacking libsm6:arm64 (2:1.2.6-1) ...
Selecting previously unselected package libuchardet0:arm64.
Preparing to unpack .../libuchardet0_0.0.8-1+b2_arm64.deb ...
Unpacking libuchardet0:arm64 (0.0.8-1+b2) ...
Selecting previously unselected package libutempter0:arm64.
Preparing to unpack .../libutempter0_1.2.1-4_arm64.deb ...
Unpacking libutempter0:arm64 (1.2.1-4) ...
Selecting previously unselected package libx11-6:arm64.
Preparing to unpack .../libx11-6_2%3a1.8.12-1_arm64.deb ...
Unpacking libx11-6:arm64 (2:1.8.12-1) ...
Selecting previously unselected package libx11-data.
Preparing to unpack .../libx11-data_2%3a1.8.12-1_all.deb ...
Unpacking libx11-data (2:1.8.12-1) ...
Selecting previously unselected package libx11-xcb1:arm64.
Preparing to unpack .../libx11-xcb1_2%3a1.8.12-1_arm64.deb ...
Unpacking libx11-xcb1:arm64 (2:1.8.12-1) ...
Selecting previously unselected package libxau6:arm64.
Preparing to unpack .../libxau6_1%3a1.0.11-1_arm64.deb ...
Unpacking libxau6:arm64 (1:1.0.11-1) ...
Selecting previously unselected package libxaw7:arm64.
Preparing to unpack .../libxaw7_2%3a1.0.16-1_arm64.deb ...
Unpacking libxaw7:arm64 (2:1.0.16-1) ...
Selecting previously unselected package libxcb-damage0:arm64.
Preparing to unpack .../libxcb-damage0_1.17.0-2+b1_arm64.deb ...
Unpacking libxcb-damage0:arm64 (1.17.0-2+b1) ...
Selecting previously unselected package libxcb-present0:arm64.
Preparing to unpack .../libxcb-present0_1.17.0-2+b1_arm64.deb ...
Unpacking libxcb-present0:arm64 (1.17.0-2+b1) ...
Selecting previously unselected package libxcb-xfixes0:arm64.
Preparing to unpack .../libxcb-xfixes0_1.17.0-2+b1_arm64.deb ...
Unpacking libxcb-xfixes0:arm64 (1.17.0-2+b1) ...
Selecting previously unselected package libxcb1:arm64.
Preparing to unpack .../libxcb1_1.17.0-2+b1_arm64.deb ...
Unpacking libxcb1:arm64 (1.17.0-2+b1) ...
Selecting previously unselected package libxcursor1:arm64.
Preparing to unpack .../libxcursor1_1%3a1.2.3-1_arm64.deb ...
Unpacking libxcursor1:arm64 (1:1.2.3-1) ...
Selecting previously unselected package libxdmcp6:arm64.
Preparing to unpack .../libxdmcp6_1%3a1.1.5-1_arm64.deb ...
Unpacking libxdmcp6:arm64 (1:1.1.5-1) ...
Selecting previously unselected package libxext6:arm64.
Preparing to unpack .../libxext6_2%3a1.3.4-1+b3_arm64.deb ...
Unpacking libxext6:arm64 (2:1.3.4-1+b3) ...
Selecting previously unselected package libxfixes3:arm64.
Preparing to unpack .../libxfixes3_1%3a6.0.0-2+b4_arm64.deb ...
Unpacking libxfixes3:arm64 (1:6.0.0-2+b4) ...
Selecting previously unselected package libxft2:arm64.
Preparing to unpack .../libxft2_2.3.6-1+b4_arm64.deb ...
Unpacking libxft2:arm64 (2.3.6-1+b4) ...
Selecting previously unselected package libxi6:arm64.
Preparing to unpack .../libxi6_2%3a1.8.2-1_arm64.deb ...
Unpacking libxi6:arm64 (2:1.8.2-1) ...
Selecting previously unselected package libxinerama1:arm64.
Preparing to unpack .../libxinerama1_2%3a1.1.4-3+b4_arm64.deb ...
Unpacking libxinerama1:arm64 (2:1.1.4-3+b4) ...
Selecting previously unselected package libxkbfile1:arm64.
Preparing to unpack .../libxkbfile1_1%3a1.1.0-1+b4_arm64.deb ...
Unpacking libxkbfile1:arm64 (1:1.1.0-1+b4) ...
Selecting previously unselected package libxmu6:arm64.
Preparing to unpack .../libxmu6_2%3a1.1.3-3+b4_arm64.deb ...
Unpacking libxmu6:arm64 (2:1.1.3-3+b4) ...
Selecting previously unselected package libxmuu1:arm64.
Preparing to unpack .../libxmuu1_2%3a1.1.3-3+b4_arm64.deb ...
Unpacking libxmuu1:arm64 (2:1.1.3-3+b4) ...
Selecting previously unselected package libxpm4:arm64.
Preparing to unpack .../libxpm4_1%3a3.5.17-1+deb13u1_arm64.deb ...
Unpacking libxpm4:arm64 (1:3.5.17-1+deb13u1) ...
Selecting previously unselected package libxrender1:arm64.
Preparing to unpack .../libxrender1_1%3a0.9.12-1_arm64.deb ...
Unpacking libxrender1:arm64 (1:0.9.12-1) ...
Selecting previously unselected package libxt6t64:arm64.
Preparing to unpack .../libxt6t64_1%3a1.2.1-1.2+b2_arm64.deb ...
Unpacking libxt6t64:arm64 (1:1.2.1-1.2+b2) ...
Selecting previously unselected package man-db.
Preparing to unpack .../man-db_2.13.1-1_arm64.deb ...
Unpacking man-db (2.13.1-1) ...
Selecting previously unselected package x11-apps.
Preparing to unpack .../x11-apps_7.7+11+b2_arm64.deb ...
Unpacking x11-apps (7.7+11+b2) ...
Selecting previously unselected package x11-common.
Preparing to unpack .../x11-common_1%3a7.7+24+deb13u1_all.deb ...
Unpacking x11-common (1:7.7+24+deb13u1) ...
Selecting previously unselected package xbitmaps.
Preparing to unpack .../xbitmaps_1.1.1-2.2_all.deb ...
Unpacking xbitmaps (1.1.1-2.2) ...
Selecting previously unselected package xterm.
Preparing to unpack .../archives/xterm_398-1_arm64.deb ...
Unpacking xterm (398-1) ...
Processing triggers for libc-bin (2.41-12+deb13u3) ...
bionicx unpack wave remaining=0
bionicx-exec: primary pid=21238 exited status=0x0; draining session
bionicx-exec: session drained children=0
bionicx-exec: running untraced pid=22344
bionicx ELF fixups: 1160 entries
bionicx-exec: primary pid=22344 exited status=0x0; draining session
bionicx-exec: session drained children=0
bionicx-exec: running untraced pid=25708
Setting up libexpat1:arm64 (2.8.2-1~deb13u1) ...
Setting up libpipeline1:arm64 (1.5.8-1) ...
Setting up libxau6:arm64 (1:1.0.11-1) ...
Setting up libxdmcp6:arm64 (1:1.1.5-1) ...
Setting up libxcb1:arm64 (1.17.0-2+b1) ...
Setting up libxcb-xfixes0:arm64 (1.17.0-2+b1) ...
Setting up libgdbm6t64:arm64 (1.24-2) ...
Setting up bsdextrautils (2.41-5) ...
Setting up libbrotli1:arm64 (1.1.0-2+b7) ...
Setting up x11-common (1:7.7+24+deb13u1) ...
Setting up libxcb-present0:arm64 (1.17.0-2+b1) ...
Setting up libx11-data (2:1.8.12-1) ...
Setting up fonts-dejavu-mono (2.37-8) ...
Setting up libpng16-16t64:arm64 (1.6.48-1+deb13u5) ...
Setting up fonts-dejavu-core (2.37-8) ...
Setting up libutempter0:arm64 (1.2.1-4) ...
Setting up libuchardet0:arm64 (0.0.8-1+b2) ...
Setting up libx11-6:arm64 (2:1.8.12-1) ...
Setting up libxkbfile1:arm64 (1:1.1.0-1+b4) ...
Setting up libxmuu1:arm64 (2:1.1.3-3+b4) ...
Setting up xbitmaps (1.1.1-2.2) ...
Setting up libxcb-damage0:arm64 (1.17.0-2+b1) ...
Setting up libx11-xcb1:arm64 (2:1.8.12-1) ...
Setting up libice6:arm64 (2:1.1.1-1) ...
Setting up libxpm4:arm64 (1:3.5.17-1+deb13u1) ...
Setting up libxrender1:arm64 (1:0.9.12-1) ...
Setting up fontconfig-config (2.15.0-2.3) ...
Setting up libxext6:arm64 (2:1.3.4-1+b3) ...
Setting up libfreetype6:arm64 (2.13.3+dfsg-1+deb13u1) ...
Setting up libxfixes3:arm64 (1:6.0.0-2+b4) ...
Setting up libxinerama1:arm64 (2:1.1.4-3+b4) ...
Setting up groff-base (1.23.0-9) ...
Setting up libfontconfig1:arm64 (2.15.0-2.3) ...
Setting up libsm6:arm64 (2:1.2.6-1) ...
Setting up libxft2:arm64 (2.3.6-1+b4) ...
Setting up libxi6:arm64 (2:1.8.2-1) ...
Setting up libxcursor1:arm64 (1:1.2.3-1) ...
Setting up man-db (2.13.1-1) ...
Building database of manual pages ...
setpriv: keep process capabilities failed: Operation not permitted
Setting up libxt6t64:arm64 (1:1.2.1-1.2+b2) ...
Setting up libxmu6:arm64 (2:1.1.3-3+b4) ...
Setting up libxaw7:arm64 (2:1.0.16-1) ...
Setting up xterm (398-1) ...
update-alternatives: using /usr/bin/xterm to provide /usr/bin/x-terminal-emulator (x-terminal-emulator) in auto mode
update-alternatives: warning: /data/user/0/io.taowen.bx/files/rootfs/etc/alternatives/x-terminal-emulator is dangling; it will be updated with best choice
update-alternatives: using /usr/bin/xterm to provide /usr/bin/x-terminal-emulator (x-terminal-emulator) in auto mode
update-alternatives: warning: /data/user/0/io.taowen.bx/files/rootfs/etc/alternatives/x-terminal-emulator is dangling; it will be updated with best choice
update-alternatives: using /usr/bin/uxterm to provide /usr/bin/x-terminal-emulator (x-terminal-emulator) in auto mode
update-alternatives: warning: /data/user/0/io.taowen.bx/files/rootfs/etc/alternatives/x-terminal-emulator is dangling; it will be updated with best choice
update-alternatives: using /usr/bin/lxterm to provide /usr/bin/x-terminal-emulator (x-terminal-emulator) in auto mode
Setting up x11-apps (7.7+11+b2) ...
Processing triggers for libc-bin (2.41-12+deb13u3) ...
bionicx-exec: primary pid=25708 exited status=0x0; draining session
bionicx-exec: session drained children=0
bionicx-exec: running untraced pid=25770
Reading package lists...
Building dependency tree...
Reading state information...
0 upgraded, 0 newly installed, 0 to remove and 0 not upgraded.
bionicx-exec: primary pid=25770 exited status=0x0; draining session
bionicx-exec: session drained children=0
bionicx-exec: running untraced pid=25778
bsdextrautils set to automatically installed.
fontconfig-config set to automatically installed.
fonts-dejavu-core set to automatically installed.
fonts-dejavu-mono set to automatically installed.
groff-base set to automatically installed.
libbrotli1 set to automatically installed.
libexpat1 set to automatically installed.
libfontconfig1 set to automatically installed.
libfreetype6 set to automatically installed.
libgdbm6t64 set to automatically installed.
libice6 set to automatically installed.
libpipeline1 set to automatically installed.
libpng16-16t64 set to automatically installed.
libsm6 set to automatically installed.
libuchardet0 set to automatically installed.
libutempter0 set to automatically installed.
libx11-6 set to automatically installed.
libx11-data set to automatically installed.
libx11-xcb1 set to automatically installed.
libxau6 set to automatically installed.
libxaw7 set to automatically installed.
libxcb-damage0 set to automatically installed.
libxcb-present0 set to automatically installed.
libxcb-xfixes0 set to automatically installed.
libxcb1 set to automatically installed.
libxcursor1 set to automatically installed.
libxdmcp6 set to automatically installed.
libxext6 set to automatically installed.
libxfixes3 set to automatically installed.
libxft2 set to automatically installed.
libxi6 set to automatically installed.
libxinerama1 set to automatically installed.
libxkbfile1 set to automatically installed.
libxmu6 set to automatically installed.
libxmuu1 set to automatically installed.
libxpm4 set to automatically installed.
libxrender1 set to automatically installed.
libxt6t64 set to automatically installed.
man-db set to automatically installed.
x11-apps set to automatically installed.
x11-common set to automatically installed.
xbitmaps set to automatically installed.
xterm set to automatically installed.
x11-apps set to manually installed.
xterm set to manually installed.
bionicx-exec: primary pid=25778 exited status=0x0; draining session
bionicx-exec: session drained children=0
