/var/home/taowen/projects/glibc-on-bionic/bionicx/build/bxapt.conf: 1 file pushed, 0 skipped. 8.9 MB/s (1092 bytes in 0.000s)
/var/home/taowen/projects/glibc-on-bionic/bionicx/tools/rootfs-elf-fixup.sh: 1 file pushed, 0 skipped. 85.9 MB/s (8383 bytes in 0.000s)
/var/home/taowen/projects/glibc-on-bionic/bionicx/tools/bxapt-unpack.sh: 1 file pushed, 0 skipped. 11.6 MB/s (880 bytes in 0.000s)
bionicx-exec: running untraced pid=17771
bionicx-exec: primary pid=17771 exited status=0x0; draining session
bionicx-exec: session drained children=0
/var/home/taowen/projects/glibc-on-bionic/bionicx/build/bxapt.conf: 1 file pushed, 0 skipped. 16.8 MB/s (1092 bytes in 0.000s)
/var/home/taowen/projects/glibc-on-bionic/bionicx/tools/rootfs-elf-fixup.sh: 1 file pushed, 0 skipped. 79.7 MB/s (8383 bytes in 0.000s)
/var/home/taowen/projects/glibc-on-bionic/bionicx/tools/bxapt-unpack.sh: 1 file pushed, 0 skipped. 11.3 MB/s (880 bytes in 0.000s)
bionicx-exec: primary pid=17820 exited status=0x0; draining session
bionicx-exec: session drained children=0
OpenSymbol
STIX
STIX Math
STIXGeneral
STIXIntegralsD
STIXIntegralsSm
STIXIntegralsUp
STIXIntegralsUpD
STIXIntegralsUpSm
STIXNonUnicode
STIXSizeFiveSym
STIXSizeFourSym
STIXSizeOneSym
STIXSizeThreeSym
STIXSizeTwoSym
STIXVariants
