Unpacking libxshmfence1:arm64 (1.3.3-1) ...
Selecting previously unselected package libz3-4:arm64.
Preparing to unpack .../libz3-4_4.13.3-1_arm64.deb ...
Unpacking libz3-4:arm64 (4.13.3-1) ...
Selecting previously unselected package mesa-libgallium:arm64.
Preparing to unpack .../mesa-libgallium_25.0.7-2+deb13u1_arm64.deb ...
Unpacking mesa-libgallium:arm64 (25.0.7-2+deb13u1) ...
Selecting previously unselected package wget.
Preparing to unpack .../wget_1.25.0-2_arm64.deb ...
Unpacking wget (1.25.0-2) ...
Processing triggers for fontconfig (2.15.0-2.3) ...
Processing triggers for libc-bin (2.41-12+deb13u3) ...
Processing triggers for man-db (2.13.1-1) ...
setpriv: keep process capabilities failed: Operation not permitted
bionicx unpack wave remaining=0
bionicx-exec: primary pid=18847 exited status=0x0; draining session
bionicx-exec: session drained children=0
bionicx-exec: running untraced pid=19360
bionicx ELF fixups: 1740 entries
bionicx-exec: primary pid=19360 exited status=0x0; draining session
bionicx-exec: session drained children=0
bionicx-exec: running untraced pid=20093
Setting up libxcb-dri3-0:arm64 (1.17.0-2+b1) ...
Setting up libwayland-server0:arm64 (1.23.1-3) ...
Setting up wget (1.25.0-2) ...
Setting up libedit2:arm64 (3.1-20250104-1) ...
Setting up libsensors-config (1:3.6.2-2) ...
Setting up libelf1t64:arm64 (0.192-4) ...
Setting up libasound2-data (1.2.14-1) ...
Setting up libz3-4:arm64 (4.13.3-1) ...
Setting up libasound2t64:arm64 (1.2.14-1) ...
Setting up libxcb-sync1:arm64 (1.17.0-2+b1) ...
Setting up libsensors5:arm64 (1:3.6.2-2) ...
Setting up libvulkan1:arm64 (1.4.309.0-1) ...
Setting up libxshmfence1:arm64 (1.3.3-1) ...
Setting up libxcb-randr0:arm64 (1.17.0-2+b1) ...
Setting up fonts-liberation (1:2.1.5-3) ...
Setting up libdrm-amdgpu1:arm64 (2.4.124-2) ...
Setting up libllvm19:arm64 (1:19.1.7-3+b1) ...
Setting up mesa-libgallium:arm64 (25.0.7-2+deb13u1) ...
Setting up libgbm1:arm64 (25.0.7-2+deb13u1) ...
Setting up google-chrome-stable (151.0.7922.108-1) ...
update-alternatives: using /usr/bin/google-chrome-stable to provide /usr/bin/x-www-browser (x-www-browser) in auto mode
update-alternatives: using /usr/bin/google-chrome-stable to provide /usr/bin/gnome-www-browser (gnome-www-browser) in auto mode
update-alternatives: using /usr/bin/google-chrome-stable to provide /usr/bin/google-chrome (google-chrome) in auto mode
bionicx-exec: session child pid=20320 exited status=0x0
Processing triggers for libc-bin (2.41-12+deb13u3) ...
bionicx-exec: primary pid=20093 exited status=0x0; draining session
bionicx-exec: session drained children=1
bionicx-exec: running untraced pid=20346
Reading package lists...
Building dependency tree...
Reading state information...
0 upgraded, 0 newly installed, 0 to remove and 0 not upgraded.
bionicx-exec: primary pid=20346 exited status=0x0; draining session
bionicx-exec: session drained children=0
bionicx-exec: running untraced pid=20355
fonts-liberation set to automatically installed.
google-chrome-stable set to automatically installed.
libasound2-data set to automatically installed.
libasound2t64 set to automatically installed.
libdrm-amdgpu1 set to automatically installed.
libedit2 set to automatically installed.
libelf1t64 set to automatically installed.
libgbm1 set to automatically installed.
libllvm19 set to automatically installed.
libsensors-config set to automatically installed.
libsensors5 set to automatically installed.
libvulkan1 set to automatically installed.
libwayland-server0 set to automatically installed.
libxcb-dri3-0 set to automatically installed.
libxcb-randr0 set to automatically installed.
libxcb-sync1 set to automatically installed.
libxshmfence1 set to automatically installed.
libz3-4 set to automatically installed.
mesa-libgallium set to automatically installed.
wget set to automatically installed.
google-chrome-stable set to manually installed.
bionicx-exec: primary pid=20355 exited status=0x0; draining session
bionicx-exec: session drained children=0
