bionicx-exec: running untraced pid=14391
bionicx-exec: primary pid=14391 exited status=0x0; draining session
bionicx-exec: session drained children=0
bionicx-exec: running untraced pid=14399
bionicx-exec: primary pid=14399 exited status=0x0; draining session
bionicx-exec: session drained children=0
bionicx-exec: running untraced pid=14406
bionicx-exec: primary pid=14406 exited status=0x0; draining session
bionicx-exec: session drained children=0
bionicx-exec: running untraced pid=14411
bionicx-exec: primary pid=14411 exited status=0x0; draining session
bionicx-exec: session drained children=0
bionicx-exec: running untraced pid=14416
bionicx-exec: primary pid=14416 exited status=0x0; draining session
bionicx-exec: session drained children=0
bionicx-exec: running untraced pid=14420
Reading package lists...
Building dependency tree...
Reading state information...
bsdextrautils is already the newest version (2.41-5).
The following additional packages will be installed:
  adwaita-icon-theme at-spi2-common dbus-user-session dconf-gsettings-backend
  dconf-service desktop-file-utils exo-utils geany-common
  gtk-update-icon-cache hicolor-icon-theme libatk-bridge2.0-0t64
  libatk1.0-0t64 libatspi2.0-0t64 libcloudproviders0 libcolord2 libdconf1
  libepoxy0 libexif12 libexo-2-0 libexo-common libgtk-3-0t64 libgtk-3-common
  libgudev-1.0-0 libnotify4 libpam-systemd libstartup-notification0
  libsystemd-shared libthunarx-3-0 libwayland-client0 libwayland-cursor0
  libwayland-egl1 libxcb-util1 libxfce4ui-2-0 libxfce4ui-common
  libxfce4util-common libxfce4util7 libxfconf-0-3 libxkbcommon0 systemd
  systemd-sysv thunar-data xfconf xkb-data
Suggested packages:
  adwaita-icon-theme-legacy doc-base colord gvfs notification-daemon
  libcryptsetup12 libtss2-rc0t64 libarchive13t64 libbpf1 libdw1t64 libelf1t64
  libfido2-1 libgcrypt20 libip4tc2 libpwquality1 libqrencode4 devhelp
  systemd-container systemd-homed systemd-userdbd systemd-boot
  systemd-resolved systemd-repart libtss2-tcti-device0 polkitd
  thunar-archive-plugin thunar-media-tags-plugin gvfs-backends
  xfconf-gsettings-backend
Recommended packages:
  librsvg2-common libvte-2.91-0 at-spi2-core liburi-perl libgtk-3-bin libkmod2
  libxfce4panel-2.0-4 libxfce4util-bin linux-sysctl-defaults systemd-timesyncd
  | time-daemon systemd-cryptsetup libnss-systemd gvfs policykit-1-gnome
  | polkit-1-auth-agent thunar-volman tumbler udisks2 xdg-user-dirs
The following packages will be REMOVED:
  systemd-standalone-sysusers
The following NEW packages will be installed:
  adwaita-icon-theme at-spi2-common dbus-user-session dconf-gsettings-backend
  dconf-service desktop-file-utils exo-utils geany geany-common
  gtk-update-icon-cache hicolor-icon-theme libatk-bridge2.0-0t64
  libatk1.0-0t64 libatspi2.0-0t64 libcloudproviders0 libcolord2 libdconf1
  libepoxy0 libexif12 libexo-2-0 libexo-common libgtk-3-0t64 libgtk-3-common
  libgudev-1.0-0 libnotify4 libpam-systemd libstartup-notification0
  libsystemd-shared libthunarx-3-0 libwayland-client0 libwayland-cursor0
  libwayland-egl1 libxcb-util1 libxfce4ui-2-0 libxfce4ui-common
  libxfce4util-common libxfce4util7 libxfconf-0-3 libxkbcommon0 systemd
  systemd-sysv thunar thunar-data xfconf xkb-data
0 upgraded, 45 newly installed, 1 to remove and 0 not upgraded.
Need to get 22.9 MB of archives.
After this operation, 126 MB of additional disk space will be used.
Get:1 http://snapshot.debian.org/archive/debian/20260811T000000Z trixie/main arm64 libsystemd-shared arm64 257.13-1~deb13u1 [1922 kB]
Get:2 http://snapshot.debian.org/archive/debian/20260811T000000Z trixie/main arm64 systemd arm64 257.13-1~deb13u1 [2921 kB]
Get:3 http://snapshot.debian.org/archive/debian/20260811T000000Z trixie/main arm64 systemd-sysv arm64 257.13-1~deb13u1 [64.9 kB]
Get:4 http://snapshot.debian.org/archive/debian/20260811T000000Z trixie/main arm64 libpam-systemd arm64 257.13-1~deb13u1 [276 kB]
Get:5 http://snapshot.debian.org/archive/debian/20260811T000000Z trixie/main arm64 gtk-update-icon-cache arm64 4.18.6+ds-2 [52.3 kB]
Get:6 http://snapshot.debian.org/archive/debian/20260811T000000Z trixie/main arm64 hicolor-icon-theme all 0.18-2 [11.8 kB]
Get:7 http://snapshot.debian.org/archive/debian/20260811T000000Z trixie/main arm64 adwaita-icon-theme all 48.1-1 [504 kB]
Get:8 http://snapshot.debian.org/archive/debian/20260811T000000Z trixie/main arm64 at-spi2-common all 2.56.2-1+deb13u1 [171 kB]
Get:9 http://snapshot.debian.org/archive/debian/20260811T000000Z trixie/main arm64 dbus-user-session arm64 1.16.2-2 [52.1 kB]
Get:10 http://snapshot.debian.org/archive/debian/20260811T000000Z trixie/main arm64 libdconf1 arm64 0.40.0-5 [40.4 kB]
Get:11 http://snapshot.debian.org/archive/debian/20260811T000000Z trixie/main arm64 dconf-service arm64 0.40.0-5 [30.9 kB]
Get:12 http://snapshot.debian.org/archive/debian/20260811T000000Z trixie/main arm64 dconf-gsettings-backend arm64 0.40.0-5 [27.3 kB]
Get:13 http://snapshot.debian.org/archive/debian/20260811T000000Z trixie/main arm64 desktop-file-utils arm64 0.28-1 [90.1 kB]
Get:14 http://snapshot.debian.org/archive/debian/20260811T000000Z trixie/main arm64 libexo-common all 4.20.0-1 [29.4 kB]
Get:15 http://snapshot.debian.org/archive/debian/20260811T000000Z trixie/main arm64 libatk1.0-0t64 arm64 2.56.2-1+deb13u1 [50.2 kB]
Get:16 http://snapshot.debian.org/archive/debian/20260811T000000Z trixie/main arm64 libatspi2.0-0t64 arm64 2.56.2-1+deb13u1 [76.3 kB]
Get:17 http://snapshot.debian.org/archive/debian/20260811T000000Z trixie/main arm64 libatk-bridge2.0-0t64 arm64 2.56.2-1+deb13u1 [65.0 kB]
Get:18 http://snapshot.debian.org/archive/debian/20260811T000000Z trixie/main arm64 libcloudproviders0 arm64 0.3.6-2 [27.4 kB]
Get:19 http://snapshot.debian.org/archive/debian/20260811T000000Z trixie/main arm64 libcolord2 arm64 1.4.7-3 [130 kB]
Get:20 http://snapshot.debian.org/archive/debian/20260811T000000Z trixie/main arm64 libepoxy0 arm64 1.5.10-2 [200 kB]
Get:21 http://snapshot.debian.org/archive/debian/20260811T000000Z trixie/main arm64 libwayland-client0 arm64 1.23.1-3 [26.1 kB]
Get:22 http://snapshot.debian.org/archive/debian/20260811T000000Z trixie/main arm64 libwayland-cursor0 arm64 1.23.1-3 [11.7 kB]
Get:23 http://snapshot.debian.org/archive/debian/20260811T000000Z trixie/main arm64 libwayland-egl1 arm64 1.23.1-3 [5952 B]
Get:24 http://snapshot.debian.org/archive/debian/20260811T000000Z trixie/main arm64 xkb-data all 2.42-1 [790 kB]
Get:25 http://snapshot.debian.org/archive/debian/20260811T000000Z trixie/main arm64 libxkbcommon0 arm64 1.7.0-2 [106 kB]
Get:26 http://snapshot.debian.org/archive/debian/20260811T000000Z trixie/main arm64 libgtk-3-common all 3.24.49-3 [4908 kB]
Get:27 http://snapshot.debian.org/archive/debian/20260811T000000Z trixie/main arm64 libgtk-3-0t64 arm64 3.24.49-3 [2565 kB]
Get:28 http://snapshot.debian.org/archive/debian/20260811T000000Z trixie/main arm64 libxfce4util-common all 4.20.1-1 [63.6 kB]
Get:29 http://snapshot.debian.org/archive/debian/20260811T000000Z trixie/main arm64 libxfce4util7 arm64 4.20.1-1 [37.8 kB]
Get:30 http://snapshot.debian.org/archive/debian/20260811T000000Z trixie/main arm64 libexo-2-0 arm64 4.20.0-1 [246 kB]
Get:31 http://snapshot.debian.org/archive/debian/20260811T000000Z trixie/main arm64 libxfce4ui-common all 4.20.1-1 [229 kB]
Get:32 http://snapshot.debian.org/archive/debian/20260811T000000Z trixie/main arm64 libxcb-util1 arm64 0.4.1-1 [23.6 kB]
Get:33 http://snapshot.debian.org/archive/debian/20260811T000000Z trixie/main arm64 libstartup-notification0 arm64 0.12-8 [20.6 kB]
Get:34 http://snapshot.debian.org/archive/debian/20260811T000000Z trixie/main arm64 xfconf arm64 4.20.0-1 [126 kB]
Get:35 http://snapshot.debian.org/archive/debian/20260811T000000Z trixie/main arm64 libxfconf-0-3 arm64 4.20.0-1 [44.3 kB]
Get:36 http://snapshot.debian.org/archive/debian/20260811T000000Z trixie/main arm64 libxfce4ui-2-0 arm64 4.20.1-1 [75.4 kB]
Get:37 http://snapshot.debian.org/archive/debian/20260811T000000Z trixie/main arm64 exo-utils arm64 4.20.0-1 [56.4 kB]
Get:38 http://snapshot.debian.org/archive/debian/20260811T000000Z trixie/main arm64 geany-common all 2.0-2 [3061 kB]
Get:39 http://snapshot.debian.org/archive/debian/20260811T000000Z trixie/main arm64 geany arm64 2.0-2 [1909 kB]
Get:40 http://snapshot.debian.org/archive/debian/20260811T000000Z trixie/main arm64 libexif12 arm64 0.6.25-1+deb13u1 [417 kB]
Get:41 http://snapshot.debian.org/archive/debian/20260811T000000Z trixie/main arm64 libgudev-1.0-0 arm64 238-6 [13.7 kB]
Get:42 http://snapshot.debian.org/archive/debian/20260811T000000Z trixie/main arm64 libnotify4 arm64 0.8.6-1 [25.8 kB]
Get:43 http://snapshot.debian.org/archive/debian/20260811T000000Z trixie/main arm64 thunar-data all 4.20.2-1+deb13u1 [881 kB]
Get:44 http://snapshot.debian.org/archive/debian/20260811T000000Z trixie/main arm64 libthunarx-3-0 arm64 4.20.2-1+deb13u1 [119 kB]
Get:45 http://snapshot.debian.org/archive/debian/20260811T000000Z trixie/main arm64 thunar arm64 4.20.2-1+deb13u1 [376 kB]
Fetched 22.9 MB in 48s (475 kB/s)
Download complete and in download only mode
bionicx-exec: primary pid=14420 exited status=0x0; draining session
bionicx-exec: session drained children=0
bionicx-exec: running untraced pid=14712
(Reading database ... 11192 files and directories currently installed.)
Removing systemd-standalone-sysusers (257.13-1~deb13u1) ...
Processing triggers for man-db (2.13.1-1) ...
setpriv: keep process capabilities failed: Operation not permitted
bionicx removed systemd-standalone-sysusers
bionicx-exec: primary pid=14712 exited status=0x0; draining session
bionicx-exec: session drained children=0
bionicx-exec: running untraced pid=14726
Selecting previously unselected package adwaita-icon-theme.
(Reading database ... 11185 files and directories currently installed.)
Preparing to unpack .../adwaita-icon-theme_48.1-1_all.deb ...
Unpacking adwaita-icon-theme (48.1-1) ...
Selecting previously unselected package at-spi2-common.
Preparing to unpack .../at-spi2-common_2.56.2-1+deb13u1_all.deb ...
Unpacking at-spi2-common (2.56.2-1+deb13u1) ...
Selecting previously unselected package dbus-user-session.
Preparing to unpack .../dbus-user-session_1.16.2-2_arm64.deb ...
Unpacking dbus-user-session (1.16.2-2) ...
Selecting previously unselected package dconf-gsettings-backend:arm64.
Preparing to unpack .../dconf-gsettings-backend_0.40.0-5_arm64.deb ...
Unpacking dconf-gsettings-backend:arm64 (0.40.0-5) ...
Selecting previously unselected package dconf-service.
Preparing to unpack .../dconf-service_0.40.0-5_arm64.deb ...
Unpacking dconf-service (0.40.0-5) ...
Selecting previously unselected package desktop-file-utils.
Preparing to unpack .../desktop-file-utils_0.28-1_arm64.deb ...
Unpacking desktop-file-utils (0.28-1) ...
Selecting previously unselected package exo-utils.
Preparing to unpack .../exo-utils_4.20.0-1_arm64.deb ...
Unpacking exo-utils (4.20.0-1) ...
Selecting previously unselected package geany-common.
Preparing to unpack .../geany-common_2.0-2_all.deb ...
Unpacking geany-common (2.0-2) ...
Selecting previously unselected package geany.
Preparing to unpack .../archives/geany_2.0-2_arm64.deb ...
Unpacking geany (2.0-2) ...
Selecting previously unselected package gtk-update-icon-cache.
Preparing to unpack .../gtk-update-icon-cache_4.18.6+ds-2_arm64.deb ...
No diversion 'diversion of /usr/sbin/update-icon-caches to /usr/sbin/update-icon-caches.gtk2 by libgtk-3-bin', none removed.
No diversion 'diversion of /usr/share/man/man8/update-icon-caches.8.gz to /usr/share/man/man8/update-icon-caches.gtk2.8.gz by libgtk-3-bin', none removed.
Unpacking gtk-update-icon-cache (4.18.6+ds-2) ...
Selecting previously unselected package hicolor-icon-theme.
Preparing to unpack .../hicolor-icon-theme_0.18-2_all.deb ...
Unpacking hicolor-icon-theme (0.18-2) ...
Selecting previously unselected package libatk-bridge2.0-0t64:arm64.
Preparing to unpack .../libatk-bridge2.0-0t64_2.56.2-1+deb13u1_arm64.deb ...
Unpacking libatk-bridge2.0-0t64:arm64 (2.56.2-1+deb13u1) ...
Selecting previously unselected package libatk1.0-0t64:arm64.
Preparing to unpack .../libatk1.0-0t64_2.56.2-1+deb13u1_arm64.deb ...
Unpacking libatk1.0-0t64:arm64 (2.56.2-1+deb13u1) ...
Selecting previously unselected package libatspi2.0-0t64:arm64.
Preparing to unpack .../libatspi2.0-0t64_2.56.2-1+deb13u1_arm64.deb ...
Unpacking libatspi2.0-0t64:arm64 (2.56.2-1+deb13u1) ...
Selecting previously unselected package libcloudproviders0:arm64.
Preparing to unpack .../libcloudproviders0_0.3.6-2_arm64.deb ...
Unpacking libcloudproviders0:arm64 (0.3.6-2) ...
Selecting previously unselected package libcolord2:arm64.
Preparing to unpack .../libcolord2_1.4.7-3_arm64.deb ...
Unpacking libcolord2:arm64 (1.4.7-3) ...
Selecting previously unselected package libdconf1:arm64.
Preparing to unpack .../libdconf1_0.40.0-5_arm64.deb ...
Unpacking libdconf1:arm64 (0.40.0-5) ...
Selecting previously unselected package libepoxy0:arm64.
Preparing to unpack .../libepoxy0_1.5.10-2_arm64.deb ...
Unpacking libepoxy0:arm64 (1.5.10-2) ...
Selecting previously unselected package libexif12:arm64.
Preparing to unpack .../libexif12_0.6.25-1+deb13u1_arm64.deb ...
Unpacking libexif12:arm64 (0.6.25-1+deb13u1) ...
Selecting previously unselected package libexo-2-0:arm64.
Preparing to unpack .../libexo-2-0_4.20.0-1_arm64.deb ...
Unpacking libexo-2-0:arm64 (4.20.0-1) ...
Selecting previously unselected package libexo-common.
Preparing to unpack .../libexo-common_4.20.0-1_all.deb ...
Unpacking libexo-common (4.20.0-1) ...
Selecting previously unselected package libgtk-3-0t64:arm64.
Preparing to unpack .../libgtk-3-0t64_3.24.49-3_arm64.deb ...
Unpacking libgtk-3-0t64:arm64 (3.24.49-3) ...
Selecting previously unselected package libgtk-3-common.
Preparing to unpack .../libgtk-3-common_3.24.49-3_all.deb ...
Unpacking libgtk-3-common (3.24.49-3) ...
Selecting previously unselected package libgudev-1.0-0:arm64.
Preparing to unpack .../libgudev-1.0-0_238-6_arm64.deb ...
Unpacking libgudev-1.0-0:arm64 (238-6) ...
Selecting previously unselected package libnotify4:arm64.
Preparing to unpack .../libnotify4_0.8.6-1_arm64.deb ...
Unpacking libnotify4:arm64 (0.8.6-1) ...
Selecting previously unselected package libpam-systemd:arm64.
Preparing to unpack .../libpam-systemd_257.13-1~deb13u1_arm64.deb ...
Unpacking libpam-systemd:arm64 (257.13-1~deb13u1) ...
Selecting previously unselected package libstartup-notification0:arm64.
Preparing to unpack .../libstartup-notification0_0.12-8_arm64.deb ...
Unpacking libstartup-notification0:arm64 (0.12-8) ...
Selecting previously unselected package libsystemd-shared:arm64.
Preparing to unpack .../libsystemd-shared_257.13-1~deb13u1_arm64.deb ...
Unpacking libsystemd-shared:arm64 (257.13-1~deb13u1) ...
Selecting previously unselected package libthunarx-3-0:arm64.
Preparing to unpack .../libthunarx-3-0_4.20.2-1+deb13u1_arm64.deb ...
Unpacking libthunarx-3-0:arm64 (4.20.2-1+deb13u1) ...
Selecting previously unselected package libwayland-client0:arm64.
Preparing to unpack .../libwayland-client0_1.23.1-3_arm64.deb ...
Unpacking libwayland-client0:arm64 (1.23.1-3) ...
Selecting previously unselected package libwayland-cursor0:arm64.
Preparing to unpack .../libwayland-cursor0_1.23.1-3_arm64.deb ...
Unpacking libwayland-cursor0:arm64 (1.23.1-3) ...
Selecting previously unselected package libwayland-egl1:arm64.
Preparing to unpack .../libwayland-egl1_1.23.1-3_arm64.deb ...
Unpacking libwayland-egl1:arm64 (1.23.1-3) ...
Selecting previously unselected package libxcb-util1:arm64.
Preparing to unpack .../libxcb-util1_0.4.1-1_arm64.deb ...
Unpacking libxcb-util1:arm64 (0.4.1-1) ...
Selecting previously unselected package libxfce4ui-2-0:arm64.
Preparing to unpack .../libxfce4ui-2-0_4.20.1-1_arm64.deb ...
Unpacking libxfce4ui-2-0:arm64 (4.20.1-1) ...
Selecting previously unselected package libxfce4ui-common.
Preparing to unpack .../libxfce4ui-common_4.20.1-1_all.deb ...
Unpacking libxfce4ui-common (4.20.1-1) ...
Selecting previously unselected package libxfce4util-common.
Preparing to unpack .../libxfce4util-common_4.20.1-1_all.deb ...
Unpacking libxfce4util-common (4.20.1-1) ...
Selecting previously unselected package libxfce4util7:arm64.
Preparing to unpack .../libxfce4util7_4.20.1-1_arm64.deb ...
Unpacking libxfce4util7:arm64 (4.20.1-1) ...
Selecting previously unselected package libxfconf-0-3:arm64.
Preparing to unpack .../libxfconf-0-3_4.20.0-1_arm64.deb ...
Unpacking libxfconf-0-3:arm64 (4.20.0-1) ...
Selecting previously unselected package libxkbcommon0:arm64.
Preparing to unpack .../libxkbcommon0_1.7.0-2_arm64.deb ...
Unpacking libxkbcommon0:arm64 (1.7.0-2) ...
Selecting previously unselected package systemd-sysv.
dpkg: regarding .../systemd-sysv_257.13-1~deb13u1_arm64.deb containing systemd-sysv, pre-dependency problem:
 systemd-sysv pre-depends on systemd
  systemd is not installed.

dpkg: error processing archive /data/user/0/io.taowen.bx/files/rootfs/var/cache/apt/archives/systemd-sysv_257.13-1~deb13u1_arm64.deb (--unpack):
 pre-dependency problem - not installing systemd-sysv
Selecting previously unselected package systemd.
dpkg: regarding .../systemd_257.13-1~deb13u1_arm64.deb containing systemd, pre-dependency problem:
 systemd pre-depends on libsystemd-shared (= 257.13-1~deb13u1)
  libsystemd-shared:arm64 is unpacked, but has never been configured.

dpkg: error processing archive /data/user/0/io.taowen.bx/files/rootfs/var/cache/apt/archives/systemd_257.13-1~deb13u1_arm64.deb (--unpack):
 pre-dependency problem - not installing systemd
Selecting previously unselected package thunar-data.
Preparing to unpack .../thunar-data_4.20.2-1+deb13u1_all.deb ...
Unpacking thunar-data (4.20.2-1+deb13u1) ...
Selecting previously unselected package thunar.
Preparing to unpack .../thunar_4.20.2-1+deb13u1_arm64.deb ...
Unpacking thunar (4.20.2-1+deb13u1) ...
Selecting previously unselected package xfconf.
Preparing to unpack .../xfconf_4.20.0-1_arm64.deb ...
Unpacking xfconf (4.20.0-1) ...
Selecting previously unselected package xkb-data.
Preparing to unpack .../xkb-data_2.42-1_all.deb ...
Unpacking xkb-data (2.42-1) ...
Processing triggers for libglib2.0-0t64:arm64 (2.84.4-3~deb13u3) ...
Processing triggers for man-db (2.13.1-1) ...
setpriv: keep process capabilities failed: Operation not permitted
Processing triggers for libc-bin (2.41-12+deb13u3) ...
Errors were encountered while processing:
 /data/user/0/io.taowen.bx/files/rootfs/var/cache/apt/archives/systemd-sysv_257.13-1~deb13u1_arm64.deb
 /data/user/0/io.taowen.bx/files/rootfs/var/cache/apt/archives/systemd_257.13-1~deb13u1_arm64.deb
bionicx unpack wave remaining=2
bionicx-exec: primary pid=14726 exited status=0x0; draining session
bionicx-exec: session drained children=0
bionicx-exec: running untraced pid=15878
bionicx ELF fixups: 1511 entries
bionicx-exec: primary pid=15878 exited status=0x0; draining session
bionicx-exec: session drained children=0
bionicx-exec: running untraced pid=19739
Setting up gtk-update-icon-cache (4.18.6+ds-2) ...
Setting up desktop-file-utils (0.28-1) ...
Setting up hicolor-icon-theme (0.18-2) ...
Setting up geany-common (2.0-2) ...
rmdir: failed to remove '/usr/share/icons/Tango': No such file or directory
Setting up libexo-common (4.20.0-1) ...
Setting up libxfce4util-common (4.20.1-1) ...
Setting up libcloudproviders0:arm64 (0.3.6-2) ...
Setting up xkb-data (2.42-1) ...
Setting up libcolord2:arm64 (1.4.7-3) ...
Setting up libxcb-util1:arm64 (0.4.1-1) ...
Setting up libdconf1:arm64 (0.40.0-5) ...
dpkg: dependency problems prevent configuration of dbus-user-session:
 dbus-user-session depends on systemd; however:
  Package systemd is not installed.

dpkg: error processing package dbus-user-session (--configure):
 dependency problems - leaving unconfigured
Setting up adwaita-icon-theme (48.1-1) ...
update-alternatives: using /usr/share/icons/Adwaita/cursor.theme to provide /usr/share/icons/default/index.theme (x-cursor-theme) in auto mode
Setting up libepoxy0:arm64 (1.5.10-2) ...
Setting up libnotify4:arm64 (0.8.6-1) ...
Setting up libatspi2.0-0t64:arm64 (2.56.2-1+deb13u1) ...
Setting up libexif12:arm64 (0.6.25-1+deb13u1) ...
Setting up libsystemd-shared:arm64 (257.13-1~deb13u1) ...
Setting up at-spi2-common (2.56.2-1+deb13u1) ...
dpkg: dependency problems prevent configuration of libpam-systemd:arm64:
 libpam-systemd:arm64 depends on systemd (= 257.13-1~deb13u1); however:
  Package systemd is not installed.
 libpam-systemd:arm64 depends on systemd-sysv; however:
  Package systemd-sysv is not installed.

dpkg: error processing package libpam-systemd:arm64 (--configure):
 dependency problems - leaving unconfigured
Setting up libxfce4util7:arm64 (4.20.1-1) ...
Setting up libwayland-egl1:arm64 (1.23.1-3) ...
Setting up libxfce4ui-common (4.20.1-1) ...
dpkg: dependency problems prevent configuration of xfconf:
 xfconf depends on default-dbus-session-bus | dbus-session-bus; however:
  Package default-dbus-session-bus is not installed.
  Package dbus-user-session which provides default-dbus-session-bus is not configured yet.
  Package dbus-session-bus is not installed.
  Package dbus-user-session which provides dbus-session-bus is not configured yet.

dpkg: error processing package xfconf (--configure):
 dependency problems - leaving unconfigured
Setting up thunar-data (4.20.2-1+deb13u1) ...
Setting up libgudev-1.0-0:arm64 (238-6) ...
Setting up libstartup-notification0:arm64 (0.12-8) ...
Setting up libxkbcommon0:arm64 (1.7.0-2) ...
Setting up libwayland-client0:arm64 (1.23.1-3) ...
dpkg: dependency problems prevent configuration of libxfconf-0-3:arm64:
 libxfconf-0-3:arm64 depends on xfconf; however:
  Package xfconf is not configured yet.

dpkg: error processing package libxfconf-0-3:arm64 (--configure):
 dependency problems - leaving unconfigured
Setting up libatk1.0-0t64:arm64 (2.56.2-1+deb13u1) ...
dpkg: dependency problems prevent configuration of libthunarx-3-0:arm64:
 libthunarx-3-0:arm64 depends on libxfconf-0-3 (>= 4.6.0); however:
  Package libxfconf-0-3:arm64 is not configured yet.

dpkg: error processing package libthunarx-3-0:arm64 (--configure):
 dependency problems - leaving unconfigured
dpkg: dependency problems prevent configuration of libxfce4ui-2-0:arm64:
 libxfce4ui-2-0:arm64 depends on libxfconf-0-3 (>= 4.6.0); however:
  Package libxfconf-0-3:arm64 is not configured yet.

dpkg: error processing package libxfce4ui-2-0:arm64 (--configure):
 dependency problems - leaving unconfigured
dpkg: dependency problems prevent configuration of dconf-service:
 dconf-service depends on default-dbus-session-bus | dbus-session-bus; however:
  Package default-dbus-session-bus is not installed.
  Package dbus-user-session which provides default-dbus-session-bus is not configured yet.
  Package dbus-session-bus is not installed.
  Package dbus-user-session which provides dbus-session-bus is not configured yet.

dpkg: error processing package dconf-service (--configure):
 dependency problems - leaving unconfigured
dpkg: dependency problems prevent configuration of thunar:
 thunar depends on libthunarx-3-0 (>= 1.7.0); however:
  Package libthunarx-3-0:arm64 is not configured yet.
 thunar depends on libxfce4ui-2-0 (>= 4.17.6); however:
  Package libxfce4ui-2-0:arm64 is not configured yet.
 thunar depends on libxfconf-0-3 (>= 4.6.0); however:
  Package libxfconf-0-3:arm64 is not configured yet.

dpkg: error processing package thunar (--configure):
 dependency problems - leaving unconfigured
dpkg: dependency problems prevent configuration of exo-utils:
 exo-utils depends on libxfce4ui-2-0 (>= 4.15.1); however:
  Package libxfce4ui-2-0:arm64 is not configured yet.

dpkg: error processing package exo-utils (--configure):
 dependency problems - leaving unconfigured
Setting up libwayland-cursor0:arm64 (1.23.1-3) ...
Setting up libatk-bridge2.0-0t64:arm64 (2.56.2-1+deb13u1) ...
dpkg: dependency problems prevent configuration of dconf-gsettings-backend:arm64:
 dconf-gsettings-backend:arm64 depends on dconf-service (<< 0.40.0-5.1~); however:
  Package dconf-service is not configured yet.
 dconf-gsettings-backend:arm64 depends on dconf-service (>= 0.40.0-5); however:
  Package dconf-service is not configured yet.

dpkg: error processing package dconf-gsettings-backend:arm64 (--configure):
 dependency problems - leaving unconfigured
dpkg: dependency problems prevent configuration of libgtk-3-common:
 libgtk-3-common depends on dconf-gsettings-backend | gsettings-backend; however:
  Package dconf-gsettings-backend:arm64 is not configured yet.
  Package gsettings-backend is not installed.
  Package dconf-gsettings-backend:arm64 which provides gsettings-backend is not configured yet.

dpkg: error processing package libgtk-3-common (--configure):
 dependency problems - leaving unconfigured
dpkg: dependency problems prevent configuration of libgtk-3-0t64:arm64:
 libgtk-3-0t64:arm64 depends on libgtk-3-common (>= 3.24.49-3); however:
  Package libgtk-3-common is not configured yet.

dpkg: error processing package libgtk-3-0t64:arm64 (--configure):
 dependency problems - leaving unconfigured
dpkg: dependency problems prevent configuration of geany:
 geany depends on libgtk-3-0t64 (>= 3.21.5); however:
  Package libgtk-3-0t64:arm64 is not configured yet.

dpkg: error processing package geany (--configure):
 dependency problems - leaving unconfigured
dpkg: dependency problems prevent configuration of libexo-2-0:arm64:
 libexo-2-0:arm64 depends on libgtk-3-0t64 (>= 3.21.4); however:
  Package libgtk-3-0t64:arm64 is not configured yet.

dpkg: error processing package libexo-2-0:arm64 (--configure):
 dependency problems - leaving unconfigured
Processing triggers for libc-bin (2.41-12+deb13u3) ...
Errors were encountered while processing:
 dbus-user-session
 libpam-systemd:arm64
 xfconf
 libxfconf-0-3:arm64
 libthunarx-3-0:arm64
 libxfce4ui-2-0:arm64
 dconf-service
 thunar
 exo-utils
 dconf-gsettings-backend:arm64
 libgtk-3-common
 libgtk-3-0t64:arm64
 geany
 libexo-2-0:arm64
bionicx-exec: primary pid=19739 exited status=0x100; draining session
bionicx-exec: session drained children=0
bionicx-exec: running untraced pid=19759
dpkg: regarding .../systemd-sysv_257.13-1~deb13u1_arm64.deb containing systemd-sysv, pre-dependency problem:
 systemd-sysv pre-depends on systemd
  systemd is not installed.

dpkg: error processing archive /data/user/0/io.taowen.bx/files/rootfs/var/cache/apt/archives/systemd-sysv_257.13-1~deb13u1_arm64.deb (--unpack):
 pre-dependency problem - not installing systemd-sysv
(Reading database ... 14553 files and directories currently installed.)
Preparing to unpack .../systemd_257.13-1~deb13u1_arm64.deb ...
Unpacking systemd (257.13-1~deb13u1) ...
Processing triggers for procps (2:4.0.4-9) ...
grep: /proc/1/environ: Permission denied
procps: Applying updated sysctl configuration
sysctl: permission denied on key "kernel.core_pattern"
sysctl: permission denied on key "kernel.pid_max"
Processing triggers for dbus (1.16.2-2) ...
Processing triggers for man-db (2.13.1-1) ...
setpriv: keep process capabilities failed: Operation not permitted
Processing triggers for shared-mime-info (2.4-5+b2) ...
Errors were encountered while processing:
 /data/user/0/io.taowen.bx/files/rootfs/var/cache/apt/archives/systemd-sysv_257.13-1~deb13u1_arm64.deb
bionicx unpack wave remaining=1
bionicx-exec: primary pid=19759 exited status=0x0; draining session
bionicx-exec: session drained children=0
bionicx-exec: running untraced pid=19836
bionicx ELF fixups: 1695 entries
bionicx-exec: primary pid=19836 exited status=0x0; draining session
bionicx-exec: session drained children=0
bionicx-exec: running untraced pid=24093
Setting up systemd (257.13-1~deb13u1) ...
Created symlink '/data/user/0/io.taowen.bx/files/rootfs/etc/systemd/system/getty.target.wants/getty@tty1.service' → '/usr/lib/systemd/system/getty@.service'.
Created symlink '/data/user/0/io.taowen.bx/files/rootfs/etc/systemd/system/multi-user.target.wants/remote-fs.target' → '/usr/lib/systemd/system/remote-fs.target'.
Created symlink '/data/user/0/io.taowen.bx/files/rootfs/etc/systemd/system/sysinit.target.wants/systemd-pstore.service' → '/usr/lib/systemd/system/systemd-pstore.service'.
Creating group 'systemd-journal' with GID 998.
Creating group 'systemd-network' with GID 997.
Creating user 'systemd-network' (systemd Network Management) with UID 997 and GID 997.
/data/user/0/io.taowen.bx/files/rootfs/usr/lib/tmpfiles.d/legacy.conf:14: Duplicate line for path "/data/user/0/io.taowen.bx/files/rootfs/run/lock", ignoring.
fchmod() of /data/user/0/io.taowen.bx/files/rootfs/etc/credstore failed: Bad file descriptor
fchmod() of /data/user/0/io.taowen.bx/files/rootfs/etc/credstore.encrypted failed: Bad file descriptor
fchmod() of /data/user/0/io.taowen.bx/files/rootfs/run/sendsigs.omit.d failed: Bad file descriptor
fchmod() of /data/user/0/io.taowen.bx/files/rootfs/run/lock failed: Bad file descriptor
fchmod() of /data/user/0/io.taowen.bx/files/rootfs/run/lock/subsys failed: Bad file descriptor
fchmod() of /data/user/0/io.taowen.bx/files/rootfs/root failed: Bad file descriptor
fchmod() of /data/user/0/io.taowen.bx/files/rootfs/root/.ssh failed: Bad file descriptor
fchmod() of /data/user/0/io.taowen.bx/files/rootfs/run/systemd/netif failed: Bad file descriptor
fchmod() of /data/user/0/io.taowen.bx/files/rootfs/run/systemd/netif/links failed: Bad file descriptor
fchmod() of /data/user/0/io.taowen.bx/files/rootfs/run/systemd/netif/leases failed: Bad file descriptor
fchmod() of /data/user/0/io.taowen.bx/files/rootfs/var/lib/systemd failed: Bad file descriptor
fchmod() of /data/user/0/io.taowen.bx/files/rootfs/var/lib/systemd/network failed: Bad file descriptor
fchmod() of /data/user/0/io.taowen.bx/files/rootfs/var/lib/systemd/pstore failed: Bad file descriptor
fchmod() of /data/user/0/io.taowen.bx/files/rootfs/run/user failed: Bad file descriptor
fchmod() of /data/user/0/io.taowen.bx/files/rootfs/run/systemd/ask-password failed: Bad file descriptor
fchmod() of /data/user/0/io.taowen.bx/files/rootfs/run/systemd/seats failed: Bad file descriptor
fchmod() of /data/user/0/io.taowen.bx/files/rootfs/run/systemd/sessions failed: Bad file descriptor
fchmod() of /data/user/0/io.taowen.bx/files/rootfs/run/systemd/users failed: Bad file descriptor
fchmod() of /data/user/0/io.taowen.bx/files/rootfs/run/systemd/machines failed: Bad file descriptor
fchmod() of /data/user/0/io.taowen.bx/files/rootfs/run/systemd/shutdown failed: Bad file descriptor
fchmod() of /data/user/0/io.taowen.bx/files/rootfs/run/log failed: Bad file descriptor
fchmod() of /data/user/0/io.taowen.bx/files/rootfs/var/lib/systemd/coredump failed: Bad file descriptor
fchmod() of /data/user/0/io.taowen.bx/files/rootfs/var/lib/systemd/ephemeral-trees failed: Bad file descriptor
fchmod() of /data/user/0/io.taowen.bx/files/rootfs/var/lib/private failed: Bad file descriptor
fchmod() of /data/user/0/io.taowen.bx/files/rootfs/var/log/private failed: Bad file descriptor
fchmod() of /data/user/0/io.taowen.bx/files/rootfs/var/cache/private failed: Bad file descriptor
fchmod() of /data/user/0/io.taowen.bx/files/rootfs/tmp failed: Bad file descriptor
fchmod() of /data/user/0/io.taowen.bx/files/rootfs/var/tmp failed: Bad file descriptor
Cannot set file attributes for '/data/user/0/io.taowen.bx/files/rootfs/var/log/journal', maybe due to incompatibility in specified attributes, previous=0x10001800, current=0x10001800, expected=0x10801800, ignoring.
fchmod() of /data/user/0/io.taowen.bx/files/rootfs/var/log/journal failed: Bad file descriptor
dpkg: dependency problems prevent configuration of libpam-systemd:arm64:
 libpam-systemd:arm64 depends on systemd-sysv; however:
  Package systemd-sysv is not installed.

dpkg: error processing package libpam-systemd:arm64 (--configure):
 dependency problems - leaving unconfigured
dpkg: dependency problems prevent configuration of dbus-user-session:
 dbus-user-session depends on libpam-systemd; however:
  Package libpam-systemd:arm64 is not configured yet.

dpkg: error processing package dbus-user-session (--configure):
 dependency problems - leaving unconfigured
dpkg: dependency problems prevent configuration of xfconf:
 xfconf depends on default-dbus-session-bus | dbus-session-bus; however:
  Package default-dbus-session-bus is not installed.
  Package dbus-user-session which provides default-dbus-session-bus is not configured yet.
  Package dbus-session-bus is not installed.
  Package dbus-user-session which provides dbus-session-bus is not configured yet.

dpkg: error processing package xfconf (--configure):
 dependency problems - leaving unconfigured
dpkg: dependency problems prevent configuration of libxfconf-0-3:arm64:
 libxfconf-0-3:arm64 depends on xfconf; however:
  Package xfconf is not configured yet.

dpkg: error processing package libxfconf-0-3:arm64 (--configure):
 dependency problems - leaving unconfigured
dpkg: dependency problems prevent configuration of libthunarx-3-0:arm64:
 libthunarx-3-0:arm64 depends on libxfconf-0-3 (>= 4.6.0); however:
  Package libxfconf-0-3:arm64 is not configured yet.

dpkg: error processing package libthunarx-3-0:arm64 (--configure):
 dependency problems - leaving unconfigured
dpkg: dependency problems prevent configuration of libxfce4ui-2-0:arm64:
 libxfce4ui-2-0:arm64 depends on libxfconf-0-3 (>= 4.6.0); however:
  Package libxfconf-0-3:arm64 is not configured yet.

dpkg: error processing package libxfce4ui-2-0:arm64 (--configure):
 dependency problems - leaving unconfigured
dpkg: dependency problems prevent configuration of dconf-service:
 dconf-service depends on default-dbus-session-bus | dbus-session-bus; however:
  Package default-dbus-session-bus is not installed.
  Package dbus-user-session which provides default-dbus-session-bus is not configured yet.
  Package dbus-session-bus is not installed.
  Package dbus-user-session which provides dbus-session-bus is not configured yet.

dpkg: error processing package dconf-service (--configure):
 dependency problems - leaving unconfigured
dpkg: dependency problems prevent configuration of thunar:
 thunar depends on libthunarx-3-0 (>= 1.7.0); however:
  Package libthunarx-3-0:arm64 is not configured yet.
 thunar depends on libxfce4ui-2-0 (>= 4.17.6); however:
  Package libxfce4ui-2-0:arm64 is not configured yet.
 thunar depends on libxfconf-0-3 (>= 4.6.0); however:
  Package libxfconf-0-3:arm64 is not configured yet.

dpkg: error processing package thunar (--configure):
 dependency problems - leaving unconfigured
dpkg: dependency problems prevent configuration of exo-utils:
 exo-utils depends on libxfce4ui-2-0 (>= 4.15.1); however:
  Package libxfce4ui-2-0:arm64 is not configured yet.

dpkg: error processing package exo-utils (--configure):
 dependency problems - leaving unconfigured
dpkg: dependency problems prevent configuration of dconf-gsettings-backend:arm64:
 dconf-gsettings-backend:arm64 depends on dconf-service (<< 0.40.0-5.1~); however:
  Package dconf-service is not configured yet.
 dconf-gsettings-backend:arm64 depends on dconf-service (>= 0.40.0-5); however:
  Package dconf-service is not configured yet.

dpkg: error processing package dconf-gsettings-backend:arm64 (--configure):
 dependency problems - leaving unconfigured
dpkg: dependency problems prevent configuration of libgtk-3-common:
 libgtk-3-common depends on dconf-gsettings-backend | gsettings-backend; however:
  Package dconf-gsettings-backend:arm64 is not configured yet.
  Package gsettings-backend is not installed.
  Package dconf-gsettings-backend:arm64 which provides gsettings-backend is not configured yet.

dpkg: error processing package libgtk-3-common (--configure):
 dependency problems - leaving unconfigured
dpkg: dependency problems prevent configuration of libgtk-3-0t64:arm64:
 libgtk-3-0t64:arm64 depends on libgtk-3-common (>= 3.24.49-3); however:
  Package libgtk-3-common is not configured yet.

dpkg: error processing package libgtk-3-0t64:arm64 (--configure):
 dependency problems - leaving unconfigured
dpkg: dependency problems prevent configuration of geany:
 geany depends on libgtk-3-0t64 (>= 3.21.5); however:
  Package libgtk-3-0t64:arm64 is not configured yet.

dpkg: error processing package geany (--configure):
 dependency problems - leaving unconfigured
dpkg: dependency problems prevent configuration of libexo-2-0:arm64:
 libexo-2-0:arm64 depends on libgtk-3-0t64 (>= 3.21.4); however:
  Package libgtk-3-0t64:arm64 is not configured yet.

dpkg: error processing package libexo-2-0:arm64 (--configure):
 dependency problems - leaving unconfigured
Errors were encountered while processing:
 libpam-systemd:arm64
 dbus-user-session
 xfconf
 libxfconf-0-3:arm64
 libthunarx-3-0:arm64
 libxfce4ui-2-0:arm64
 dconf-service
 thunar
 exo-utils
 dconf-gsettings-backend:arm64
 libgtk-3-common
 libgtk-3-0t64:arm64
 geany
 libexo-2-0:arm64
bionicx-exec: primary pid=24093 exited status=0x100; draining session
bionicx-exec: session drained children=0
bionicx-exec: running untraced pid=24112
(Reading database ... 15474 files and directories currently installed.)
Preparing to unpack .../systemd-sysv_257.13-1~deb13u1_arm64.deb ...
Unpacking systemd-sysv (257.13-1~deb13u1) ...
Processing triggers for man-db (2.13.1-1) ...
setpriv: keep process capabilities failed: Operation not permitted
bionicx unpack wave remaining=0
bionicx-exec: primary pid=24112 exited status=0x0; draining session
bionicx-exec: session drained children=0
bionicx-exec: running untraced pid=24154
bionicx ELF fixups: 1695 entries
bionicx-exec: primary pid=24154 exited status=0x0; draining session
bionicx-exec: session drained children=0
bionicx-exec: running untraced pid=24173
Setting up systemd-sysv (257.13-1~deb13u1) ...
Setting up libpam-systemd:arm64 (257.13-1~deb13u1) ...
Setting up dbus-user-session (1.16.2-2) ...
Setting up xfconf (4.20.0-1) ...
Setting up libxfconf-0-3:arm64 (4.20.0-1) ...
Setting up dconf-service (0.40.0-5) ...
Setting up dconf-gsettings-backend:arm64 (0.40.0-5) ...
Setting up libgtk-3-common (3.24.49-3) ...
Setting up libgtk-3-0t64:arm64 (3.24.49-3) ...
Setting up geany (2.0-2) ...
Setting up libexo-2-0:arm64 (4.20.0-1) ...
Setting up libxfce4ui-2-0:arm64 (4.20.1-1) ...
Setting up exo-utils (4.20.0-1) ...
Setting up libthunarx-3-0:arm64 (4.20.2-1+deb13u1) ...
Setting up thunar (4.20.2-1+deb13u1) ...
Processing triggers for libc-bin (2.41-12+deb13u3) ...
bionicx-exec: primary pid=24173 exited status=0x0; draining session
bionicx-exec: session drained children=0
bionicx-exec: running untraced pid=24203
Reading package lists...
Building dependency tree...
Reading state information...
0 upgraded, 0 newly installed, 0 to remove and 0 not upgraded.
bionicx-exec: primary pid=24203 exited status=0x0; draining session
bionicx-exec: session drained children=0
bionicx-exec: running untraced pid=24210
adwaita-icon-theme set to automatically installed.
at-spi2-common set to automatically installed.
dbus-user-session set to automatically installed.
dconf-gsettings-backend set to automatically installed.
dconf-service set to automatically installed.
desktop-file-utils set to automatically installed.
exo-utils set to automatically installed.
geany set to automatically installed.
geany-common set to automatically installed.
gtk-update-icon-cache set to automatically installed.
hicolor-icon-theme set to automatically installed.
libatk-bridge2.0-0t64 set to automatically installed.
libatk1.0-0t64 set to automatically installed.
libatspi2.0-0t64 set to automatically installed.
libcloudproviders0 set to automatically installed.
libcolord2 set to automatically installed.
libdconf1 set to automatically installed.
libepoxy0 set to automatically installed.
libexif12 set to automatically installed.
libexo-2-0 set to automatically installed.
libexo-common set to automatically installed.
libgtk-3-0t64 set to automatically installed.
libgtk-3-common set to automatically installed.
libgudev-1.0-0 set to automatically installed.
libnotify4 set to automatically installed.
libpam-systemd set to automatically installed.
libstartup-notification0 set to automatically installed.
libsystemd-shared set to automatically installed.
libthunarx-3-0 set to automatically installed.
libwayland-client0 set to automatically installed.
libwayland-cursor0 set to automatically installed.
libwayland-egl1 set to automatically installed.
libxcb-util1 set to automatically installed.
libxfce4ui-2-0 set to automatically installed.
libxfce4ui-common set to automatically installed.
libxfce4util-common set to automatically installed.
libxfce4util7 set to automatically installed.
libxfconf-0-3 set to automatically installed.
libxkbcommon0 set to automatically installed.
systemd set to automatically installed.
systemd-sysv set to automatically installed.
thunar set to automatically installed.
thunar-data set to automatically installed.
xfconf set to automatically installed.
xkb-data set to automatically installed.
thunar set to manually installed.
geany set to manually installed.
bsdextrautils set to manually installed.
bionicx-exec: primary pid=24210 exited status=0x0; draining session
bionicx-exec: session drained children=0
