==== recapture start 2026-08-14T03:21:27+08:00 seed=ed998c095a1b9384b1f022d06101ac3fc3c61761ac751546bd84edca298e44e2 ====
===== 2026-08-14T03:21:27+08:00 desktop-session =====
profile desktop-session is valid
bionicx-exec: running untraced pid=18127
bionicx-exec: running untraced pid=18142
bionicx ELF fixups: 2 entries
installed profile desktop-session for io.taowen.bx
W/ActivityTaskManager( 2320): Force removing ActivityRecord{8b2b29 u0 io.taowen.bx/com.winlator.BionicXActivity t1218 f}}: app died, no saved state
V/WindowManagerShell( 2661): Transition requested: android.os.BinderProxy@9a3f168 TransitionRequestInfo { type = CLOSE, triggerTask = TaskInfo{userId=0 taskId=1218 displayId=0 isRunning=false baseIntent=Intent { flg=0x10000000 cmp=io.taowen.bx/com.winlator.BionicXActivity } baseActivity=null topActivity=null origActivity=null realActivity=ComponentInfo{io.taowen.bx/com.winlator.BionicXActivity} numActivities=0 lastActiveTime=313026 supportsMultiWindow=true resizeMode=1 isResizeable=true minWidth=-1 minHeight=-1 defaultMinSize=220 token=WCT{android.window.IWindowContainerToken$Stub$Proxy@ccba981} topActivityType=1 pictureInPictureParams=null shouldDockBigOverlays=false launchIntoPipHostTaskId=-1 lastParentTaskIdBeforePip=-1 displayCutoutSafeInsets=null topActivityInfo=null launchCookies=[] positionInParent=Point(0, 0) parentTaskId=-1 isFocused=true isVisible=true isVisibleRequested=true isSleeping=false topActivityInSizeCompat=false topActivityEligibleForLetterboxEducation= false topActivityLetterboxed= false isFromDoubleTap= false topActivityLetterboxVerticalPosition= -1 topActivityLetterboxHorizontalPosition= -1 topActivityLetterboxWidth=-1 topActivityLetterboxHeight=-1 locusId=null displayAreaFeatureId=1 cameraCompatControlState=hidden}, remoteTransition = null, displayChange = null }
W/WindowManager( 2320): Failed to deliver inset control state change to w=Window{bc3cc27 u0 io.taowen.bx/com.winlator.BionicXActivity}
I/Zygote  ( 1294): Process 10860 exited due to signal 9 (Killed)
I/WindowManager( 2320): WIN DEATH: Window{bc3cc27 u0 io.taowen.bx/com.winlator.BionicXActivity}
W/InputManager-JNI( 2320): Input channel object 'bc3cc27 io.taowen.bx/com.winlator.BionicXActivity (client)' was disposed without first being removed with the input manager!
V/WindowManager( 2320): Sent Transition #14 createdAt=08-14 03:21:33.329 via request=TransitionRequestInfo { type = CLOSE, triggerTask = TaskInfo{userId=0 taskId=1218 displayId=0 isRunning=false baseIntent=Intent { flg=0x10000000 cmp=io.taowen.bx/com.winlator.BionicXActivity } baseActivity=null topActivity=null origActivity=null realActivity=ComponentInfo{io.taowen.bx/com.winlator.BionicXActivity} numActivities=0 lastActiveTime=313026 supportsMultiWindow=true resizeMode=1 isResizeable=true minWidth=-1 minHeight=-1 defaultMinSize=220 token=WCT{RemoteToken{791c5c2 Task{d1e0eae #1218 type=standard A=10194:io.taowen.bx}}} topActivityType=1 pictureInPictureParams=null shouldDockBigOverlays=false launchIntoPipHostTaskId=-1 lastParentTaskIdBeforePip=-1 displayCutoutSafeInsets=null topActivityInfo=null launchCookies=[] positionInParent=Point(0, 0) parentTaskId=-1 isFocused=true isVisible=true isVisibleRequested=true isSleeping=false topActivityInSizeCompat=false topActivityEligibleForLetterboxEducation= false topActivityLetterboxed= false isFromDoubleTap= false topActivityLetterboxVerticalPosition= -1 topActivityLetterboxHorizontalPosition= -1 topActivityLetterboxWidth=-1 topActivityLetterboxHeight=-1 locusId=null displayAreaFeatureId=1 cameraCompatControlState=hidden}, remoteTransition = null, displayChange = null }
W/WindowManager( 2320): Failed to deliver inset control state change to w=Window{bc3cc27 u0 io.taowen.bx/com.winlator.BionicXActivity EXITING}
I/ActivityTaskManager( 2320): START u0 {flg=0x10000000 cmp=io.taowen.bx/com.winlator.BionicXActivity} with LAUNCH_MULTIPLE from uid 2000 (BAL_ALLOW_PERMISSION) result code=0
V/WindowManagerShell( 2661): Transition requested: android.os.BinderProxy@269bc62 TransitionRequestInfo { type = OPEN, triggerTask = TaskInfo{userId=0 taskId=1219 displayId=0 isRunning=true baseIntent=Intent { flg=0x10000000 cmp=io.taowen.bx/com.winlator.BionicXActivity } baseActivity=ComponentInfo{io.taowen.bx/com.winlator.BionicXActivity} topActivity=ComponentInfo{io.taowen.bx/com.winlator.BionicXActivity} origActivity=null realActivity=ComponentInfo{io.taowen.bx/com.winlator.BionicXActivity} numActivities=1 lastActiveTime=1122369 supportsMultiWindow=true resizeMode=1 isResizeable=true minWidth=-1 minHeight=-1 defaultMinSize=220 token=WCT{android.window.IWindowContainerToken$Stub$Proxy@43741f3} topActivityType=1 pictureInPictureParams=null shouldDockBigOverlays=false launchIntoPipHostTaskId=-1 lastParentTaskIdBeforePip=-1 displayCutoutSafeInsets=null topActivityInfo=ActivityInfo{6914eb0 com.winlator.BionicXActivity} launchCookies=[] positionInParent=Point(0, 0) parentTaskId=-1 isFocused=false isVisible=false isVisibleRequested=false isSleeping=false topActivityInSizeCompat=false topActivityEligibleForLetterboxEducation= false topActivityLetterboxed= false isFromDoubleTap= false topActivityLetterboxVerticalPosition= -1 topActivityLetterboxHorizontalPosition= -1 topActivityLetterboxWidth=-1 topActivityLetterboxHeight=-1 locusId=null displayAreaFeatureId=1 cameraCompatControlState=hidden}, remoteTransition = null, displayChange = null }
I/ActivityManager( 2320): Start proc 18246:io.taowen.bx/u0a194 for next-top-activity {io.taowen.bx/com.winlator.BionicXActivity}
V/WindowManager( 2320): Sent Transition #15 createdAt=08-14 03:21:33.821 via request=TransitionRequestInfo { type = OPEN, triggerTask = TaskInfo{userId=0 taskId=1219 displayId=0 isRunning=true baseIntent=Intent { flg=0x10000000 cmp=io.taowen.bx/com.winlator.BionicXActivity } baseActivity=ComponentInfo{io.taowen.bx/com.winlator.BionicXActivity} topActivity=ComponentInfo{io.taowen.bx/com.winlator.BionicXActivity} origActivity=null realActivity=ComponentInfo{io.taowen.bx/com.winlator.BionicXActivity} numActivities=1 lastActiveTime=1122369 supportsMultiWindow=true resizeMode=1 isResizeable=true minWidth=-1 minHeight=-1 defaultMinSize=220 token=WCT{RemoteToken{718f7fb Task{41751da #1219 type=standard A=10194:io.taowen.bx}}} topActivityType=1 pictureInPictureParams=null shouldDockBigOverlays=false launchIntoPipHostTaskId=-1 lastParentTaskIdBeforePip=-1 displayCutoutSafeInsets=null topActivityInfo=ActivityInfo{8524018 com.winlator.BionicXActivity} launchCookies=[] positionInParent=Point(0, 0) parentTaskId=-1 isFocused=false isVisible=false isVisibleRequested=false isSleeping=false topActivityInSizeCompat=false topActivityEligibleForLetterboxEducation= false topActivityLetterboxed= false isFromDoubleTap= false topActivityLetterboxVerticalPosition= -1 topActivityLetterboxHorizontalPosition= -1 topActivityLetterboxWidth=-1 topActivityLetterboxHeight=-1 locusId=null displayAreaFeatureId=1 cameraCompatControlState=hidden}, remoteTransition = null, displayChange = null }
W/WindowManager( 2320): Failed to deliver inset control state change to w=Window{bc3cc27 u0 io.taowen.bx/com.winlator.BionicXActivity EXITING}
W/WindowManager( 2320): Failed to deliver inset control state change to w=Window{bc3cc27 u0 io.taowen.bx/com.winlator.BionicXActivity EXITING}
W/WindowManager( 2320): Exception thrown during dispatchAppVisibility Window{bc3cc27 u0 io.taowen.bx/com.winlator.BionicXActivity EXITING}
I/BionicX (18246): profile=desktop-session display=1920x1080@144 socket=filesystem
I/BionicX (18246): enabled D-Bus session service at /data/user/0/io.taowen.bx/files/run/desktop-session/runtime/bus
I/BionicX (18246): enabled app-private CUPS service
I/BionicX (18246): dbus: bionicx-exec: running untraced pid=18287
I/BionicX (18246): cups: bionicx-exec: running untraced pid=18292
I/BionicX (18246): runtime DNS servers=2
I/BionicX (18246): launching IceWM desktop session with two package apps: [/data/user/0/io.taowen.bx/files/bin/bionicx-exec, --cwd, /data/user/0/io.taowen.bx/files/homes/desktop-session, --env, DISPLAY=:0, --env, HOME=/data/user/0/io.taowen.bx/files/homes/desktop-session, --env, TMPDIR=/data/user/0/io.taowen.bx/files/run/desktop-session, --env, XDG_RUNTIME_DIR=/data/user/0/io.taowen.bx/files/run/desktop-session/runtime, --env, XDG_DATA_DIRS=/data/user/0/io.taowen.bx/files/rootfs/usr/local/share:/data/user/0/io.taowen.bx/files/rootfs/usr/share, --env, GSETTINGS_SCHEMA_DIR=/data/user/0/io.taowen.bx/files/rootfs/usr/share/glib-2.0/schemas, --env, GSETTINGS_BACKEND=memory, --env, GDK_PIXBUF_MODULE_FILE=/data/user/0/io.taowen.bx/files/rootfs/usr/lib/aarch64-linux-gnu/gdk-pixbuf-2.0/2.10.0/loaders.cache, --env, PATH=/data/user/0/io.taowen.bx/files/rootfs/usr/bin:/data/user/0/io.taowen.bx/files/rootfs/bin:/product/bin:/system/bin, --env, LANG=C.UTF-8, --env, VK_ICD_FILENAMES=/data/user/0/io.taowen.bx/files/apps/desktop-session/share/vulkan/icd.d/vortek_icd.json, --env, VORTEK_SERVER_PATH=/data/user/0/io.taowen.bx/files/rootfs/tmp/.vortek/V0, --env, BIONICX_DNS_SERVERS=fe80::1%wlan0,192.168.1.1, --env, BIONICX_ROOTFS=/data/user/0/io.taowen.bx/files/rootfs, --env, BIONICX_APP=/data/user/0/io.taowen.bx/files/apps/desktop-session, --env, BIONICX_TMPDIR=/data/user/0/io.taowen.bx/cache, --env, FONTCONFIG_PATH=/data/user/0/io.taowen.bx/files/rootfs/etc/fonts, --env, FONTCONFIG_FILE=fonts.conf, --env, FONTCONFIG_SYSROOT=/data/user/0/io.taowen.bx/files/rootfs, --env, DBUS_SESSION_BUS_ADDRESS=unix:path=/data/user/0/io.taowen.bx/files/run/desktop-session/runtime/bus, --env, CUPS_SERVER=/data/user/0/io.taowen.bx/files/run/desktop-session/../cups/run/cups.sock, --env, LD_PRELOAD=/data/user/0/io.taowen.bx/files/lib/libbionicx-runtime.so, --, /data/user/0/io.taowen.bx/files/apps/desktop-session/bin/desktop-session, --accept, /data/user/0/io.taowen.bx/files/rootfs/usr/bin/icewm, /data/user/0/io.taowen.bx/files/rootfs/usr/bin/xterm, /data/user/0/io.taowen.bx/files/rootfs/usr/bin/mousepad]
D/CoreBackPreview( 2320): Window{a9e018c u0 io.taowen.bx/com.winlator.BionicXActivity}: Setting back callback OnBackInvokedCallbackInfo{mCallback=android.window.IOnBackInvokedCallback$Stub$Proxy@43fceb7, mPriority=0, mIsAnimationCallback=false}
I/BionicX (18246): bionicx-exec: running untraced pid=18298
I/ActivityTaskManager( 2320): Displayed io.taowen.bx/com.winlator.BionicXActivity for user 0: +228ms
I/BionicX (18246): BXTEST PASS desktop-session-launch icewm=18299 app1=18323 app2=18328
I/BionicX (18246): 
I/BionicX (18246): (mousepad:18328): dbind-WARNING **: 19:21:34.785: AT-SPI: Error retrieving accessibility bus address: org.freedesktop.DBus.Error.ServiceUnknown: The name org.a11y.Bus was not provided by any .service files
I/BionicX (18246): BXTEST PASS session-display :0
I/BionicX (18246): BXTEST PASS session-two-mapped xterm=0x800014 mousepad=0xc00003
I/BionicX (18246): BXTEST PASS session-switch-xterm focus=xterm
I/BionicX (18246): BXTEST PASS session-switch-mousepad focus=mousepad
I/BionicX (18246): BXTEST PASS session-resize-xterm 644x340 -> 740x382
I/BionicX (18246): BXTEST PASS session-close-mousepad client withdrawn
I/BionicX (18246): BXINFO reopen-start pid=18374
I/BionicX (18246): 
I/BionicX (18246): (mousepad:18374): dbind-WARNING **: 19:21:36.603: AT-SPI: Error retrieving accessibility bus address: org.freedesktop.DBus.Error.ServiceUnknown: The name org.a11y.Bus was not provided by any .service files
I/BionicX (18246): BXTEST PASS session-reopen-mousepad pid=18374 alive=1
I/BionicX (18246): BXSUMMARY desktop-session-accept passed=7 failed=0
I/Zygote  ( 1294): Process 18147 exited due to signal 9 (Killed)
I/Zygote  ( 1294): Process 18579 exited due to signal 9 (Killed)
desktop-session alive=1 bytes=61218 shot=/tmp/grok-goal-3794b08cb732/implementer/desktop-session.png
==== recapture done 2026-08-14T03:27:36+08:00 ====
===== 2026-08-14T03:37:45+08:00 cups-probe =====
/var/home/taowen/projects/glibc-on-bionic/bionicx/build/cups-probe-bundle
profile cups-probe is valid
bionicx-exec: running untraced pid=8019
bionicx-exec: running untraced pid=8032
cups-probe: destinations=1
cups-probe: destination=bionicx-test instance=
cupsGetDests probe: PASS
cups-probe rc=0
==== 2026-08-14T04:00:13+08:00 desktop-gpu recapture ====
profile vulkan-probe is valid
vulkan swapchain probe and host minImageCount=2: PASS
profile glx-probe is valid
glx-probe install stays on the shared seed: PASS
profile chrome is valid
chrome vulkan profile keeps ANGLE/Vortek and the pinned deb: PASS
===== 2026-08-14T04:00:21+08:00 vulkan-probe =====
/var/home/taowen/projects/glibc-on-bionic/bionicx/build/vulkan-probe-bundle/rootfs/usr/lib/libX11.so.6
/var/home/taowen/projects/glibc-on-bionic/bionicx/build/vulkan-probe-bundle/rootfs/usr/lib/libXau.so.6
/var/home/taowen/projects/glibc-on-bionic/bionicx/build/vulkan-probe-bundle/rootfs/usr/lib/libXdmcp.so.6
/var/home/taowen/projects/glibc-on-bionic/bionicx/build/vulkan-probe-bundle/rootfs/usr/lib/libXext.so.6
/var/home/taowen/projects/glibc-on-bionic/bionicx/build/vulkan-probe-bundle/rootfs/usr/lib/libXfixes.so.3
/var/home/taowen/projects/glibc-on-bionic/bionicx/build/vulkan-probe-bundle/rootfs/usr/lib/libXi.so.6
/var/home/taowen/projects/glibc-on-bionic/bionicx/build/vulkan-probe-bundle/rootfs/usr/lib/libXrandr.so.2
/var/home/taowen/projects/glibc-on-bionic/bionicx/build/vulkan-probe-bundle/rootfs/usr/lib/libXrender.so.1
/var/home/taowen/projects/glibc-on-bionic/bionicx/build/vulkan-probe-bundle/rootfs/usr/lib/libresolv.so.2
/var/home/taowen/projects/glibc-on-bionic/bionicx/build/vulkan-probe-bundle/rootfs/usr/lib/libxcb.so.1
relocated 10 files
/var/home/taowen/projects/glibc-on-bionic/bionicx/build/vulkan-probe-bundle
/var/home/taowen/projects/glibc-on-bionic/bionicx/build/vulkan-probe-bundle/app/lib/libvulkan_vortek.so
/var/home/taowen/projects/glibc-on-bionic/bionicx/build/vulkan-probe-bundle
profile vulkan-probe is valid
bionicx-exec: running untraced pid=16974
bionicx-exec: running untraced pid=16985
bionicx ELF fixups: 10 entries
installed profile vulkan-probe for io.taowen.bx
BXTEST PASS host-vulkan-compositor pixels=174537 bounds=0,0-639,359 triangle=55756 triangleBounds=90,51-549,291 size=1920x1080
I/BionicX (17133): enabled Vulkan host service at /data/user/0/io.taowen.bx/files/rootfs/tmp/.vortek/V0
I/BionicX (17133): BXTEST PASS host-vulkan-loader status=0 version=1.4.309
I/BionicX (17133): BXTEST PASS host-vulkan-icd-library via=soname open
I/BionicX (17133): BXTEST PASS host-vulkan-instance-extensions status=0 extensions=17
I/BionicX (17133): BXTEST PASS host-vulkan-xlib-extensions status=0 returned=17 surface=1 xlib=1 names=VK_KHR_surface,VK_KHR_surface_protected_capabilities,VK_EXT_swapchain_colorspace,VK_KHR_get_surface_capabilities2,VK_GOOGLE_surfaceless_query,VK_EXT_surface_maintenance1,VK_EXT_debug_report,V
I/BionicX (17133): BXTEST PASS host-vulkan-xcb-extension status=0 xcb=1
I/BionicX (17133): BXTEST PASS host-vulkan-xlib-window display=open window=0x400001 size=640x360
I/BionicX (17133): BXTEST PASS host-vulkan-create-instance status=0 handle=valid
I/BionicX (17133): BXTEST PASS host-vulkan-physical-devices status=0 devices=1
I/BionicX (17133): BXTEST PASS host-vulkan-device-properties status=0 name=Vortek (Adreno (TM) 750) api=1.3.128 vendor=0x5143 device=0x43051401
I/BionicX (17133): BXTEST PASS host-vulkan-device-extension-honesty status=0 returned=133 swapchain=1 fragmentShadingRate=0
I/BionicX (17133): BXTEST PASS host-vulkan-queue-families families=3 graphics=0
I/BionicX (17133): BXTEST PASS host-vulkan-memory types=9 heaps=2 bytes=9388290048
I/BionicX (17133): BXTEST PASS host-vulkan-xlib-surface status=0 handle=valid window=0x400001
I/BionicX (17133): BXTEST PASS host-vulkan-xcb-surface status=0 handle=valid window=0x400001
I/BionicX (17133): BXTEST PASS host-vulkan-presentation-support status=0 surface=1 xlib=1
I/BionicX (17133): BXTEST PASS host-vulkan-xcb-presentation-support family=0 xcb=1
I/BionicX (17133): BXTEST PASS host-vulkan-surface-capabilities status=0 extent=640x360 images=2..3 usage=0x9f
I/BionicX (17133): BXTEST PASS host-vulkan-surface-formats status=0 advertised=4 returned=4
I/BionicX (17133): BXTEST PASS host-vulkan-present-modes status=0 advertised=4 returned=4 fifo=1
I/BionicX (17133): BXTEST PASS host-vulkan-logical-device status=0 handle=valid family=0
I/BionicX (17133): BXTEST PASS host-vulkan-device-queue handle=valid family=0 index=0
I/BionicX (17133): BXTEST PASS host-vulkan-swapchain status=0 handle=valid format=44 extent=640x360 images=2
I/BionicX (17133): BXTEST PASS host-vulkan-swapchain-images status=0 advertised=2 returned=2
I/BionicX (17133): BXTEST PASS host-vulkan-render-target view=0 renderPass=0 framebuffer=0
I/BionicX (17133): BXTEST PASS host-vulkan-shader-modules vertex=0 fragment=0
I/BionicX (17133): BXTEST PASS host-vulkan-vertex-upload create=0 type=6 allocate=0 bind=0 map=0 bytes=60
I/BionicX (17133): BXTEST PASS host-vulkan-index-uniform-upload index=0 indexBytes=6 uniform=0 uniformBytes=16
I/BionicX (17133): BXTEST PASS host-vulkan-sampled-image staging=0 image=0 type=0 allocate=0 bind=0 view=0 sampler=0
I/BionicX (17133): BXTEST PASS host-vulkan-uniform-descriptor layout=0 pool=0 allocate=0 set=valid
I/BionicX (17133): BXTEST PASS host-vulkan-graphics-pipeline layout=0 pipeline=0 handle=valid
I/BionicX (17133): BXTEST PASS host-vulkan-command-buffer pool=0 allocate=0 handle=valid
I/BionicX (17133): BXTEST PASS host-vulkan-acquire status=0 index=0 count=2
I/BionicX (17133): BXTEST PASS host-vulkan-record-bind2-indexed-descriptor status=0 background=26,191,64 triangle=230,20,10
I/BionicX (17133): BXTEST PASS host-vulkan-present-semaphore status=0 handle=valid
I/BionicX (17133): BXTEST PASS host-vulkan-submit-graphics submit=0 signal=present-semaphore
I/BionicX (17133): BXTEST PASS host-vulkan-present status=0 index=0 background=26,191,64 triangle=230,20,10
I/BionicX (17133): BXTEST PASS host-vulkan-swapchain-acquire-rotate status=0 first=0 second=1 count=2
I/BionicX (17133): BXTEST PASS host-vulkan-swapchain-resize-outdated caps=0 extent=800x400 acquire=-1000001004
I/BionicX (17133): BXTEST PASS host-vulkan-swapchain-recreate create=0 images=2 acquire=0 index=0
I/BionicX (17133): BXTEST PASS host-vulkan-swapchain-foreground extent=640x360
I/BionicX (17133): BXSUMMARY host-vulkan passed=40 failed=0
I/BionicX (17133): vulkan-probe exited with 0
vulkan_rc=0
===== 2026-08-14T04:01:18+08:00 glx-probe =====
/var/home/taowen/projects/glibc-on-bionic/bionicx/build/glx-probe-bundle/rootfs/usr/lib/libX11.so.6
/var/home/taowen/projects/glibc-on-bionic/bionicx/build/glx-probe-bundle/rootfs/usr/lib/libXau.so.6
/var/home/taowen/projects/glibc-on-bionic/bionicx/build/glx-probe-bundle/rootfs/usr/lib/libXdmcp.so.6
/var/home/taowen/projects/glibc-on-bionic/bionicx/build/glx-probe-bundle/rootfs/usr/lib/libXext.so.6
/var/home/taowen/projects/glibc-on-bionic/bionicx/build/glx-probe-bundle/rootfs/usr/lib/libXfixes.so.3
/var/home/taowen/projects/glibc-on-bionic/bionicx/build/glx-probe-bundle/rootfs/usr/lib/libXi.so.6
/var/home/taowen/projects/glibc-on-bionic/bionicx/build/glx-probe-bundle/rootfs/usr/lib/libXrandr.so.2
/var/home/taowen/projects/glibc-on-bionic/bionicx/build/glx-probe-bundle/rootfs/usr/lib/libXrender.so.1
/var/home/taowen/projects/glibc-on-bionic/bionicx/build/glx-probe-bundle/rootfs/usr/lib/libresolv.so.2
/var/home/taowen/projects/glibc-on-bionic/bionicx/build/glx-probe-bundle/rootfs/usr/lib/libxcb.so.1
relocated 10 files
/var/home/taowen/projects/glibc-on-bionic/bionicx/build/glx-probe-bundle
/var/home/taowen/projects/glibc-on-bionic/bionicx/build/glx-probe-bundle/app/lib/libGL.so.1.7.0
/var/home/taowen/projects/glibc-on-bionic/bionicx/build/glx-probe-bundle
profile glx-probe is valid
bionicx-exec: running untraced pid=17502
bionicx-exec: running untraced pid=17513
bionicx ELF fixups: 8 entries
installed profile glx-probe for io.taowen.bx
BXTEST PASS host-gl-compositor blue=(13, 38, 191) red=(242, 26, 13) outside=(0, 0, 0) size=1920x1080
glx_rc=1
===== 2026-08-14T04:04:15+08:00 chrome-vulkan install =====
/var/home/taowen/projects/glibc-on-bionic/bionicx/build/chrome-host-bridge/app/lib/libvulkan_vortek.so
checked 1 ELF objects; maximum required GLIBC version <= 2.41
/var/home/taowen/projects/glibc-on-bionic/bionicx/build/chrome-host-bridge
profile chrome is valid
bionicx-exec: running untraced pid=19887
bionicx-exec: running untraced pid=19898
bionicx ELF fixups: 2 entries
installed profile chrome for io.taowen.bx
Starting: Intent { cmp=io.taowen.bx/com.winlator.BionicXActivity }
Status: ok
LaunchState: COLD
Activity: io.taowen.bx/com.winlator.BionicXActivity
TotalTime: 192
WaitTime: 194
Complete

==== 2026-08-14T04:08:21+08:00 GPU recapture summary ====
vulkan-probe: BXSUMMARY host-vulkan passed=40 failed=0
  device=Vortek (Adreno (TM) 750) images=2 acquire-rotate/resize-outdated/recreate/foreground PASS
  compositor triangle pixels PASS no VirGL
glx-probe: Gladio on /vendor/lib64/egl/libGLESv2_adreno.so identity=OpenGL ES 3.2 Gladio
  compositor blue/red pixels PASS
  BXSUMMARY host-glx passed=25 failed=1 (glx-fbconfig-visual configs=3 visual=0x0 xRenderable=0)
  same 25/26 on warm rerun; no VirGL
chrome-vulkan: --no-sandbox --single-process --use-angle=vulkan
  WebGL fixture WEBGL_OK green canvas ANGLE/Adreno
  example.com Example Domain
  resize 1600x900 still Example Domain; restore 1920x1080
  cold start Example Domain Engine Name=ANGLE vulkan.adreno.so no VirGL
