/var/home/taowen/projects/glibc-on-bionic/bionicx/build/bxapt.conf: 1 file pushed, 0 skipped. 16.8 MB/s (1533 bytes in 0.000s)
/var/home/taowen/projects/glibc-on-bionic/bionicx/tools/rootfs-elf-fixup.sh: 1 file pushed, 0 skipped. 43.3 MB/s (4405 bytes in 0.000s)
/var/home/taowen/projects/glibc-on-bionic/bionicx/tools/bxapt-unpack.sh: 1 file pushed, 0 skipped. 8.7 MB/s (551 bytes in 0.000s)
bionicx-exec: running untraced pid=8697
Reading package lists...
Building dependency tree...
Reading state information...
0 upgraded, 0 newly installed, 0 to remove and 0 not upgraded.
11 not fully installed or removed.
After this operation, 0 B of additional disk space will be used.
Setting up fontconfig (2.15.0-2.3) ...
Regenerating fonts cache... failed.
See /var/log/fontconfig.log for more information.
dpkg: error processing package fontconfig (--configure):
 installed fontconfig package post-installation script subprocess returned error exit status 1
dpkg: dependency problems prevent configuration of libpango-1.0-0:arm64:
 libpango-1.0-0:arm64 depends on fontconfig (>= 2.15.0); however:
  Package fontconfig is not configured yet.

dpkg: error processing package libpango-1.0-0:arm64 (--configure):
 dependency problems - leaving unconfigured
dpkg: dependency problems prevent configuration of librsvg2-2:arm64:
 librsvg2-2:arm64 depends on libpango-1.0-0 (>= 1.48.11); however:
  Package libpango-1.0-0:arm64 is not configured yet.

dpkg: error processing package librsvg2-2:arm64 (--configure):
 dependency problems - leaving unconfigured
Setting up shared-mime-info (2.4-5+b2) ...
Setting up libgdk-pixbuf-2.0-0:arm64 (2.42.12+dfsg-4+deb13u1) ...
dpkg: dependency problems prevent configuration of libpangoft2-1.0-0:arm64:
 libpangoft2-1.0-0:arm64 depends on libpango-1.0-0 (= 1.56.3-1); however:
  Package libpango-1.0-0:arm64 is not configured yet.

dpkg: error processing package libpangoft2-1.0-0:arm64 (--configure):
 dependency problems - leaving unconfigured
Setting up dbus-system-bus-common (1.16.2-2) ...
fatal: Only root may add a user or group to the system.
dpkg: error processing package dbus-system-bus-common (--configure):
 installed dbus-system-bus-common package post-installation script subprocess returned error exit status 54
dpkg: dependency problems prevent configuration of libpangocairo-1.0-0:arm64:
 libpangocairo-1.0-0:arm64 depends on libpango-1.0-0 (= 1.56.3-1); however:
  Package libpango-1.0-0:arm64 is not configured yet.
 libpangocairo-1.0-0:arm64 depends on libpangoft2-1.0-0 (= 1.56.3-1); however:
  Package libpangoft2-1.0-0:arm64 is not configured yet.

dpkg: error processing package libpangocairo-1.0-0:arm64 (--configure):
 dependency problems - leaving unconfigured
dpkg: dependency problems prevent configuration of libimlib2t64:arm64:
 libimlib2t64:arm64 depends on librsvg2-2 (>= 2.46.0); however:
  Package librsvg2-2:arm64 is not configured yet.

dpkg: error processing package libimlib2t64:arm64 (--configure):
 dependency problems - leaving unconfigured
dpkg: dependency problems prevent configuration of icewm:
 icewm depends on libimlib2t64 (>= 1.9.1); however:
  Package libimlib2t64:arm64 is not configured yet.

dpkg: error processing package icewm (--configure):
 dependency problems - leaving unconfigured
dpkg: dependency problems prevent configuration of dbus:
 dbus depends on dbus-system-bus-common (>= 1.16.2-2); however:
  Package dbus-system-bus-common is not configured yet.

dpkg: error processing package dbus (--configure):
 dependency problems - leaving unconfigured
Processing triggers for libc-bin (2.41-12+deb13u3) ...
Errors were encountered while processing:
 fontconfig
 libpango-1.0-0:arm64
 librsvg2-2:arm64
 libpangoft2-1.0-0:arm64
 dbus-system-bus-common
 libpangocairo-1.0-0:arm64
 libimlib2t64:arm64
 icewm
 dbus
bionicx ELF fixups: 893 entries
E: Sub-process /data/user/0/io.taowen.bx/files/rootfs/usr/bin/dpkg returned an error code (1)
bionicx-exec: primary pid=8697 exited status=0x6400; draining session
bionicx-exec: session drained children=0
