/var/home/taowen/projects/glibc-on-bionic/bionicx/build/bxapt.conf: 1 file pushed, 0 skipped. 9.1 MB/s (1533 bytes in 0.000s)
/var/home/taowen/projects/glibc-on-bionic/bionicx/tools/rootfs-elf-fixup.sh: 1 file pushed, 0 skipped. 49.7 MB/s (4405 bytes in 0.000s)
/var/home/taowen/projects/glibc-on-bionic/bionicx/tools/bxapt-unpack.sh: 1 file pushed, 0 skipped. 7.0 MB/s (551 bytes in 0.000s)
bionicx-exec: running untraced pid=18057
Reading package lists...
Building dependency tree...
Reading state information...
0 upgraded, 0 newly installed, 0 to remove and 0 not upgraded.
9 not fully installed or removed.
After this operation, 0 B of additional disk space will be used.
Setting up fontconfig (2.15.0-2.3) ...
Regenerating fonts cache... done.
Setting up libpango-1.0-0:arm64 (1.56.3-1) ...
Setting up libpangoft2-1.0-0:arm64 (1.56.3-1) ...
Setting up dbus-system-bus-common (1.16.2-2) ...
fatal: could not open lock file /run/adduser!
dpkg: error processing package dbus-system-bus-common (--configure):
 installed dbus-system-bus-common package post-installation script subprocess returned error exit status 71
Setting up libpangocairo-1.0-0:arm64 (1.56.3-1) ...
Setting up librsvg2-2:arm64 (2.60.0+dfsg-1) ...
dpkg: dependency problems prevent configuration of dbus:
 dbus depends on dbus-system-bus-common (>= 1.16.2-2); however:
  Package dbus-system-bus-common is not configured yet.

dpkg: error processing package dbus (--configure):
 dependency problems - leaving unconfigured
Setting up libimlib2t64:arm64 (1.12.4-2) ...
Setting up icewm (3.7.4-1) ...
update-alternatives: using /usr/bin/icewm to provide /usr/bin/x-window-manager (x-window-manager) in auto mode
update-alternatives: using /usr/bin/icewm-session to provide /usr/bin/x-session-manager (x-session-manager) in auto mode
Processing triggers for libc-bin (2.41-12+deb13u3) ...
Errors were encountered while processing:
 dbus-system-bus-common
 dbus
bionicx ELF fixups: 893 entries
E: Sub-process /data/user/0/io.taowen.bx/files/rootfs/usr/bin/dpkg returned an error code (1)
bionicx-exec: primary pid=18057 exited status=0x6400; draining session
bionicx-exec: session drained children=0
