/var/home/taowen/projects/glibc-on-bionic/bionicx/build/bxapt.conf: 1 file pushed, 0 skipped. 8.4 MB/s (1533 bytes in 0.000s)
/var/home/taowen/projects/glibc-on-bionic/bionicx/tools/rootfs-elf-fixup.sh: 1 file pushed, 0 skipped. 52.5 MB/s (4405 bytes in 0.000s)
/var/home/taowen/projects/glibc-on-bionic/bionicx/tools/bxapt-unpack.sh: 1 file pushed, 0 skipped. 9.5 MB/s (551 bytes in 0.000s)
bionicx-exec: running untraced pid=23170
Reading package lists...
Building dependency tree...
Reading state information...
0 upgraded, 0 newly installed, 0 to remove and 0 not upgraded.
2 not fully installed or removed.
After this operation, 0 B of additional disk space will be used.
Setting up dbus-system-bus-common (1.16.2-2) ...
Creating group 'messagebus' with GID 999.
Creating user 'messagebus' (System Message Bus) with UID 999 and GID 999.
Failed to copy permissions from /data/user/0/io.taowen.bx/files/rootfs/etc/group to /data/user/0/io.taowen.bx/files/rootfs/etc/.#groupa72390c2375012a5: Invalid argument
dpkg: error processing package dbus-system-bus-common (--configure):
 installed dbus-system-bus-common package post-installation script subprocess returned error exit status 1
dpkg: dependency problems prevent configuration of dbus:
 dbus depends on dbus-system-bus-common (>= 1.16.2-2); however:
  Package dbus-system-bus-common is not configured yet.

dpkg: error processing package dbus (--configure):
 dependency problems - leaving unconfigured
Errors were encountered while processing:
 dbus-system-bus-common
 dbus
bionicx ELF fixups: 894 entries
E: Sub-process /data/user/0/io.taowen.bx/files/rootfs/usr/bin/dpkg returned an error code (1)
bionicx-exec: primary pid=23170 exited status=0x6400; draining session
bionicx-exec: session drained children=0
