/var/home/taowen/projects/glibc-on-bionic/bionicx/build/bxapt.conf: 1 file pushed, 0 skipped. 12.4 MB/s (1092 bytes in 0.000s)
/var/home/taowen/projects/glibc-on-bionic/bionicx/tools/rootfs-elf-fixup.sh: 1 file pushed, 0 skipped. 42.7 MB/s (4405 bytes in 0.000s)
bionicx-exec: running untraced pid=8804
_=/system/bin/run-as
ANDROID_DATA=/data
MEMTAG_OPTIONS=off
LOGNAME=u0_a194
STANDALONE_SYSTEMSERVER_JARS=/apex/com.android.devicelock/javalib/service-devicelock.jar:/apex/com.android.os.statsd/javalib/service-statsd.jar:/apex/com.android.scheduling/javalib/service-scheduling.jar:/apex/com.android.tethering/javalib/service-connectivity.jar:/apex/com.android.uwb/javalib/service-uwb.jar:/apex/com.android.wifi/javalib/service-wifi.jar
HOME=/data/user/0/io.taowen.bx/files/homes/bxapt
DEX2OATBOOTCLASSPATH=/apex/com.android.art/javalib/core-oj.jar:/apex/com.android.art/javalib/core-libart.jar:/apex/com.android.art/javalib/okhttp.jar:/apex/com.android.art/javalib/bouncycastle.jar:/apex/com.android.art/javalib/apache-xml.jar:/system/framework/framework.jar:/system/framework/framework-graphics.jar:/system/framework/ext.jar:/system/framework/telephony-common.jar:/system/framework/voip-common.jar:/system/framework/ims-common.jar:/system/framework/tcmiface.jar:/system/framework/telephony-ext.jar:/system/framework/qcom.fmradio.jar:/system/framework/QPerformance.jar:/system/framework/UxPerformance.jar:/system/framework/WfdCommon.jar:/apex/com.android.i18n/javalib/core-icu4j.jar
ANDROID_TZDATA_ROOT=/apex/com.android.tzdata
ANDROID_ROOT=/system
TERM=dumb
SHELL=/bin/sh
ANDROID_BOOTLOGO=1
ANDROID_ASSETS=/system/app
BOOTCLASSPATH=/apex/com.android.art/javalib/core-oj.jar:/apex/com.android.art/javalib/core-libart.jar:/apex/com.android.art/javalib/okhttp.jar:/apex/com.android.art/javalib/bouncycastle.jar:/apex/com.android.art/javalib/apache-xml.jar:/system/framework/framework.jar:/system/framework/framework-graphics.jar:/system/framework/ext.jar:/system/framework/telephony-common.jar:/system/framework/voip-common.jar:/system/framework/ims-common.jar:/system/framework/tcmiface.jar:/system/framework/telephony-ext.jar:/system/framework/qcom.fmradio.jar:/system/framework/QPerformance.jar:/system/framework/UxPerformance.jar:/system/framework/WfdCommon.jar:/apex/com.android.i18n/javalib/core-icu4j.jar:/apex/com.android.adservices/javalib/framework-adservices.jar:/apex/com.android.adservices/javalib/framework-sdksandbox.jar:/apex/com.android.appsearch/javalib/framework-appsearch.jar:/apex/com.android.configinfrastructure/javalib/framework-configinfrastructure.jar:/apex/com.android.conscrypt/javalib/conscrypt.jar:/apex/com.android.devicelock/javalib/framework-devicelock.jar:/apex/com.android.healthfitness/javalib/framework-healthfitness.jar:/apex/com.android.ipsec/javalib/android.net.ipsec.ike.jar:/apex/com.android.media/javalib/updatable-media.jar:/apex/com.android.mediaprovider/javalib/framework-mediaprovider.jar:/apex/com.android.mediaprovider/javalib/framework-pdf.jar:/apex/com.android.mediaprovider/javalib/framework-photopicker.jar:/apex/com.android.ondevicepersonalization/javalib/framework-ondevicepersonalization.jar:/apex/com.android.os.statsd/javalib/framework-statsd.jar:/apex/com.android.permission/javalib/framework-permission.jar:/apex/com.android.permission/javalib/framework-permission-s.jar:/apex/com.android.scheduling/javalib/framework-scheduling.jar:/apex/com.android.sdkext/javalib/framework-sdkextensions.jar:/apex/com.android.tethering/javalib/framework-connectivity.jar:/apex/com.android.tethering/javalib/framework-connectivity-t.jar:/apex/com.android.tethering/javalib/framework-tethering.jar:/apex/com.android.uwb/javalib/framework-uwb.jar:/apex/com.android.virt/javalib/framework-virtualization.jar:/apex/com.android.wifi/javalib/framework-wifi.jar
ANDROID_SOCKET_adbd=24
HOSTNAME=PocketFIT
DOWNLOAD_CACHE=/data/cache
ANDROID_ART_ROOT=/apex/com.android.art
ANDROID_STORAGE=/storage
USER=u0_a194
PATH=/data/user/0/io.taowen.bx/files/rootfs/usr/sbin:/data/user/0/io.taowen.bx/files/rootfs/usr/bin:/data/user/0/io.taowen.bx/files/rootfs/sbin:/data/user/0/io.taowen.bx/files/rootfs/bin:/system/bin
SYSTEMSERVERCLASSPATH=/system/framework/com.android.location.provider.jar:/system/framework/services.jar:/apex/com.android.adservices/javalib/service-adservices.jar:/apex/com.android.adservices/javalib/service-sdksandbox.jar:/apex/com.android.appsearch/javalib/service-appsearch.jar:/apex/com.android.art/javalib/service-art.jar:/apex/com.android.compos/javalib/service-compos.jar:/apex/com.android.configinfrastructure/javalib/service-configinfrastructure.jar:/apex/com.android.healthfitness/javalib/service-healthfitness.jar:/apex/com.android.media/javalib/service-media-s.jar:/apex/com.android.ondevicepersonalization/javalib/service-ondevicepersonalization.jar:/apex/com.android.permission/javalib/service-permission.jar:/apex/com.android.rkpd/javalib/service-rkp.jar
ASEC_MOUNTPOINT=/mnt/asec
ANDROID_I18N_ROOT=/apex/com.android.i18n
EXTERNAL_STORAGE=/sdcard
DPKG_DATADIR=/data/user/0/io.taowen.bx/files/rootfs/usr/share/dpkg
DPKG_ROOT=/data/user/0/io.taowen.bx/files/rootfs
LD_PRELOAD=/data/user/0/io.taowen.bx/files/lib/libbionicx-runtime.so
BIONICX_ROOTFS=/data/user/0/io.taowen.bx/files/rootfs
BIONICX_TMPDIR=/data/user/0/io.taowen.bx/files/run/bxapt
BIONICX_REWRITE_ABSOLUTE_SYMLINKS=1
BIONICX_DNS_SERVERS=10.21.198.26
SEQUOIA_CRYPTO_POLICY=/data/user/0/io.taowen.bx/files/rootfs/usr/share/apt/default-sequoia.config
PERL5LIB=/data/user/0/io.taowen.bx/files/rootfs/etc/perl:/data/user/0/io.taowen.bx/files/rootfs/usr/share/perl5:/data/user/0/io.taowen.bx/files/rootfs/usr/lib/aarch64-linux-gnu/perl-base:/data/user/0/io.taowen.bx/files/rootfs/usr/lib/aarch64-linux-gnu/perl/5.40:/data/user/0/io.taowen.bx/files/rootfs/usr/share/perl/5.40
DEBIAN_FRONTEND=noninteractive
DEBCONF_NONINTERACTIVE_SEEN=true
TMPDIR=/data/user/0/io.taowen.bx/files/run/bxapt
bionicx-exec: primary pid=8804 exited status=0x0; draining session
bionicx-exec: session drained children=0
