08-13 12:25:13.667  2312  2395 I ActivityManager: Process PhantomProcessRecord {e505072 7665:7633:bionicx-exec/u0a194} died
08-13 12:25:13.943 16064 16091 I BionicX : launching BionicX glibc/kernel/X11 runtime probe: [/data/user/0/io.taowen.bx/files/bin/bionicx-exec, --cwd, /data/user/0/io.taowen.bx/files/apps/runtime-probe, --env, DISPLAY=:0, --env, HOME=/data/user/0/io.taowen.bx/files/homes/runtime-probe, --env, TMPDIR=/data/user/0/io.taowen.bx/files/run/runtime-probe, --env, LANG=en_US.UTF-8, --env, LOCPATH=/data/user/0/io.taowen.bx/files/rootfs/usr/lib/locale, --env, BIONICX_DNS_SERVERS=10.21.198.26, --env, BIONICX_ROOTFS=/data/user/0/io.taowen.bx/files/rootfs, --env, BIONICX_TMPDIR=/data/user/0/io.taowen.bx/cache, --env, LD_PRELOAD=/data/user/0/io.taowen.bx/files/lib/libbionicx-runtime.so, --, /data/user/0/io.taowen.bx/files/apps/runtime-probe/bin/runtime-probe, --duration, 8]
08-13 12:25:13.948 16064 16095 I BionicX : bionicx-exec: running untraced pid=16097
08-13 12:25:13.949 16064 16095 I BionicX : BXTEST PASS runtime-identity glibc=2.41 pid=16097 page=4096
08-13 12:25:13.949 16064 16095 I BionicX : BXTEST PASS pthread-create-join
08-13 12:25:13.949 16064 16095 I BionicX : BXTEST PASS pthread-robust-mutex isolated-exit=0
08-13 12:25:13.950 16064 16095 I BionicX : BXTEST PASS fork-wait
08-13 12:25:13.950 16064 16095 I BionicX : BXTEST PASS eventfd-epoll
08-13 12:25:13.970 16064 16095 I BionicX : BXTEST PASS timerfd-poll
08-13 12:25:13.970 16064 16095 I BionicX : BXTEST PASS signalfd
08-13 12:25:13.970 16064 16095 I BionicX : BXTEST PASS memfd-shared-mmap
08-13 12:25:13.970 16064 16095 I BionicX : BXTEST PASS mprotect
08-13 12:25:13.970 16064 16095 I BionicX : BXTEST PASS unix-scm-rights
08-13 12:25:13.970 16064 16095 I BionicX : BXTEST PASS unix-filesystem-socket
08-13 12:25:13.971 16064 16095 I BionicX : BXTEST PASS tcp-loopback connect
08-13 12:25:13.971 16064 16095 I BionicX : BXTEST PASS inotify
08-13 12:25:13.971 16064 16095 I BionicX : BXTEST PASS procfs
08-13 12:25:13.971 16064 16095 I BionicX : BXTEST PASS dlopen-libm
08-13 12:25:13.971 16064 16095 I BionicX : BXTEST PASS getrandom
08-13 12:25:13.971 16064 16095 I BionicX : BXTEST PASS unnamed-semaphore
08-13 12:25:13.971 16064 16095 I BionicX : BXTEST PASS locale-utf8
08-13 12:25:13.971 16064 16095 I BionicX : BXTEST PASS prctl-name
08-13 12:25:13.972 16064 16095 I BionicX : BXCAP raw-set-robust-list denied value=38 (Function not implemented)
08-13 12:25:13.972 16064 16095 I BionicX : BXCAP user-namespace denied value=22 (Invalid argument)
08-13 12:25:13.973 16064 16095 I BionicX : BXCAP sysv-shm available value=0 (none)
08-13 12:25:13.973 16064 16095 I BionicX : BXCAP posix-shm available value=0 (none)
08-13 12:25:21.998 16064 16095 I BionicX : BXTEST PASS x11-window-text
08-13 12:25:21.999 16064 16096 I BionicX : bionicx-exec: primary pid=16097 exited status=0x0; draining session
08-13 12:25:21.999 16064 16096 I BionicX : bionicx-exec: session drained children=0
