/var/home/taowen/projects/glibc-on-bionic/bionicx/build/glx-probe-bundle/rootfs/usr/lib/libX11.so.6
/var/home/taowen/projects/glibc-on-bionic/bionicx/build/glx-probe-bundle/rootfs/usr/lib/libXau.so.6
/var/home/taowen/projects/glibc-on-bionic/bionicx/build/glx-probe-bundle/rootfs/usr/lib/libXdmcp.so.6
/var/home/taowen/projects/glibc-on-bionic/bionicx/build/glx-probe-bundle/rootfs/usr/lib/libXext.so.6
/var/home/taowen/projects/glibc-on-bionic/bionicx/build/glx-probe-bundle/rootfs/usr/lib/libXfixes.so.3
/var/home/taowen/projects/glibc-on-bionic/bionicx/build/glx-probe-bundle/rootfs/usr/lib/libXi.so.6
/var/home/taowen/projects/glibc-on-bionic/bionicx/build/glx-probe-bundle/rootfs/usr/lib/libXrandr.so.2
/var/home/taowen/projects/glibc-on-bionic/bionicx/build/glx-probe-bundle/rootfs/usr/lib/libXrender.so.1
/var/home/taowen/projects/glibc-on-bionic/bionicx/build/glx-probe-bundle/rootfs/usr/lib/libresolv.so.2
/var/home/taowen/projects/glibc-on-bionic/bionicx/build/glx-probe-bundle/rootfs/usr/lib/libxcb.so.1
relocated 10 files
/var/home/taowen/projects/glibc-on-bionic/bionicx/build/glx-probe-bundle
/var/home/taowen/projects/glibc-on-bionic/bionicx/build/glx-probe-bundle/app/lib/libGL.so.1.7.0
/var/home/taowen/projects/glibc-on-bionic/bionicx/build/glx-probe-bundle
profile glx-probe is valid
bionicx-exec: running untraced pid=17502
bionicx-exec: running untraced pid=17513
bionicx ELF fixups: 8 entries
installed profile glx-probe for io.taowen.bx
BXTEST PASS host-gl-compositor blue=(13, 38, 191) red=(242, 26, 13) outside=(0, 0, 0) size=1920x1080
