==== seed ====
ed998c095a1b9384b1f022d06101ac3fc3c61761ac751546bd84edca298e44e2
==== update ====
bionicx-exec: running untraced pid=20050
bionicx-exec: primary pid=20050 exited status=0x0; draining session
bionicx-exec: session drained children=0
bionicx-exec: running untraced pid=20058
Get:1 http://snapshot.debian.org/archive/debian/20260811T000000Z trixie InRelease [140 kB]
Get:2 http://snapshot.debian.org/archive/debian-security/20260811T000000Z trixie-security InRelease [43.4 kB]
Get:3 http://snapshot.debian.org/archive/debian/20260811T000000Z trixie/main arm64 Packages [9607 kB]
Get:4 http://snapshot.debian.org/archive/debian-security/20260811T000000Z trixie-security/main arm64 Packages [238 kB]
Fetched 10.0 MB in 11s (951 kB/s)
Reading package lists...
bionicx-exec: primary pid=20058 exited status=0x0; draining session
bionicx-exec: session drained children=0
==== install hello ====
bionicx-exec: running untraced pid=20209
bionicx-exec: primary pid=20209 exited status=0x0; draining session
bionicx-exec: session drained children=0
bionicx-exec: running untraced pid=20218
bionicx-exec: primary pid=20218 exited status=0x0; draining session
bionicx-exec: session drained children=0
bionicx-exec: running untraced pid=20226
bionicx-exec: primary pid=20226 exited status=0x0; draining session
bionicx-exec: session drained children=0
bionicx-exec: running untraced pid=20232
bionicx-exec: primary pid=20232 exited status=0x0; draining session
bionicx-exec: session drained children=0
bionicx-exec: running untraced pid=20237
bionicx-exec: primary pid=20237 exited status=0x0; draining session
bionicx-exec: session drained children=0
bionicx-exec: running untraced pid=20242
Reading package lists...
Building dependency tree...
Reading state information...
The following NEW packages will be installed:
  hello
0 upgraded, 1 newly installed, 0 to remove and 0 not upgraded.
Need to get 52.7 kB of archives.
After this operation, 319 kB of additional disk space will be used.
Get:1 http://snapshot.debian.org/archive/debian/20260811T000000Z trixie/main arm64 hello arm64 2.10-5 [52.7 kB]
Fetched 52.7 kB in 3s (15.7 kB/s)
Download complete and in download only mode
bionicx-exec: primary pid=20242 exited status=0x0; draining session
bionicx-exec: session drained children=0
bionicx-exec: running untraced pid=20263
bionicx-exec: primary pid=20263 exited status=0x0; draining session
bionicx-exec: session drained children=0
bionicx-exec: running untraced pid=20270
Selecting previously unselected package hello.
(Reading database ... 6157 files and directories currently installed.)
Preparing to unpack .../hello_2.10-5_arm64.deb ...
Unpacking hello (2.10-5) ...
bionicx unpack wave remaining=0
bionicx-exec: primary pid=20270 exited status=0x0; draining session
bionicx-exec: session drained children=0
bionicx-exec: running untraced pid=20312
bionicx ELF fixups: 1012 entries
bionicx-exec: primary pid=20312 exited status=0x0; draining session
bionicx-exec: session drained children=0
bionicx-exec: running untraced pid=20351
Setting up hello (2.10-5) ...
bionicx-exec: primary pid=20351 exited status=0x0; draining session
bionicx-exec: session drained children=0
bionicx-exec: running untraced pid=20355
Reading package lists...
Building dependency tree...
Reading state information...
0 upgraded, 0 newly installed, 0 to remove and 0 not upgraded.
bionicx-exec: primary pid=20355 exited status=0x0; draining session
bionicx-exec: session drained children=0
bionicx-exec: running untraced pid=20365
hello set to automatically installed.
hello set to manually installed.
bionicx-exec: primary pid=20365 exited status=0x0; draining session
bionicx-exec: session drained children=0
==== status ====
bionicx-exec: running untraced pid=20433
bionicx-exec: primary pid=20433 exited status=0x0; draining session
bionicx-exec: session drained children=0
bionicx-exec: running untraced pid=20442
hello 2.10-5 ii 
bionicx-exec: primary pid=20442 exited status=0x0; draining session
bionicx-exec: session drained children=0
==== audit ====
bionicx-exec: running untraced pid=20490
bionicx-exec: primary pid=20490 exited status=0x0; draining session
bionicx-exec: session drained children=0
bionicx-exec: running untraced pid=20498
bionicx-exec: primary pid=20498 exited status=0x0; draining session
bionicx-exec: session drained children=0
==== run hello ====
bionicx-exec: running untraced pid=20547
bionicx-exec: primary pid=20547 exited status=0x0; draining session
bionicx-exec: session drained children=0
bionicx-exec: running untraced pid=20557
Hello, world!
bionicx-exec: primary pid=20557 exited status=0x0; draining session
bionicx-exec: session drained children=0
