08-13 13:00:30.154  2312  2480 W ActivityTaskManager: Force removing ActivityRecord{baf49bf u0 io.taowen.bx/com.winlator.BionicXActivity t1056 f}}: app died, no saved state
08-13 13:00:30.156  2312  2395 I ActivityManager: Process PhantomProcessRecord {2cb0ed8 11491:11463:bionicx-exec/u0a194} died
08-13 13:00:30.157  2659  2692 V WindowManagerShell: Transition requested: android.os.BinderProxy@35d8760 TransitionRequestInfo { type = CLOSE, triggerTask = TaskInfo{userId=0 taskId=1056 displayId=0 isRunning=false baseIntent=Intent { flg=0x10000000 cmp=io.taowen.bx/com.winlator.BionicXActivity } baseActivity=null topActivity=null origActivity=null realActivity=ComponentInfo{io.taowen.bx/com.winlator.BionicXActivity} numActivities=0 lastActiveTime=60421399 supportsMultiWindow=true resizeMode=1 isResizeable=true minWidth=-1 minHeight=-1 defaultMinSize=220 token=WCT{android.window.IWindowContainerToken$Stub$Proxy@2521419} topActivityType=1 pictureInPictureParams=null shouldDockBigOverlays=false launchIntoPipHostTaskId=-1 lastParentTaskIdBeforePip=-1 displayCutoutSafeInsets=null topActivityInfo=null launchCookies=[] positionInParent=Point(0, 0) parentTaskId=-1 isFocused=true isVisible=true isVisibleRequested=true isSleeping=false topActivityInSizeCompat=false topActivityEligibleForLetterboxEducation= false topActivityLetterboxed= false isFromDoubleTap= false topActivityLetterboxVerticalPosition= -1 topActivityLetterboxHorizontalPosition= -1 topActivityLetterboxWidth=-1 topActivityLetterboxHeight=-1 locusId=null displayAreaFeatureId=1 cameraCompatControlState=hidden}, remoteTransition = null, displayChange = null }
08-13 13:00:30.187  2312 14996 I WindowManager: WIN DEATH: Window{4bbedf0 u0 io.taowen.bx/com.winlator.BionicXActivity}
08-13 13:00:30.187  2312 14996 W InputManager-JNI: Input channel object '4bbedf0 io.taowen.bx/com.winlator.BionicXActivity (client)' was disposed without first being removed with the input manager!
08-13 13:00:30.210  2312  2364 W WindowManager: Failed to deliver inset control state change to w=Window{4bbedf0 u0 io.taowen.bx/com.winlator.BionicXActivity EXITING}
08-13 13:00:30.245  2312 14996 I ActivityTaskManager: START u0 {flg=0x10000000 cmp=io.taowen.bx/com.winlator.BionicXActivity} with LAUNCH_MULTIPLE from uid 2000 (BAL_ALLOW_PERMISSION) result code=0
08-13 13:00:30.255  2312  2370 I ActivityManager: Start proc 12013:io.taowen.bx/u0a194 for next-top-activity {io.taowen.bx/com.winlator.BionicXActivity}
08-13 13:00:30.409  2312  2364 W WindowManager: Failed to deliver inset control state change to w=Window{4bbedf0 u0 io.taowen.bx/com.winlator.BionicXActivity EXITING}
08-13 13:00:30.417  2312  2360 V WindowManager: Sent Transition #353 createdAt=08-13 13:00:30.155 via request=TransitionRequestInfo { type = CLOSE, triggerTask = TaskInfo{userId=0 taskId=1056 displayId=0 isRunning=false baseIntent=Intent { flg=0x10000000 cmp=io.taowen.bx/com.winlator.BionicXActivity } baseActivity=null topActivity=null origActivity=null realActivity=ComponentInfo{io.taowen.bx/com.winlator.BionicXActivity} numActivities=0 lastActiveTime=60421399 supportsMultiWindow=true resizeMode=1 isResizeable=true minWidth=-1 minHeight=-1 defaultMinSize=220 token=WCT{RemoteToken{b4436fd Task{ad4c88c #1056 type=standard A=10194:io.taowen.bx}}} topActivityType=1 pictureInPictureParams=null shouldDockBigOverlays=false launchIntoPipHostTaskId=-1 lastParentTaskIdBeforePip=-1 displayCutoutSafeInsets=null topActivityInfo=null launchCookies=[] positionInParent=Point(0, 0) parentTaskId=-1 isFocused=true isVisible=true isVisibleRequested=true isSleeping=false topActivityInSizeCompat=false topActivityEligibleForLetterboxEducation= false topActivityLetterboxed= false isFromDoubleTap= false topActivityLetterboxVerticalPosition= -1 topActivityLetterboxHorizontalPosition= -1 topActivityLetterboxWidth=-1 topActivityLetterboxHeight=-1 locusId=null displayAreaFeatureId=1 cameraCompatControlState=hidden}, remoteTransition = null, displayChange = null }
08-13 13:00:30.419  2312  2480 W WindowManager: Failed to deliver inset control state change to w=Window{4bbedf0 u0 io.taowen.bx/com.winlator.BionicXActivity EXITING}
08-13 13:00:30.433 12013 12013 I BionicX : profile=icewm-probe display=1920x1080@144 socket=filesystem
08-13 13:00:30.445 12013 12040 I BionicX : runtime DNS servers=1
08-13 13:00:30.446 12013 12040 I BionicX : launching BionicX IceWM managed desktop probe: [/data/user/0/io.taowen.bx/files/bin/bionicx-exec, --cwd, /data/user/0/io.taowen.bx/files/apps/icewm-probe, --env, DISPLAY=:0, --env, HOME=/data/user/0/io.taowen.bx/files/homes/icewm-probe, --env, TMPDIR=/data/user/0/io.taowen.bx/files/run/icewm-probe, --env, LANG=en_US.UTF-8, --env, LOCPATH=/data/user/0/io.taowen.bx/files/rootfs/usr/lib/locale, --env, BIONICX_APP=/data/user/0/io.taowen.bx/files/apps/icewm-probe, --env, BIONICX_RUNTIME=/data/user/0/io.taowen.bx/files/rootfs, --env, ICEWM_PRIVCFG=/data/user/0/io.taowen.bx/files/apps/icewm-probe/share/icewm, --env, IMLIB2_LOADER_PATH=/data/user/0/io.taowen.bx/files/rootfs/usr/lib/aarch64-linux-gnu/imlib2/loaders, --env, BIONICX_DNS_SERVERS=10.21.198.26, --env, BIONICX_ROOTFS=/data/user/0/io.taowen.bx/files/rootfs, --env, BIONICX_TMPDIR=/data/user/0/io.taowen.bx/cache, --env, FONTCONFIG_PATH=/data/user/0/io.taowen.bx/files/rootfs/etc/fonts, --env, FONTCONFIG_FILE=fonts.conf, --env, FONTCONFIG_SYSROOT=/data/user/0/io.taowen.bx/files/rootfs, --env, LD_PRELOAD=/data/user/0/io.taowen.bx/files/lib/libbionicx-runtime.so, --, /data/user/0/io.taowen.bx/files/apps/icewm-probe/bin/icewm-session]
08-13 13:00:30.450 12013 12044 I BionicX : bionicx-exec: running untraced pid=12046
08-13 13:00:30.454  2312  2789 D CoreBackPreview: Window{152d2c8 u0 io.taowen.bx/com.winlator.BionicXActivity}: Setting back callback OnBackInvokedCallbackInfo{mCallback=android.window.IOnBackInvokedCallback$Stub$Proxy@b0a58e3, mPriority=0, mIsAnimationCallback=false}
08-13 13:00:30.456 12013 12045 I BionicX : 05:00:30.456: IceWM: conf open: /data/user/0/io.taowen.bx/files/apps/icewm-probe/share/icewm/preferences
08-13 13:00:30.456 12013 12045 I BionicX : 05:00:30.456: IceWM: conf done: /data/user/0/io.taowen.bx/files/apps/icewm-probe/share/icewm/preferences
08-13 13:00:30.482 12013 12045 I BionicX : 05:00:30.482: IceWM: conf open: /data/user/0/io.taowen.bx/files/apps/icewm-probe/share/icewm/preferences
08-13 13:00:30.482 12013 12045 I BionicX : 05:00:30.482: IceWM: conf done: /data/user/0/io.taowen.bx/files/apps/icewm-probe/share/icewm/preferences
08-13 13:00:30.482 12013 12045 I BionicX : 05:00:30.482: IceWM: conf open: /usr/share/icewm/themes/icedesert/default.theme
08-13 13:00:30.482 12013 12045 I BionicX : 05:00:30.482: IceWM: conf done: /usr/share/icewm/themes/icedesert/default.theme
08-13 13:00:30.482 12013 12045 I BionicX : 05:00:30.482: IceWM: conf open: /usr/share/icewm/winoptions
08-13 13:00:30.482 12013 12045 I BionicX : 05:00:30.482: IceWM: conf done: /usr/share/icewm/winoptions
08-13 13:00:30.482 12013 12045 I BionicX : 05:00:30.482: IceWM: conf open: /usr/share/icewm/keys
08-13 13:00:30.482 12013 12045 I BionicX : 05:00:30.482: IceWM: conf done: /usr/share/icewm/keys
08-13 13:00:30.502  2312  2360 I ActivityTaskManager: Displayed io.taowen.bx/com.winlator.BionicXActivity for user 0: +270ms
08-13 13:00:30.516  2312  2364 W WindowManager: Failed to deliver inset control state change to w=Window{4bbedf0 u0 io.taowen.bx/com.winlator.BionicXActivity EXITING}
08-13 13:00:30.581 12013 12045 I BionicX : 05:00:30.581: IceWM: conf open: /usr/share/icewm/toolbar
08-13 13:00:30.585 12013 12045 I BionicX : 05:00:30.585: IceWM: conf done: /usr/share/icewm/toolbar
08-13 13:00:30.678 12013 12045 I BionicX : Xlib:  extension "SHAPE" missing on display ":0".
08-13 13:00:30.926  2312  2480 W WindowManager: Exception thrown during dispatchAppVisibility Window{4bbedf0 u0 io.taowen.bx/com.winlator.BionicXActivity EXITING}
08-13 13:00:31.653 12013 12044 I BionicX : BXTEST PASS icewm-manager-start pid=12047
08-13 13:00:31.668 12013 12044 I BionicX : BXICEWM taskbar window=0x400061 geometry=1920x32+0+0
08-13 13:00:31.668 12013 12044 I BionicX : BXTEST PASS icewm-taskbar-mapped
08-13 13:00:31.701 12013 12045 I BionicX : Xlib:  extension "SHAPE" missing on display ":0".
08-13 13:00:31.734 12013 12045 I BionicX : Xlib:  extension "SHAPE" missing on display ":0".
08-13 13:00:33.226 12013 12044 I BionicX : BXICEWM tree depth=0 id=0x4000a6 parent=0x4 map=0 class=1 events=0x32203f geometry=1x1+0+0 title=YXTrayProxy
08-13 13:00:33.226 12013 12044 I BionicX : BXICEWM tree depth=0 id=0x400060 parent=0x4 map=0 class=1 events=0x20203f geometry=1x1+0+0 title=IceDock
08-13 13:00:33.226 12013 12044 I BionicX : BXICEWM tree depth=0 id=0x400006 parent=0x4 map=2 class=2 events=0x203f geometry=1x1-1-1 title=IceTopWin
08-13 13:00:33.226 12013 12044 I BionicX : BXICEWM tree depth=0 id=0x400062 parent=0x4 map=0 class=2 events=0x203f geometry=1920x1+0+1079 title=IceEdge
08-13 13:00:33.226 12013 12044 I BionicX : BXICEWM tree depth=0 id=0x4000ce parent=0x4 map=2 class=1 events=0x20a03f geometry=1920x32+0+1048 title=Frame
08-13 13:00:33.226 12013 12044 I BionicX : BXICEWM tree depth=1 id=0x4000cf parent=0x4000ce map=2 class=1 events=0x38203f geometry=1920x32+0+0 title=TaskBarFrame
08-13 13:00:33.226 12013 12044 I BionicX : BXICEWM tree depth=2 id=0x400061 parent=0x4000cf map=2 class=1 events=0xf2203f geometry=1920x32+0+0 title=TaskBar
08-13 13:00:33.226 12013 12044 I BionicX : BXICEWM pixels title=TaskBar nonzero=61440 different=59520 first=0xff000000 hash=0xa7c8e9c85cc3eb03
08-13 13:00:33.226 12013 12044 I BionicX : BXICEWM tree depth=3 id=0x4000a3 parent=0x400061 map=0 class=1 events=0x20203f geometry=1x24+0+0 title=SystemTray
08-13 13:00:33.226 12013 12044 I BionicX : BXICEWM tree depth=3 id=0x4000a2 parent=0x400061 map=2 class=1 events=0x20a03f geometry=1x31+1670+1 title=TrayPane
08-13 13:00:33.227 12013 12044 I BionicX : BXICEWM tree depth=3 id=0x4000a1 parent=0x400061 map=2 class=1 events=0x20a03f geometry=1440x31+229+1 title=TaskPane
08-13 13:00:33.227 12013 12044 I BionicX : BXICEWM tree depth=4 id=0x400123 parent=0x4000a1 map=2 class=1 events=0x20a03f geometry=479x31+480+0 title=-
08-13 13:00:33.227 12013 12044 I BionicX : BXICEWM tree depth=4 id=0x400122 parent=0x4000a1 map=2 class=1 events=0x20a03f geometry=480x31+0+0 title=-
08-13 13:00:33.227 12013 12044 I BionicX : BXICEWM tree depth=3 id=0x4000a0 parent=0x400061 map=0 class=1 events=0x20203f geometry=1440x27+229+3 title=AddressBar
08-13 13:00:33.227 12013 12044 I BionicX : BXICEWM tree depth=3 id=0x40008e parent=0x400061 map=2 class=1 events=0x20203f geometry=110x31+137+1 title=Workspaces
08-13 13:00:33.227 12013 12044 I BionicX : BXICEWM tree depth=4 id=0x400098 parent=0x40008e map=2 class=1 events=0x20203f geometry=55x31+55+0 title=Desktop 2
08-13 13:00:33.227 12013 12044 I BionicX : BXICEWM tree depth=4 id=0x40008f parent=0x40008e map=2 class=1 events=0x20203f geometry=55x31+0+0 title=Desktop 1
08-13 13:00:33.227 12013 12044 I BionicX : BXICEWM tree depth=3 id=0x400083 parent=0x400061 map=2 class=1 events=0x20203f geometry=25x31+53+1 title=ShowDesktop
08-13 13:00:33.227 12013 12044 I BionicX : BXICEWM tree depth=3 id=0x400079 parent=0x400061 map=2 class=1 events=0x20203f geometry=25x31+78+1 title=ShowWindowList
08-13 13:00:33.227 12013 12044 I BionicX : BXICEWM tree depth=3 id=0x400075 parent=0x400061 map=2 class=1 events=0x20a03f geometry=26x31+107+1 title=IceToolbar
08-13 13:00:33.227 12013 12044 I BionicX : BXICEWM tree depth=4 id=0x400076 parent=0x400075 map=2 class=1 events=0x20203f geometry=25x31+0+0 title=XTerm
08-13 13:00:33.227 12013 12044 I BionicX : BXICEWM tree depth=3 id=0x40006b parent=0x400061 map=2 class=1 events=0x20203f geometry=53x31+0+1 title=TaskBarMenu
08-13 13:00:33.227 12013 12044 I BionicX : BXICEWM tree depth=3 id=0x40006a parent=0x400061 map=2 class=1 events=0x21203f geometry=10x20+1676+6 title=IceAPM
08-13 13:00:33.228 12013 12044 I BionicX : BXICEWM tree depth=3 id=0x400069 parent=0x400061 map=2 class=1 events=0x21203f geometry=158x20+1760+6 title=Clock
08-13 13:00:33.228 12013 12044 I BionicX : BXICEWM tree depth=3 id=0x400067 parent=0x400061 map=0 class=1 events=0x21203f geometry=20x20+0+0 title=NET-erspan0
08-13 13:00:33.228 12013 12044 I BionicX : BXICEWM tree depth=3 id=0x400066 parent=0x400061 map=0 class=1 events=0x21203f geometry=20x20+0+0 title=NET-wifi-aware0
08-13 13:00:33.228 12013 12044 I BionicX : BXICEWM tree depth=3 id=0x400065 parent=0x400061 map=2 class=1 events=0x21203f geometry=20x20+1688+6 title=NET-wlan0
08-13 13:00:33.228 12013 12044 I BionicX : BXICEWM tree depth=3 id=0x400064 parent=0x400061 map=2 class=1 events=0x21203f geometry=20x20+1736+6 title=CPU-1
08-13 13:00:33.228 12013 12044 I BionicX : BXICEWM tree depth=3 id=0x400063 parent=0x400061 map=2 class=1 events=0x21203f geometry=20x20+1712+6 title=MEM
08-13 13:00:33.229 12013 12044 I BionicX : BXICEWM tree depth=0 id=0x40010f parent=0x4 map=2 class=1 events=0x20a03f geometry=628x338+628+0 title=Frame
08-13 13:00:33.229 12013 12044 I BionicX : BXICEWM tree depth=1 id=0x400116 parent=0x40010f map=2 class=2 events=0x0 geometry=580x4+24+0 title=topSide
08-13 13:00:33.229 12013 12044 I BionicX : BXICEWM tree depth=1 id=0x400110 parent=0x40010f map=2 class=1 events=0x38203f geometry=620x310+4+24 title=Container
08-13 13:00:33.229 12013 12044 I BionicX : BXICEWM tree depth=2 id=0xc00001 parent=0x400110 map=2 class=1 events=0xe28000 geometry=620x310+0+0 title=BionicX Workspace B
08-13 13:00:33.229 12013 12044 I BionicX : BXICEWM tree depth=1 id=0x400111 parent=0x40010f map=2 class=1 events=0x21203f geometry=620x20+4+4 title=TitleBar
08-13 13:00:33.229 12013 12044 I BionicX : BXICEWM pixels title=TitleBar nonzero=12400 different=10207 first=0xff000000 hash=0xeb15e4c8fd8d2590
08-13 13:00:33.230 12013 12044 I BionicX : BXICEWM tree depth=2 id=0x400115 parent=0x400111 map=2 class=1 events=0x21203f geometry=20x20+560+0 title=Minimize
08-13 13:00:33.249 12013 12044 I BionicX : BXICEWM tree depth=2 id=0x400114 parent=0x400111 map=2 class=1 events=0x21203f geometry=20x20+580+0 title=Maximize
08-13 13:00:33.249 12013 12044 I BionicX : BXICEWM tree depth=2 id=0x400113 parent=0x400111 map=2 class=1 events=0x21203f geometry=20x20+600+0 title=Close
08-13 13:00:33.249 12013 12044 I BionicX : BXICEWM pixels title=Close nonzero=400 different=360 first=0xffffffff hash=0xa04bfb7d7d7ef8a8
08-13 13:00:33.249 12013 12044 I BionicX : BXICEWM tree depth=2 id=0x400112 parent=0x400111 map=2 class=1 events=0x21203f geometry=20x20+0+0 title=SysMenu
08-13 13:00:33.249 12013 12044 I BionicX : BXICEWM tree depth=1 id=0x40011d parent=0x40010f map=2 class=2 events=0x0 geometry=24x24+604+314 title=-
08-13 13:00:33.250 12013 12044 I BionicX : BXICEWM tree depth=1 id=0x40011c parent=0x40010f map=2 class=2 events=0x0 geometry=24x24+0+314 title=-
08-13 13:00:33.250 12013 12044 I BionicX : BXICEWM tree depth=1 id=0x40011b parent=0x40010f map=2 class=2 events=0x0 geometry=24x24+604+0 title=-
08-13 13:00:33.250 12013 12044 I BionicX : BXICEWM tree depth=1 id=0x40011a parent=0x40010f map=2 class=2 events=0x0 geometry=24x24+0+0 title=-
08-13 13:00:33.250 12013 12044 I BionicX : BXICEWM tree depth=1 id=0x400119 parent=0x40010f map=2 class=2 events=0x0 geometry=580x4+24+334 title=-
08-13 13:00:33.250 12013 12044 I BionicX : BXICEWM tree depth=1 id=0x400118 parent=0x40010f map=2 class=2 events=0x0 geometry=4x290+624+24 title=-
08-13 13:00:33.250 12013 12044 I BionicX : BXICEWM tree depth=1 id=0x400117 parent=0x40010f map=2 class=2 events=0x0 geometry=4x290+0+24 title=-
08-13 13:00:33.250 12013 12044 I BionicX : BXICEWM tree depth=0 id=0x4000f7 parent=0x4 map=2 class=1 events=0x20a03f geometry=628x338+0+0 title=Frame
08-13 13:00:33.250 12013 12044 I BionicX : BXICEWM tree depth=1 id=0x4000ff parent=0x4000f7 map=2 class=2 events=0x0 geometry=580x4+24+0 title=topSide
08-13 13:00:33.250 12013 12044 I BionicX : BXICEWM tree depth=1 id=0x4000f8 parent=0x4000f7 map=2 class=1 events=0x38203f geometry=620x310+4+24 title=Container
08-13 13:00:33.250 12013 12044 I BionicX : BXICEWM tree depth=2 id=0x800001 parent=0x4000f8 map=2 class=1 events=0xe28000 geometry=620x310+0+0 title=BionicX Workspace A
08-13 13:00:33.250 12013 12044 I BionicX : BXICEWM tree depth=1 id=0x4000f9 parent=0x4000f7 map=2 class=1 events=0x21203f geometry=620x20+4+4 title=TitleBar
08-13 13:00:33.250 12013 12044 I BionicX : BXICEWM pixels title=TitleBar nonzero=12400 different=10225 first=0xff000000 hash=0x8fafb2e3d59a6be1
08-13 13:00:33.250 12013 12044 I BionicX : BXICEWM tree depth=2 id=0x4000fd parent=0x4000f9 map=2 class=1 events=0x21203f geometry=20x20+560+0 title=Minimize
08-13 13:00:33.250 12013 12044 I BionicX : BXICEWM tree depth=2 id=0x4000fc parent=0x4000f9 map=2 class=1 events=0x21203f geometry=20x20+580+0 title=Maximize
08-13 13:00:33.251 12013 12044 I BionicX : BXICEWM tree depth=2 id=0x4000fb parent=0x4000f9 map=2 class=1 events=0x21203f geometry=20x20+600+0 title=Close
08-13 13:00:33.251 12013 12044 I BionicX : BXICEWM pixels title=Close nonzero=400 different=360 first=0xffffffff hash=0xfba37fa44206e2d6
08-13 13:00:33.251 12013 12044 I BionicX : BXICEWM tree depth=2 id=0x4000fa parent=0x4000f9 map=2 class=1 events=0x21203f geometry=20x20+0+0 title=SysMenu
08-13 13:00:33.251 12013 12044 I BionicX : BXICEWM tree depth=1 id=0x40010d parent=0x4000f7 map=2 class=2 events=0x0 geometry=24x24+604+314 title=-
08-13 13:00:33.251 12013 12044 I BionicX : BXICEWM tree depth=1 id=0x40010b parent=0x4000f7 map=2 class=2 events=0x0 geometry=24x24+0+314 title=-
08-13 13:00:33.251 12013 12044 I BionicX : BXICEWM tree depth=1 id=0x400109 parent=0x4000f7 map=2 class=2 events=0x0 geometry=24x24+604+0 title=-
08-13 13:00:33.251 12013 12044 I BionicX : BXICEWM tree depth=1 id=0x400107 parent=0x4000f7 map=2 class=2 events=0x0 geometry=24x24+0+0 title=-
08-13 13:00:33.252 12013 12044 I BionicX : BXICEWM tree depth=1 id=0x400105 parent=0x4000f7 map=2 class=2 events=0x0 geometry=580x4+24+334 title=-
08-13 13:00:33.252 12013 12044 I BionicX : BXICEWM tree depth=1 id=0x400103 parent=0x4000f7 map=2 class=2 events=0x0 geometry=4x290+624+24 title=-
08-13 13:00:33.252 12013 12044 I BionicX : BXICEWM tree depth=1 id=0x400101 parent=0x4000f7 map=2 class=2 events=0x0 geometry=4x290+0+24 title=-
08-13 13:00:33.252 12013 12044 I BionicX : BXICEWM tree depth=0 id=0x400007 parent=0x4 map=0 class=2 events=0x203f geometry=1x1-1-1 title=IceBottom
08-13 13:00:33.252 12013 12044 I BionicX : BXICEWM tree depth=0 id=0x400003 parent=0x4 map=0 class=1 events=0x0 geometry=1x1-1-1 title=IceWM 3.7.4 (Linux/aarch64)
08-13 13:00:33.252 12013 12044 I BionicX : BXICEWM tree-summary windows=62
08-13 13:00:33.252 12013 12044 I BionicX : BXTEST PASS icewm-decoration-pixels painted=4/4
08-13 13:00:33.252 12013 12044 I BionicX : BXTEST PASS icewm-window-tree
08-13 13:00:30.156  2312  2395 I ActivityManager: Process PhantomProcessRecord {2cb0ed8 11491:11463:bionicx-exec/u0a194} died
08-13 13:00:30.446 12013 12040 I BionicX : launching BionicX IceWM managed desktop probe: [/data/user/0/io.taowen.bx/files/bin/bionicx-exec, --cwd, /data/user/0/io.taowen.bx/files/apps/icewm-probe, --env, DISPLAY=:0, --env, HOME=/data/user/0/io.taowen.bx/files/homes/icewm-probe, --env, TMPDIR=/data/user/0/io.taowen.bx/files/run/icewm-probe, --env, LANG=en_US.UTF-8, --env, LOCPATH=/data/user/0/io.taowen.bx/files/rootfs/usr/lib/locale, --env, BIONICX_APP=/data/user/0/io.taowen.bx/files/apps/icewm-probe, --env, BIONICX_RUNTIME=/data/user/0/io.taowen.bx/files/rootfs, --env, ICEWM_PRIVCFG=/data/user/0/io.taowen.bx/files/apps/icewm-probe/share/icewm, --env, IMLIB2_LOADER_PATH=/data/user/0/io.taowen.bx/files/rootfs/usr/lib/aarch64-linux-gnu/imlib2/loaders, --env, BIONICX_DNS_SERVERS=10.21.198.26, --env, BIONICX_ROOTFS=/data/user/0/io.taowen.bx/files/rootfs, --env, BIONICX_TMPDIR=/data/user/0/io.taowen.bx/cache, --env, FONTCONFIG_PATH=/data/user/0/io.taowen.bx/files/rootfs/etc/fonts, --env, FONTCONFIG_FILE=fonts.conf, --env, FONTCONFIG_SYSROOT=/data/user/0/io.taowen.bx/files/rootfs, --env, LD_PRELOAD=/data/user/0/io.taowen.bx/files/lib/libbionicx-runtime.so, --, /data/user/0/io.taowen.bx/files/apps/icewm-probe/bin/icewm-session]
08-13 13:00:30.450 12013 12044 I BionicX : bionicx-exec: running untraced pid=12046
08-13 13:00:31.653 12013 12044 I BionicX : BXTEST PASS icewm-manager-start pid=12047
08-13 13:00:31.668 12013 12044 I BionicX : BXTEST PASS icewm-taskbar-mapped
08-13 13:00:33.252 12013 12044 I BionicX : BXTEST PASS icewm-decoration-pixels painted=4/4
08-13 13:00:33.252 12013 12044 I BionicX : BXTEST PASS icewm-window-tree
08-13 13:00:51.837 12013 12044 I BionicX : BXTEST PASS icewm-two-clients first=1 second=1
08-13 13:00:51.837 12013 12044 I BionicX : BXSUMMARY icewm passed=4 failed=0
08-13 13:00:51.838 12013 12045 I BionicX : bionicx-exec: primary pid=12046 exited status=0x0; draining session
08-13 13:00:51.838 12013 12045 I BionicX : bionicx-exec: session drained children=0
08-13 13:00:51.839  2312  2395 I ActivityManager: Process PhantomProcessRecord {5775bce 12042:12013:bionicx-exec/u0a194} died
