bionicx-exec: running untraced pid=9781
Successfully created new database.
bionicx-exec: primary pid=9781 exited status=0x0; draining session
bionicx-exec: session drained children=0
BXTEST PASS db-create created
bionicx-exec: running untraced pid=9787
Successfully added entry login.
bionicx-exec: primary pid=9787 exited status=0x0; draining session
bionicx-exec: session drained children=0
BXTEST PASS db-add login
bionicx-exec: running untraced pid=9793
login
bionicx-exec: primary pid=9793 exited status=0x0; draining session
bionicx-exec: session drained children=0
BXTEST PASS db-ls login
bionicx-exec: running untraced pid=9800
login
bionicx
https://example.com
bionicx-exec: primary pid=9800 exited status=0x0; draining session
bionicx-exec: session drained children=0
BXTEST PASS db-show login bionicx example.com
bionicx-exec: running untraced pid=9806
login
bionicx-exec: primary pid=9806 exited status=0x0; draining session
bionicx-exec: session drained children=0
BXTEST PASS db-reopen login
BXTEST PASS db-persist bytes=2046
BXSUMMARY keepassxc-cli passed=6 failed=0
