profile keepassxc-db-widget-probe is valid
/var/home/taowen/projects/glibc-on-bionic/bionicx/build/bxapt.conf: 1 file pushed, 0 skipped. 11.3 MB/s (1092 bytes in 0.000s)
/var/home/taowen/projects/glibc-on-bionic/bionicx/tools/rootfs-elf-fixup.sh: 1 file pushed, 0 skipped. 85.1 MB/s (9272 bytes in 0.000s)
/var/home/taowen/projects/glibc-on-bionic/bionicx/tools/bxapt-unpack.sh: 1 file pushed, 0 skipped. 52.8 MB/s (5904 bytes in 0.000s)
/var/home/taowen/projects/glibc-on-bionic/bionicx/tools/bxapt-ldconfig.sh: 1 file pushed, 0 skipped. 26.8 MB/s (2747 bytes in 0.000s)
/var/home/taowen/projects/glibc-on-bionic/bionicx/android/app/src/main/assets/bionicx/lib/libbionicx-runtime.so: 1 file pushed, 0 skipped. 77.3 MB/s (78840 bytes in 0.001s)
bionicx-exec: running untraced pid=32007
bionicx-exec: primary pid=32007 exited status=0x0; draining session
bionicx-exec: session drained children=0
bionicx-exec: running untraced pid=32018
bionicx ELF fixups: 1 entries
bionicx-exec: primary pid=32018 exited status=0x0; draining session
bionicx-exec: session drained children=0
/var/home/taowen/projects/glibc-on-bionic/bionicx/profiles/keepassxc-db-widget-probe.json: 1 file pushed, 0 skipped. 9.5 MB/s (759 bytes in 0.000s)
installed profile keepassxc-db-widget-probe for io.taowen.bx
I/BionicX (32116): BXTEST PASS welcome-show
I/BionicX (32116): BXTEST PASS db-tree-show
I/BionicX (32116): BXTEST PASS db-tree-current
I/BionicX (32116): BXTEST PASS db-tree-exec
I/BionicX (32116): BXSUMMARY keepassxc-db-widget passed=4 failed=0
I/BionicX (32116): keepassxc-db-widget-probe exited with 0
/var/home/taowen/projects/glibc-on-bionic/bionicx/examples/keepassxc-cli-probe/keepassxc-deferred-open: 1 file pushed, 0 skipped. 18.0 MB/s (1262 bytes in 0.000s)
/var/home/taowen/projects/glibc-on-bionic/bionicx/examples/keepassxc-cli-probe/fixtures/bionicx.key: 1 file pushed, 0 skipped. 2.8 MB/s (259 bytes in 0.000s)
bionicx-exec: running untraced pid=32206
Successfully created new database.
bionicx-exec: primary pid=32206 exited status=0x0; draining session
bionicx-exec: session drained children=0
BXTEST PASS db-create created
bionicx-exec: running untraced pid=32211
Successfully added entry login.
bionicx-exec: primary pid=32211 exited status=0x0; draining session
bionicx-exec: session drained children=0
BXTEST PASS db-add login
bionicx-exec: running untraced pid=32216
login
bionicx-exec: primary pid=32216 exited status=0x0; draining session
bionicx-exec: session drained children=0
BXTEST PASS db-ls login
bionicx-exec: running untraced pid=32222
login
bionicx
https://example.com
bionicx-exec: primary pid=32222 exited status=0x0; draining session
bionicx-exec: session drained children=0
BXTEST PASS db-show login bionicx example.com
bionicx-exec: running untraced pid=32228
login
bionicx-exec: primary pid=32228 exited status=0x0; draining session
bionicx-exec: session drained children=0
BXTEST PASS db-reopen login
BXTEST PASS db-persist bytes=1694
BXSUMMARY keepassxc-cli passed=6 failed=0
profile keepassxc is valid
/var/home/taowen/projects/glibc-on-bionic/bionicx/profiles/keepassxc.json: 1 file pushed, 0 skipped. 12.4 MB/s (1233 bytes in 0.000s)
installed profile keepassxc for io.taowen.bx
screenshot /var/home/taowen/projects/glibc-on-bionic/bionicx/build/keepassxc-db-widget-device.png bytes=62781 alive=1
W/ActivityTaskManager( 2312): Force removing ActivityRecord{c0ba8e4 u0 io.taowen.bx/com.winlator.BionicXActivity t1173 f}}: app died, no saved state
V/WindowManagerShell( 2659): Transition requested: android.os.BinderProxy@7dd5f2 TransitionRequestInfo { type = CLOSE, triggerTask = TaskInfo{userId=0 taskId=1173 displayId=0 isRunning=false baseIntent=Intent { flg=0x10000000 cmp=io.taowen.bx/com.winlator.BionicXActivity } baseActivity=null topActivity=null origActivity=null realActivity=ComponentInfo{io.taowen.bx/com.winlator.BionicXActivity} numActivities=0 lastActiveTime=105461033 supportsMultiWindow=true resizeMode=1 isResizeable=true minWidth=-1 minHeight=-1 defaultMinSize=220 token=WCT{android.window.IWindowContainerToken$Stub$Proxy@7f00443} topActivityType=1 pictureInPictureParams=null shouldDockBigOverlays=false launchIntoPipHostTaskId=-1 lastParentTaskIdBeforePip=-1 displayCutoutSafeInsets=null topActivityInfo=null launchCookies=[] positionInParent=Point(0, 0) parentTaskId=-1 isFocused=true isVisible=true isVisibleRequested=true isSleeping=false topActivityInSizeCompat=false topActivityEligibleForLetterboxEducation= false topActivityLetterboxed= false isFromDoubleTap= false topActivityLetterboxVerticalPosition= -1 topActivityLetterboxHorizontalPosition= -1 topActivityLetterboxWidth=-1 topActivityLetterboxHeight=-1 locusId=null displayAreaFeatureId=1 cameraCompatControlState=hidden}, remoteTransition = null, displayChange = null }
I/Zygote  ( 1300): Process 32116 exited due to signal 9 (Killed)
I/WindowManager( 2312): WIN DEATH: Window{515c747 u0 io.taowen.bx/com.winlator.BionicXActivity}
W/InputManager-JNI( 2312): Input channel object '515c747 io.taowen.bx/com.winlator.BionicXActivity (client)' was disposed without first being removed with the input manager!
W/WindowManager( 2312): Failed to deliver inset control state change to w=Window{515c747 u0 io.taowen.bx/com.winlator.BionicXActivity EXITING}
V/WindowManager( 2312): Sent Transition #567 createdAt=08-14 01:29:15.414 via request=TransitionRequestInfo { type = CLOSE, triggerTask = TaskInfo{userId=0 taskId=1173 displayId=0 isRunning=false baseIntent=Intent { flg=0x10000000 cmp=io.taowen.bx/com.winlator.BionicXActivity } baseActivity=null topActivity=null origActivity=null realActivity=ComponentInfo{io.taowen.bx/com.winlator.BionicXActivity} numActivities=0 lastActiveTime=105461033 supportsMultiWindow=true resizeMode=1 isResizeable=true minWidth=-1 minHeight=-1 defaultMinSize=220 token=WCT{RemoteToken{a923e5f Task{2c4914d #1173 type=standard A=10194:io.taowen.bx}}} topActivityType=1 pictureInPictureParams=null shouldDockBigOverlays=false launchIntoPipHostTaskId=-1 lastParentTaskIdBeforePip=-1 displayCutoutSafeInsets=null topActivityInfo=null launchCookies=[] positionInParent=Point(0, 0) parentTaskId=-1 isFocused=true isVisible=true isVisibleRequested=true isSleeping=false topActivityInSizeCompat=false topActivityEligibleForLetterboxEducation= false topActivityLetterboxed= false isFromDoubleTap= false topActivityLetterboxVerticalPosition= -1 topActivityLetterboxHorizontalPosition= -1 topActivityLetterboxWidth=-1 topActivityLetterboxHeight=-1 locusId=null displayAreaFeatureId=1 cameraCompatControlState=hidden}, remoteTransition = null, displayChange = null }
W/WindowManager( 2312): Failed to deliver inset control state change to w=Window{515c747 u0 io.taowen.bx/com.winlator.BionicXActivity EXITING}
I/ActivityTaskManager( 2312): START u0 {flg=0x10000000 cmp=io.taowen.bx/com.winlator.BionicXActivity} with LAUNCH_MULTIPLE from uid 2000 (BAL_ALLOW_PERMISSION) result code=0
V/WindowManagerShell( 2659): Transition requested: android.os.BinderProxy@4e52c03 TransitionRequestInfo { type = OPEN, triggerTask = TaskInfo{userId=0 taskId=1174 displayId=0 isRunning=true baseIntent=Intent { flg=0x10000000 cmp=io.taowen.bx/com.winlator.BionicXActivity } baseActivity=ComponentInfo{io.taowen.bx/com.winlator.BionicXActivity} topActivity=ComponentInfo{io.taowen.bx/com.winlator.BionicXActivity} origActivity=null realActivity=ComponentInfo{io.taowen.bx/com.winlator.BionicXActivity} numActivities=1 lastActiveTime=105464117 supportsMultiWindow=true resizeMode=1 isResizeable=true minWidth=-1 minHeight=-1 defaultMinSize=220 token=WCT{android.window.IWindowContainerToken$Stub$Proxy@64ed780} topActivityType=1 pictureInPictureParams=null shouldDockBigOverlays=false launchIntoPipHostTaskId=-1 lastParentTaskIdBeforePip=-1 displayCutoutSafeInsets=null topActivityInfo=ActivityInfo{23af1b9 com.winlator.BionicXActivity} launchCookies=[] positionInParent=Point(0, 0) parentTaskId=-1 isFocused=false isVisible=false isVisibleRequested=false isSleeping=false topActivityInSizeCompat=false topActivityEligibleForLetterboxEducation= false topActivityLetterboxed= false isFromDoubleTap= false topActivityLetterboxVerticalPosition= -1 topActivityLetterboxHorizontalPosition= -1 topActivityLetterboxWidth=-1 topActivityLetterboxHeight=-1 locusId=null displayAreaFeatureId=1 cameraCompatControlState=hidden}, remoteTransition = null, displayChange = null }
I/ActivityManager( 2312): Start proc 32261:io.taowen.bx/u0a194 for next-top-activity {io.taowen.bx/com.winlator.BionicXActivity}
V/WindowManager( 2312): Sent Transition #568 createdAt=08-14 01:29:15.857 via request=TransitionRequestInfo { type = OPEN, triggerTask = TaskInfo{userId=0 taskId=1174 displayId=0 isRunning=true baseIntent=Intent { flg=0x10000000 cmp=io.taowen.bx/com.winlator.BionicXActivity } baseActivity=ComponentInfo{io.taowen.bx/com.winlator.BionicXActivity} topActivity=ComponentInfo{io.taowen.bx/com.winlator.BionicXActivity} origActivity=null realActivity=ComponentInfo{io.taowen.bx/com.winlator.BionicXActivity} numActivities=1 lastActiveTime=105464117 supportsMultiWindow=true resizeMode=1 isResizeable=true minWidth=-1 minHeight=-1 defaultMinSize=220 token=WCT{RemoteToken{7d901fc Task{9a8b815 #1174 type=standard A=10194:io.taowen.bx}}} topActivityType=1 pictureInPictureParams=null shouldDockBigOverlays=false launchIntoPipHostTaskId=-1 lastParentTaskIdBeforePip=-1 displayCutoutSafeInsets=null topActivityInfo=ActivityInfo{ae8d085 com.winlator.BionicXActivity} launchCookies=[] positionInParent=Point(0, 0) parentTaskId=-1 isFocused=false isVisible=false isVisibleRequested=false isSleeping=false topActivityInSizeCompat=false topActivityEligibleForLetterboxEducation= false topActivityLetterboxed= false isFromDoubleTap= false topActivityLetterboxVerticalPosition= -1 topActivityLetterboxHorizontalPosition= -1 topActivityLetterboxWidth=-1 topActivityLetterboxHeight=-1 locusId=null displayAreaFeatureId=1 cameraCompatControlState=hidden}, remoteTransition = null, displayChange = null }
W/WindowManager( 2312): Exception thrown during dispatchAppVisibility Window{515c747 u0 io.taowen.bx/com.winlator.BionicXActivity EXITING}
I/BionicX (32261): profile=keepassxc display=1920x1080@144 socket=filesystem
I/BionicX (32261): enabled D-Bus session service at /data/user/0/io.taowen.bx/files/run/keepassxc/runtime/bus
I/BionicX (32261): dbus: bionicx-exec: running untraced pid=32293
I/BionicX (32261): runtime DNS servers=1
D/CoreBackPreview( 2312): Window{664bdad u0 io.taowen.bx/com.winlator.BionicXActivity}: Setting back callback OnBackInvokedCallbackInfo{mCallback=android.window.IOnBackInvokedCallback$Stub$Proxy@bf52e5c, mPriority=0, mIsAnimationCallback=false}
I/BionicX (32261): launching KeePassXC (Debian trixie ARM64): [/data/user/0/io.taowen.bx/files/bin/bionicx-exec, --cwd, /data/user/0/io.taowen.bx/files/homes/keepassxc, --env, DISPLAY=:0, --env, GLADIO_X11_SOCKET=/data/data/io.taowen.bx/files/rootfs/tmp/.X11-unix/X0, --env, HOME=/data/user/0/io.taowen.bx/files/homes/keepassxc, --env, TMPDIR=/data/user/0/io.taowen.bx/cache, --env, XDG_RUNTIME_DIR=/data/user/0/io.taowen.bx/files/run/keepassxc/runtime, --env, XDG_CONFIG_HOME=/data/user/0/io.taowen.bx/files/homes/keepassxc/.config, --env, XDG_CACHE_HOME=/data/user/0/io.taowen.bx/files/homes/keepassxc/.cache, --env, XDG_DATA_HOME=/data/user/0/io.taowen.bx/files/homes/keepassxc/.local/share, --env, XDG_DATA_DIRS=/data/user/0/io.taowen.bx/files/rootfs/usr/local/share:/data/user/0/io.taowen.bx/files/rootfs/usr/share, --env, QT_QPA_PLATFORM=xcb, --env, QT_PLUGIN_PATH=/data/user/0/io.taowen.bx/files/rootfs/usr/lib/aarch64-linux-gnu/qt5/plugins, --env, QT_XKB_CONFIG_ROOT=/data/user/0/io.taowen.bx/files/rootfs/usr/share/X11/xkb, --env, NO_AT_BRIDGE=1, --env, PATH=/data/user/0/io.taowen.bx/files/rootfs/usr/bin:/data/user/0/io.taowen.bx/files/rootfs/bin:/product/bin:/system/bin, --env, LANG=C.UTF-8, --env, BIONICX_DNS_SERVERS=172.19.0.2, --env, BIONICX_ROOTFS=/data/user/0/io.taowen.bx/files/rootfs, --env, BIONICX_APP=/data/user/0/io.taowen.bx/files/apps/keepassxc, --env, LD_LIBRARY_PATH=/data/user/0/io.taowen.bx/files/apps/keepassxc/lib, --env, BIONICX_TMPDIR=/data/user/0/io.taowen.bx/cache, --env, FONTCONFIG_PATH=/data/user/0/io.taowen.bx/files/rootfs/etc/fonts, --env, FONTCONFIG_FILE=fonts.conf, --env, FONTCONFIG_SYSROOT=/data/user/0/io.taowen.bx/files/rootfs, --env, DBUS_SESSION_BUS_ADDRESS=unix:path=/data/user/0/io.taowen.bx/files/run/keepassxc/runtime/bus, --env, LD_PRELOAD=/data/user/0/io.taowen.bx/files/lib/libbionicx-runtime.so, --, /data/user/0/io.taowen.bx/files/rootfs/bin/sh, /data/user/0/io.taowen.bx/files/apps/keepassxc/bin/keepassxc-deferred-open, --keyfile, /data/user/0/io.taowen.bx/files/apps/keepassxc/fixtures/bionicx.key, /data/user/0/io.taowen.bx/files/apps/keepassxc/fixtures/bionicx.kdbx]
I/BionicX (32261): bionicx-exec: running untraced pid=32301
I/ActivityTaskManager( 2312): Displayed io.taowen.bx/com.winlator.BionicXActivity for user 0: +220ms
BXTEST PASS keepassxc-deferred-open alive screenshot=62781
BXSUMMARY keepassxc-db-widget-gui passed=1 failed=0
