bionicx-exec: running untraced pid=25090
bionicx-exec: running untraced pid=25097
bionicx-exec: running untraced pid=25101
bionicx-exec: running untraced pid=25109
Reading package lists...
Building dependency tree...
Reading state information...
The following NEW packages will be installed:
  uuid-runtime
0 upgraded, 1 newly installed, 0 to remove and 0 not upgraded.
Need to get 62.7 kB of archives.
After this operation, 297 kB of additional disk space will be used.
Get:1 http://snapshot.debian.org/archive/debian/20260811T000000Z trixie/main arm64 uuid-runtime arm64 2.41-5 [62.7 kB]
Fetched 62.7 kB in 1s (74.1 kB/s)
Download complete and in download only mode
bionicx-exec: running untraced pid=25120
Selecting previously unselected package uuid-runtime.
(Reading database ... 6244 files and directories currently installed.)
Preparing to unpack .../uuid-runtime_2.41-5_arm64.deb ...
Unpacking uuid-runtime (2.41-5) ...
bionicx-exec: running untraced pid=25143
bionicx ELF fixups: 1016 entries
