/var/home/taowen/projects/glibc-on-bionic/bionicx/build/nss-ckbi-probe: 1 file pushed, 0 skipped. 257.1 MB/s (131985 bytes in 0.000s)
bionicx-exec: running untraced pid=24807
BXTEST PASS gred-softokn /data/user/0/io.taowen.bx/files/rootfs/usr/lib/firefox-esr/libsoftokn3.so
BXTEST PASS gred-ckbi /data/user/0/io.taowen.bx/files/rootfs/usr/lib/firefox-esr/libnssckbi.so
BXTEST PASS system-ckbi /data/user/0/io.taowen.bx/files/rootfs/usr/lib/aarch64-linux-gnu/libnssckbi.so
BXTEST PASS gred-ckbi-relative ../aarch64-linux-gnu/libnssckbi.so
BXTEST PASS dlopen-libnss3 /data/user/0/io.taowen.bx/files/rootfs/usr/lib/firefox-esr/libnss3.so
BXTEST PASS gred-softokn-soname /data/user/0/io.taowen.bx/files/rootfs/usr/lib/firefox-esr/libsoftokn3.so
BXTEST PASS nss-symbols NSS_NoDB_Init
BXTEST PASS nss-sql-init sql-ok
BXTEST PASS psm-key-slot ready
BXTEST PASS nss-init nodb
BXTEST PASS load-ckbi /data/user/0/io.taowen.bx/files/rootfs/usr/lib/firefox-esr/libnssckbi.so
BXTEST PASS trust-anchors count=176
BXTEST PASS dlopen-libssl3 /data/user/0/io.taowen.bx/files/rootfs/usr/lib/firefox-esr/libssl3.so
BXTEST PASS dlopen-libnspr4 libnspr4.so
BXTEST PASS tls-symbols ssl3+nspr
BXTEST PASS dns-example example.com=198.18.0.31
BXTEST PASS tls-example tls-ok
BXSUMMARY nss-ckbi passed=17 failed=0
bionicx-exec: primary pid=24807 exited status=0x0; draining session
bionicx-exec: session drained children=0
