/work/third_party/gladio/src/main.c: In function 'getRangeIndices':
/work/third_party/gladio/src/main.c:35:31: warning: initialization discards 'const' qualifier from pointer target type [-Wdiscarded-qualifiers]
   35 |             GLubyte* values = indices;
      |                               ^~~~~~~
/work/third_party/gladio/src/main.c:43:32: warning: initialization discards 'const' qualifier from pointer target type [-Wdiscarded-qualifiers]
   43 |             GLushort* values = indices;
      |                                ^~~~~~~
/work/third_party/gladio/src/main.c:51:30: warning: initialization discards 'const' qualifier from pointer target type [-Wdiscarded-qualifiers]
   51 |             GLuint* values = indices;
      |                              ^~~~~~~
In file included from /work/third_party/gladio/include/gl_client_state.h:5,
                 from /work/third_party/gladio/include/gl_context.h:4,
                 from /work/third_party/gladio/src/gl_calls.c:2:
/work/third_party/gladio/src/gl_calls.c: In function 'glColorPointer':
/work/third_party/gladio/include/gl_vao.h:54:46: warning: assignment discards 'const' qualifier from pointer target type [-Wdiscarded-qualifiers]
   54 |     clientState->vao->attribs[index].pointer = pointer; \
      |                                              ^
/work/third_party/gladio/src/gl_calls.c:872:5: note: in expansion of macro 'GL_SEND_VERTEX_ARRAY'
  872 |     GL_SEND_VERTEX_ARRAY(REQUEST_CODE_GL_COLOR_POINTER, COLOR_ARRAY_INDEX);
      |     ^~~~~~~~~~~~~~~~~~~~
/work/third_party/gladio/src/gl_calls.c: In function 'glGetStringi':
/work/third_party/gladio/src/gl_calls.c:2998:42: warning: passing argument 1 of 'strsplit' discards 'const' qualifier from pointer target type [-Wdiscarded-qualifiers]
 2998 |     if (cachedValues.size == 0) strsplit((const char*)glGetString(name), ' ', &cachedValues);
      |                                          ^~~~~~~~~~~~~~~~~~~~~~~~~~~~~~
In file included from /work/third_party/gladio/include/texture_utils.h:9,
                 from /work/third_party/gladio/include/gladio.h:72,
                 from /work/third_party/gladio/src/gl_calls.c:1:
/work/third_party/gladio/include/string_utils.h:135:35: note: expected 'char *' but argument is of type 'const char *'
  135 | static inline void strsplit(char* input, char delimiter, ArrayList* outStrings) {
      |                             ~~~~~~^~~~~
/work/third_party/gladio/src/gl_calls.c: In function 'glLoadMatrixf':
/work/third_party/gladio/src/gl_calls.c:3585:73: warning: passing argument 3 of 'gl_send' discards 'const' qualifier from pointer target type [-Wdiscarded-qualifiers]
 3585 |     gl_send(currentGLContext->serverRing, REQUEST_CODE_GL_LOAD_MATRIXF, m, 16 * sizeof(GLfloat));
      |                                                                         ^
/work/third_party/gladio/include/gladio.h:115:71: note: expected 'void *' but argument is of type 'const GLfloat *' {aka 'const float *'}
  115 | static inline bool gl_send(RingBuffer* ring, short requestCode, void* data, int size) {
      |                                                                 ~~~~~~^~~~
/work/third_party/gladio/src/gl_calls.c: In function 'glLoadTransposeMatrixf':
/work/third_party/gladio/src/gl_calls.c:3606:83: warning: passing argument 3 of 'gl_send' discards 'const' qualifier from pointer target type [-Wdiscarded-qualifiers]
 3606 |     gl_send(currentGLContext->serverRing, REQUEST_CODE_GL_LOAD_TRANSPOSE_MATRIXF, m, 16 * sizeof(GLfloat));
      |                                                                                   ^
/work/third_party/gladio/include/gladio.h:115:71: note: expected 'void *' but argument is of type 'const GLfloat *' {aka 'const float *'}
  115 | static inline bool gl_send(RingBuffer* ring, short requestCode, void* data, int size) {
      |                                                                 ~~~~~~^~~~
/work/third_party/gladio/src/gl_calls.c: In function 'glMultMatrixf':
/work/third_party/gladio/src/gl_calls.c:3855:73: warning: passing argument 3 of 'gl_send' discards 'const' qualifier from pointer target type [-Wdiscarded-qualifiers]
 3855 |     gl_send(currentGLContext->serverRing, REQUEST_CODE_GL_MULT_MATRIXF, m, 16 * sizeof(GLfloat));
      |                                                                         ^
/work/third_party/gladio/include/gladio.h:115:71: note: expected 'void *' but argument is of type 'const GLfloat *' {aka 'const float *'}
  115 | static inline bool gl_send(RingBuffer* ring, short requestCode, void* data, int size) {
      |                                                                 ~~~~~~^~~~
/work/third_party/gladio/src/gl_calls.c: In function 'glMultTransposeMatrixf':
/work/third_party/gladio/src/gl_calls.c:3870:83: warning: passing argument 3 of 'gl_send' discards 'const' qualifier from pointer target type [-Wdiscarded-qualifiers]
 3870 |     gl_send(currentGLContext->serverRing, REQUEST_CODE_GL_MULT_TRANSPOSE_MATRIXF, m, 16 * sizeof(GLfloat));
      |                                                                                   ^
/work/third_party/gladio/include/gladio.h:115:71: note: expected 'void *' but argument is of type 'const GLfloat *' {aka 'const float *'}
  115 | static inline bool gl_send(RingBuffer* ring, short requestCode, void* data, int size) {
      |                                                                 ~~~~~~^~~~
/work/third_party/gladio/src/gl_calls.c: In function 'glNormalPointer':
/work/third_party/gladio/include/gl_vao.h:54:46: warning: assignment discards 'const' qualifier from pointer target type [-Wdiscarded-qualifiers]
   54 |     clientState->vao->attribs[index].pointer = pointer; \
      |                                              ^
/work/third_party/gladio/src/gl_calls.c:4454:5: note: in expansion of macro 'GL_SEND_VERTEX_ARRAY'
 4454 |     GL_SEND_VERTEX_ARRAY(REQUEST_CODE_GL_NORMAL_POINTER, NORMAL_ARRAY_INDEX);
      |     ^~~~~~~~~~~~~~~~~~~~
/work/third_party/gladio/src/gl_calls.c: In function 'glTexCoordPointer':
/work/third_party/gladio/include/gl_vao.h:54:46: warning: assignment discards 'const' qualifier from pointer target type [-Wdiscarded-qualifiers]
   54 |     clientState->vao->attribs[index].pointer = pointer; \
      |                                              ^
/work/third_party/gladio/src/gl_calls.c:5666:5: note: in expansion of macro 'GL_SEND_VERTEX_ARRAY'
 5666 |     GL_SEND_VERTEX_ARRAY(REQUEST_CODE_GL_TEX_COORD_POINTER, TEXCOORD_ARRAY_INDEX);
      |     ^~~~~~~~~~~~~~~~~~~~
/work/third_party/gladio/src/gl_calls.c: In function 'glVertexAttribIPointer':
/work/third_party/gladio/src/gl_calls.c:7315:54: warning: assignment discards 'const' qualifier from pointer target type [-Wdiscarded-qualifiers]
 7315 |             clientState->vao->attribs[index].pointer = pointer;
      |                                                      ^
/work/third_party/gladio/src/gl_calls.c: In function 'glVertexAttribPointer':
/work/third_party/gladio/src/gl_calls.c:7354:54: warning: assignment discards 'const' qualifier from pointer target type [-Wdiscarded-qualifiers]
 7354 |             clientState->vao->attribs[index].pointer = arrayBuffer ? arrayBuffer->mappedData : pointer;
      |                                                      ^
/work/third_party/gladio/src/gl_calls.c: In function 'glVertexPointer':
/work/third_party/gladio/include/gl_vao.h:54:46: warning: assignment discards 'const' qualifier from pointer target type [-Wdiscarded-qualifiers]
   54 |     clientState->vao->attribs[index].pointer = pointer; \
      |                                              ^
/work/third_party/gladio/src/gl_calls.c:7382:5: note: in expansion of macro 'GL_SEND_VERTEX_ARRAY'
 7382 |     GL_SEND_VERTEX_ARRAY(REQUEST_CODE_GL_VERTEX_POINTER, POSITION_ARRAY_INDEX);
      |     ^~~~~~~~~~~~~~~~~~~~
/work/third_party/gladio/src/arrays.c: In function 'ArrayMap_put':
/work/third_party/gladio/src/arrays.c:358:34: warning: assignment discards 'const' qualifier from pointer target type [-Wdiscarded-qualifiers]
  358 |     arrayMap->entries[index].key = key;
      |                                  ^
/var/home/taowen/projects/glibc-on-bionic/bionicx/build/qt-glx-fbconfig-probe-bundle/app/lib/libGL.so.1.7.0
profile qt-glx-fbconfig-probe is valid
/var/home/taowen/projects/glibc-on-bionic/bionicx/build/bxapt.conf: 1 file pushed, 0 skipped. 10.4 MB/s (1092 bytes in 0.000s)
/var/home/taowen/projects/glibc-on-bionic/bionicx/tools/rootfs-elf-fixup.sh: 1 file pushed, 0 skipped. 125.6 MB/s (9272 bytes in 0.000s)
/var/home/taowen/projects/glibc-on-bionic/bionicx/tools/bxapt-unpack.sh: 1 file pushed, 0 skipped. 76.7 MB/s (5904 bytes in 0.000s)
/var/home/taowen/projects/glibc-on-bionic/bionicx/tools/bxapt-ldconfig.sh: 1 file pushed, 0 skipped. 40.0 MB/s (2747 bytes in 0.000s)
/var/home/taowen/projects/glibc-on-bionic/bionicx/android/app/src/main/assets/bionicx/lib/libbionicx-runtime.so: 1 file pushed, 0 skipped. 20.9 MB/s (78840 bytes in 0.004s)
bionicx-exec: running untraced pid=30458
bionicx-exec: primary pid=30458 exited status=0x0; draining session
bionicx-exec: session drained children=0
bionicx-exec: running untraced pid=30469
bionicx ELF fixups: 2 entries
bionicx-exec: primary pid=30469 exited status=0x0; draining session
bionicx-exec: session drained children=0
/var/home/taowen/projects/glibc-on-bionic/bionicx/profiles/qt-glx-fbconfig-probe.json: 1 file pushed, 0 skipped. 5.9 MB/s (556 bytes in 0.000s)
installed profile qt-glx-fbconfig-probe for io.taowen.bx
I/BionicX (30554): BXTEST PASS qt-single-buffer configs=2 single=1 double=1
I/BionicX (30554): BXTEST PASS qt-double-buffer count=2
I/BionicX (30554): BXTEST PASS qt-gl33-context gl-3.3
I/BionicX (30554): BXSUMMARY qt-glx-fbconfig passed=3 failed=0
I/BionicX (30554): qt-glx-fbconfig-probe exited with 0
