==== force-stop + reboot ====
==== 2026-08-14T03:02:35+08:00 force-stop ====
force-stop done
==== 2026-08-14T03:02:35+08:00 reboot ====
reboot issued, waiting for device
adb device back 2026-08-14T03:03:00+08:00
run-as ready after 4 tries 2026-08-14T03:03:09+08:00
ed998c095a1b9384b1f022d06101ac3fc3c61761ac751546bd84edca298e44e2

==== host probes ====
==== 2026-08-14T03:02:35+08:00 host probes before reboot ====
new-device guide names seed rebuild, bxapt and kernel limits: PASS
runtime contract probe: PASS
vlc avi probe covers libvlc demux of the motion fixture: PASS
profile soffice-doc-probe is valid
soffice document-load probe covers gtk3 VCL and convert-to: PASS
rootfs ELF fixup: PASS
profile firefox-esr is valid
profile firefox-esr is valid
profile krita is valid
profile qbittorrent is valid
profile keepassxc is valid
popular app profiles stay on the shared seed declarations: PASS

==== device probes after reboot ====
==== 2026-08-14T03:03:16+08:00 post-reboot vlc-avi-probe ====
/var/home/taowen/projects/glibc-on-bionic/bionicx/build/vlc-avi-probe-bundle/app/bin/vlc-avi-probe: 1 file pushed, 0 skipped. 328.7 MB/s (197529 bytes in 0.001s)
/var/home/taowen/projects/glibc-on-bionic/bionicx/build/vlc-avi-probe-bundle/app/fixtures/bionicx-motion-audio.avi: 1 file pushed, 0 skipped. 711.0 MB/s (8356652 bytes in 0.011s)
bionicx-exec: running untraced pid=6407
BXTEST PASS fixture /data/user/0/io.taowen.bx/files/apps/vlc-avi-probe/fixtures/bionicx-motion-audio.avi
BXTEST PASS xcb-plugin /data/user/0/io.taowen.bx/files/rootfs/usr/lib/aarch64-linux-gnu/vlc/plugins/video_output/libxcb_x11_plugin.so
BXTEST PASS dlopen-libvlc libvlc.so.5
BXTEST PASS libvlc-symbols 3.0
BXTEST PASS libvlc-new dummy
BXTEST PASS media-path /data/user/0/io.taowen.bx/files/apps/vlc-avi-probe/fixtures/bionicx-motion-audio.avi
BXTEST PASS player from-media
BXTEST PASS playing state=3
BXTEST PASS video-size 320x180
BXTEST PASS duration ms=3000
error: XDG_RUNTIME_DIR is invalid or not set in the environment.
error: XDG_RUNTIME_DIR is invalid or not set in the environment.
error: XDG_RUNTIME_DIR is invalid or not set in the environment.
error: XDG_RUNTIME_DIR is invalid or not set in the environment.
BXSUMMARY vlc-avi passed=10 failed=0
bionicx-exec: primary pid=6407 exited status=0x0; draining session
bionicx-exec: session drained children=0
vlc-avi-probe: PASS
==== 2026-08-14T03:03:24+08:00 post-reboot soffice-origin-probe ====
/var/home/taowen/projects/glibc-on-bionic/bionicx/build/soffice-origin-probe: 1 file pushed, 0 skipped. 221.3 MB/s (197553 bytes in 0.001s)
bionicx-exec: running untraced pid=6480
BXTEST PASS reglo-present /data/user/0/io.taowen.bx/files/rootfs/usr/lib/libreoffice/program/libreglo.so
BXTEST PASS reglo-not-on-system only program/
BXTEST PASS cppuhelper-symlink ../libreoffice/program/libuno_cppuhelpergcc3.so.3
BXTEST PASS dlopen-cppuhelper libuno_cppuhelpergcc3.so.3
BXTEST PASS reglo-mapped /data/user/0/io.taowen.bx/files/rootfs/usr/lib/libreoffice/program/libreglo.so
BXSUMMARY soffice-origin passed=5 failed=0
bionicx-exec: primary pid=6480 exited status=0x0; draining session
bionicx-exec: session drained children=0

Dynamic section at offset 0xefbd8 contains 41 entries:
  Tag        Type                         Name/Value
 0x0000000000000001 (NEEDED)             Shared library: [libuno_cppu.so.3]
 0x0000000000000001 (NEEDED)             Shared library: [libreglo.so]
 0x0000000000000001 (NEEDED)             Shared library: [libuno_sal.so.3]
 0x0000000000000001 (NEEDED)             Shared library: [libuno_salhelpergcc3.so.3]
 0x0000000000000001 (NEEDED)             Shared library: [libunoidllo.so]
 0x0000000000000001 (NEEDED)             Shared library: [libxmlreaderlo.so]
 0x0000000000000001 (NEEDED)             Shared library: [libstdc++.so.6]
 0x0000000000000001 (NEEDED)             Shared library: [libm.so.6]
 0x0000000000000001 (NEEDED)             Shared library: [libgcc_s.so.1]
 0x0000000000000001 (NEEDED)             Shared library: [libc.so.6]
 0x0000000000000001 (NEEDED)             Shared library: [ld-linux-aarch64.so.1]
 0x000000000000000e (SONAME)             Library soname: [libuno_cppuhelpergcc3.so.3]
 0x000000000000001d (RUNPATH)            Library runpath: [/data/user/0/io.taowen.bx/files/rootfs/usr/lib/libreoffice/program:/data/user/0/io.taowen.bx/files/rootfs/usr/lib:/data/user/0/io.taowen.bx/files/rootfs/usr/lib/aarch64-linux-gnu:/data/user/0/io.taowen.bx/files/rootfs/lib:/data/user/0/io.taowen.bx/files/rootfs/lib/aarch64-linux-gnu:$ORIGIN:$ORIGIN/../lib]
 0x000000000000000c (INIT)               0x245c0
 0x000000000000000d (FINI)               0xb26e0
 0x0000000000000019 (INIT_ARRAY)         0xe9558
 0x000000000000001b (INIT_ARRAYSZ)       24 (bytes)
 0x000000000000001a (FINI_ARRAY)         0xe9570
 0x000000000000001c (FINI_ARRAYSZ)       8 (bytes)
 0x000000006ffffef5 (GNU_HASH)           0x100048
 0x0000000000000005 (STRTAB)             0x110000
 0x0000000000000006 (SYMTAB)             0x1678
 0x000000000000000a (STRSZ)              47318 (bytes)
 0x000000000000000b (SYMENT)             24 (bytes)
 0x0000000000000003 (PLTGOT)             0xeffe8
 0x0000000000000002 (PLTRELSZ)           4488 (bytes)
 0x0000000000000014 (PLTREL)             RELA
 0x0000000000000017 (JMPREL)             0x23438
 0x0000000000000007 (RELA)               0x125f0
 0x0000000000000008 (RELASZ)             69192 (bytes)
 0x0000000000000009 (RELAENT)            24 (bytes)
 0x0000000070000001 (AARCH64_BTI_PLT)    
 0x000000006ffffffc (VERDEF)             0x121b0
 0x000000006ffffffd (VERDEFNUM)          14
 0x000000000000001e (FLAGS)              ORIGIN
 0x000000006ffffffb (FLAGS_1)            Flags: ORIGIN
 0x000000006ffffffe (VERNEED)            0x12390
 0x000000006fffffff (VERNEEDNUM)         7
 0x000000006ffffff0 (VERSYM)             0x11b2e
 0x000000006ffffff9 (RELACOUNT)          2086
 0x0000000000000000 (NULL)               0x0
bionicx-exec: running untraced pid=6486
LibreOffice 25.2.3.2 520(Build:2)

bionicx-exec: primary pid=6486 exited status=0x0; draining session
bionicx-exec: session drained children=0
bionicx-exec: running untraced pid=6494
bionicx-exec: primary pid=6494 exited status=0x0; draining session
bionicx-exec: session drained children=0
soffice-origin-probe: PASS

==== glx after wake (summary) ====
/tmp/grok-goal-3794b08cb732/implementer/glx-probe-reboot.log:BXTEST PASS host-gl-compositor blue=(13, 38, 191) red=(242, 26, 13) outside=(0, 0, 0) size=1920x1080
/tmp/grok-goal-3794b08cb732/implementer/glx-probe-reboot.log:timed out waiting for device log: glx-probe exited with 0
/tmp/grok-goal-3794b08cb732/implementer/glx-probe-reboot2.log:BXTEST PASS host-gl-compositor blue=(13, 38, 191) red=(242, 26, 13) outside=(0, 0, 0) size=1920x1080
/tmp/grok-goal-3794b08cb732/implementer/glx-probe-reboot2.log:timed out waiting for device log: glx-probe exited with 0

==== hello after reboot ====
I/BionicX ( 8246): hello-x11: glibc=2.41 pid=8280 DISPLAY=:0 vendor=Elbrus Technologies, LLC
