/var/home/taowen/projects/glibc-on-bionic/bionicx/build/soffice-origin-probe: 1 file pushed, 0 skipped. 393.8 MB/s (197553 bytes in 0.000s)
bionicx-exec: running untraced pid=15386
BXTEST PASS reglo-present /data/user/0/io.taowen.bx/files/rootfs/usr/lib/libreoffice/program/libreglo.so
BXTEST PASS reglo-not-on-system only program/
BXTEST PASS cppuhelper-symlink ../libreoffice/program/libuno_cppuhelpergcc3.so.3
BXTEST PASS dlopen-cppuhelper libuno_cppuhelpergcc3.so.3
BXTEST PASS reglo-mapped /data/user/0/io.taowen.bx/files/rootfs/usr/lib/libreoffice/program/libreglo.so
BXSUMMARY soffice-origin passed=5 failed=0
bionicx-exec: primary pid=15386 exited status=0x0; draining session
bionicx-exec: session drained children=0

Dynamic section at offset 0xefbd8 contains 41 entries:
  Tag        Type                         Name/Value
 0x0000000000000001 (NEEDED)             Shared library: [libuno_cppu.so.3]
 0x0000000000000001 (NEEDED)             Shared library: [libreglo.so]
 0x0000000000000001 (NEEDED)             Shared library: [libuno_sal.so.3]
 0x0000000000000001 (NEEDED)             Shared library: [libuno_salhelpergcc3.so.3]
 0x0000000000000001 (NEEDED)             Shared library: [libunoidllo.so]
 0x0000000000000001 (NEEDED)             Shared library: [libxmlreaderlo.so]
 0x0000000000000001 (NEEDED)             Shared library: [libstdc++.so.6]
 0x0000000000000001 (NEEDED)             Shared library: [libm.so.6]
 0x0000000000000001 (NEEDED)             Shared library: [libgcc_s.so.1]
 0x0000000000000001 (NEEDED)             Shared library: [libc.so.6]
 0x0000000000000001 (NEEDED)             Shared library: [ld-linux-aarch64.so.1]
 0x000000000000000e (SONAME)             Library soname: [libuno_cppuhelpergcc3.so.3]
 0x000000000000001d (RUNPATH)            Library runpath: [/data/user/0/io.taowen.bx/files/rootfs/usr/lib/libreoffice/program:/data/user/0/io.taowen.bx/files/rootfs/usr/lib:/data/user/0/io.taowen.bx/files/rootfs/usr/lib/aarch64-linux-gnu:/data/user/0/io.taowen.bx/files/rootfs/lib:/data/user/0/io.taowen.bx/files/rootfs/lib/aarch64-linux-gnu:$ORIGIN:$ORIGIN/../lib]
 0x000000000000000c (INIT)               0x245c0
 0x000000000000000d (FINI)               0xb26e0
 0x0000000000000019 (INIT_ARRAY)         0xe9558
 0x000000000000001b (INIT_ARRAYSZ)       24 (bytes)
 0x000000000000001a (FINI_ARRAY)         0xe9570
 0x000000000000001c (FINI_ARRAYSZ)       8 (bytes)
 0x000000006ffffef5 (GNU_HASH)           0x100048
 0x0000000000000005 (STRTAB)             0x110000
 0x0000000000000006 (SYMTAB)             0x1678
 0x000000000000000a (STRSZ)              47318 (bytes)
 0x000000000000000b (SYMENT)             24 (bytes)
 0x0000000000000003 (PLTGOT)             0xeffe8
 0x0000000000000002 (PLTRELSZ)           4488 (bytes)
 0x0000000000000014 (PLTREL)             RELA
 0x0000000000000017 (JMPREL)             0x23438
 0x0000000000000007 (RELA)               0x125f0
 0x0000000000000008 (RELASZ)             69192 (bytes)
 0x0000000000000009 (RELAENT)            24 (bytes)
 0x0000000070000001 (AARCH64_BTI_PLT)    
 0x000000006ffffffc (VERDEF)             0x121b0
 0x000000006ffffffd (VERDEFNUM)          14
 0x000000000000001e (FLAGS)              ORIGIN
 0x000000006ffffffb (FLAGS_1)            Flags: ORIGIN
 0x000000006ffffffe (VERNEED)            0x12390
 0x000000006fffffff (VERNEEDNUM)         7
 0x000000006ffffff0 (VERSYM)             0x11b2e
 0x000000006ffffff9 (RELACOUNT)          2086
 0x0000000000000000 (NULL)               0x0
bionicx-exec: running untraced pid=15394
LibreOffice 25.2.3.2 520(Build:2)

bionicx-exec: primary pid=15394 exited status=0x0; draining session
bionicx-exec: session drained children=0
soffice-origin-probe: PASS
