/var/home/taowen/projects/glibc-on-bionic/bionicx/build/vlc-avi-probe-bundle/app/bin/vlc-avi-probe: 1 file pushed, 0 skipped. 291.4 MB/s (197529 bytes in 0.001s)
/var/home/taowen/projects/glibc-on-bionic/bionicx/build/vlc-avi-probe-bundle/app/fixtures/bionicx-motion-audio.avi: 1 file pushed, 0 skipped. 995.6 MB/s (8356652 bytes in 0.008s)
bionicx-exec: running untraced pid=29048
BXTEST PASS fixture /data/user/0/io.taowen.bx/files/apps/vlc-avi-probe/fixtures/bionicx-motion-audio.avi
BXTEST PASS xcb-plugin /data/user/0/io.taowen.bx/files/rootfs/usr/lib/aarch64-linux-gnu/vlc/plugins/video_output/libxcb_x11_plugin.so
BXTEST PASS dlopen-libvlc libvlc.so.5
BXTEST PASS libvlc-symbols 3.0
BXTEST PASS libvlc-new dummy
BXTEST PASS media-path /data/user/0/io.taowen.bx/files/apps/vlc-avi-probe/fixtures/bionicx-motion-audio.avi
BXTEST PASS player from-media
error: XDG_RUNTIME_DIR is invalid or not set in the environment.
error: XDG_RUNTIME_DIR is invalid or not set in the environment.
error: XDG_RUNTIME_DIR is invalid or not set in the environment.
error: XDG_RUNTIME_DIR is invalid or not set in the environment.
BXTEST PASS playing state=3
BXTEST PASS video-size 320x180
BXTEST PASS duration ms=3000
BXSUMMARY vlc-avi passed=10 failed=0
bionicx-exec: primary pid=29048 exited status=0x0; draining session
bionicx-exec: session drained children=0
vlc-avi-probe: PASS
