I/BionicX (15901): enabled Vulkan host service at /data/user/0/io.taowen.bx/files/rootfs/tmp/.vortek/V0
I/BionicX (15901): BXTEST PASS host-vulkan-loader status=0 version=1.4.309
I/BionicX (15901): BXTEST PASS host-vulkan-icd-library via=soname open
I/BionicX (15901): BXTEST PASS host-vulkan-instance-extensions status=0 extensions=17
I/BionicX (15901): BXTEST PASS host-vulkan-xlib-extensions status=0 returned=17 surface=1 xlib=1 names=VK_KHR_surface,VK_KHR_surface_protected_capabilities,VK_EXT_swapchain_colorspace,VK_KHR_get_surface_capabilities2,VK_GOOGLE_surfaceless_query,VK_EXT_surface_maintenance1,VK_EXT_debug_report,V
I/BionicX (15901): BXTEST PASS host-vulkan-xcb-extension status=0 xcb=1
I/BionicX (15901): BXTEST PASS host-vulkan-xlib-window display=open window=0x400001 size=640x360
I/BionicX (15901): BXTEST PASS host-vulkan-create-instance status=0 handle=valid
I/BionicX (15901): BXTEST PASS host-vulkan-physical-devices status=0 devices=1
I/BionicX (15901): BXTEST PASS host-vulkan-device-properties status=0 name=Vortek (Adreno (TM) 750) api=1.3.128 vendor=0x5143 device=0x43051401
I/BionicX (15901): BXTEST PASS host-vulkan-device-extension-honesty status=0 returned=133 swapchain=1 fragmentShadingRate=0
I/BionicX (15901): BXTEST PASS host-vulkan-queue-families families=3 graphics=0
I/BionicX (15901): BXTEST PASS host-vulkan-memory types=9 heaps=2 bytes=9388290048
I/BionicX (15901): BXTEST PASS host-vulkan-xlib-surface status=0 handle=valid window=0x400001
I/BionicX (15901): BXTEST PASS host-vulkan-xcb-surface status=0 handle=valid window=0x400001
I/BionicX (15901): BXTEST PASS host-vulkan-presentation-support status=0 surface=1 xlib=1
I/BionicX (15901): BXTEST PASS host-vulkan-xcb-presentation-support family=0 xcb=1
I/BionicX (15901): BXTEST PASS host-vulkan-surface-capabilities status=0 extent=640x360 images=2..3 usage=0x9f
I/BionicX (15901): BXTEST PASS host-vulkan-surface-formats status=0 advertised=4 returned=4
I/BionicX (15901): BXTEST PASS host-vulkan-present-modes status=0 advertised=4 returned=4 fifo=1
I/BionicX (15901): BXTEST PASS host-vulkan-logical-device status=0 handle=valid family=0
I/BionicX (15901): BXTEST PASS host-vulkan-device-queue handle=valid family=0 index=0
I/BionicX (15901): BXTEST PASS host-vulkan-swapchain status=0 handle=valid format=44 extent=640x360 images=2
I/BionicX (15901): BXTEST PASS host-vulkan-swapchain-images status=0 advertised=2 returned=2
I/BionicX (15901): BXTEST PASS host-vulkan-render-target view=0 renderPass=0 framebuffer=0
I/BionicX (15901): BXTEST PASS host-vulkan-shader-modules vertex=0 fragment=0
I/BionicX (15901): BXTEST PASS host-vulkan-vertex-upload create=0 type=6 allocate=0 bind=0 map=0 bytes=60
I/BionicX (15901): BXTEST PASS host-vulkan-index-uniform-upload index=0 indexBytes=6 uniform=0 uniformBytes=16
I/BionicX (15901): BXTEST PASS host-vulkan-sampled-image staging=0 image=0 type=0 allocate=0 bind=0 view=0 sampler=0
I/BionicX (15901): BXTEST PASS host-vulkan-uniform-descriptor layout=0 pool=0 allocate=0 set=valid
I/BionicX (15901): BXTEST PASS host-vulkan-graphics-pipeline layout=0 pipeline=0 handle=valid
I/BionicX (15901): BXTEST PASS host-vulkan-command-buffer pool=0 allocate=0 handle=valid
I/BionicX (15901): BXTEST PASS host-vulkan-acquire status=0 index=0 count=2
I/BionicX (15901): BXTEST PASS host-vulkan-record-bind2-indexed-descriptor status=0 background=26,191,64 triangle=230,20,10
I/BionicX (15901): BXTEST PASS host-vulkan-present-semaphore status=0 handle=valid
I/BionicX (15901): BXTEST PASS host-vulkan-submit-graphics submit=0 signal=present-semaphore
I/BionicX (15901): BXTEST PASS host-vulkan-present status=0 index=0 background=26,191,64 triangle=230,20,10
I/BionicX (15901): BXTEST PASS host-vulkan-swapchain-acquire-rotate status=0 first=0 second=1 count=2
I/BionicX (15901): BXTEST PASS host-vulkan-swapchain-resize-outdated caps=0 extent=800x400 acquire=-1000001004
I/BionicX (15901): BXTEST PASS host-vulkan-swapchain-recreate create=0 images=2 acquire=0 index=0
I/BionicX (15901): BXTEST PASS host-vulkan-swapchain-foreground extent=640x360
I/BionicX (15901): BXSUMMARY host-vulkan passed=40 failed=0
I/BionicX (15901): vulkan-probe exited with 0
