08-13 14:33:23.787  2312  6735 I ActivityTaskManager: START u0 {flg=0x10000000 cmp=io.taowen.bx/com.winlator.BionicXActivity} with LAUNCH_MULTIPLE from uid 2000 (BAL_ALLOW_PERMISSION) result code=0
08-13 14:33:23.797  2312  2370 I ActivityManager: Start proc 15014:io.taowen.bx/u0a194 for next-top-activity {io.taowen.bx/com.winlator.BionicXActivity}
08-13 14:33:23.935  2312  2360 V WindowManager: Sent Transition #368 createdAt=08-13 14:33:23.693 via request=TransitionRequestInfo { type = CLOSE, triggerTask = TaskInfo{userId=0 taskId=1066 displayId=0 isRunning=false baseIntent=Intent { flg=0x10000000 cmp=io.taowen.bx/com.winlator.BionicXActivity } baseActivity=null topActivity=null origActivity=null realActivity=ComponentInfo{io.taowen.bx/com.winlator.BionicXActivity} numActivities=0 lastActiveTime=65095675 supportsMultiWindow=true resizeMode=1 isResizeable=true minWidth=-1 minHeight=-1 defaultMinSize=220 token=WCT{RemoteToken{faf43ed Task{b37410 #1066 type=standard A=10194:io.taowen.bx}}} topActivityType=1 pictureInPictureParams=null shouldDockBigOverlays=false launchIntoPipHostTaskId=-1 lastParentTaskIdBeforePip=-1 displayCutoutSafeInsets=null topActivityInfo=null launchCookies=[] positionInParent=Point(0, 0) parentTaskId=-1 isFocused=true isVisible=true isVisibleRequested=true isSleeping=false topActivityInSizeCompat=false topActivityEligibleForLetterboxEducation= false topActivityLetterboxed= false isFromDoubleTap= false topActivityLetterboxVerticalPosition= -1 topActivityLetterboxHorizontalPosition= -1 topActivityLetterboxWidth=-1 topActivityLetterboxHeight=-1 locusId=null displayAreaFeatureId=1 cameraCompatControlState=hidden}, remoteTransition = null, displayChange = null }
08-13 14:33:23.935  2312  6735 W WindowManager: Failed to deliver inset control state change to w=Window{72c3521 u0 io.taowen.bx/com.winlator.BionicXActivity EXITING}
08-13 14:33:23.950 15014 15014 I BionicX : profile=wps-office display=1920x1080@144 socket=filesystem
08-13 14:33:23.966 15014 15041 I BionicX : runtime DNS servers=1
08-13 14:33:23.967 15014 15041 I BionicX : launching WPS Office Writer (AArch64): [/data/user/0/io.taowen.bx/files/bin/bionicx-exec, --cwd, /data/user/0/io.taowen.bx/files/rootfs/opt/kingsoft/wps-office/office6, --argv0, wps, --env, DISPLAY=:0, --env, HOME=/data/user/0/io.taowen.bx/files/homes/wps-office, --env, TMPDIR=/data/user/0/io.taowen.bx/files/run/wps-office, --env, XDG_RUNTIME_DIR=/data/user/0/io.taowen.bx/files/run/wps-office/runtime, --env, GCONV_PATH=/data/user/0/io.taowen.bx/files/rootfs/usr/lib/aarch64-linux-gnu/gconv, --env, LANG=C, --env, QT_QPA_PLATFORM=xcb, --env, QT_X11_NO_MITSHM=1, --env, PATH=/data/user/0/io.taowen.bx/files/rootfs/usr/bin:/data/user/0/io.taowen.bx/files/rootfs/bin:/product/bin:/system/bin, --env, BIONICX_OPEN_PDF=/data/user/0/io.taowen.bx/files/rootfs/opt/kingsoft/wps-office/office6/wpspdf, --env, BIONICX_DNS_SERVERS=172.19.0.2, --env, BIONICX_ROOTFS=/data/user/0/io.taowen.bx/files/rootfs, --env, BIONICX_TMPDIR=/data/user/0/io.taowen.bx/cache, --env, FONTCONFIG_PATH=/data/user/0/io.taowen.bx/files/rootfs/etc/fonts, --env, FONTCONFIG_FILE=fonts.conf, --env, FONTCONFIG_SYSROOT=/data/user/0/io.taowen.bx/files/rootfs, --env, LD_PRELOAD=/data/user/0/io.taowen.bx/files/lib/libbionicx-runtime.so, --, /data/user/0/io.taowen.bx/files/rootfs/opt/kingsoft/wps-office/office6/wps]
08-13 14:33:23.971 15014 15045 I BionicX : bionicx-exec: running untraced pid=15047
08-13 14:33:23.972  2312  6735 D CoreBackPreview: Window{d18d56a u0 io.taowen.bx/com.winlator.BionicXActivity}: Setting back callback OnBackInvokedCallbackInfo{mCallback=android.window.IOnBackInvokedCallback$Stub$Proxy@4e5b6a4, mPriority=0, mIsAnimationCallback=false}
08-13 14:33:23.973  2312  6735 W WindowManager: Failed to deliver inset control state change to w=Window{72c3521 u0 io.taowen.bx/com.winlator.BionicXActivity EXITING}
08-13 14:33:24.021  2312  2360 I ActivityTaskManager: Displayed io.taowen.bx/com.winlator.BionicXActivity for user 0: +242ms
08-13 14:33:24.034  2312  2364 W WindowManager: Failed to deliver inset control state change to w=Window{72c3521 u0 io.taowen.bx/com.winlator.BionicXActivity EXITING}
08-13 14:33:24.072 15014 15040 I WinlatorXRequest: seq=1 opcode=98 data=0 bytes=16
08-13 14:33:24.072 15014 15040 I WinlatorXRequest: seq=2 opcode=156 data=0 bytes=0
08-13 14:33:24.072 15014 15040 I WinlatorXRequest: seq=3 opcode=55 data=0 bytes=16
08-13 14:33:24.073 15014 15040 I WinlatorXRequest: seq=4 opcode=20 data=0 bytes=20
08-13 14:33:24.073 15014 15040 I WinlatorXRequest: seq=5 opcode=98 data=0 bytes=16
08-13 14:33:24.073 15014 15040 I WinlatorXRequest: seq=6 opcode=148 data=0 bytes=4
08-13 14:33:24.073 15014 15040 I WinlatorXRequest: seq=7 opcode=16 data=0 bytes=16
08-13 14:33:24.073 15014 15040 I WinlatorXRequest: seq=8 opcode=16 data=0 bytes=20
08-13 14:33:24.073 15014 15040 I WinlatorXRequest: seq=9 opcode=16 data=0 bytes=20
08-13 14:33:24.073 15014 15040 I WinlatorXRequest: seq=10 opcode=16 data=0 bytes=16
08-13 14:33:24.074 15014 15040 I WinlatorXRequest: seq=11 opcode=16 data=0 bytes=24
08-13 14:33:24.074 15014 15040 I WinlatorXRequest: seq=12 opcode=16 data=0 bytes=24
08-13 14:33:24.074 15014 15040 I WinlatorXRequest: seq=13 opcode=16 data=0 bytes=32
08-13 14:33:24.074 15014 15040 I WinlatorXRequest: seq=14 opcode=16 data=0 bytes=12
08-13 14:33:24.074 15014 15040 I WinlatorXRequest: seq=15 opcode=16 data=0 bytes=28
08-13 14:33:24.074 15014 15040 I WinlatorXRequest: seq=16 opcode=16 data=0 bytes=12
08-13 14:33:24.074 15014 15040 I WinlatorXRequest: seq=17 opcode=16 data=0 bytes=20
08-13 14:33:24.074 15014 15040 I WinlatorXRequest: seq=18 opcode=16 data=0 bytes=12
08-13 14:33:24.074 15014 15040 I WinlatorXRequest: seq=19 opcode=16 data=0 bytes=12
08-13 14:33:24.074 15014 15040 I WinlatorXRequest: seq=20 opcode=16 data=0 bytes=20
08-13 14:33:24.074 15014 15040 I WinlatorXRequest: seq=21 opcode=16 data=0 bytes=20
08-13 14:33:24.074 15014 15040 I WinlatorXRequest: seq=22 opcode=16 data=0 bytes=16
08-13 14:33:24.074 15014 15040 I WinlatorXRequest: seq=23 opcode=16 data=0 bytes=24
08-13 14:33:24.074 15014 15040 I WinlatorXRequest: seq=24 opcode=16 data=0 bytes=16
08-13 14:33:24.074 15014 15040 I WinlatorXRequest: seq=25 opcode=16 data=0 bytes=8
08-13 14:33:24.074 15014 15040 I WinlatorXRequest: seq=26 opcode=16 data=0 bytes=12
08-13 14:33:24.074 15014 15040 I WinlatorXRequest: seq=27 opcode=16 data=0 bytes=12
08-13 14:33:24.074 15014 15040 I WinlatorXRequest: seq=28 opcode=16 data=0 bytes=16
08-13 14:33:24.074 15014 15040 I WinlatorXRequest: seq=29 opcode=16 data=0 bytes=16
08-13 14:33:24.075 15014 15040 I WinlatorXRequest: seq=30 opcode=16 data=0 bytes=20
08-13 14:33:24.075 15014 15040 I WinlatorXRequest: seq=31 opcode=16 data=0 bytes=20
08-13 14:33:24.075 15014 15040 I WinlatorXRequest: seq=32 opcode=16 data=0 bytes=28
08-13 14:33:24.075 15014 15040 I WinlatorXRequest: seq=33 opcode=16 data=0 bytes=28
08-13 14:33:24.075 15014 15040 I WinlatorXRequest: seq=34 opcode=16 data=0 bytes=24
08-13 14:33:24.075 15014 15040 I WinlatorXRequest: seq=35 opcode=16 data=0 bytes=20
08-13 14:33:24.075 15014 15040 I WinlatorXRequest: seq=36 opcode=16 data=0 bytes=16
08-13 14:33:24.075 15014 15040 I WinlatorXRequest: seq=37 opcode=16 data=0 bytes=20
08-13 14:33:24.075 15014 15040 I WinlatorXRequest: seq=38 opcode=16 data=0 bytes=24
08-13 14:33:24.075 15014 15040 I WinlatorXRequest: seq=39 opcode=16 data=0 bytes=24
08-13 14:33:24.075 15014 15040 I WinlatorXRequest: seq=40 opcode=16 data=0 bytes=20
08-13 14:33:24.075 15014 15040 I WinlatorXRequest: seq=41 opcode=16 data=0 bytes=20
08-13 14:33:24.075 15014 15040 I WinlatorXRequest: seq=42 opcode=16 data=0 bytes=28
08-13 14:33:24.075 15014 15040 I WinlatorXRequest: seq=43 opcode=16 data=0 bytes=20
08-13 14:33:24.075 15014 15040 I WinlatorXRequest: seq=44 opcode=16 data=0 bytes=24
08-13 14:33:24.075 15014 15040 I WinlatorXRequest: seq=45 opcode=16 data=0 bytes=20
08-13 14:33:24.076 15014 15040 I WinlatorXRequest: seq=46 opcode=16 data=0 bytes=24
08-13 14:33:24.076 15014 15040 I WinlatorXRequest: seq=47 opcode=16 data=0 bytes=20
08-13 14:33:24.076 15014 15040 I WinlatorXRequest: seq=48 opcode=16 data=0 bytes=28
08-13 14:33:24.076 15014 15040 I WinlatorXRequest: seq=49 opcode=16 data=0 bytes=24
08-13 14:33:24.076 15014 15040 I WinlatorXRequest: seq=50 opcode=16 data=0 bytes=16
08-13 14:33:24.076 15014 15040 I WinlatorXRequest: seq=51 opcode=16 data=0 bytes=24
08-13 14:33:24.076 15014 15040 I WinlatorXRequest: seq=52 opcode=16 data=0 bytes=16
08-13 14:33:24.076 15014 15040 I WinlatorXRequest: seq=53 opcode=16 data=0 bytes=16
08-13 14:33:24.076 15014 15040 I WinlatorXRequest: seq=54 opcode=16 data=0 bytes=28
08-13 14:33:24.076 15014 15040 I WinlatorXRequest: seq=55 opcode=16 data=0 bytes=20
08-13 14:33:24.076 15014 15040 I WinlatorXRequest: seq=56 opcode=16 data=0 bytes=24
08-13 14:33:24.076 15014 15040 I WinlatorXRequest: seq=57 opcode=16 data=0 bytes=24
08-13 14:33:24.076 15014 15040 I WinlatorXRequest: seq=58 opcode=16 data=0 bytes=28
08-13 14:33:24.076 15014 15040 I WinlatorXRequest: seq=59 opcode=16 data=0 bytes=32
08-13 14:33:24.076 15014 15040 I WinlatorXRequest: seq=60 opcode=16 data=0 bytes=32
08-13 14:33:24.077 15014 15040 I WinlatorXRequest: seq=61 opcode=16 data=0 bytes=24
08-13 14:33:24.077 15014 15040 I WinlatorXRequest: seq=62 opcode=16 data=0 bytes=32
08-13 14:33:24.077 15014 15040 I WinlatorXRequest: seq=63 opcode=16 data=0 bytes=36
08-13 14:33:24.077 15014 15040 I WinlatorXRequest: seq=64 opcode=16 data=0 bytes=24
08-13 14:33:24.077 15014 15040 I WinlatorXRequest: seq=65 opcode=16 data=0 bytes=24
08-13 14:33:24.077 15014 15040 I WinlatorXRequest: seq=66 opcode=16 data=0 bytes=28
08-13 14:33:24.077 15014 15040 I WinlatorXRequest: seq=67 opcode=16 data=0 bytes=28
08-13 14:33:24.077 15014 15040 I WinlatorXRequest: seq=68 opcode=16 data=0 bytes=24
08-13 14:33:24.077 15014 15040 I WinlatorXRequest: seq=69 opcode=16 data=0 bytes=32
08-13 14:33:24.077 15014 15040 I WinlatorXRequest: seq=70 opcode=16 data=0 bytes=28
08-13 14:33:24.077 15014 15040 I WinlatorXRequest: seq=71 opcode=16 data=0 bytes=32
08-13 14:33:24.077 15014 15040 I WinlatorXRequest: seq=72 opcode=16 data=0 bytes=28
08-13 14:33:24.077 15014 15040 I WinlatorXRequest: seq=73 opcode=16 data=0 bytes=32
08-13 14:33:24.077 15014 15040 I WinlatorXRequest: seq=74 opcode=16 data=0 bytes=32
08-13 14:33:24.078 15014 15040 I WinlatorXRequest: seq=75 opcode=16 data=0 bytes=32
08-13 14:33:24.078 15014 15040 I WinlatorXRequest: seq=76 opcode=16 data=0 bytes=40
08-13 14:33:24.078 15014 15040 I WinlatorXRequest: seq=77 opcode=16 data=0 bytes=36
08-13 14:33:24.078 15014 15040 I WinlatorXRequest: seq=78 opcode=16 data=0 bytes=32
08-13 14:33:24.078 15014 15040 I WinlatorXRequest: seq=79 opcode=16 data=0 bytes=36
08-13 14:33:24.078 15014 15040 I WinlatorXRequest: seq=80 opcode=16 data=0 bytes=32
08-13 14:33:24.078 15014 15040 I WinlatorXRequest: seq=81 opcode=16 data=0 bytes=28
08-13 14:33:24.078 15014 15040 I WinlatorXRequest: seq=82 opcode=16 data=0 bytes=32
08-13 14:33:24.078 15014 15040 I WinlatorXRequest: seq=83 opcode=16 data=0 bytes=36
08-13 14:33:24.078 15014 15040 I WinlatorXRequest: seq=84 opcode=16 data=0 bytes=28
08-13 14:33:24.078 15014 15040 I WinlatorXRequest: seq=85 opcode=16 data=0 bytes=24
08-13 14:33:24.078 15014 15040 I WinlatorXRequest: seq=86 opcode=16 data=0 bytes=24
08-13 14:33:24.079 15014 15040 I WinlatorXRequest: seq=87 opcode=16 data=0 bytes=28
08-13 14:33:24.079 15014 15040 I WinlatorXRequest: seq=88 opcode=16 data=0 bytes=28
08-13 14:33:24.079 15014 15040 I WinlatorXRequest: seq=89 opcode=16 data=0 bytes=20
08-13 14:33:24.079 15014 15040 I WinlatorXRequest: seq=90 opcode=16 data=0 bytes=28
08-13 14:33:24.079 15014 15040 I WinlatorXRequest: seq=91 opcode=16 data=0 bytes=24
08-13 14:33:24.079 15014 15040 I WinlatorXRequest: seq=92 opcode=16 data=0 bytes=8
08-13 14:33:24.079 15014 15040 I WinlatorXRequest: seq=93 opcode=16 data=0 bytes=16
08-13 14:33:24.079 15014 15040 I WinlatorXRequest: seq=94 opcode=16 data=0 bytes=12
08-13 14:33:24.079 15014 15040 I WinlatorXRequest: seq=95 opcode=16 data=0 bytes=16
08-13 14:33:24.079 15014 15040 I WinlatorXRequest: seq=96 opcode=16 data=0 bytes=16
08-13 14:33:24.079 15014 15040 I WinlatorXRequest: seq=97 opcode=16 data=0 bytes=16
08-13 14:33:24.079 15014 15040 I WinlatorXRequest: seq=98 opcode=16 data=0 bytes=16
08-13 14:33:24.080 15014 15040 I WinlatorXRequest: seq=99 opcode=16 data=0 bytes=12
08-13 14:33:24.080 15014 15040 I WinlatorXRequest: seq=100 opcode=16 data=0 bytes=16
08-13 14:33:24.080 15014 15040 I WinlatorXRequest: seq=101 opcode=16 data=0 bytes=16
08-13 14:33:24.080 15014 15040 I WinlatorXRequest: seq=102 opcode=16 data=0 bytes=20
08-13 14:33:24.080 15014 15040 I WinlatorXRequest: seq=103 opcode=16 data=0 bytes=20
08-13 14:33:24.080 15014 15040 I WinlatorXRequest: seq=104 opcode=16 data=0 bytes=16
08-13 14:33:24.080 15014 15040 I WinlatorXRequest: seq=105 opcode=16 data=0 bytes=16
08-13 14:33:24.080 15014 15040 I WinlatorXRequest: seq=106 opcode=16 data=0 bytes=20
08-13 14:33:24.080 15014 15040 I WinlatorXRequest: seq=107 opcode=16 data=0 bytes=20
08-13 14:33:24.080 15014 15040 I WinlatorXRequest: seq=108 opcode=16 data=0 bytes=20
08-13 14:33:24.080 15014 15040 I WinlatorXRequest: seq=109 opcode=16 data=0 bytes=20
08-13 14:33:24.080 15014 15040 I WinlatorXRequest: seq=110 opcode=16 data=0 bytes=24
08-13 14:33:24.080 15014 15040 I WinlatorXRequest: seq=111 opcode=16 data=0 bytes=20
08-13 14:33:24.081 15014 15040 I WinlatorXRequest: seq=112 opcode=16 data=0 bytes=12
08-13 14:33:24.081 15014 15040 I WinlatorXRequest: seq=113 opcode=16 data=0 bytes=16
08-13 14:33:24.081 15014 15040 I WinlatorXRequest: seq=114 opcode=16 data=0 bytes=16
08-13 14:33:24.081 15014 15040 I WinlatorXRequest: seq=115 opcode=16 data=0 bytes=20
08-13 14:33:24.081 15014 15040 I WinlatorXRequest: seq=116 opcode=16 data=0 bytes=16
08-13 14:33:24.081 15014 15040 I WinlatorXRequest: seq=117 opcode=16 data=0 bytes=20
08-13 14:33:24.081 15014 15040 I WinlatorXRequest: seq=118 opcode=16 data=0 bytes=24
08-13 14:33:24.081 15014 15040 I WinlatorXRequest: seq=119 opcode=16 data=0 bytes=28
08-13 14:33:24.081 15014 15040 I WinlatorXRequest: seq=120 opcode=16 data=0 bytes=28
08-13 14:33:24.081 15014 15040 I WinlatorXRequest: seq=121 opcode=16 data=0 bytes=24
08-13 14:33:24.081 15014 15040 I WinlatorXRequest: seq=122 opcode=16 data=0 bytes=24
08-13 14:33:24.081 15014 15040 I WinlatorXRequest: seq=123 opcode=16 data=0 bytes=24
08-13 14:33:24.082 15014 15040 I WinlatorXRequest: seq=124 opcode=16 data=0 bytes=24
08-13 14:33:24.082 15014 15040 I WinlatorXRequest: seq=125 opcode=16 data=0 bytes=24
08-13 14:33:24.082 15014 15040 I WinlatorXRequest: seq=126 opcode=16 data=0 bytes=20
08-13 14:33:24.082 15014 15040 I WinlatorXRequest: seq=127 opcode=16 data=0 bytes=24
08-13 14:33:24.082 15014 15040 I WinlatorXRequest: seq=128 opcode=16 data=0 bytes=16
08-13 14:33:24.082 15014 15040 I WinlatorXRequest: seq=129 opcode=16 data=0 bytes=12
08-13 14:33:24.082 15014 15040 I WinlatorXRequest: seq=130 opcode=16 data=0 bytes=12
08-13 14:33:24.082 15014 15040 I WinlatorXRequest: seq=131 opcode=16 data=0 bytes=12
08-13 14:33:24.082 15014 15040 I WinlatorXRequest: seq=132 opcode=16 data=0 bytes=12
08-13 14:33:24.082 15014 15040 I WinlatorXRequest: seq=133 opcode=16 data=0 bytes=16
08-13 14:33:24.082 15014 15040 I WinlatorXRequest: seq=134 opcode=16 data=0 bytes=16
08-13 14:33:24.083 15014 15040 I WinlatorXRequest: seq=135 opcode=16 data=0 bytes=16
08-13 14:33:24.083 15014 15040 I WinlatorXRequest: seq=136 opcode=16 data=0 bytes=16
08-13 14:33:24.083 15014 15040 I WinlatorXRequest: seq=137 opcode=16 data=0 bytes=16
08-13 14:33:24.083 15014 15040 I WinlatorXRequest: seq=138 opcode=16 data=0 bytes=20
08-13 14:33:24.083 15014 15040 I WinlatorXRequest: seq=139 opcode=16 data=0 bytes=12
08-13 14:33:24.083 15014 15040 I WinlatorXRequest: seq=140 opcode=16 data=0 bytes=20
08-13 14:33:24.083 15014 15040 I WinlatorXRequest: seq=141 opcode=16 data=0 bytes=20
08-13 14:33:24.083 15014 15040 I WinlatorXRequest: seq=142 opcode=16 data=0 bytes=20
08-13 14:33:24.083 15014 15040 I WinlatorXRequest: seq=143 opcode=16 data=0 bytes=20
08-13 14:33:24.083 15014 15040 I WinlatorXRequest: seq=144 opcode=16 data=0 bytes=24
08-13 14:33:24.083 15014 15040 I WinlatorXRequest: seq=145 opcode=16 data=0 bytes=28
08-13 14:33:24.084 15014 15040 I WinlatorXRequest: seq=146 opcode=16 data=0 bytes=28
08-13 14:33:24.084 15014 15040 I WinlatorXRequest: seq=147 opcode=16 data=0 bytes=32
08-13 14:33:24.084 15014 15040 I WinlatorXRequest: seq=148 opcode=16 data=0 bytes=28
08-13 14:33:24.084 15014 15040 I WinlatorXRequest: seq=149 opcode=16 data=0 bytes=24
08-13 14:33:24.084 15014 15040 I WinlatorXRequest: seq=150 opcode=16 data=0 bytes=16
08-13 14:33:24.084 15014 15040 I WinlatorXRequest: seq=151 opcode=16 data=0 bytes=8
08-13 14:33:24.084 15014 15040 I WinlatorXRequest: seq=152 opcode=16 data=0 bytes=16
08-13 14:33:24.084 15014 15040 I WinlatorXRequest: seq=153 opcode=16 data=0 bytes=32
08-13 14:33:24.084 15014 15040 I WinlatorXRequest: seq=154 opcode=98 data=0 bytes=12
08-13 14:33:24.084 15014 15040 I WinlatorXRequest: seq=155 opcode=98 data=0 bytes=12
08-13 14:33:24.084 15014 15040 I WinlatorXRequest: seq=156 opcode=98 data=0 bytes=12
08-13 14:33:24.084 15014 15040 I WinlatorXRequest: seq=157 opcode=98 data=0 bytes=12
08-13 14:33:24.084 15014 15040 I WinlatorXRequest: seq=158 opcode=98 data=0 bytes=8
08-13 14:33:24.084 15014 15040 I WinlatorXRequest: seq=159 opcode=98 data=0 bytes=12
08-13 14:33:24.085 15014 15040 I WinlatorXRequest: seq=160 opcode=98 data=0 bytes=16
08-13 14:33:24.085 15014 15040 I WinlatorXRequest: seq=161 opcode=98 data=0 bytes=20
08-13 14:33:24.085 15014 15040 I WinlatorXRequest: seq=162 opcode=155 data=0 bytes=0
08-13 14:33:24.085 15014 15040 I WinlatorXRequest: seq=163 opcode=155 data=1 bytes=12
08-13 14:33:24.085 15014 15040 I WinlatorXRequest: seq=164 opcode=43 data=0 bytes=0
08-13 14:33:24.085 15014 15040 I WinlatorXRequest: seq=165 opcode=155 data=2 bytes=4
08-13 14:33:24.085 15014 15040 I WinlatorXRequest: seq=166 opcode=150 data=0 bytes=8
08-13 14:33:24.085 15014 15040 I WinlatorXRequest: seq=167 opcode=151 data=0 bytes=8
08-13 14:33:24.085 15014 15040 I WinlatorXRequest: seq=168 opcode=152 data=0 bytes=8
08-13 14:33:24.085 15014 15040 I WinlatorXRequest: seq=169 opcode=149 data=47 bytes=4
08-13 14:33:24.086 15014 15040 I WinlatorXRequest: seq=170 opcode=148 data=0 bytes=4
08-13 14:33:24.086 15014 15040 I WinlatorXRequest: seq=171 opcode=150 data=4 bytes=8
08-13 14:33:24.086 15014 15040 I WinlatorXRequest: seq=172 opcode=16 data=0 bytes=20
08-13 14:33:24.086 15014 15040 I WinlatorXRequest: seq=173 opcode=23 data=0 bytes=4
08-13 14:33:24.086 15014 15040 I WinlatorXRequest: seq=174 opcode=20 data=0 bytes=20
08-13 14:33:24.086 15014 15040 I WinlatorXRequest: seq=175 opcode=20 data=0 bytes=20
08-13 14:33:24.086 15014 15040 I WinlatorXRequest: seq=176 opcode=3 data=0 bytes=4
08-13 14:33:24.086 15014 15040 I WinlatorXRequest: seq=177 opcode=2 data=0 bytes=12
08-13 14:33:24.087 15014 15040 I WinlatorXRequest: seq=178 opcode=20 data=0 bytes=20
08-13 14:33:24.087 15014 15040 I WinlatorXRequest: seq=179 opcode=150 data=25 bytes=4
08-13 14:33:24.087 15014 15040 I WinlatorXRequest: seq=180 opcode=150 data=31 bytes=4
08-13 14:33:24.087 15014 15040 I WinlatorXRequest: seq=181 opcode=150 data=9 bytes=8
08-13 14:33:24.087 15014 15040 I WinlatorXRequest: seq=182 opcode=150 data=4 bytes=8
08-13 14:33:24.087 15014 15040 I WinlatorXRequest: seq=183 opcode=150 data=20 bytes=8
08-13 14:33:24.087 15014 15040 I WinlatorXRequest: seq=184 opcode=150 data=25 bytes=4
08-13 14:33:24.087 15014 15040 I WinlatorXRequest: seq=185 opcode=45 data=0 bytes=16
08-13 14:33:24.088 15014 15040 I WinlatorXRequest: seq=186 opcode=150 data=15 bytes=24
08-13 14:33:24.088 15014 15040 I WinlatorXRequest: seq=187 opcode=150 data=15 bytes=24
08-13 14:33:24.088 15014 15040 I WinlatorXRequest: seq=188 opcode=150 data=15 bytes=24
08-13 14:33:24.088 15014 15040 I WinlatorXRequest: seq=189 opcode=1 data=0 bytes=28
08-13 14:33:24.089 15014 15040 I WinlatorXRequest: seq=190 opcode=18 data=0 bytes=48
08-13 14:33:24.089 15014 15040 I WinlatorXRequest: seq=191 opcode=18 data=0 bytes=48
08-13 14:33:24.089 15014 15040 I WinlatorXRequest: seq=192 opcode=151 data=2 bytes=12
08-13 14:33:24.089 15014 15040 I WinlatorXRequest: seq=193 opcode=149 data=48 bytes=4
08-13 14:33:24.089 15014 15040 I WinlatorXRequest: seq=194 opcode=149 data=46 bytes=16
08-13 14:33:24.089 15014 15040 I WinlatorXRequest: seq=195 opcode=20 data=0 bytes=20
08-13 14:33:24.089 15014 15040 I WinlatorXRequest: seq=196 opcode=148 data=1 bytes=12
08-13 14:33:24.089 15014 15040 I WinlatorXRequest: seq=197 opcode=43 data=0 bytes=0
08-13 14:33:24.089 15014 15040 I WinlatorXRequest: seq=198 opcode=98 data=0 bytes=16
08-13 14:33:24.089 15014 15040 I WinlatorXRequest: seq=199 opcode=148 data=24 bytes=12
08-13 14:33:24.089 15014 15040 I WinlatorXRequest: seq=200 opcode=148 data=17 bytes=8
08-13 14:33:24.089 15014 15040 I WinlatorXRequest: seq=201 opcode=148 data=8 bytes=24
08-13 14:33:24.090 15014 15040 I WinlatorXRequest: seq=202 opcode=148 data=8 bytes=24
08-13 14:33:24.090 15014 15040 I WinlatorXRequest: seq=203 opcode=148 data=13 bytes=8
08-13 14:33:24.090 15014 15040 I WinlatorXRequest: seq=204 opcode=148 data=10 bytes=8
08-13 14:33:24.090 15014 15040 I WinlatorXRequest: seq=205 opcode=148 data=17 bytes=8
08-13 14:33:24.102 15014 15040 I WinlatorXRequest: seq=206 opcode=148 data=6 bytes=4
08-13 14:33:24.102 15014 15040 I WinlatorXRequest: seq=207 opcode=17 data=0 bytes=4
08-13 14:33:24.102 15014 15040 I WinlatorXRequest: seq=208 opcode=17 data=0 bytes=4
08-13 14:33:24.102 15014 15040 I WinlatorXRequest: seq=209 opcode=17 data=0 bytes=4
08-13 14:33:24.102 15014 15040 I WinlatorXRequest: seq=210 opcode=17 data=0 bytes=4
08-13 14:33:24.102 15014 15040 I WinlatorXRequest: seq=211 opcode=17 data=0 bytes=4
08-13 14:33:24.102 15014 15040 I WinlatorXRequest: seq=212 opcode=17 data=0 bytes=4
08-13 14:33:24.102 15014 15040 I WinlatorXRequest: seq=213 opcode=17 data=0 bytes=4
08-13 14:33:24.102 15014 15040 I WinlatorXRequest: seq=214 opcode=17 data=0 bytes=4
08-13 14:33:24.102 15014 15040 I WinlatorXRequest: seq=215 opcode=17 data=0 bytes=4
08-13 14:33:24.102 15014 15040 I WinlatorXRequest: seq=216 opcode=17 data=0 bytes=4
08-13 14:33:24.102 15014 15040 I WinlatorXRequest: seq=217 opcode=148 data=4 bytes=4
08-13 14:33:24.102 15014 15040 I WinlatorXRequest: seq=218 opcode=151 data=2 bytes=12
08-13 14:33:24.102 15014 15040 I WinlatorXRequest: seq=219 opcode=151 data=2 bytes=12
08-13 14:33:24.102 15014 15040 I WinlatorXRequest: seq=220 opcode=38 data=0 bytes=4
08-13 14:33:24.102 15014 15040 I WinlatorXRequest: seq=221 opcode=43 data=0 bytes=0
08-13 14:33:24.150 15014 15040 I WinlatorXRequest: seq=222 opcode=101 data=0 bytes=4
08-13 14:33:24.151 15014 15040 I WinlatorXRequest: seq=223 opcode=119 data=0 bytes=0
08-13 14:33:24.173 15014 15040 I WinlatorXRequest: seq=224 opcode=78 data=0 bytes=12
08-13 14:33:24.173 15014 15040 I WinlatorXRequest: seq=225 opcode=1 data=32 bytes=56
08-13 14:33:24.173 15014 15040 I WinlatorXRequest: seq=226 opcode=18 data=0 bytes=92
08-13 14:33:24.173 15014 15040 I WinlatorXRequest: seq=227 opcode=18 data=0 bytes=28
08-13 14:33:24.173 15014 15040 I WinlatorXRequest: seq=228 opcode=18 data=0 bytes=28
08-13 14:33:24.174 15014 15040 I WinlatorXRequest: seq=229 opcode=18 data=0 bytes=24
08-13 14:33:24.174 15014 15040 I WinlatorXRequest: seq=230 opcode=18 data=0 bytes=32
08-13 14:33:24.174 15014 15040 I WinlatorXRequest: seq=231 opcode=1 data=0 bytes=28
08-13 14:33:24.174 15014 15040 I WinlatorXRequest: seq=232 opcode=18 data=0 bytes=24
08-13 14:33:24.174 15014 15040 I WinlatorXRequest: seq=233 opcode=18 data=0 bytes=24
08-13 14:33:24.174 15014 15040 I WinlatorXRequest: seq=234 opcode=18 data=0 bytes=24
08-13 14:33:24.174 15014 15040 I WinlatorXRequest: seq=235 opcode=18 data=0 bytes=56
08-13 14:33:24.174 15014 15040 I WinlatorXRequest: seq=236 opcode=18 data=0 bytes=24
08-13 14:33:24.174 15014 15040 I WinlatorXRequest: seq=237 opcode=18 data=0 bytes=28
08-13 14:33:24.174 15014 15040 I WinlatorXRequest: seq=238 opcode=149 data=46 bytes=16
08-13 14:33:24.174 15014 15040 I WinlatorXRequest: seq=239 opcode=43 data=0 bytes=0
08-13 14:33:24.174 15014 15040 I WinlatorXRequest: seq=240 opcode=2 data=0 bytes=16
08-13 14:33:24.174 15014 15040 I WinlatorXRequest: seq=241 opcode=18 data=0 bytes=32
08-13 14:33:24.174 15014 15040 I WinlatorXRequest: seq=242 opcode=25 data=0 bytes=40
08-13 14:33:24.174 15014 15040 I WinlatorXRequest: seq=243 opcode=25 data=0 bytes=40
08-13 14:33:24.174 15014 15040 I WinlatorXRequest: seq=244 opcode=19 data=0 bytes=8
08-13 14:33:24.174 15014 15040 I WinlatorXRequest: seq=245 opcode=20 data=0 bytes=20
08-13 14:33:24.174 15014 15040 I WinlatorXRequest: seq=246 opcode=18 data=0 bytes=56
08-13 14:33:24.174 15014 15040 I WinlatorXRequest: seq=247 opcode=18 data=0 bytes=24
08-13 14:33:24.174 15014 15040 I WinlatorXRequest: seq=248 opcode=18 data=0 bytes=20
08-13 14:33:24.175 15014 15040 I WinlatorXRequest: seq=249 opcode=43 data=112 bytes=0
08-13 14:33:24.177 15014 15040 I WinlatorXRequest: seq=250 opcode=18 data=0 bytes=24
08-13 14:33:24.177 15014 15040 I WinlatorXRequest: seq=251 opcode=18 data=0 bytes=397652
08-13 14:33:24.209 15014 15040 I WinlatorXRequest: seq=252 opcode=18 data=0 bytes=24
08-13 14:33:24.209 15014 15040 I WinlatorXRequest: seq=253 opcode=18 data=0 bytes=20
08-13 14:33:24.209 15014 15040 I WinlatorXRequest: seq=254 opcode=18 data=0 bytes=20
08-13 14:33:24.209 15014 15040 I WinlatorXRequest: seq=255 opcode=18 data=0 bytes=397652
08-13 14:33:24.222 15014 15040 I WinlatorXRequest: seq=256 opcode=16 data=1 bytes=20
08-13 14:33:24.222 15014 15040 I WinlatorXRequest: seq=257 opcode=23 data=0 bytes=4
08-13 14:33:24.222 15014 15040 W WinlatorXRequest: request error seq=257 major=23 minor=0 code=5 data=0
08-13 14:33:24.222 15014 15040 I WinlatorXRequest: seq=258 opcode=45 data=0 bytes=16
08-13 14:33:24.222 15014 15040 I WinlatorXRequest: seq=259 opcode=94 data=0 bytes=28
08-13 14:33:24.223 15014 15040 I WinlatorXRequest: seq=260 opcode=2 data=0 bytes=12
08-13 14:33:24.223 15014 15040 I WinlatorXRequest: seq=261 opcode=2 data=0 bytes=12
08-13 14:33:24.223 15014 15040 I WinlatorXRequest: seq=262 opcode=18 data=0 bytes=92
08-13 14:33:24.223 15014 15040 I WinlatorXRequest: seq=263 opcode=18 data=0 bytes=24
08-13 14:33:24.223 15014 15040 I WinlatorXRequest: seq=264 opcode=18 data=0 bytes=24
08-13 14:33:24.223 15014 15040 I WinlatorXRequest: seq=265 opcode=20 data=0 bytes=20
08-13 14:33:24.223 15014 15040 I WinlatorXRequest: seq=266 opcode=19 data=0 bytes=8
08-13 14:33:24.224 15014 15040 I WinlatorXRequest: seq=267 opcode=8 data=0 bytes=4
08-13 14:33:24.225 15014 15040 I WinlatorXRequest: seq=268 opcode=53 data=32 bytes=12
08-13 14:33:24.225 15014 15040 I WinlatorXRequest: seq=269 opcode=55 data=0 bytes=12
08-13 14:33:24.227 15014 15040 I WinlatorXRequest: seq=270 opcode=72 data=2 bytes=3255124
08-13 14:33:24.232 15014 15040 I WinlatorXRequest: seq=271 opcode=2 data=0 bytes=12
08-13 14:33:24.232 15014 15040 I WinlatorXRequest: seq=272 opcode=60 data=0 bytes=4
08-13 14:33:24.232 15014 15040 I WinlatorXRequest: seq=273 opcode=54 data=0 bytes=4
08-13 14:33:24.232 15014 15040 I WinlatorXRequest: seq=274 opcode=43 data=0 bytes=0
08-13 14:33:24.233 15014 15040 I WinlatorXRequest: seq=275 opcode=155 data=1 bytes=12
08-13 14:33:24.233 15014 15040 I WinlatorXRequest: seq=276 opcode=43 data=0 bytes=0
08-13 14:33:24.235 15014 15040 I WinlatorXRequest: seq=277 opcode=53 data=32 bytes=12
08-13 14:33:24.235 15014 15040 I WinlatorXRequest: seq=278 opcode=55 data=0 bytes=16
08-13 14:33:24.235 15014 15040 I WinlatorXRequest: seq=279 opcode=59 data=3 bytes=16
08-13 14:33:24.235 15014 15040 I WinlatorXRequest: seq=280 opcode=155 data=3 bytes=36
08-13 14:33:24.237 15014 15040 I WinlatorXRequest: seq=281 opcode=56 data=0 bytes=12
08-13 14:33:24.237 15014 15040 I WinlatorXRequest: seq=282 opcode=59 data=3 bytes=16
08-13 14:33:24.237 15014 15040 I WinlatorXRequest: seq=283 opcode=155 data=3 bytes=36
08-13 14:33:24.237 15014 15040 I WinlatorXRequest: seq=284 opcode=56 data=0 bytes=12
08-13 14:33:24.244 15014 15040 I WinlatorXRequest: seq=285 opcode=1 data=32 bytes=52
08-13 14:33:24.245 15014 15040 I WinlatorXRequest: seq=286 opcode=18 data=0 bytes=92
08-13 14:33:24.245 15014 15040 I WinlatorXRequest: seq=287 opcode=18 data=0 bytes=28
08-13 14:33:24.245 15014 15040 I WinlatorXRequest: seq=288 opcode=18 data=0 bytes=28
08-13 14:33:24.245 15014 15040 I WinlatorXRequest: seq=289 opcode=18 data=0 bytes=24
08-13 14:33:24.245 15014 15040 I WinlatorXRequest: seq=290 opcode=18 data=0 bytes=32
08-13 14:33:24.245 15014 15040 I WinlatorXRequest: seq=291 opcode=18 data=0 bytes=56
08-13 14:33:24.245 15014 15040 I WinlatorXRequest: seq=292 opcode=18 data=0 bytes=24
08-13 14:33:24.245 15014 15040 I WinlatorXRequest: seq=293 opcode=18 data=0 bytes=28
08-13 14:33:24.245 15014 15040 I WinlatorXRequest: seq=294 opcode=149 data=46 bytes=16
08-13 14:33:24.245 15014 15040 I WinlatorXRequest: seq=295 opcode=43 data=0 bytes=0
08-13 14:33:24.245 15014 15040 I WinlatorXRequest: seq=296 opcode=2 data=0 bytes=16
08-13 14:33:24.245 15014 15040 I WinlatorXRequest: seq=297 opcode=18 data=0 bytes=28
08-13 14:33:24.245 15014 15040 I WinlatorXRequest: seq=298 opcode=25 data=0 bytes=40
08-13 14:33:24.245 15014 15040 I WinlatorXRequest: seq=299 opcode=25 data=0 bytes=40
08-13 14:33:24.246 15014 15040 I WinlatorXRequest: seq=300 opcode=18 data=0 bytes=40
08-13 14:33:24.246 15014 15040 I WinlatorXRequest: seq=301 opcode=20 data=0 bytes=20
08-13 14:33:24.246 15014 15040 I WinlatorXRequest: seq=302 opcode=18 data=0 bytes=56
08-13 14:33:24.246 15014 15040 I WinlatorXRequest: seq=303 opcode=18 data=0 bytes=24
08-13 14:33:24.246 15014 15040 I WinlatorXRequest: seq=304 opcode=18 data=0 bytes=20
08-13 14:33:24.246 15014 15040 I WinlatorXRequest: seq=305 opcode=43 data=0 bytes=0
08-13 14:33:24.246 15014 15040 I WinlatorXRequest: seq=306 opcode=18 data=0 bytes=24
08-13 14:33:24.246 15014 15040 I WinlatorXRequest: seq=307 opcode=18 data=0 bytes=397652
08-13 14:33:24.261 15014 15040 I WinlatorXRequest: seq=308 opcode=18 data=0 bytes=24
08-13 14:33:24.261 15014 15040 I WinlatorXRequest: seq=309 opcode=18 data=0 bytes=20
08-13 14:33:24.261 15014 15040 I WinlatorXRequest: seq=310 opcode=18 data=0 bytes=20
08-13 14:33:24.261 15014 15040 I WinlatorXRequest: seq=311 opcode=1 data=32 bytes=52
08-13 14:33:24.261 15014 15040 I WinlatorXRequest: seq=312 opcode=18 data=0 bytes=92
08-13 14:33:24.261 15014 15040 I WinlatorXRequest: seq=313 opcode=18 data=0 bytes=28
08-13 14:33:24.261 15014 15040 I WinlatorXRequest: seq=314 opcode=18 data=0 bytes=28
08-13 14:33:24.261 15014 15040 I WinlatorXRequest: seq=315 opcode=18 data=0 bytes=24
08-13 14:33:24.261 15014 15040 I WinlatorXRequest: seq=316 opcode=18 data=0 bytes=32
08-13 14:33:24.261 15014 15040 I WinlatorXRequest: seq=317 opcode=18 data=0 bytes=56
08-13 14:33:24.261 15014 15040 I WinlatorXRequest: seq=318 opcode=18 data=0 bytes=24
08-13 14:33:24.261 15014 15040 I WinlatorXRequest: seq=319 opcode=18 data=0 bytes=28
08-13 14:33:24.261 15014 15040 I WinlatorXRequest: seq=320 opcode=149 data=46 bytes=16
08-13 14:33:24.261 15014 15040 I WinlatorXRequest: seq=321 opcode=43 data=0 bytes=0
08-13 14:33:24.261 15014 15040 I WinlatorXRequest: seq=322 opcode=2 data=0 bytes=16
08-13 14:33:24.261 15014 15040 I WinlatorXRequest: seq=323 opcode=18 data=0 bytes=24
08-13 14:33:24.261 15014 15040 I WinlatorXRequest: seq=324 opcode=25 data=0 bytes=40
08-13 14:33:24.261 15014 15040 I WinlatorXRequest: seq=325 opcode=25 data=0 bytes=40
08-13 14:33:24.261 15014 15040 I WinlatorXRequest: seq=326 opcode=18 data=0 bytes=40
08-13 14:33:24.261 15014 15040 I WinlatorXRequest: seq=327 opcode=20 data=0 bytes=20
08-13 14:33:24.261 15014 15040 I WinlatorXRequest: seq=328 opcode=18 data=0 bytes=56
08-13 14:33:24.262 15014 15040 I WinlatorXRequest: seq=329 opcode=18 data=0 bytes=24
08-13 14:33:24.262 15014 15040 I WinlatorXRequest: seq=330 opcode=18 data=0 bytes=20
08-13 14:33:24.262 15014 15040 I WinlatorXRequest: seq=331 opcode=43 data=0 bytes=0
08-13 14:33:24.262 15014 15040 I WinlatorXRequest: seq=332 opcode=18 data=0 bytes=24
08-13 14:33:24.262 15014 15040 I WinlatorXRequest: seq=333 opcode=18 data=0 bytes=20
08-13 14:33:24.262 15014 15040 I WinlatorXRequest: seq=334 opcode=18 data=0 bytes=397652
08-13 14:33:24.275 15014 15040 I WinlatorXRequest: seq=335 opcode=18 data=0 bytes=92
08-13 14:33:24.275 15014 15040 I WinlatorXRequest: seq=336 opcode=12 data=0 bytes=16
08-13 14:33:24.278 15014 15040 I WinlatorXRequest: seq=337 opcode=18 data=0 bytes=20
08-13 14:33:24.278 15014 15040 I WinlatorXRequest: seq=338 opcode=18 data=0 bytes=32
08-13 14:33:24.276 15064 15064 W wps     : type=1400 audit(0.0:4459174): avc:  granted  { execute } for  name="dash" dev="dm-53" ino=221895 scontext=u:r:untrusted_app_27:s0:c194,c256,c512,c768 tcontext=u:object_r:app_data_file:s0:c194,c256,c512,c768 tclass=file
08-13 14:33:24.276 15064 15064 W wps     : type=1400 audit(0.0:4459175): avc:  granted  { execute_no_trans } for  path="/data/user/0/io.taowen.bx/files/rootfs/usr/bin/dash" dev="dm-53" ino=221895 scontext=u:r:untrusted_app_27:s0:c194,c256,c512,c768 tcontext=u:object_r:app_data_file:s0:c194,c256,c512,c768 tclass=file
08-13 14:33:24.276 15064 15064 W wps     : type=1400 audit(0.0:4459176): avc:  granted  { execute } for  name="ld-linux-aarch64.so.1" dev="dm-53" ino=224158 scontext=u:r:untrusted_app_27:s0:c194,c256,c512,c768 tcontext=u:object_r:app_data_file:s0:c194,c256,c512,c768 tclass=file
08-13 14:33:24.284 15014 15040 I WinlatorXRequest: seq=339 opcode=18 data=0 bytes=32
08-13 14:33:24.284 15014 15040 I WinlatorXRequest: seq=340 opcode=25 data=0 bytes=40
08-13 14:33:24.284 15014 15040 I WinlatorXRequest: seq=341 opcode=20 data=0 bytes=20
08-13 14:33:24.284 15014 15040 I WinlatorXRequest: seq=342 opcode=18 data=0 bytes=56
08-13 14:33:24.284 15014 15040 I WinlatorXRequest: seq=343 opcode=43 data=0 bytes=0
08-13 14:33:24.294 15014 15040 I WinlatorXRequest: seq=344 opcode=38 data=0 bytes=4
08-13 14:33:24.295 15014 15040 I WinlatorXRequest: seq=345 opcode=38 data=0 bytes=4
08-13 14:33:24.295 15014 15040 I WinlatorXRequest: seq=346 opcode=38 data=0 bytes=4
08-13 14:33:24.295 15014 15040 I WinlatorXRequest: seq=347 opcode=38 data=0 bytes=4
08-13 14:33:24.295 15014 15040 I WinlatorXRequest: seq=348 opcode=38 data=0 bytes=4
08-13 14:33:24.362 15014 15040 I WinlatorXRequest: seq=1 opcode=98 data=0 bytes=16
08-13 14:33:24.363 15014 15040 I WinlatorXRequest: seq=2 opcode=156 data=0 bytes=0
08-13 14:33:24.363 15014 15040 I WinlatorXRequest: seq=3 opcode=55 data=0 bytes=16
08-13 14:33:24.363 15014 15040 I WinlatorXRequest: seq=4 opcode=20 data=0 bytes=20
08-13 14:33:24.363 15014 15040 I WinlatorXRequest: seq=5 opcode=98 data=0 bytes=16
08-13 14:33:24.363 15014 15040 I WinlatorXRequest: seq=6 opcode=148 data=0 bytes=4
08-13 14:33:24.363 15014 15040 I WinlatorXRequest: seq=7 opcode=16 data=0 bytes=16
08-13 14:33:24.363 15014 15040 I WinlatorXRequest: seq=8 opcode=16 data=0 bytes=20
08-13 14:33:24.363 15014 15040 I WinlatorXRequest: seq=9 opcode=16 data=0 bytes=20
08-13 14:33:24.363 15014 15040 I WinlatorXRequest: seq=10 opcode=16 data=0 bytes=16
08-13 14:33:24.363 15014 15040 I WinlatorXRequest: seq=11 opcode=16 data=0 bytes=24
08-13 14:33:24.363 15014 15040 I WinlatorXRequest: seq=12 opcode=16 data=0 bytes=24
08-13 14:33:24.363 15014 15040 I WinlatorXRequest: seq=13 opcode=16 data=0 bytes=32
08-13 14:33:24.363 15014 15040 I WinlatorXRequest: seq=14 opcode=16 data=0 bytes=12
08-13 14:33:24.363 15014 15040 I WinlatorXRequest: seq=15 opcode=16 data=0 bytes=28
08-13 14:33:24.363 15014 15040 I WinlatorXRequest: seq=16 opcode=16 data=0 bytes=12
08-13 14:33:24.363 15014 15040 I WinlatorXRequest: seq=17 opcode=16 data=0 bytes=20
08-13 14:33:24.363 15014 15040 I WinlatorXRequest: seq=18 opcode=16 data=0 bytes=12
08-13 14:33:24.363 15014 15040 I WinlatorXRequest: seq=19 opcode=16 data=0 bytes=12
08-13 14:33:24.363 15014 15040 I WinlatorXRequest: seq=20 opcode=16 data=0 bytes=20
08-13 14:33:24.363 15014 15040 I WinlatorXRequest: seq=21 opcode=16 data=0 bytes=20
08-13 14:33:24.363 15014 15040 I WinlatorXRequest: seq=22 opcode=16 data=0 bytes=16
08-13 14:33:24.363 15014 15040 I WinlatorXRequest: seq=23 opcode=16 data=0 bytes=24
08-13 14:33:24.363 15014 15040 I WinlatorXRequest: seq=24 opcode=16 data=0 bytes=16
08-13 14:33:24.363 15014 15040 I WinlatorXRequest: seq=25 opcode=16 data=0 bytes=8
08-13 14:33:24.364 15014 15040 I WinlatorXRequest: seq=26 opcode=16 data=0 bytes=12
08-13 14:33:24.364 15014 15040 I WinlatorXRequest: seq=27 opcode=16 data=0 bytes=12
08-13 14:33:24.364 15014 15040 I WinlatorXRequest: seq=28 opcode=16 data=0 bytes=16
08-13 14:33:24.364 15014 15040 I WinlatorXRequest: seq=29 opcode=16 data=0 bytes=16
08-13 14:33:24.364 15014 15040 I WinlatorXRequest: seq=30 opcode=16 data=0 bytes=20
08-13 14:33:24.364 15014 15040 I WinlatorXRequest: seq=31 opcode=16 data=0 bytes=20
08-13 14:33:24.364 15014 15040 I WinlatorXRequest: seq=32 opcode=16 data=0 bytes=28
08-13 14:33:24.364 15014 15040 I WinlatorXRequest: seq=33 opcode=16 data=0 bytes=28
08-13 14:33:24.364 15014 15040 I WinlatorXRequest: seq=34 opcode=16 data=0 bytes=24
08-13 14:33:24.364 15014 15040 I WinlatorXRequest: seq=35 opcode=16 data=0 bytes=20
08-13 14:33:24.364 15014 15040 I WinlatorXRequest: seq=36 opcode=16 data=0 bytes=16
08-13 14:33:24.364 15014 15040 I WinlatorXRequest: seq=37 opcode=16 data=0 bytes=20
08-13 14:33:24.364 15014 15040 I WinlatorXRequest: seq=38 opcode=16 data=0 bytes=24
08-13 14:33:24.364 15014 15040 I WinlatorXRequest: seq=39 opcode=16 data=0 bytes=24
08-13 14:33:24.364 15014 15040 I WinlatorXRequest: seq=40 opcode=16 data=0 bytes=20
08-13 14:33:24.364 15014 15040 I WinlatorXRequest: seq=41 opcode=16 data=0 bytes=20
08-13 14:33:24.364 15014 15040 I WinlatorXRequest: seq=42 opcode=16 data=0 bytes=28
08-13 14:33:24.364 15014 15040 I WinlatorXRequest: seq=43 opcode=16 data=0 bytes=20
08-13 14:33:24.364 15014 15040 I WinlatorXRequest: seq=44 opcode=16 data=0 bytes=24
08-13 14:33:24.364 15014 15040 I WinlatorXRequest: seq=45 opcode=16 data=0 bytes=20
08-13 14:33:24.364 15014 15040 I WinlatorXRequest: seq=46 opcode=16 data=0 bytes=24
08-13 14:33:24.364 15014 15040 I WinlatorXRequest: seq=47 opcode=16 data=0 bytes=20
08-13 14:33:24.364 15014 15040 I WinlatorXRequest: seq=48 opcode=16 data=0 bytes=28
08-13 14:33:24.364 15014 15040 I WinlatorXRequest: seq=49 opcode=16 data=0 bytes=24
08-13 14:33:24.364 15014 15040 I WinlatorXRequest: seq=50 opcode=16 data=0 bytes=16
08-13 14:33:24.364 15014 15040 I WinlatorXRequest: seq=51 opcode=16 data=0 bytes=24
08-13 14:33:24.364 15014 15040 I WinlatorXRequest: seq=52 opcode=16 data=0 bytes=16
08-13 14:33:24.364 15014 15040 I WinlatorXRequest: seq=53 opcode=16 data=0 bytes=16
08-13 14:33:24.364 15014 15040 I WinlatorXRequest: seq=54 opcode=16 data=0 bytes=28
08-13 14:33:24.364 15014 15040 I WinlatorXRequest: seq=55 opcode=16 data=0 bytes=20
08-13 14:33:24.364 15014 15040 I WinlatorXRequest: seq=56 opcode=16 data=0 bytes=24
08-13 14:33:24.364 15014 15040 I WinlatorXRequest: seq=57 opcode=16 data=0 bytes=24
08-13 14:33:24.364 15014 15040 I WinlatorXRequest: seq=58 opcode=16 data=0 bytes=28
08-13 14:33:24.364 15014 15040 I WinlatorXRequest: seq=59 opcode=16 data=0 bytes=32
08-13 14:33:24.365 15014 15040 I WinlatorXRequest: seq=60 opcode=16 data=0 bytes=32
08-13 14:33:24.365 15014 15040 I WinlatorXRequest: seq=61 opcode=16 data=0 bytes=24
08-13 14:33:24.365 15014 15040 I WinlatorXRequest: seq=62 opcode=16 data=0 bytes=32
08-13 14:33:24.365 15014 15040 I WinlatorXRequest: seq=63 opcode=16 data=0 bytes=36
08-13 14:33:24.365 15014 15040 I WinlatorXRequest: seq=64 opcode=16 data=0 bytes=24
08-13 14:33:24.365 15014 15040 I WinlatorXRequest: seq=65 opcode=16 data=0 bytes=24
08-13 14:33:24.365 15014 15040 I WinlatorXRequest: seq=66 opcode=16 data=0 bytes=28
08-13 14:33:24.365 15014 15040 I WinlatorXRequest: seq=67 opcode=16 data=0 bytes=28
08-13 14:33:24.365 15014 15040 I WinlatorXRequest: seq=68 opcode=16 data=0 bytes=24
08-13 14:33:24.365 15014 15040 I WinlatorXRequest: seq=69 opcode=16 data=0 bytes=32
08-13 14:33:24.365 15014 15040 I WinlatorXRequest: seq=70 opcode=16 data=0 bytes=28
08-13 14:33:24.365 15014 15040 I WinlatorXRequest: seq=71 opcode=16 data=0 bytes=32
08-13 14:33:24.365 15014 15040 I WinlatorXRequest: seq=72 opcode=16 data=0 bytes=28
08-13 14:33:24.365 15014 15040 I WinlatorXRequest: seq=73 opcode=16 data=0 bytes=32
08-13 14:33:24.365 15014 15040 I WinlatorXRequest: seq=74 opcode=16 data=0 bytes=32
08-13 14:33:24.365 15014 15040 I WinlatorXRequest: seq=75 opcode=16 data=0 bytes=32
08-13 14:33:24.365 15014 15040 I WinlatorXRequest: seq=76 opcode=16 data=0 bytes=40
08-13 14:33:24.365 15014 15040 I WinlatorXRequest: seq=77 opcode=16 data=0 bytes=36
08-13 14:33:24.365 15014 15040 I WinlatorXRequest: seq=78 opcode=16 data=0 bytes=32
08-13 14:33:24.365 15014 15040 I WinlatorXRequest: seq=79 opcode=16 data=0 bytes=36
08-13 14:33:24.365 15014 15040 I WinlatorXRequest: seq=80 opcode=16 data=0 bytes=32
08-13 14:33:24.365 15014 15040 I WinlatorXRequest: seq=81 opcode=16 data=0 bytes=28
08-13 14:33:24.365 15014 15040 I WinlatorXRequest: seq=82 opcode=16 data=0 bytes=32
08-13 14:33:24.365 15014 15040 I WinlatorXRequest: seq=83 opcode=16 data=0 bytes=36
08-13 14:33:24.365 15014 15040 I WinlatorXRequest: seq=84 opcode=16 data=0 bytes=28
08-13 14:33:24.365 15014 15040 I WinlatorXRequest: seq=85 opcode=16 data=0 bytes=24
08-13 14:33:24.365 15014 15040 I WinlatorXRequest: seq=86 opcode=16 data=0 bytes=24
08-13 14:33:24.365 15014 15040 I WinlatorXRequest: seq=87 opcode=16 data=0 bytes=28
08-13 14:33:24.365 15014 15040 I WinlatorXRequest: seq=88 opcode=16 data=0 bytes=28
08-13 14:33:24.365 15014 15040 I WinlatorXRequest: seq=89 opcode=16 data=0 bytes=20
08-13 14:33:24.365 15014 15040 I WinlatorXRequest: seq=90 opcode=16 data=0 bytes=28
08-13 14:33:24.365 15014 15040 I WinlatorXRequest: seq=91 opcode=16 data=0 bytes=24
08-13 14:33:24.365 15014 15040 I WinlatorXRequest: seq=92 opcode=16 data=0 bytes=8
08-13 14:33:24.365 15014 15040 I WinlatorXRequest: seq=93 opcode=16 data=0 bytes=16
08-13 14:33:24.365 15014 15040 I WinlatorXRequest: seq=94 opcode=16 data=0 bytes=12
08-13 14:33:24.365 15014 15040 I WinlatorXRequest: seq=95 opcode=16 data=0 bytes=16
08-13 14:33:24.365 15014 15040 I WinlatorXRequest: seq=96 opcode=16 data=0 bytes=16
08-13 14:33:24.366 15014 15040 I WinlatorXRequest: seq=97 opcode=16 data=0 bytes=16
08-13 14:33:24.366 15014 15040 I WinlatorXRequest: seq=98 opcode=16 data=0 bytes=16
08-13 14:33:24.366 15014 15040 I WinlatorXRequest: seq=99 opcode=16 data=0 bytes=12
08-13 14:33:24.366 15014 15040 I WinlatorXRequest: seq=100 opcode=16 data=0 bytes=16
08-13 14:33:24.366 15014 15040 I WinlatorXRequest: seq=101 opcode=16 data=0 bytes=16
08-13 14:33:24.366 15014 15040 I WinlatorXRequest: seq=102 opcode=16 data=0 bytes=20
08-13 14:33:24.366 15014 15040 I WinlatorXRequest: seq=103 opcode=16 data=0 bytes=20
08-13 14:33:24.366 15014 15040 I WinlatorXRequest: seq=104 opcode=16 data=0 bytes=16
08-13 14:33:24.366 15014 15040 I WinlatorXRequest: seq=105 opcode=16 data=0 bytes=16
08-13 14:33:24.366 15014 15040 I WinlatorXRequest: seq=106 opcode=16 data=0 bytes=20
08-13 14:33:24.366 15014 15040 I WinlatorXRequest: seq=107 opcode=16 data=0 bytes=20
08-13 14:33:24.366 15014 15040 I WinlatorXRequest: seq=108 opcode=16 data=0 bytes=20
08-13 14:33:24.366 15014 15040 I WinlatorXRequest: seq=109 opcode=16 data=0 bytes=20
08-13 14:33:24.366 15014 15040 I WinlatorXRequest: seq=110 opcode=16 data=0 bytes=24
08-13 14:33:24.366 15014 15040 I WinlatorXRequest: seq=111 opcode=16 data=0 bytes=20
08-13 14:33:24.366 15014 15040 I WinlatorXRequest: seq=112 opcode=16 data=0 bytes=12
08-13 14:33:24.366 15014 15040 I WinlatorXRequest: seq=113 opcode=16 data=0 bytes=16
08-13 14:33:24.366 15014 15040 I WinlatorXRequest: seq=114 opcode=16 data=0 bytes=16
08-13 14:33:24.366 15014 15040 I WinlatorXRequest: seq=115 opcode=16 data=0 bytes=20
08-13 14:33:24.366 15014 15040 I WinlatorXRequest: seq=116 opcode=16 data=0 bytes=16
08-13 14:33:24.366 15014 15040 I WinlatorXRequest: seq=117 opcode=16 data=0 bytes=20
08-13 14:33:24.366 15014 15040 I WinlatorXRequest: seq=118 opcode=16 data=0 bytes=24
08-13 14:33:24.366 15014 15040 I WinlatorXRequest: seq=119 opcode=16 data=0 bytes=28
08-13 14:33:24.366 15014 15040 I WinlatorXRequest: seq=120 opcode=16 data=0 bytes=28
08-13 14:33:24.366 15014 15040 I WinlatorXRequest: seq=121 opcode=16 data=0 bytes=24
08-13 14:33:24.366 15014 15040 I WinlatorXRequest: seq=122 opcode=16 data=0 bytes=24
08-13 14:33:24.366 15014 15040 I WinlatorXRequest: seq=123 opcode=16 data=0 bytes=24
08-13 14:33:24.366 15014 15040 I WinlatorXRequest: seq=124 opcode=16 data=0 bytes=24
08-13 14:33:24.366 15014 15040 I WinlatorXRequest: seq=125 opcode=16 data=0 bytes=24
08-13 14:33:24.366 15014 15040 I WinlatorXRequest: seq=126 opcode=16 data=0 bytes=20
08-13 14:33:24.366 15014 15040 I WinlatorXRequest: seq=127 opcode=16 data=0 bytes=24
08-13 14:33:24.366 15014 15040 I WinlatorXRequest: seq=128 opcode=16 data=0 bytes=16
08-13 14:33:24.366 15014 15040 I WinlatorXRequest: seq=129 opcode=16 data=0 bytes=12
08-13 14:33:24.366 15014 15040 I WinlatorXRequest: seq=130 opcode=16 data=0 bytes=12
08-13 14:33:24.366 15014 15040 I WinlatorXRequest: seq=131 opcode=16 data=0 bytes=12
08-13 14:33:24.366 15014 15040 I WinlatorXRequest: seq=132 opcode=16 data=0 bytes=12
08-13 14:33:24.366 15014 15040 I WinlatorXRequest: seq=133 opcode=16 data=0 bytes=16
08-13 14:33:24.366 15014 15040 I WinlatorXRequest: seq=134 opcode=16 data=0 bytes=16
08-13 14:33:24.367 15014 15040 I WinlatorXRequest: seq=135 opcode=16 data=0 bytes=16
08-13 14:33:24.367 15014 15040 I WinlatorXRequest: seq=136 opcode=16 data=0 bytes=16
08-13 14:33:24.367 15014 15040 I WinlatorXRequest: seq=137 opcode=16 data=0 bytes=16
08-13 14:33:24.367 15014 15040 I WinlatorXRequest: seq=138 opcode=16 data=0 bytes=20
08-13 14:33:24.367 15014 15040 I WinlatorXRequest: seq=139 opcode=16 data=0 bytes=12
08-13 14:33:24.367 15014 15040 I WinlatorXRequest: seq=140 opcode=16 data=0 bytes=20
08-13 14:33:24.367 15014 15040 I WinlatorXRequest: seq=141 opcode=16 data=0 bytes=20
08-13 14:33:24.367 15014 15040 I WinlatorXRequest: seq=142 opcode=16 data=0 bytes=20
08-13 14:33:24.367 15014 15040 I WinlatorXRequest: seq=143 opcode=16 data=0 bytes=20
08-13 14:33:24.367 15014 15040 I WinlatorXRequest: seq=144 opcode=16 data=0 bytes=24
08-13 14:33:24.367 15014 15040 I WinlatorXRequest: seq=145 opcode=16 data=0 bytes=28
08-13 14:33:24.367 15014 15040 I WinlatorXRequest: seq=146 opcode=16 data=0 bytes=28
08-13 14:33:24.367 15014 15040 I WinlatorXRequest: seq=147 opcode=16 data=0 bytes=32
08-13 14:33:24.367 15014 15040 I WinlatorXRequest: seq=148 opcode=16 data=0 bytes=28
08-13 14:33:24.367 15014 15040 I WinlatorXRequest: seq=149 opcode=16 data=0 bytes=24
08-13 14:33:24.367 15014 15040 I WinlatorXRequest: seq=150 opcode=16 data=0 bytes=16
08-13 14:33:24.367 15014 15040 I WinlatorXRequest: seq=151 opcode=16 data=0 bytes=8
08-13 14:33:24.367 15014 15040 I WinlatorXRequest: seq=152 opcode=16 data=0 bytes=16
08-13 14:33:24.367 15014 15040 I WinlatorXRequest: seq=153 opcode=16 data=0 bytes=32
08-13 14:33:24.367 15014 15040 I WinlatorXRequest: seq=154 opcode=98 data=0 bytes=12
08-13 14:33:24.367 15014 15040 I WinlatorXRequest: seq=155 opcode=98 data=0 bytes=12
08-13 14:33:24.367 15014 15040 I WinlatorXRequest: seq=156 opcode=98 data=0 bytes=12
08-13 14:33:24.367 15014 15040 I WinlatorXRequest: seq=157 opcode=98 data=0 bytes=12
08-13 14:33:24.367 15014 15040 I WinlatorXRequest: seq=158 opcode=98 data=0 bytes=8
08-13 14:33:24.367 15014 15040 I WinlatorXRequest: seq=159 opcode=98 data=0 bytes=12
08-13 14:33:24.367 15014 15040 I WinlatorXRequest: seq=160 opcode=98 data=0 bytes=16
08-13 14:33:24.367 15014 15040 I WinlatorXRequest: seq=161 opcode=98 data=0 bytes=20
08-13 14:33:24.367 15014 15040 I WinlatorXRequest: seq=162 opcode=155 data=0 bytes=0
08-13 14:33:24.368 15014 15040 I WinlatorXRequest: seq=163 opcode=155 data=1 bytes=12
08-13 14:33:24.368 15014 15040 I WinlatorXRequest: seq=164 opcode=43 data=0 bytes=0
08-13 14:33:24.368 15014 15040 I WinlatorXRequest: seq=165 opcode=155 data=2 bytes=4
08-13 14:33:24.368 15014 15040 I WinlatorXRequest: seq=166 opcode=150 data=0 bytes=8
08-13 14:33:24.368 15014 15040 I WinlatorXRequest: seq=167 opcode=151 data=0 bytes=8
08-13 14:33:24.368 15014 15040 I WinlatorXRequest: seq=168 opcode=152 data=0 bytes=8
08-13 14:33:24.369 15014 15040 I WinlatorXRequest: seq=169 opcode=149 data=47 bytes=4
08-13 14:33:24.369 15014 15040 I WinlatorXRequest: seq=170 opcode=148 data=0 bytes=4
08-13 14:33:24.369 15014 15040 I WinlatorXRequest: seq=171 opcode=150 data=4 bytes=8
08-13 14:33:24.369 15014 15040 I WinlatorXRequest: seq=172 opcode=16 data=0 bytes=20
08-13 14:33:24.369 15014 15040 I WinlatorXRequest: seq=173 opcode=23 data=0 bytes=4
08-13 14:33:24.369 15014 15040 I WinlatorXRequest: seq=174 opcode=20 data=0 bytes=20
08-13 14:33:24.369 15014 15040 I WinlatorXRequest: seq=175 opcode=20 data=0 bytes=20
08-13 14:33:24.369 15014 15040 I WinlatorXRequest: seq=176 opcode=3 data=0 bytes=4
08-13 14:33:24.369 15014 15040 I WinlatorXRequest: seq=177 opcode=2 data=0 bytes=12
08-13 14:33:24.369 15014 15040 I WinlatorXRequest: seq=178 opcode=20 data=0 bytes=20
08-13 14:33:24.370 15014 15040 I WinlatorXRequest: seq=179 opcode=150 data=25 bytes=4
08-13 14:33:24.370 15014 15040 I WinlatorXRequest: seq=180 opcode=150 data=31 bytes=4
08-13 14:33:24.370 15014 15040 I WinlatorXRequest: seq=181 opcode=150 data=9 bytes=8
08-13 14:33:24.370 15014 15040 I WinlatorXRequest: seq=182 opcode=150 data=4 bytes=8
08-13 14:33:24.370 15014 15040 I WinlatorXRequest: seq=183 opcode=150 data=20 bytes=8
08-13 14:33:24.370 15014 15040 I WinlatorXRequest: seq=184 opcode=150 data=25 bytes=4
08-13 14:33:24.371 15014 15040 I WinlatorXRequest: seq=185 opcode=45 data=0 bytes=16
08-13 14:33:24.371 15014 15040 I WinlatorXRequest: seq=186 opcode=150 data=15 bytes=24
08-13 14:33:24.371 15014 15040 I WinlatorXRequest: seq=187 opcode=150 data=15 bytes=24
08-13 14:33:24.371 15014 15040 I WinlatorXRequest: seq=188 opcode=150 data=15 bytes=24
08-13 14:33:24.372 15014 15040 I WinlatorXRequest: seq=189 opcode=1 data=0 bytes=28
08-13 14:33:24.372 15014 15040 I WinlatorXRequest: seq=190 opcode=18 data=0 bytes=56
08-13 14:33:24.372 15014 15040 I WinlatorXRequest: seq=191 opcode=18 data=0 bytes=56
08-13 14:33:24.372 15014 15040 I WinlatorXRequest: seq=192 opcode=151 data=2 bytes=12
08-13 14:33:24.372 15014 15040 I WinlatorXRequest: seq=193 opcode=149 data=48 bytes=4
08-13 14:33:24.372 15014 15040 I WinlatorXRequest: seq=194 opcode=149 data=46 bytes=16
08-13 14:33:24.372 15014 15040 I WinlatorXRequest: seq=195 opcode=20 data=0 bytes=20
08-13 14:33:24.372 15014 15040 I WinlatorXRequest: seq=196 opcode=148 data=1 bytes=12
08-13 14:33:24.372 15014 15040 I WinlatorXRequest: seq=197 opcode=43 data=0 bytes=0
08-13 14:33:24.372 15014 15040 I WinlatorXRequest: seq=198 opcode=98 data=0 bytes=16
08-13 14:33:24.372 15014 15040 I WinlatorXRequest: seq=199 opcode=148 data=24 bytes=12
08-13 14:33:24.373 15014 15040 I WinlatorXRequest: seq=200 opcode=148 data=17 bytes=8
08-13 14:33:24.373 15014 15040 I WinlatorXRequest: seq=201 opcode=148 data=8 bytes=24
08-13 14:33:24.373 15014 15040 I WinlatorXRequest: seq=202 opcode=148 data=8 bytes=24
08-13 14:33:24.374 15014 15040 I WinlatorXRequest: seq=203 opcode=148 data=13 bytes=8
08-13 14:33:24.374 15014 15040 I WinlatorXRequest: seq=204 opcode=148 data=10 bytes=8
08-13 14:33:24.374 15014 15040 I WinlatorXRequest: seq=205 opcode=148 data=17 bytes=8
08-13 14:33:24.375 15014 15040 I WinlatorXRequest: seq=206 opcode=148 data=6 bytes=4
08-13 14:33:24.375 15014 15040 I WinlatorXRequest: seq=207 opcode=17 data=0 bytes=4
08-13 14:33:24.375 15014 15040 I WinlatorXRequest: seq=208 opcode=17 data=0 bytes=4
08-13 14:33:24.375 15014 15040 I WinlatorXRequest: seq=209 opcode=17 data=0 bytes=4
08-13 14:33:24.375 15014 15040 I WinlatorXRequest: seq=210 opcode=17 data=0 bytes=4
08-13 14:33:24.375 15014 15040 I WinlatorXRequest: seq=211 opcode=17 data=0 bytes=4
08-13 14:33:24.375 15014 15040 I WinlatorXRequest: seq=212 opcode=17 data=0 bytes=4
08-13 14:33:24.375 15014 15040 I WinlatorXRequest: seq=213 opcode=17 data=0 bytes=4
08-13 14:33:24.375 15014 15040 I WinlatorXRequest: seq=214 opcode=17 data=0 bytes=4
08-13 14:33:24.375 15014 15040 I WinlatorXRequest: seq=215 opcode=17 data=0 bytes=4
08-13 14:33:24.375 15014 15040 I WinlatorXRequest: seq=216 opcode=17 data=0 bytes=4
08-13 14:33:24.376 15014 15040 I WinlatorXRequest: seq=217 opcode=148 data=4 bytes=4
08-13 14:33:24.376 15014 15040 I WinlatorXRequest: seq=218 opcode=151 data=2 bytes=12
08-13 14:33:24.376 15014 15040 I WinlatorXRequest: seq=219 opcode=151 data=2 bytes=12
08-13 14:33:24.376 15014 15040 I WinlatorXRequest: seq=220 opcode=38 data=0 bytes=4
08-13 14:33:24.376 15014 15040 I WinlatorXRequest: seq=221 opcode=43 data=0 bytes=0
08-13 14:33:24.379 15014 15040 I WinlatorXRequest: seq=222 opcode=101 data=0 bytes=4
08-13 14:33:24.379 15014 15040 I WinlatorXRequest: seq=223 opcode=119 data=0 bytes=0
08-13 14:33:24.401 15014 15040 I WinlatorXRequest: seq=349 opcode=18 data=0 bytes=92
08-13 14:33:24.401 15014 15040 I WinlatorXRequest: seq=350 opcode=18 data=0 bytes=92
08-13 14:33:24.401 15014 15040 I WinlatorXRequest: seq=351 opcode=12 data=0 bytes=24
08-13 14:33:24.402 15014 15040 I WinlatorXRequest: seq=352 opcode=43 data=0 bytes=0
08-13 14:33:24.402 15014 15040 I WinlatorXRequest: seq=353 opcode=18 data=0 bytes=24
08-13 14:33:24.402 15014 15040 I WinlatorXRequest: seq=354 opcode=8 data=0 bytes=4
08-13 14:33:24.402 15014 15040 I WinlatorXRequest: seq=355 opcode=43 data=0 bytes=0
08-13 14:33:24.402 15014 15040 I WinlatorXRequest: seq=356 opcode=18 data=0 bytes=92
08-13 14:33:24.403 15014 15040 I WinlatorXRequest: seq=357 opcode=12 data=0 bytes=24
08-13 14:33:24.403 15014 15040 I WinlatorXRequest: seq=358 opcode=2 data=0 bytes=12
08-13 14:33:24.403 15014 15040 I WinlatorXRequest: seq=359 opcode=2 data=0 bytes=12
08-13 14:33:24.403 15014 15040 I WinlatorXRequest: seq=360 opcode=18 data=0 bytes=92
08-13 14:33:24.403 15014 15040 I WinlatorXRequest: seq=361 opcode=19 data=0 bytes=8
08-13 14:33:24.403 15014 15040 I WinlatorXRequest: seq=362 opcode=20 data=0 bytes=20
08-13 14:33:24.405 15014 15040 I WinlatorXRequest: seq=363 opcode=18 data=0 bytes=28
08-13 14:33:24.405 15014 15040 I WinlatorXRequest: seq=364 opcode=18 data=0 bytes=24
08-13 14:33:24.406 15014 15040 I WinlatorXRequest: seq=365 opcode=8 data=0 bytes=4
08-13 14:33:24.406 15014 15040 I WinlatorXRequest: seq=366 opcode=43 data=0 bytes=0
08-13 14:33:24.406 15014 15040 I WinlatorXRequest: seq=367 opcode=43 data=0 bytes=0
08-13 14:33:24.416 15014 15040 I WinlatorXRequest: seq=368 opcode=18 data=0 bytes=92
08-13 14:33:24.416 15014 15040 I WinlatorXRequest: seq=369 opcode=43 data=0 bytes=0
08-13 14:33:24.419 15014 15040 I WinlatorXRequest: seq=370 opcode=43 data=0 bytes=0
08-13 14:33:24.420 15014 15040 I WinlatorXRequest: seq=371 opcode=59 data=3 bytes=16
08-13 14:33:24.420 15014 15040 I WinlatorXRequest: seq=372 opcode=155 data=3 bytes=36
08-13 14:33:24.420 15014 15040 I WinlatorXRequest: seq=373 opcode=56 data=0 bytes=12
08-13 14:33:24.420 15014 15040 I WinlatorXRequest: seq=374 opcode=40 data=0 bytes=12
08-13 14:33:24.420 15014 15040 I WinlatorXRequest: seq=375 opcode=20 data=0 bytes=20
08-13 14:33:24.420 15014 15040 I WinlatorXRequest: seq=376 opcode=18 data=0 bytes=24
08-13 14:33:24.420 15014 15040 I WinlatorXRequest: seq=377 opcode=42 data=2 bytes=8
08-13 14:33:24.420 15014 15040 I WinlatorXRequest: seq=378 opcode=43 data=0 bytes=0
08-13 14:33:24.420 15014 15040 I WinlatorXRequest: seq=379 opcode=43 data=0 bytes=0
08-13 14:33:24.421 15014 15040 I WinlatorXRequest: seq=380 opcode=59 data=3 bytes=16
08-13 14:33:24.421 15014 15040 I WinlatorXRequest: seq=381 opcode=155 data=3 bytes=36
08-13 14:33:24.423 15014 15040 I WinlatorXRequest: seq=382 opcode=56 data=0 bytes=12
08-13 14:33:24.423 15014 15040 I WinlatorXRequest: seq=383 opcode=15 data=0 bytes=4
08-13 14:33:24.423 15014 15040 I WinlatorXRequest: seq=384 opcode=15 data=0 bytes=4
08-13 14:33:24.423 15014 15040 I WinlatorXRequest: seq=385 opcode=40 data=0 bytes=12
08-13 14:33:24.423 15014 15040 I WinlatorXRequest: seq=386 opcode=14 data=0 bytes=4
08-13 14:33:24.424 15014 15040 I WinlatorXRequest: seq=387 opcode=155 data=1 bytes=12
08-13 14:33:24.424 15014 15040 I WinlatorXRequest: seq=388 opcode=43 data=0 bytes=0
08-13 14:33:24.431 15014 15040 I WinlatorXRequest: seq=389 opcode=53 data=32 bytes=12
08-13 14:33:24.431 15014 15040 I WinlatorXRequest: seq=390 opcode=38 data=0 bytes=4
08-13 14:33:24.431 15014 15040 I WinlatorXRequest: seq=391 opcode=40 data=0 bytes=12
08-13 14:33:24.439 15014 15040 I WinlatorXRequest: seq=392 opcode=55 data=0 bytes=16
08-13 14:33:24.439 15014 15040 I WinlatorXRequest: seq=393 opcode=59 data=3 bytes=16
08-13 14:33:24.439 15014 15040 I WinlatorXRequest: seq=394 opcode=155 data=3 bytes=36
08-13 14:33:24.440  2312  2789 W WindowManager: Exception thrown during dispatchAppVisibility Window{72c3521 u0 io.taowen.bx/com.winlator.BionicXActivity EXITING}
08-13 14:33:24.442 15014 15040 I WinlatorXRequest: seq=395 opcode=56 data=0 bytes=12
08-13 14:33:24.443 15014 15040 I WinlatorXRequest: seq=396 opcode=60 data=0 bytes=4
08-13 14:33:24.443 15014 15040 I WinlatorXRequest: seq=397 opcode=55 data=0 bytes=16
08-13 14:33:24.443 15014 15040 I WinlatorXRequest: seq=398 opcode=59 data=3 bytes=16
08-13 14:33:24.443 15014 15040 I WinlatorXRequest: seq=399 opcode=155 data=3 bytes=36
08-13 14:33:24.447 15014 15040 I WinlatorXRequest: seq=400 opcode=56 data=0 bytes=12
08-13 14:33:24.447 15014 15040 I WinlatorXRequest: seq=401 opcode=15 data=0 bytes=4
08-13 14:33:24.447 15014 15040 I WinlatorXRequest: seq=402 opcode=40 data=0 bytes=12
08-13 14:33:24.447 15014 15040 I WinlatorXRequest: seq=403 opcode=14 data=0 bytes=4
08-13 14:33:24.447 15014 15040 I WinlatorXRequest: seq=404 opcode=60 data=0 bytes=4
08-13 14:33:24.447 15014 15040 I WinlatorXRequest: seq=405 opcode=55 data=0 bytes=16
08-13 14:33:24.447 15014 15040 I WinlatorXRequest: seq=406 opcode=59 data=3 bytes=16
08-13 14:33:24.447 15014 15040 I WinlatorXRequest: seq=407 opcode=155 data=3 bytes=36
08-13 14:33:24.448 15014 15040 I WinlatorXRequest: seq=408 opcode=56 data=0 bytes=12
08-13 14:33:24.455 15014 15040 I WinlatorXRequest: seq=409 opcode=60 data=0 bytes=4
08-13 14:33:24.455 15014 15040 I WinlatorXRequest: seq=410 opcode=55 data=0 bytes=16
08-13 14:33:24.455 15014 15040 I WinlatorXRequest: seq=411 opcode=59 data=3 bytes=16
08-13 14:33:24.455 15014 15040 I WinlatorXRequest: seq=412 opcode=155 data=3 bytes=36
08-13 14:33:24.456 15014 15040 I WinlatorXRequest: seq=413 opcode=56 data=0 bytes=12
08-13 14:33:24.456 15014 15040 I WinlatorXRequest: seq=414 opcode=10 data=0 bytes=4
08-13 14:33:24.456 15014 15040 I WinlatorXRequest: seq=415 opcode=25 data=0 bytes=40
08-13 14:33:24.459 15014 15040 I WinlatorXRequest: seq=416 opcode=60 data=0 bytes=4
08-13 14:33:24.459 15014 15040 I WinlatorXRequest: seq=417 opcode=55 data=0 bytes=16
08-13 14:33:24.459 15014 15040 I WinlatorXRequest: seq=418 opcode=59 data=3 bytes=16
08-13 14:33:24.459 15014 15040 I WinlatorXRequest: seq=419 opcode=155 data=3 bytes=36
08-13 14:33:24.460 15014 15040 I WinlatorXRequest: seq=420 opcode=56 data=0 bytes=12
08-13 14:33:24.474 15014 15040 I WinlatorXRequest: seq=421 opcode=1 data=32 bytes=52
08-13 14:33:24.474 15014 15040 I WinlatorXRequest: seq=422 opcode=18 data=0 bytes=92
08-13 14:33:24.474 15014 15040 I WinlatorXRequest: seq=423 opcode=18 data=0 bytes=28
08-13 14:33:24.474 15014 15040 I WinlatorXRequest: seq=424 opcode=18 data=0 bytes=28
08-13 14:33:24.474 15014 15040 I WinlatorXRequest: seq=425 opcode=18 data=0 bytes=24
08-13 14:33:24.474 15014 15040 I WinlatorXRequest: seq=426 opcode=18 data=0 bytes=32
08-13 14:33:24.474 15014 15040 I WinlatorXRequest: seq=427 opcode=18 data=0 bytes=56
08-13 14:33:24.474 15014 15040 I WinlatorXRequest: seq=428 opcode=18 data=0 bytes=24
08-13 14:33:24.474 15014 15040 I WinlatorXRequest: seq=429 opcode=18 data=0 bytes=28
08-13 14:33:24.475 15014 15040 I WinlatorXRequest: seq=430 opcode=149 data=46 bytes=16
08-13 14:33:24.475 15014 15040 I WinlatorXRequest: seq=431 opcode=43 data=0 bytes=0
08-13 14:33:24.475 15014 15040 I WinlatorXRequest: seq=432 opcode=2 data=0 bytes=16
08-13 14:33:24.475 15014 15040 I WinlatorXRequest: seq=433 opcode=18 data=0 bytes=28
08-13 14:33:24.475 15014 15040 I WinlatorXRequest: seq=434 opcode=25 data=0 bytes=40
08-13 14:33:24.475 15014 15040 I WinlatorXRequest: seq=435 opcode=25 data=0 bytes=40
08-13 14:33:24.475 15014 15040 I WinlatorXRequest: seq=436 opcode=18 data=0 bytes=40
08-13 14:33:24.475 15014 15040 I WinlatorXRequest: seq=437 opcode=20 data=0 bytes=20
08-13 14:33:24.475 15014 15040 I WinlatorXRequest: seq=438 opcode=18 data=0 bytes=56
08-13 14:33:24.475 15014 15040 I WinlatorXRequest: seq=439 opcode=18 data=0 bytes=24
08-13 14:33:24.475 15014 15040 I WinlatorXRequest: seq=440 opcode=18 data=0 bytes=20
08-13 14:33:24.475 15014 15040 I WinlatorXRequest: seq=441 opcode=43 data=80 bytes=0
08-13 14:33:24.476 15014 15040 I WinlatorXRequest: seq=442 opcode=18 data=0 bytes=24
08-13 14:33:24.476 15014 15040 I WinlatorXRequest: seq=443 opcode=18 data=0 bytes=397652
08-13 14:33:24.478  3416 13804 I FontLog : (REDACTED) Pulling font file for id = %d, cache size = %d
08-13 14:33:24.480  3416 13804 I FontLog : (REDACTED) Pulling font file for id = %d, cache size = %d
08-13 14:33:24.491 15014 15040 I WinlatorXRequest: seq=444 opcode=18 data=0 bytes=24
08-13 14:33:24.491 15014 15040 I WinlatorXRequest: seq=445 opcode=18 data=0 bytes=20
08-13 14:33:24.491 15014 15040 I WinlatorXRequest: seq=446 opcode=18 data=0 bytes=20
08-13 14:33:24.492 15014 15040 I WinlatorXRequest: seq=447 opcode=18 data=0 bytes=397652
08-13 14:33:24.504 15014 15040 I WinlatorXRequest: seq=448 opcode=40 data=0 bytes=12
08-13 14:33:24.504 15014 15040 I WinlatorXRequest: seq=1 opcode=98 data=0 bytes=16
08-13 14:33:24.504 15014 15040 I WinlatorXRequest: seq=2 opcode=156 data=0 bytes=0
08-13 14:33:24.504 15014 15040 I WinlatorXRequest: seq=3 opcode=55 data=0 bytes=16
08-13 14:33:24.504 15014 15040 I WinlatorXRequest: seq=4 opcode=20 data=0 bytes=20
08-13 14:33:24.505 15014 15040 I WinlatorXRequest: seq=5 opcode=98 data=0 bytes=16
08-13 14:33:24.505 15014 15040 I WinlatorXRequest: seq=6 opcode=148 data=0 bytes=4
08-13 14:33:24.505 15014 15040 I WinlatorXRequest: seq=7 opcode=16 data=0 bytes=16
08-13 14:33:24.505 15014 15040 I WinlatorXRequest: seq=8 opcode=16 data=0 bytes=20
08-13 14:33:24.505 15014 15040 I WinlatorXRequest: seq=9 opcode=16 data=0 bytes=20
08-13 14:33:24.505 15014 15040 I WinlatorXRequest: seq=10 opcode=16 data=0 bytes=16
08-13 14:33:24.505 15014 15040 I WinlatorXRequest: seq=11 opcode=16 data=0 bytes=24
08-13 14:33:24.505 15014 15040 I WinlatorXRequest: seq=12 opcode=16 data=0 bytes=24
08-13 14:33:24.505 15014 15040 I WinlatorXRequest: seq=13 opcode=16 data=0 bytes=32
08-13 14:33:24.505 15014 15040 I WinlatorXRequest: seq=14 opcode=16 data=0 bytes=12
08-13 14:33:24.505 15014 15040 I WinlatorXRequest: seq=15 opcode=16 data=0 bytes=28
08-13 14:33:24.505 15014 15040 I WinlatorXRequest: seq=16 opcode=16 data=0 bytes=12
08-13 14:33:24.505 15014 15040 I WinlatorXRequest: seq=17 opcode=16 data=0 bytes=20
08-13 14:33:24.505 15014 15040 I WinlatorXRequest: seq=18 opcode=16 data=0 bytes=12
08-13 14:33:24.505 15014 15040 I WinlatorXRequest: seq=19 opcode=16 data=0 bytes=12
08-13 14:33:24.505 15014 15040 I WinlatorXRequest: seq=20 opcode=16 data=0 bytes=20
08-13 14:33:24.505 15014 15040 I WinlatorXRequest: seq=21 opcode=16 data=0 bytes=20
08-13 14:33:24.505 15014 15040 I WinlatorXRequest: seq=22 opcode=16 data=0 bytes=16
08-13 14:33:24.505 15014 15040 I WinlatorXRequest: seq=23 opcode=16 data=0 bytes=24
08-13 14:33:24.505 15014 15040 I WinlatorXRequest: seq=24 opcode=16 data=0 bytes=16
08-13 14:33:24.505 15014 15040 I WinlatorXRequest: seq=25 opcode=16 data=0 bytes=8
08-13 14:33:24.505 15014 15040 I WinlatorXRequest: seq=26 opcode=16 data=0 bytes=12
08-13 14:33:24.505 15014 15040 I WinlatorXRequest: seq=27 opcode=16 data=0 bytes=12
08-13 14:33:24.505 15014 15040 I WinlatorXRequest: seq=28 opcode=16 data=0 bytes=16
08-13 14:33:24.505 15014 15040 I WinlatorXRequest: seq=29 opcode=16 data=0 bytes=16
08-13 14:33:24.505 15014 15040 I WinlatorXRequest: seq=30 opcode=16 data=0 bytes=20
08-13 14:33:24.505 15014 15040 I WinlatorXRequest: seq=31 opcode=16 data=0 bytes=20
08-13 14:33:24.505 15014 15040 I WinlatorXRequest: seq=32 opcode=16 data=0 bytes=28
08-13 14:33:24.505 15014 15040 I WinlatorXRequest: seq=33 opcode=16 data=0 bytes=28
08-13 14:33:24.505 15014 15040 I WinlatorXRequest: seq=34 opcode=16 data=0 bytes=24
08-13 14:33:24.505 15014 15040 I WinlatorXRequest: seq=35 opcode=16 data=0 bytes=20
08-13 14:33:24.505 15014 15040 I WinlatorXRequest: seq=36 opcode=16 data=0 bytes=16
08-13 14:33:24.505 15014 15040 I WinlatorXRequest: seq=37 opcode=16 data=0 bytes=20
08-13 14:33:24.505 15014 15040 I WinlatorXRequest: seq=38 opcode=16 data=0 bytes=24
08-13 14:33:24.505 15014 15040 I WinlatorXRequest: seq=39 opcode=16 data=0 bytes=24
08-13 14:33:24.505 15014 15040 I WinlatorXRequest: seq=40 opcode=16 data=0 bytes=20
08-13 14:33:24.505 15014 15040 I WinlatorXRequest: seq=41 opcode=16 data=0 bytes=20
08-13 14:33:24.505 15014 15040 I WinlatorXRequest: seq=42 opcode=16 data=0 bytes=28
08-13 14:33:24.505 15014 15040 I WinlatorXRequest: seq=43 opcode=16 data=0 bytes=20
08-13 14:33:24.505 15014 15040 I WinlatorXRequest: seq=44 opcode=16 data=0 bytes=24
08-13 14:33:24.505 15014 15040 I WinlatorXRequest: seq=45 opcode=16 data=0 bytes=20
08-13 14:33:24.505 15014 15040 I WinlatorXRequest: seq=46 opcode=16 data=0 bytes=24
08-13 14:33:24.505 15014 15040 I WinlatorXRequest: seq=47 opcode=16 data=0 bytes=20
08-13 14:33:24.505 15014 15040 I WinlatorXRequest: seq=48 opcode=16 data=0 bytes=28
08-13 14:33:24.505 15014 15040 I WinlatorXRequest: seq=49 opcode=16 data=0 bytes=24
08-13 14:33:24.506 15014 15040 I WinlatorXRequest: seq=50 opcode=16 data=0 bytes=16
08-13 14:33:24.506 15014 15040 I WinlatorXRequest: seq=51 opcode=16 data=0 bytes=24
08-13 14:33:24.506 15014 15040 I WinlatorXRequest: seq=52 opcode=16 data=0 bytes=16
08-13 14:33:24.506 15014 15040 I WinlatorXRequest: seq=53 opcode=16 data=0 bytes=16
08-13 14:33:24.506 15014 15040 I WinlatorXRequest: seq=54 opcode=16 data=0 bytes=28
08-13 14:33:24.506 15014 15040 I WinlatorXRequest: seq=55 opcode=16 data=0 bytes=20
08-13 14:33:24.506 15014 15040 I WinlatorXRequest: seq=56 opcode=16 data=0 bytes=24
08-13 14:33:24.506 15014 15040 I WinlatorXRequest: seq=57 opcode=16 data=0 bytes=24
08-13 14:33:24.506 15014 15040 I WinlatorXRequest: seq=58 opcode=16 data=0 bytes=28
08-13 14:33:24.506 15014 15040 I WinlatorXRequest: seq=59 opcode=16 data=0 bytes=32
08-13 14:33:24.506 15014 15040 I WinlatorXRequest: seq=60 opcode=16 data=0 bytes=32
08-13 14:33:24.506 15014 15040 I WinlatorXRequest: seq=61 opcode=16 data=0 bytes=24
08-13 14:33:24.506 15014 15040 I WinlatorXRequest: seq=62 opcode=16 data=0 bytes=32
08-13 14:33:24.506 15014 15040 I WinlatorXRequest: seq=63 opcode=16 data=0 bytes=36
08-13 14:33:24.506 15014 15040 I WinlatorXRequest: seq=64 opcode=16 data=0 bytes=24
08-13 14:33:24.506 15014 15040 I WinlatorXRequest: seq=65 opcode=16 data=0 bytes=24
08-13 14:33:24.506 15014 15040 I WinlatorXRequest: seq=66 opcode=16 data=0 bytes=28
08-13 14:33:24.506 15014 15040 I WinlatorXRequest: seq=67 opcode=16 data=0 bytes=28
08-13 14:33:24.506 15014 15040 I WinlatorXRequest: seq=68 opcode=16 data=0 bytes=24
08-13 14:33:24.506 15014 15040 I WinlatorXRequest: seq=69 opcode=16 data=0 bytes=32
08-13 14:33:24.506 15014 15040 I WinlatorXRequest: seq=70 opcode=16 data=0 bytes=28
08-13 14:33:24.506 15014 15040 I WinlatorXRequest: seq=71 opcode=16 data=0 bytes=32
08-13 14:33:24.506 15014 15040 I WinlatorXRequest: seq=72 opcode=16 data=0 bytes=28
08-13 14:33:24.506 15014 15040 I WinlatorXRequest: seq=73 opcode=16 data=0 bytes=32
08-13 14:33:24.506 15014 15040 I WinlatorXRequest: seq=74 opcode=16 data=0 bytes=32
08-13 14:33:24.506 15014 15040 I WinlatorXRequest: seq=75 opcode=16 data=0 bytes=32
08-13 14:33:24.506 15014 15040 I WinlatorXRequest: seq=76 opcode=16 data=0 bytes=40
08-13 14:33:24.506 15014 15040 I WinlatorXRequest: seq=77 opcode=16 data=0 bytes=36
08-13 14:33:24.506 15014 15040 I WinlatorXRequest: seq=78 opcode=16 data=0 bytes=32
08-13 14:33:24.506 15014 15040 I WinlatorXRequest: seq=79 opcode=16 data=0 bytes=36
08-13 14:33:24.506 15014 15040 I WinlatorXRequest: seq=80 opcode=16 data=0 bytes=32
08-13 14:33:24.506 15014 15040 I WinlatorXRequest: seq=81 opcode=16 data=0 bytes=28
08-13 14:33:24.506 15014 15040 I WinlatorXRequest: seq=82 opcode=16 data=0 bytes=32
08-13 14:33:24.506 15014 15040 I WinlatorXRequest: seq=83 opcode=16 data=0 bytes=36
08-13 14:33:24.506 15014 15040 I WinlatorXRequest: seq=84 opcode=16 data=0 bytes=28
08-13 14:33:24.506 15014 15040 I WinlatorXRequest: seq=85 opcode=16 data=0 bytes=24
08-13 14:33:24.506 15014 15040 I WinlatorXRequest: seq=86 opcode=16 data=0 bytes=24
08-13 14:33:24.506 15014 15040 I WinlatorXRequest: seq=87 opcode=16 data=0 bytes=28
08-13 14:33:24.506 15014 15040 I WinlatorXRequest: seq=88 opcode=16 data=0 bytes=28
08-13 14:33:24.506 15014 15040 I WinlatorXRequest: seq=89 opcode=16 data=0 bytes=20
08-13 14:33:24.506 15014 15040 I WinlatorXRequest: seq=90 opcode=16 data=0 bytes=28
08-13 14:33:24.506 15014 15040 I WinlatorXRequest: seq=91 opcode=16 data=0 bytes=24
08-13 14:33:24.506 15014 15040 I WinlatorXRequest: seq=92 opcode=16 data=0 bytes=8
08-13 14:33:24.506 15014 15040 I WinlatorXRequest: seq=93 opcode=16 data=0 bytes=16
08-13 14:33:24.506 15014 15040 I WinlatorXRequest: seq=94 opcode=16 data=0 bytes=12
08-13 14:33:24.506 15014 15040 I WinlatorXRequest: seq=95 opcode=16 data=0 bytes=16
08-13 14:33:24.506 15014 15040 I WinlatorXRequest: seq=96 opcode=16 data=0 bytes=16
08-13 14:33:24.506 15014 15040 I WinlatorXRequest: seq=97 opcode=16 data=0 bytes=16
08-13 14:33:24.506 15014 15040 I WinlatorXRequest: seq=98 opcode=16 data=0 bytes=16
08-13 14:33:24.506 15014 15040 I WinlatorXRequest: seq=99 opcode=16 data=0 bytes=12
08-13 14:33:24.506 15014 15040 I WinlatorXRequest: seq=100 opcode=16 data=0 bytes=16
08-13 14:33:24.506 15014 15040 I WinlatorXRequest: seq=101 opcode=16 data=0 bytes=16
08-13 14:33:24.507 15014 15040 I WinlatorXRequest: seq=102 opcode=16 data=0 bytes=20
08-13 14:33:24.507 15014 15040 I WinlatorXRequest: seq=103 opcode=16 data=0 bytes=20
08-13 14:33:24.507 15014 15040 I WinlatorXRequest: seq=104 opcode=16 data=0 bytes=16
08-13 14:33:24.507 15014 15040 I WinlatorXRequest: seq=105 opcode=16 data=0 bytes=16
08-13 14:33:24.507 15014 15040 I WinlatorXRequest: seq=106 opcode=16 data=0 bytes=20
08-13 14:33:24.507 15014 15040 I WinlatorXRequest: seq=107 opcode=16 data=0 bytes=20
08-13 14:33:24.507 15014 15040 I WinlatorXRequest: seq=108 opcode=16 data=0 bytes=20
08-13 14:33:24.507 15014 15040 I WinlatorXRequest: seq=109 opcode=16 data=0 bytes=20
08-13 14:33:24.507 15014 15040 I WinlatorXRequest: seq=110 opcode=16 data=0 bytes=24
08-13 14:33:24.507 15014 15040 I WinlatorXRequest: seq=111 opcode=16 data=0 bytes=20
08-13 14:33:24.507 15014 15040 I WinlatorXRequest: seq=112 opcode=16 data=0 bytes=12
08-13 14:33:24.507 15014 15040 I WinlatorXRequest: seq=113 opcode=16 data=0 bytes=16
08-13 14:33:24.507 15014 15040 I WinlatorXRequest: seq=114 opcode=16 data=0 bytes=16
08-13 14:33:24.507 15014 15040 I WinlatorXRequest: seq=115 opcode=16 data=0 bytes=20
08-13 14:33:24.507 15014 15040 I WinlatorXRequest: seq=116 opcode=16 data=0 bytes=16
08-13 14:33:24.507 15014 15040 I WinlatorXRequest: seq=117 opcode=16 data=0 bytes=20
08-13 14:33:24.507 15014 15040 I WinlatorXRequest: seq=118 opcode=16 data=0 bytes=24
08-13 14:33:24.507 15014 15040 I WinlatorXRequest: seq=119 opcode=16 data=0 bytes=28
08-13 14:33:24.507 15014 15040 I WinlatorXRequest: seq=120 opcode=16 data=0 bytes=28
08-13 14:33:24.507 15014 15040 I WinlatorXRequest: seq=121 opcode=16 data=0 bytes=24
08-13 14:33:24.507 15014 15040 I WinlatorXRequest: seq=122 opcode=16 data=0 bytes=24
08-13 14:33:24.507 15014 15040 I WinlatorXRequest: seq=123 opcode=16 data=0 bytes=24
08-13 14:33:24.507 15014 15040 I WinlatorXRequest: seq=124 opcode=16 data=0 bytes=24
08-13 14:33:24.507 15014 15040 I WinlatorXRequest: seq=125 opcode=16 data=0 bytes=24
08-13 14:33:24.507 15014 15040 I WinlatorXRequest: seq=126 opcode=16 data=0 bytes=20
08-13 14:33:24.507 15014 15040 I WinlatorXRequest: seq=127 opcode=16 data=0 bytes=24
08-13 14:33:24.507 15014 15040 I WinlatorXRequest: seq=128 opcode=16 data=0 bytes=16
08-13 14:33:24.507 15014 15040 I WinlatorXRequest: seq=129 opcode=16 data=0 bytes=12
08-13 14:33:24.507 15014 15040 I WinlatorXRequest: seq=130 opcode=16 data=0 bytes=12
08-13 14:33:24.507 15014 15040 I WinlatorXRequest: seq=131 opcode=16 data=0 bytes=12
08-13 14:33:24.507 15014 15040 I WinlatorXRequest: seq=132 opcode=16 data=0 bytes=12
08-13 14:33:24.507 15014 15040 I WinlatorXRequest: seq=133 opcode=16 data=0 bytes=16
08-13 14:33:24.507 15014 15040 I WinlatorXRequest: seq=134 opcode=16 data=0 bytes=16
08-13 14:33:24.507 15014 15040 I WinlatorXRequest: seq=135 opcode=16 data=0 bytes=16
08-13 14:33:24.507 15014 15040 I WinlatorXRequest: seq=136 opcode=16 data=0 bytes=16
08-13 14:33:24.507 15014 15040 I WinlatorXRequest: seq=137 opcode=16 data=0 bytes=16
08-13 14:33:24.507 15014 15040 I WinlatorXRequest: seq=138 opcode=16 data=0 bytes=20
08-13 14:33:24.507 15014 15040 I WinlatorXRequest: seq=139 opcode=16 data=0 bytes=12
08-13 14:33:24.507 15014 15040 I WinlatorXRequest: seq=140 opcode=16 data=0 bytes=20
08-13 14:33:24.507 15014 15040 I WinlatorXRequest: seq=141 opcode=16 data=0 bytes=20
08-13 14:33:24.507 15014 15040 I WinlatorXRequest: seq=142 opcode=16 data=0 bytes=20
08-13 14:33:24.507 15014 15040 I WinlatorXRequest: seq=143 opcode=16 data=0 bytes=20
08-13 14:33:24.508 15014 15040 I WinlatorXRequest: seq=144 opcode=16 data=0 bytes=24
08-13 14:33:24.508 15014 15040 I WinlatorXRequest: seq=145 opcode=16 data=0 bytes=28
08-13 14:33:24.508 15014 15040 I WinlatorXRequest: seq=146 opcode=16 data=0 bytes=28
08-13 14:33:24.508 15014 15040 I WinlatorXRequest: seq=147 opcode=16 data=0 bytes=32
08-13 14:33:24.508 15014 15040 I WinlatorXRequest: seq=148 opcode=16 data=0 bytes=28
08-13 14:33:24.508 15014 15040 I WinlatorXRequest: seq=149 opcode=16 data=0 bytes=24
08-13 14:33:24.508 15014 15040 I WinlatorXRequest: seq=150 opcode=16 data=0 bytes=16
08-13 14:33:24.508 15014 15040 I WinlatorXRequest: seq=151 opcode=16 data=0 bytes=8
08-13 14:33:24.508 15014 15040 I WinlatorXRequest: seq=152 opcode=16 data=0 bytes=16
08-13 14:33:24.508 15014 15040 I WinlatorXRequest: seq=153 opcode=16 data=0 bytes=32
08-13 14:33:24.508 15014 15040 I WinlatorXRequest: seq=449 opcode=40 data=0 bytes=12
08-13 14:33:24.508 15014 15040 I WinlatorXRequest: seq=154 opcode=98 data=0 bytes=12
08-13 14:33:24.508 15014 15040 I WinlatorXRequest: seq=155 opcode=98 data=0 bytes=12
08-13 14:33:24.508 15014 15040 I WinlatorXRequest: seq=156 opcode=98 data=0 bytes=12
08-13 14:33:24.508 15014 15040 I WinlatorXRequest: seq=157 opcode=98 data=0 bytes=12
08-13 14:33:24.508 15014 15040 I WinlatorXRequest: seq=158 opcode=98 data=0 bytes=8
08-13 14:33:24.508 15014 15040 I WinlatorXRequest: seq=159 opcode=98 data=0 bytes=12
08-13 14:33:24.508 15014 15040 I WinlatorXRequest: seq=160 opcode=98 data=0 bytes=16
08-13 14:33:24.508 15014 15040 I WinlatorXRequest: seq=161 opcode=98 data=0 bytes=20
08-13 14:33:24.508 15014 15040 I WinlatorXRequest: seq=162 opcode=155 data=0 bytes=0
08-13 14:33:24.508 15014 15040 I WinlatorXRequest: seq=450 opcode=40 data=0 bytes=12
08-13 14:33:24.508 15014 15040 I WinlatorXRequest: seq=451 opcode=40 data=0 bytes=12
08-13 14:33:24.508 15014 15040 I WinlatorXRequest: seq=163 opcode=155 data=1 bytes=12
08-13 14:33:24.509 15014 15040 I WinlatorXRequest: seq=164 opcode=43 data=0 bytes=0
08-13 14:33:24.509 15014 15040 I WinlatorXRequest: seq=452 opcode=40 data=0 bytes=12
08-13 14:33:24.509 15014 15040 I WinlatorXRequest: seq=165 opcode=155 data=2 bytes=4
08-13 14:33:24.509 15014 15040 I WinlatorXRequest: seq=166 opcode=150 data=0 bytes=8
08-13 14:33:24.509 15014 15040 I WinlatorXRequest: seq=167 opcode=151 data=0 bytes=8
08-13 14:33:24.509 15014 15040 I WinlatorXRequest: seq=168 opcode=152 data=0 bytes=8
08-13 14:33:24.509 15014 15040 I WinlatorXRequest: seq=169 opcode=149 data=47 bytes=4
08-13 14:33:24.509 15014 15040 I WinlatorXRequest: seq=453 opcode=40 data=0 bytes=12
08-13 14:33:24.509 15014 15040 I WinlatorXRequest: seq=170 opcode=148 data=0 bytes=4
08-13 14:33:24.509 15014 15040 I WinlatorXRequest: seq=171 opcode=150 data=4 bytes=8
08-13 14:33:24.509 15014 15040 I WinlatorXRequest: seq=172 opcode=16 data=0 bytes=20
08-13 14:33:24.509 15014 15040 I WinlatorXRequest: seq=454 opcode=40 data=0 bytes=12
08-13 14:33:24.509 15014 15040 I WinlatorXRequest: seq=173 opcode=23 data=0 bytes=4
08-13 14:33:24.509 15014 15040 I WinlatorXRequest: seq=174 opcode=20 data=0 bytes=20
08-13 14:33:24.509 15014 15040 I WinlatorXRequest: seq=455 opcode=40 data=0 bytes=12
08-13 14:33:24.509 15014 15040 I WinlatorXRequest: seq=175 opcode=20 data=0 bytes=20
08-13 14:33:24.509 15014 15040 I WinlatorXRequest: seq=176 opcode=3 data=0 bytes=4
08-13 14:33:24.510 15014 15040 I WinlatorXRequest: seq=456 opcode=40 data=0 bytes=12
08-13 14:33:24.510 15014 15040 I WinlatorXRequest: seq=177 opcode=2 data=0 bytes=12
08-13 14:33:24.510 15014 15040 I WinlatorXRequest: seq=178 opcode=20 data=0 bytes=20
08-13 14:33:24.510 15014 15040 I WinlatorXRequest: seq=457 opcode=40 data=0 bytes=12
08-13 14:33:24.510 15014 15040 I WinlatorXRequest: seq=179 opcode=150 data=25 bytes=4
08-13 14:33:24.510 15014 15040 I WinlatorXRequest: seq=180 opcode=150 data=31 bytes=4
08-13 14:33:24.510 15014 15040 I WinlatorXRequest: seq=458 opcode=40 data=0 bytes=12
08-13 14:33:24.510 15014 15040 I WinlatorXRequest: seq=181 opcode=150 data=9 bytes=8
08-13 14:33:24.510 15014 15040 I WinlatorXRequest: seq=182 opcode=150 data=4 bytes=8
08-13 14:33:24.510 15014 15040 I WinlatorXRequest: seq=183 opcode=150 data=20 bytes=8
08-13 14:33:24.510 15014 15040 I WinlatorXRequest: seq=459 opcode=40 data=0 bytes=12
08-13 14:33:24.510 15014 15040 I WinlatorXRequest: seq=184 opcode=150 data=25 bytes=4
08-13 14:33:24.510 15014 15040 I WinlatorXRequest: seq=460 opcode=40 data=0 bytes=12
08-13 14:33:24.510 15014 15040 I WinlatorXRequest: seq=185 opcode=45 data=0 bytes=16
08-13 14:33:24.510 15014 15040 I WinlatorXRequest: seq=186 opcode=150 data=15 bytes=24
08-13 14:33:24.510 15014 15040 I WinlatorXRequest: seq=187 opcode=150 data=15 bytes=24
08-13 14:33:24.510 15014 15040 I WinlatorXRequest: seq=188 opcode=150 data=15 bytes=24
08-13 14:33:24.511 15014 15040 I WinlatorXRequest: seq=189 opcode=1 data=0 bytes=28
08-13 14:33:24.511 15014 15040 I WinlatorXRequest: seq=190 opcode=18 data=0 bytes=56
08-13 14:33:24.511 15014 15040 I WinlatorXRequest: seq=191 opcode=18 data=0 bytes=56
08-13 14:33:24.511 15014 15040 I WinlatorXRequest: seq=192 opcode=151 data=2 bytes=12
08-13 14:33:24.511 15014 15040 I WinlatorXRequest: seq=193 opcode=149 data=48 bytes=4
08-13 14:33:24.511 15014 15040 I WinlatorXRequest: seq=194 opcode=149 data=46 bytes=16
08-13 14:33:24.511 15014 15040 I WinlatorXRequest: seq=195 opcode=20 data=0 bytes=20
08-13 14:33:24.511 15014 15040 I WinlatorXRequest: seq=461 opcode=40 data=0 bytes=12
08-13 14:33:24.511 15014 15040 I WinlatorXRequest: seq=196 opcode=148 data=1 bytes=12
08-13 14:33:24.511 15014 15040 I WinlatorXRequest: seq=197 opcode=43 data=0 bytes=0
08-13 14:33:24.512 15014 15040 I WinlatorXRequest: seq=462 opcode=40 data=0 bytes=12
08-13 14:33:24.512 15014 15040 I WinlatorXRequest: seq=198 opcode=98 data=0 bytes=16
08-13 14:33:24.512 15014 15040 I WinlatorXRequest: seq=199 opcode=148 data=24 bytes=12
08-13 14:33:24.512 15014 15040 I WinlatorXRequest: seq=463 opcode=40 data=0 bytes=12
08-13 14:33:24.512 15014 15040 I WinlatorXRequest: seq=200 opcode=148 data=17 bytes=8
08-13 14:33:24.512 15014 15040 I WinlatorXRequest: seq=201 opcode=148 data=8 bytes=24
08-13 14:33:24.512 15014 15040 I WinlatorXRequest: seq=464 opcode=40 data=0 bytes=12
08-13 14:33:24.512 15014 15040 I WinlatorXRequest: seq=202 opcode=148 data=8 bytes=24
08-13 14:33:24.513 15014 15040 I WinlatorXRequest: seq=203 opcode=148 data=13 bytes=8
08-13 14:33:24.513 15014 15040 I WinlatorXRequest: seq=204 opcode=148 data=10 bytes=8
08-13 14:33:24.513 15014 15040 I WinlatorXRequest: seq=205 opcode=148 data=17 bytes=8
08-13 14:33:24.515 15014 15040 I WinlatorXRequest: seq=206 opcode=148 data=6 bytes=4
08-13 14:33:24.515 15014 15040 I WinlatorXRequest: seq=465 opcode=155 data=2 bytes=4
08-13 14:33:24.515 15014 15040 I WinlatorXRequest: seq=466 opcode=43 data=0 bytes=0
08-13 14:33:24.515 15014 15040 I WinlatorXRequest: seq=207 opcode=17 data=0 bytes=4
08-13 14:33:24.515 15014 15040 I WinlatorXRequest: seq=208 opcode=17 data=0 bytes=4
08-13 14:33:24.515 15014 15040 I WinlatorXRequest: seq=209 opcode=17 data=0 bytes=4
08-13 14:33:24.515 15014 15040 I WinlatorXRequest: seq=210 opcode=17 data=0 bytes=4
08-13 14:33:24.515 15014 15040 I WinlatorXRequest: seq=211 opcode=17 data=0 bytes=4
08-13 14:33:24.515 15014 15040 I WinlatorXRequest: seq=212 opcode=17 data=0 bytes=4
08-13 14:33:24.515 15014 15040 I WinlatorXRequest: seq=213 opcode=17 data=0 bytes=4
08-13 14:33:24.515 15014 15040 I WinlatorXRequest: seq=214 opcode=17 data=0 bytes=4
08-13 14:33:24.515 15014 15040 I WinlatorXRequest: seq=215 opcode=17 data=0 bytes=4
08-13 14:33:24.515 15014 15040 I WinlatorXRequest: seq=216 opcode=17 data=0 bytes=4
08-13 14:33:24.515 15014 15040 I WinlatorXRequest: seq=217 opcode=148 data=4 bytes=4
08-13 14:33:24.516 15014 15040 I WinlatorXRequest: seq=218 opcode=151 data=2 bytes=12
08-13 14:33:24.516 15014 15040 I WinlatorXRequest: seq=219 opcode=151 data=2 bytes=12
08-13 14:33:24.516 15014 15040 I WinlatorXRequest: seq=220 opcode=38 data=0 bytes=4
08-13 14:33:24.516 15014 15040 I WinlatorXRequest: seq=467 opcode=60 data=0 bytes=4
08-13 14:33:24.516 15014 15040 I WinlatorXRequest: seq=468 opcode=54 data=0 bytes=4
08-13 14:33:24.516 15014 15040 I WinlatorXRequest: seq=469 opcode=4 data=0 bytes=4
08-13 14:33:24.516 15014 15040 I WinlatorXRequest: seq=470 opcode=79 data=0 bytes=4
08-13 14:33:24.516 15014 15040 I WinlatorXRequest: seq=471 opcode=59 data=3 bytes=16
08-13 14:33:24.516 15014 15040 I WinlatorXRequest: seq=472 opcode=155 data=3 bytes=36
08-13 14:33:24.517 15014 15040 I WinlatorXRequest: seq=473 opcode=56 data=0 bytes=12
08-13 14:33:24.517 15014 15040 I WinlatorXRequest: seq=474 opcode=60 data=0 bytes=4
08-13 14:33:24.517 15014 15040 I WinlatorXRequest: seq=475 opcode=55 data=0 bytes=16
08-13 14:33:24.517 15014 15040 I WinlatorXRequest: seq=476 opcode=59 data=3 bytes=16
08-13 14:33:24.517 15014 15040 I WinlatorXRequest: seq=477 opcode=155 data=3 bytes=36
08-13 14:33:24.517 15014 15040 I WinlatorXRequest: seq=478 opcode=56 data=0 bytes=12
08-13 14:33:24.517 15014 15040 I WinlatorXRequest: seq=221 opcode=43 data=0 bytes=0
08-13 14:33:24.520 15014 15040 I WinlatorXRequest: seq=222 opcode=101 data=0 bytes=4
08-13 14:33:24.521 15014 15040 I WinlatorXRequest: seq=479 opcode=18 data=0 bytes=397652
08-13 14:33:24.534 15014 15040 I WinlatorXRequest: seq=223 opcode=119 data=0 bytes=0
08-13 14:33:24.534 15014 15040 I WinlatorXRequest: seq=480 opcode=1 data=32 bytes=52
08-13 14:33:24.535 15014 15040 I WinlatorXRequest: seq=481 opcode=18 data=0 bytes=92
08-13 14:33:24.535 15014 15040 I WinlatorXRequest: seq=482 opcode=18 data=0 bytes=28
08-13 14:33:24.535 15014 15040 I WinlatorXRequest: seq=483 opcode=18 data=0 bytes=28
08-13 14:33:24.535 15014 15040 I WinlatorXRequest: seq=484 opcode=18 data=0 bytes=24
08-13 14:33:24.535 15014 15040 I WinlatorXRequest: seq=485 opcode=18 data=0 bytes=32
08-13 14:33:24.535 15014 15040 I WinlatorXRequest: seq=486 opcode=18 data=0 bytes=56
08-13 14:33:24.535 15014 15040 I WinlatorXRequest: seq=487 opcode=18 data=0 bytes=24
08-13 14:33:24.535 15014 15040 I WinlatorXRequest: seq=488 opcode=18 data=0 bytes=28
08-13 14:33:24.535 15014 15040 I WinlatorXRequest: seq=489 opcode=149 data=46 bytes=16
08-13 14:33:24.535 15014 15040 I WinlatorXRequest: seq=490 opcode=43 data=0 bytes=0
08-13 14:33:24.535 15014 15040 I WinlatorXRequest: seq=491 opcode=2 data=0 bytes=16
08-13 14:33:24.535 15014 15040 I WinlatorXRequest: seq=492 opcode=18 data=0 bytes=28
08-13 14:33:24.535 15014 15040 I WinlatorXRequest: seq=493 opcode=25 data=0 bytes=40
08-13 14:33:24.535 15014 15040 I WinlatorXRequest: seq=494 opcode=25 data=0 bytes=40
08-13 14:33:24.535 15014 15040 I WinlatorXRequest: seq=495 opcode=18 data=0 bytes=40
08-13 14:33:24.535 15014 15040 I WinlatorXRequest: seq=496 opcode=20 data=0 bytes=20
08-13 14:33:24.535 15014 15040 I WinlatorXRequest: seq=497 opcode=18 data=0 bytes=56
08-13 14:33:24.535 15014 15040 I WinlatorXRequest: seq=498 opcode=18 data=0 bytes=24
08-13 14:33:24.535 15014 15040 I WinlatorXRequest: seq=499 opcode=18 data=0 bytes=20
08-13 14:33:24.535 15014 15040 I WinlatorXRequest: seq=500 opcode=43 data=80 bytes=0
08-13 14:33:24.536 15014 15040 I WinlatorXRequest: seq=501 opcode=18 data=0 bytes=24
08-13 14:33:24.536 15014 15040 I WinlatorXRequest: seq=502 opcode=18 data=0 bytes=397652
08-13 14:33:24.541 15014 15046 I BionicX : malloc(): corrupted top size
08-13 14:33:24.545 15014 15046 I BionicX : bionicx-exec: session child pid=15089 exited status=0x6
08-13 14:33:24.549 15014 15040 I WinlatorXRequest: seq=503 opcode=18 data=0 bytes=32
08-13 14:33:24.549 15014 15040 I WinlatorXRequest: seq=504 opcode=18 data=0 bytes=32
08-13 14:33:24.549 15014 15040 I WinlatorXRequest: seq=505 opcode=18 data=0 bytes=20
08-13 14:33:24.549 15014 15040 I WinlatorXRequest: seq=506 opcode=18 data=0 bytes=32
08-13 14:33:24.549 15014 15040 I WinlatorXRequest: seq=507 opcode=18 data=0 bytes=32
08-13 14:33:24.549 15014 15040 E WinlatorXConnector: readMoreData=0 fd=121
08-13 14:33:24.549 15014 15040 I WinlatorXRequest: seq=508 opcode=18 data=0 bytes=397652
08-13 14:33:24.562 15014 15040 I WinlatorXRequest: seq=509 opcode=18 data=0 bytes=92
08-13 14:33:24.562 15014 15040 I WinlatorXRequest: seq=510 opcode=12 data=0 bytes=12
08-13 14:33:24.562 15014 15040 I WinlatorXRequest: seq=511 opcode=2 data=0 bytes=12
08-13 14:33:24.562 15014 15040 I WinlatorXRequest: seq=512 opcode=2 data=0 bytes=12
08-13 14:33:24.562 15014 15040 I WinlatorXRequest: seq=513 opcode=18 data=0 bytes=92
08-13 14:33:24.562 15014 15040 I WinlatorXRequest: seq=514 opcode=18 data=0 bytes=24
08-13 14:33:24.562 15014 15040 I WinlatorXRequest: seq=515 opcode=18 data=0 bytes=24
08-13 14:33:24.562 15014 15040 I WinlatorXRequest: seq=516 opcode=20 data=0 bytes=20
08-13 14:33:24.563 15014 15040 I WinlatorXRequest: seq=517 opcode=19 data=0 bytes=8
08-13 14:33:24.563 15014 15040 I WinlatorXRequest: seq=518 opcode=18 data=0 bytes=24
08-13 14:33:24.563 15014 15040 I WinlatorXRequest: seq=519 opcode=8 data=0 bytes=4
08-13 14:33:24.563 15014 15040 I WinlatorXRequest: seq=520 opcode=43 data=0 bytes=0
08-13 14:33:24.578 15014 15040 I WinlatorXRequest: seq=521 opcode=40 data=0 bytes=12
08-13 14:33:24.578 15014 15040 I WinlatorXRequest: seq=522 opcode=15 data=0 bytes=4
08-13 14:33:24.578 15014 15040 I WinlatorXRequest: seq=523 opcode=40 data=0 bytes=12
08-13 14:33:24.579 15014 15040 I WinlatorXRequest: seq=524 opcode=14 data=0 bytes=4
08-13 14:33:24.579 15014 15040 I WinlatorXRequest: seq=525 opcode=155 data=1 bytes=12
08-13 14:33:24.579 15014 15040 I WinlatorXRequest: seq=526 opcode=43 data=0 bytes=0
08-13 14:33:24.579 15014 15040 I WinlatorXRequest: seq=527 opcode=53 data=32 bytes=12
08-13 14:33:24.579 15014 15040 I WinlatorXRequest: seq=528 opcode=38 data=0 bytes=4
08-13 14:33:24.580 15014 15040 I WinlatorXRequest: seq=529 opcode=40 data=0 bytes=12
08-13 14:33:24.580 15014 15040 I WinlatorXRequest: seq=530 opcode=55 data=0 bytes=16
08-13 14:33:24.580 15014 15040 I WinlatorXRequest: seq=531 opcode=59 data=3 bytes=16
08-13 14:33:24.580 15014 15040 I WinlatorXRequest: seq=532 opcode=155 data=3 bytes=36
08-13 14:33:24.581 15014 15040 I WinlatorXRequest: seq=533 opcode=56 data=0 bytes=12
08-13 14:33:24.581 15014 15040 I WinlatorXRequest: seq=534 opcode=59 data=3 bytes=16
08-13 14:33:24.581 15014 15040 I WinlatorXRequest: seq=535 opcode=155 data=3 bytes=36
08-13 14:33:24.581 15014 15040 I WinlatorXRequest: seq=536 opcode=56 data=0 bytes=12
08-13 14:33:24.616 15014 15040 I WinlatorXRequest: seq=537 opcode=43 data=0 bytes=0
08-13 14:33:24.619 15014 15040 I WinlatorXRequest: seq=538 opcode=60 data=0 bytes=4
08-13 14:33:24.619 15014 15040 I WinlatorXRequest: seq=539 opcode=55 data=0 bytes=16
08-13 14:33:24.619 15014 15040 I WinlatorXRequest: seq=540 opcode=59 data=3 bytes=40
08-13 14:33:24.619 15014 15040 I WinlatorXRequest: seq=541 opcode=155 data=3 bytes=36
08-13 14:33:24.619 15014 15040 I WinlatorXRequest: seq=542 opcode=155 data=3 bytes=36
08-13 14:33:24.619 15014 15040 I WinlatorXRequest: seq=543 opcode=155 data=3 bytes=36
08-13 14:33:24.619 15014 15040 I WinlatorXRequest: seq=544 opcode=155 data=3 bytes=36
08-13 14:33:24.622 15014 15040 I WinlatorXRequest: seq=545 opcode=56 data=0 bytes=12
08-13 14:33:24.622 15014 15040 I WinlatorXRequest: seq=546 opcode=60 data=0 bytes=4
08-13 14:33:24.622 15014 15040 I WinlatorXRequest: seq=547 opcode=55 data=0 bytes=16
08-13 14:33:24.622 15014 15040 I WinlatorXRequest: seq=548 opcode=59 data=3 bytes=40
08-13 14:33:24.622 15014 15040 I WinlatorXRequest: seq=549 opcode=155 data=3 bytes=36
08-13 14:33:24.622 15014 15040 I WinlatorXRequest: seq=550 opcode=155 data=3 bytes=36
08-13 14:33:24.622 15014 15040 I WinlatorXRequest: seq=551 opcode=155 data=3 bytes=36
08-13 14:33:24.623 15014 15040 I WinlatorXRequest: seq=552 opcode=155 data=3 bytes=36
08-13 14:33:24.623 15014 15040 I WinlatorXRequest: seq=553 opcode=56 data=0 bytes=12
08-13 14:33:24.623 15014 15040 I WinlatorXRequest: seq=554 opcode=43 data=0 bytes=0
08-13 14:33:24.624 15014 15040 I WinlatorXRequest: seq=555 opcode=60 data=0 bytes=4
08-13 14:33:24.624 15014 15040 I WinlatorXRequest: seq=556 opcode=55 data=0 bytes=16
08-13 14:33:24.624 15014 15040 I WinlatorXRequest: seq=557 opcode=59 data=3 bytes=16
08-13 14:33:24.624 15014 15040 I WinlatorXRequest: seq=558 opcode=155 data=3 bytes=36
08-13 14:33:24.628 15014 15040 I WinlatorXRequest: seq=559 opcode=56 data=0 bytes=12
08-13 14:33:24.628 15014 15040 I WinlatorXRequest: seq=560 opcode=60 data=0 bytes=4
08-13 14:33:24.628 15014 15040 I WinlatorXRequest: seq=561 opcode=55 data=0 bytes=16
08-13 14:33:24.628 15014 15040 I WinlatorXRequest: seq=562 opcode=59 data=3 bytes=16
08-13 14:33:24.628 15014 15040 I WinlatorXRequest: seq=563 opcode=155 data=3 bytes=36
08-13 14:33:24.628 15014 15040 I WinlatorXRequest: seq=564 opcode=56 data=0 bytes=12
08-13 14:33:24.679 15014 15040 I WinlatorXRequest: seq=224 opcode=78 data=0 bytes=12
08-13 14:33:24.679 15014 15040 I WinlatorXRequest: seq=225 opcode=1 data=32 bytes=56
08-13 14:33:24.679 15014 15040 I WinlatorXRequest: seq=226 opcode=18 data=0 bytes=92
08-13 14:33:24.679 15014 15040 I WinlatorXRequest: seq=227 opcode=18 data=0 bytes=28
08-13 14:33:24.679 15014 15040 I WinlatorXRequest: seq=228 opcode=18 data=0 bytes=40
08-13 14:33:24.679 15014 15040 I WinlatorXRequest: seq=229 opcode=18 data=0 bytes=24
08-13 14:33:24.679 15014 15040 I WinlatorXRequest: seq=230 opcode=18 data=0 bytes=32
08-13 14:33:24.679 15014 15040 I WinlatorXRequest: seq=231 opcode=1 data=0 bytes=28
08-13 14:33:24.679 15014 15040 I WinlatorXRequest: seq=232 opcode=18 data=0 bytes=24
08-13 14:33:24.679 15014 15040 I WinlatorXRequest: seq=233 opcode=18 data=0 bytes=24
08-13 14:33:24.679 15014 15040 I WinlatorXRequest: seq=234 opcode=18 data=0 bytes=24
08-13 14:33:24.679 15014 15040 I WinlatorXRequest: seq=235 opcode=18 data=0 bytes=56
08-13 14:33:24.679 15014 15040 I WinlatorXRequest: seq=236 opcode=18 data=0 bytes=24
08-13 14:33:24.679 15014 15040 I WinlatorXRequest: seq=237 opcode=18 data=0 bytes=28
08-13 14:33:24.679 15014 15040 I WinlatorXRequest: seq=238 opcode=149 data=46 bytes=16
08-13 14:33:24.679 15014 15040 I WinlatorXRequest: seq=239 opcode=43 data=0 bytes=0
08-13 14:33:24.680 15014 15040 I WinlatorXRequest: seq=240 opcode=2 data=0 bytes=16
08-13 14:33:24.680 15014 15040 I WinlatorXRequest: seq=241 opcode=18 data=0 bytes=36
08-13 14:33:24.680 15014 15040 I WinlatorXRequest: seq=242 opcode=25 data=0 bytes=40
08-13 14:33:24.680 15014 15040 I WinlatorXRequest: seq=243 opcode=25 data=0 bytes=40
08-13 14:33:24.680 15014 15040 I WinlatorXRequest: seq=244 opcode=18 data=0 bytes=40
08-13 14:33:24.680 15014 15040 I WinlatorXRequest: seq=245 opcode=20 data=0 bytes=20
08-13 14:33:24.680 15014 15040 I WinlatorXRequest: seq=246 opcode=18 data=0 bytes=56
08-13 14:33:24.680 15014 15040 I WinlatorXRequest: seq=247 opcode=18 data=0 bytes=24
08-13 14:33:24.680 15014 15040 I WinlatorXRequest: seq=248 opcode=18 data=0 bytes=20
08-13 14:33:24.680 15014 15040 I WinlatorXRequest: seq=249 opcode=43 data=105 bytes=0
08-13 14:33:24.681 15014 15040 I WinlatorXRequest: seq=250 opcode=18 data=0 bytes=24
08-13 14:33:24.681 15014 15040 I WinlatorXRequest: seq=251 opcode=18 data=0 bytes=1446236
08-13 14:33:24.730 15014 15040 I WinlatorXRequest: seq=252 opcode=18 data=0 bytes=24
08-13 14:33:24.730 15014 15040 I WinlatorXRequest: seq=253 opcode=18 data=0 bytes=20
08-13 14:33:24.730 15014 15040 I WinlatorXRequest: seq=254 opcode=18 data=0 bytes=20
08-13 14:33:24.730 15014 15040 I WinlatorXRequest: seq=565 opcode=60 data=0 bytes=4
08-13 14:33:24.730 15014 15040 I WinlatorXRequest: seq=566 opcode=55 data=0 bytes=16
08-13 14:33:24.730 15014 15040 I WinlatorXRequest: seq=567 opcode=59 data=3 bytes=16
08-13 14:33:24.730 15014 15040 I WinlatorXRequest: seq=568 opcode=155 data=3 bytes=36
08-13 14:33:24.731 15014 15040 I WinlatorXRequest: seq=569 opcode=56 data=0 bytes=12
08-13 14:33:24.731 15014 15040 I WinlatorXRequest: seq=570 opcode=60 data=0 bytes=4
08-13 14:33:24.731 15014 15040 I WinlatorXRequest: seq=571 opcode=55 data=0 bytes=16
08-13 14:33:24.731 15014 15040 I WinlatorXRequest: seq=572 opcode=59 data=3 bytes=16
08-13 14:33:24.731 15014 15040 I WinlatorXRequest: seq=573 opcode=155 data=3 bytes=36
08-13 14:33:24.731 15014 15040 I WinlatorXRequest: seq=574 opcode=56 data=0 bytes=12
08-13 14:33:24.733 15014 15040 I WinlatorXRequest: seq=255 opcode=18 data=0 bytes=1446236
08-13 14:33:25.262 15014 15040 I WinlatorXRequest: seq=575 opcode=43 data=0 bytes=0
08-13 14:33:25.263 15014 15040 I WinlatorXRequest: seq=576 opcode=60 data=0 bytes=4
08-13 14:33:25.263 15014 15040 I WinlatorXRequest: seq=577 opcode=55 data=0 bytes=16
08-13 14:33:25.263 15014 15040 I WinlatorXRequest: seq=578 opcode=59 data=3 bytes=16
08-13 14:33:25.264 15014 15040 I WinlatorXRequest: seq=579 opcode=155 data=3 bytes=36
08-13 14:33:25.264 15014 15040 I WinlatorXRequest: seq=580 opcode=56 data=0 bytes=12
08-13 14:33:25.264 15014 15040 I WinlatorXRequest: seq=581 opcode=60 data=0 bytes=4
08-13 14:33:25.264 15014 15040 I WinlatorXRequest: seq=582 opcode=55 data=0 bytes=16
08-13 14:33:25.264 15014 15040 I WinlatorXRequest: seq=583 opcode=59 data=3 bytes=16
08-13 14:33:25.264 15014 15040 I WinlatorXRequest: seq=584 opcode=155 data=3 bytes=36
08-13 14:33:25.264 15014 15040 I WinlatorXRequest: seq=585 opcode=56 data=0 bytes=12
