bionicx-exec: running untraced pid=31908
bionicx-exec: running untraced pid=31913
Reading package lists...
Building dependency tree...
Reading state information...
The following additional packages will be installed:
  bzip2 dpkg-dev libc-dev-bin libc6-dev libcrypt-dev libcupsimage2-dev
  libcupsimage2t64 libdeflate-dev libdpkg-perl libgdbm-compat4t64 libgdbm6t64
  libjbig-dev libjpeg-dev libjpeg62-turbo-dev liblerc-dev liblzma-dev
  libperl5.40 libpng-dev libsharpyuv-dev libtiff-dev libtiffxx6 libwebp-dev
  libwebpdecoder3 libwebpmux3 libzstd-dev linux-libc-dev make patch perl
  perl-modules-5.40 rpcsvc-proto xz-utils zlib1g-dev
Suggested packages:
  bzip2-doc debian-keyring debian-tag2upload-keyring libc-devtools glibc-doc
  manpages-dev sq | sqop | rsop | gosop | pgpainless-cli | gpg-sq | gnupg gcc
  | c-compiler git bzr gdbm-l10n liblzma-doc make-doc ed diffutils-doc
  perl-doc libterm-readline-gnu-perl | libterm-readline-perl-perl
  libtap-harness-archive-perl
Recommended packages:
  build-essential gcc | c-compiler fakeroot sq | sqop | rsop | gosop
  | pgpainless-cli | gpg-sq | gnupg libalgorithm-merge-perl manpages
  manpages-dev libcupsfilters-dev libcupsfilters1 libfile-fcntllock-perl
  liblocale-gettext-perl libpng-tools netbase
The following NEW packages will be installed:
  bzip2 dpkg-dev libc-dev-bin libc6-dev libcrypt-dev libcups2-dev
  libcupsimage2-dev libcupsimage2t64 libdeflate-dev libdpkg-perl
  libgdbm-compat4t64 libgdbm6t64 libjbig-dev libjpeg-dev libjpeg62-turbo-dev
  liblerc-dev liblzma-dev libperl5.40 libpng-dev libsharpyuv-dev libtiff-dev
  libtiffxx6 libwebp-dev libwebpdecoder3 libwebpmux3 libzstd-dev
  linux-libc-dev make patch perl perl-modules-5.40 rpcsvc-proto xz-utils
  zlib1g-dev
0 upgraded, 34 newly installed, 0 to remove and 0 not upgraded.
Need to get 19.9 MB of archives.
After this operation, 95.8 MB of additional disk space will be used.
Get:1 http://snapshot.debian.org/archive/debian/20260811T000000Z trixie/main arm64 bzip2 arm64 1.0.8-6 [39.5 kB]
Get:2 http://snapshot.debian.org/archive/debian/20260811T000000Z trixie/main arm64 perl-modules-5.40 all 5.40.1-6 [3019 kB]
Get:3 http://snapshot.debian.org/archive/debian/20260811T000000Z trixie/main arm64 libgdbm6t64 arm64 1.24-2 [74.0 kB]
Get:4 http://snapshot.debian.org/archive/debian/20260811T000000Z trixie/main arm64 libgdbm-compat4t64 arm64 1.24-2 [50.3 kB]
Get:5 http://snapshot.debian.org/archive/debian/20260811T000000Z trixie/main arm64 libperl5.40 arm64 5.40.1-6 [4142 kB]
Get:6 http://snapshot.debian.org/archive/debian/20260811T000000Z trixie/main arm64 perl arm64 5.40.1-6 [267 kB]
Get:7 http://snapshot.debian.org/archive/debian/20260811T000000Z trixie/main arm64 xz-utils arm64 5.8.1-1+deb13u1 [658 kB]
Get:8 http://snapshot.debian.org/archive/debian/20260811T000000Z trixie/main arm64 libdpkg-perl all 1.22.22 [651 kB]
Get:9 http://snapshot.debian.org/archive/debian/20260811T000000Z trixie/main arm64 patch arm64 2.8-2 [128 kB]
Get:10 http://snapshot.debian.org/archive/debian/20260811T000000Z trixie/main arm64 make arm64 4.4.1-2 [452 kB]
Get:11 http://snapshot.debian.org/archive/debian/20260811T000000Z trixie/main arm64 dpkg-dev all 1.22.22 [1337 kB]
Get:12 http://snapshot.debian.org/archive/debian/20260811T000000Z trixie/main arm64 libc-dev-bin arm64 2.41-12+deb13u3 [59.0 kB]
Get:13 http://snapshot.debian.org/archive/debian-security/20260811T000000Z trixie-security/main arm64 linux-libc-dev all 6.12.101-1 [2901 kB]
Get:14 http://snapshot.debian.org/archive/debian/20260811T000000Z trixie/main arm64 libcrypt-dev arm64 1:4.4.38-1 [123 kB]
Get:15 http://snapshot.debian.org/archive/debian/20260811T000000Z trixie/main arm64 rpcsvc-proto arm64 1.4.3-1+b1 [60.5 kB]
Get:16 http://snapshot.debian.org/archive/debian/20260811T000000Z trixie/main arm64 libc6-dev arm64 2.41-12+deb13u3 [1626 kB]
Get:17 http://snapshot.debian.org/archive/debian/20260811T000000Z trixie/main arm64 libcupsimage2t64 arm64 2.4.10-3+deb13u2 [18.6 kB]
Get:18 http://snapshot.debian.org/archive/debian/20260811T000000Z trixie/main arm64 libjpeg62-turbo-dev arm64 1:2.1.5-4 [293 kB]
Get:19 http://snapshot.debian.org/archive/debian/20260811T000000Z trixie/main arm64 libjpeg-dev arm64 1:2.1.5-4 [72.2 kB]
Get:20 http://snapshot.debian.org/archive/debian/20260811T000000Z trixie/main arm64 zlib1g-dev arm64 1:1.3.dfsg+really1.3.1-1+b1 [917 kB]
Get:21 http://snapshot.debian.org/archive/debian/20260811T000000Z trixie/main arm64 libpng-dev arm64 1.6.48-1+deb13u5 [361 kB]
Get:22 http://snapshot.debian.org/archive/debian/20260811T000000Z trixie/main arm64 libjbig-dev arm64 2.1-6.1+b2 [30.5 kB]
Get:23 http://snapshot.debian.org/archive/debian/20260811T000000Z trixie/main arm64 liblzma-dev arm64 5.8.1-1+deb13u1 [344 kB]
Get:24 http://snapshot.debian.org/archive/debian/20260811T000000Z trixie/main arm64 libzstd-dev arm64 1.5.7+dfsg-1 [335 kB]
Get:25 http://snapshot.debian.org/archive/debian/20260811T000000Z trixie/main arm64 libwebpmux3 arm64 1.5.0-0.1 [125 kB]
Get:26 http://snapshot.debian.org/archive/debian/20260811T000000Z trixie/main arm64 libwebpdecoder3 arm64 1.5.0-0.1 [182 kB]
Get:27 http://snapshot.debian.org/archive/debian/20260811T000000Z trixie/main arm64 libsharpyuv-dev arm64 1.5.0-0.1 [118 kB]
Get:28 http://snapshot.debian.org/archive/debian/20260811T000000Z trixie/main arm64 libwebp-dev arm64 1.5.0-0.1 [406 kB]
Get:29 http://snapshot.debian.org/archive/debian-security/20260811T000000Z trixie-security/main arm64 libtiffxx6 arm64 4.7.0-3+deb13u3 [164 kB]
Get:30 http://snapshot.debian.org/archive/debian/20260811T000000Z trixie/main arm64 libdeflate-dev arm64 1.23-2 [51.3 kB]
Get:31 http://snapshot.debian.org/archive/debian/20260811T000000Z trixie/main arm64 liblerc-dev arm64 4.0.0+ds-5 [164 kB]
Get:32 http://snapshot.debian.org/archive/debian-security/20260811T000000Z trixie-security/main arm64 libtiff-dev arm64 4.7.0-3+deb13u3 [472 kB]
Get:33 http://snapshot.debian.org/archive/debian/20260811T000000Z trixie/main arm64 libcupsimage2-dev arm64 2.4.10-3+deb13u2 [6564 B]
Get:34 http://snapshot.debian.org/archive/debian/20260811T000000Z trixie/main arm64 libcups2-dev arm64 2.4.10-3+deb13u2 [295 kB]
Fetched 19.9 MB in 1min 34s (212 kB/s)
Download complete and in download only mode
bionicx-exec: running untraced pid=32569
Selecting previously unselected package bzip2.
(Reading database ... 33912 files and directories currently installed.)
Preparing to unpack .../bzip2_1.0.8-6_arm64.deb ...
Unpacking bzip2 (1.0.8-6) ...
Selecting previously unselected package dpkg-dev.
Preparing to unpack .../dpkg-dev_1.22.22_all.deb ...
Unpacking dpkg-dev (1.22.22) ...
Selecting previously unselected package libc-dev-bin.
Preparing to unpack .../libc-dev-bin_2.41-12+deb13u3_arm64.deb ...
Unpacking libc-dev-bin (2.41-12+deb13u3) ...
Selecting previously unselected package libc6-dev:arm64.
Preparing to unpack .../libc6-dev_2.41-12+deb13u3_arm64.deb ...
Unpacking libc6-dev:arm64 (2.41-12+deb13u3) ...
Selecting previously unselected package libcrypt-dev:arm64.
Preparing to unpack .../libcrypt-dev_1%3a4.4.38-1_arm64.deb ...
Unpacking libcrypt-dev:arm64 (1:4.4.38-1) ...
Selecting previously unselected package libcups2-dev:arm64.
Preparing to unpack .../libcups2-dev_2.4.10-3+deb13u2_arm64.deb ...
Unpacking libcups2-dev:arm64 (2.4.10-3+deb13u2) ...
Selecting previously unselected package libcupsimage2-dev:arm64.
Preparing to unpack .../libcupsimage2-dev_2.4.10-3+deb13u2_arm64.deb ...
Unpacking libcupsimage2-dev:arm64 (2.4.10-3+deb13u2) ...
Selecting previously unselected package libcupsimage2t64:arm64.
Preparing to unpack .../libcupsimage2t64_2.4.10-3+deb13u2_arm64.deb ...
Unpacking libcupsimage2t64:arm64 (2.4.10-3+deb13u2) ...
Selecting previously unselected package libdeflate-dev:arm64.
Preparing to unpack .../libdeflate-dev_1.23-2_arm64.deb ...
Unpacking libdeflate-dev:arm64 (1.23-2) ...
Selecting previously unselected package libdpkg-perl.
Preparing to unpack .../libdpkg-perl_1.22.22_all.deb ...
Unpacking libdpkg-perl (1.22.22) ...
Selecting previously unselected package libgdbm-compat4t64:arm64.
Preparing to unpack .../libgdbm-compat4t64_1.24-2_arm64.deb ...
Unpacking libgdbm-compat4t64:arm64 (1.24-2) ...
Selecting previously unselected package libgdbm6t64:arm64.
Preparing to unpack .../libgdbm6t64_1.24-2_arm64.deb ...
Unpacking libgdbm6t64:arm64 (1.24-2) ...
Selecting previously unselected package libjbig-dev:arm64.
Preparing to unpack .../libjbig-dev_2.1-6.1+b2_arm64.deb ...
Unpacking libjbig-dev:arm64 (2.1-6.1+b2) ...
Selecting previously unselected package libjpeg-dev:arm64.
Preparing to unpack .../libjpeg-dev_1%3a2.1.5-4_arm64.deb ...
Unpacking libjpeg-dev:arm64 (1:2.1.5-4) ...
Selecting previously unselected package libjpeg62-turbo-dev:arm64.
Preparing to unpack .../libjpeg62-turbo-dev_1%3a2.1.5-4_arm64.deb ...
Unpacking libjpeg62-turbo-dev:arm64 (1:2.1.5-4) ...
Selecting previously unselected package liblerc-dev:arm64.
Preparing to unpack .../liblerc-dev_4.0.0+ds-5_arm64.deb ...
Unpacking liblerc-dev:arm64 (4.0.0+ds-5) ...
Selecting previously unselected package liblzma-dev:arm64.
Preparing to unpack .../liblzma-dev_5.8.1-1+deb13u1_arm64.deb ...
Unpacking liblzma-dev:arm64 (5.8.1-1+deb13u1) ...
Selecting previously unselected package libperl5.40:arm64.
Preparing to unpack .../libperl5.40_5.40.1-6_arm64.deb ...
Unpacking libperl5.40:arm64 (5.40.1-6) ...
Selecting previously unselected package libpng-dev:arm64.
Preparing to unpack .../libpng-dev_1.6.48-1+deb13u5_arm64.deb ...
Unpacking libpng-dev:arm64 (1.6.48-1+deb13u5) ...
Selecting previously unselected package libsharpyuv-dev:arm64.
Preparing to unpack .../libsharpyuv-dev_1.5.0-0.1_arm64.deb ...
Unpacking libsharpyuv-dev:arm64 (1.5.0-0.1) ...
Selecting previously unselected package libtiff-dev:arm64.
Preparing to unpack .../libtiff-dev_4.7.0-3+deb13u3_arm64.deb ...
Unpacking libtiff-dev:arm64 (4.7.0-3+deb13u3) ...
Selecting previously unselected package libtiffxx6:arm64.
Preparing to unpack .../libtiffxx6_4.7.0-3+deb13u3_arm64.deb ...
Unpacking libtiffxx6:arm64 (4.7.0-3+deb13u3) ...
Selecting previously unselected package libwebp-dev:arm64.
Preparing to unpack .../libwebp-dev_1.5.0-0.1_arm64.deb ...
Unpacking libwebp-dev:arm64 (1.5.0-0.1) ...
Selecting previously unselected package libwebpdecoder3:arm64.
Preparing to unpack .../libwebpdecoder3_1.5.0-0.1_arm64.deb ...
Unpacking libwebpdecoder3:arm64 (1.5.0-0.1) ...
Selecting previously unselected package libwebpmux3:arm64.
Preparing to unpack .../libwebpmux3_1.5.0-0.1_arm64.deb ...
Unpacking libwebpmux3:arm64 (1.5.0-0.1) ...
Selecting previously unselected package libzstd-dev:arm64.
Preparing to unpack .../libzstd-dev_1.5.7+dfsg-1_arm64.deb ...
Unpacking libzstd-dev:arm64 (1.5.7+dfsg-1) ...
Selecting previously unselected package linux-libc-dev.
Preparing to unpack .../linux-libc-dev_6.12.101-1_all.deb ...
Unpacking linux-libc-dev (6.12.101-1) ...
Selecting previously unselected package make.
Preparing to unpack .../make_4.4.1-2_arm64.deb ...
Unpacking make (4.4.1-2) ...
Selecting previously unselected package patch.
Preparing to unpack .../archives/patch_2.8-2_arm64.deb ...
Unpacking patch (2.8-2) ...
Selecting previously unselected package perl-modules-5.40.
Preparing to unpack .../perl-modules-5.40_5.40.1-6_all.deb ...
Unpacking perl-modules-5.40 (5.40.1-6) ...
Selecting previously unselected package perl.
Preparing to unpack .../perl_5.40.1-6_arm64.deb ...
Unpacking perl (5.40.1-6) ...
Selecting previously unselected package rpcsvc-proto.
Preparing to unpack .../rpcsvc-proto_1.4.3-1+b1_arm64.deb ...
Unpacking rpcsvc-proto (1.4.3-1+b1) ...
Selecting previously unselected package xz-utils.
Preparing to unpack .../xz-utils_5.8.1-1+deb13u1_arm64.deb ...
Unpacking xz-utils (5.8.1-1+deb13u1) ...
Selecting previously unselected package zlib1g-dev:arm64.
Preparing to unpack .../zlib1g-dev_1%3a1.3.dfsg+really1.3.1-1+b1_arm64.deb ...
Unpacking zlib1g-dev:arm64 (1:1.3.dfsg+really1.3.1-1+b1) ...
Processing triggers for libc-bin (2.41-12+deb13u3) ...
bionicx-exec: running untraced pid=531
bionicx ELF fixups: 1309 entries
bionicx-exec: running untraced pid=6709
Reading package lists...
Building dependency tree...
Reading state information...
libcups2-dev is already the newest version (2.4.10-3+deb13u2).
0 upgraded, 0 newly installed, 0 to remove and 0 not upgraded.
34 not fully installed or removed.
After this operation, 0 B of additional disk space will be used.
Setting up libzstd-dev:arm64 (1.5.7+dfsg-1) ...
Setting up libgdbm6t64:arm64 (1.24-2) ...
Setting up libgdbm-compat4t64:arm64 (1.24-2) ...
Setting up libjbig-dev:arm64 (2.1-6.1+b2) ...
Setting up linux-libc-dev (6.12.101-1) ...
Setting up libwebpdecoder3:arm64 (1.5.0-0.1) ...
Setting up bzip2 (1.0.8-6) ...
Setting up libcupsimage2t64:arm64 (2.4.10-3+deb13u2) ...
Setting up rpcsvc-proto (1.4.3-1+b1) ...
Setting up make (4.4.1-2) ...
Setting up xz-utils (5.8.1-1+deb13u1) ...
update-alternatives: using /usr/bin/xz to provide /usr/bin/lzma (lzma) in auto mode
Setting up patch (2.8-2) ...
Setting up liblerc-dev:arm64 (4.0.0+ds-5) ...
Setting up liblzma-dev:arm64 (5.8.1-1+deb13u1) ...
Setting up perl-modules-5.40 (5.40.1-6) ...
Setting up libcrypt-dev:arm64 (1:4.4.38-1) ...
Setting up libsharpyuv-dev:arm64 (1.5.0-0.1) ...
Setting up libc-dev-bin (2.41-12+deb13u3) ...
Setting up libwebpmux3:arm64 (1.5.0-0.1) ...
Setting up libtiffxx6:arm64 (4.7.0-3+deb13u3) ...
Setting up libdeflate-dev:arm64 (1.23-2) ...
Setting up libperl5.40:arm64 (5.40.1-6) ...
Setting up perl (5.40.1-6) ...
Setting up libwebp-dev:arm64 (1.5.0-0.1) ...
Setting up libdpkg-perl (1.22.22) ...
Setting up libc6-dev:arm64 (2.41-12+deb13u3) ...
Setting up dpkg-dev (1.22.22) ...
Setting up libjpeg62-turbo-dev:arm64 (1:2.1.5-4) ...
Setting up zlib1g-dev:arm64 (1:1.3.dfsg+really1.3.1-1+b1) ...
Setting up libpng-dev:arm64 (1.6.48-1+deb13u5) ...
Setting up libjpeg-dev:arm64 (1:2.1.5-4) ...
Setting up libtiff-dev:arm64 (4.7.0-3+deb13u3) ...
Setting up libcupsimage2-dev:arm64 (2.4.10-3+deb13u2) ...
Setting up libcups2-dev:arm64 (2.4.10-3+deb13u2) ...
Processing triggers for libc-bin (2.41-12+deb13u3) ...
bionicx ELF fixups: 1300 entries
bionicx-exec: running untraced pid=10803
bionicx ELF fixups: 1300 entries
