/var/home/taowen/projects/glibc-on-bionic/bionicx/build/bxapt.conf: 1 file pushed, 0 skipped. 13.0 MB/s (1533 bytes in 0.000s)
/var/home/taowen/projects/glibc-on-bionic/bionicx/tools/rootfs-elf-fixup.sh: 1 file pushed, 0 skipped. 65.1 MB/s (4405 bytes in 0.000s)
/var/home/taowen/projects/glibc-on-bionic/bionicx/tools/bxapt-unpack.sh: 1 file pushed, 0 skipped. 6.3 MB/s (551 bytes in 0.000s)
/var/home/taowen/projects/glibc-on-bionic/bionicx/build/cache/wps-11.1.0.11720/wps-office_11.1.0.11720_arm64.deb: 1 file pushed, 0 skipped. 38.5 MB/s (367187922 bytes in 9.099s)
bionicx-exec: running untraced pid=4098
(Reading database ... 33579 files and directories currently installed.)
Preparing to unpack .../wps-office_11.1.0.11720_arm64.deb ...
Unpacking wps-office (11.1.0.11720) over (11.1.0.11720) ...
Processing triggers for shared-mime-info (2.4-5+b2) ...
Processing triggers for fontconfig (2.15.0-2.3) ...
bionicx-exec: primary pid=4098 exited status=0x0; draining session
bionicx-exec: session drained children=0
bionicx-exec: running untraced pid=4513
bionicx ELF fixups: 1303 entries
bionicx-exec: primary pid=4513 exited status=0x0; draining session
bionicx-exec: session drained children=0
bionicx-exec: running untraced pid=16836
Reading package lists...
Building dependency tree...
Reading state information...
0 upgraded, 0 newly installed, 0 to remove and 0 not upgraded.
1 not fully installed or removed.
After this operation, 0 B of additional disk space will be used.
Setting up wps-office (11.1.0.11720) ...
bionicx-exec: session child pid=20084 exited status=0x0
bionicx ELF fixups: 1235 entries
bionicx-exec: primary pid=16836 exited status=0x0; draining session
bionicx-exec: session drained children=1
bionicx-exec: running untraced pid=32010
bionicx ELF fixups: 1235 entries
bionicx-exec: primary pid=32010 exited status=0x0; draining session
bionicx-exec: session drained children=0
