/var/home/taowen/projects/glibc-on-bionic/bionicx/build/bxapt.conf: 1 file pushed, 0 skipped. 17.6 MB/s (1533 bytes in 0.000s)
/var/home/taowen/projects/glibc-on-bionic/bionicx/tools/rootfs-elf-fixup.sh: 1 file pushed, 0 skipped. 68.9 MB/s (6476 bytes in 0.000s)
/var/home/taowen/projects/glibc-on-bionic/bionicx/tools/bxapt-unpack.sh: 1 file pushed, 0 skipped. 7.5 MB/s (551 bytes in 0.000s)
bionicx-exec: running untraced pid=16173

/opt/kingsoft/wps-office/office6/libkso.so:     file format elf64-littleaarch64


Disassembly of section .text:

0000000003716e80 <_ZN3kso12KCUPSSupportC1Ev@@Base+0x1d4>:
 3716e80:	b40002b6 	cbz	x22, 3716ed4 <_ZN3kso12KCUPSSupportC1Ev@@Base+0x228>
 3716e84:	f9400ec0 	ldr	x0, [x22, #24]
 3716e88:	b9400008 	ldr	w8, [x0]
 3716e8c:	3100051f 	cmn	w8, #0x1
 3716e90:	54000160 	b.eq	3716ebc <_ZN3kso12KCUPSSupportC1Ev@@Base+0x210>  // b.none
 3716e94:	340000e8 	cbz	w8, 3716eb0 <_ZN3kso12KCUPSSupportC1Ev@@Base+0x204>
 3716e98:	885ffc08 	ldaxr	w8, [x0]
 3716e9c:	71000508 	subs	w8, w8, #0x1
 3716ea0:	8809fc08 	stlxr	w9, w8, [x0]
 3716ea4:	35ffffa9 	cbnz	w9, 3716e98 <_ZN3kso12KCUPSSupportC1Ev@@Base+0x1ec>
 3716ea8:	540000a1 	b.ne	3716ebc <_ZN3kso12KCUPSSupportC1Ev@@Base+0x210>  // b.any
 3716eac:	f9400ec0 	ldr	x0, [x22, #24]
 3716eb0:	52800041 	mov	w1, #0x2                   	// #2
 3716eb4:	52800102 	mov	w2, #0x8                   	// #8
 3716eb8:	9473b45e 	bl	5404030 <_ZN6kso_qt10QArrayData10deallocateEPS0_mm@plt>
 3716ebc:	aa1603e0 	mov	x0, x22
 3716ec0:	94000c85 	bl	371a0d4 <_ZN3kso12KCUPSSupport13cupsPrintFileEPKcS2_S2_iP13cups_option_s@@Base+0x20>
 3716ec4:	f9400a81 	ldr	x1, [x20, #16]
 3716ec8:	aa1403e0 	mov	x0, x20
 3716ecc:	52800102 	mov	w2, #0x8                   	// #8
 3716ed0:	9473b5e4 	bl	5404660 <_ZN6kso_qt12QMapDataBase8freeTreeEPNS_12QMapNodeBaseEi@plt>
 3716ed4:	aa1403e0 	mov	x0, x20
 3716ed8:	9473b5e6 	bl	5404670 <_ZN6kso_qt12QMapDataBase8freeDataEPS0_@plt>
 3716edc:	aa1303e0 	mov	x0, x19
 3716ee0:	9473b6c4 	bl	54049f0 <_ZN6kso_qt7QObjectD2Ev@plt>
 3716ee4:	aa1503e0 	mov	x0, x21
 3716ee8:	94739f66 	bl	53fec80 <_Unwind_Resume@plt>
 3716eec:	97a9c880 	bl	21890ec <_ZN22KxWebExtensionViewMenu11qt_metacallEN6kso_qt11QMetaObject4CallEiPPv@@Base+0x1059c>

0000000003716ef0 <_ZN3kso12KCUPSSupport11resolveCupsEv@@Base>:
 3716ef0:	d10103ff 	sub	sp, sp, #0x40
 3716ef4:	f90013f3 	str	x19, [sp, #32]
 3716ef8:	a9037bfd 	stp	x29, x30, [sp, #48]
 3716efc:	9100c3fd 	add	x29, sp, #0x30
 3716f00:	f0fef5a0 	adrp	x0, 15cd000 <_ZTSN8CryptoPP5Weak19ARC4_BaseE@@Base-0x9cfa9>
 3716f04:	91156000 	add	x0, x0, #0x558
 3716f08:	52800081 	mov	w1, #0x4                   	// #4
 3716f0c:	9473c885 	bl	5409120 <_ZN6kso_qt7QString17fromLatin1_helperEPKci@plt>
 3716f10:	f81f83a0 	stur	x0, [x29, #-8]
 3716f14:	910003e0 	mov	x0, sp
 3716f18:	d10023a1 	sub	x1, x29, #0x8
 3716f1c:	52800042 	mov	w2, #0x2                   	// #2
 3716f20:	aa1f03e3 	mov	x3, xzr
 3716f24:	94744eaf 	bl	542a9e0 <_ZN6kso_qt8QLibraryC1ERKNS_7QStringEiPNS_7QObjectE@plt>
 3716f28:	f85f83a0 	ldur	x0, [x29, #-8]
 3716f2c:	b9400008 	ldr	w8, [x0]
 3716f30:	3100051f 	cmn	w8, #0x1
 3716f34:	54000160 	b.eq	3716f60 <_ZN3kso12KCUPSSupport11resolveCupsEv@@Base+0x70>  // b.none
 3716f38:	340000e8 	cbz	w8, 3716f54 <_ZN3kso12KCUPSSupport11resolveCupsEv@@Base+0x64>
 3716f3c:	885ffc08 	ldaxr	w8, [x0]
 3716f40:	71000508 	subs	w8, w8, #0x1
 3716f44:	8809fc08 	stlxr	w9, w8, [x0]
 3716f48:	35ffffa9 	cbnz	w9, 3716f3c <_ZN3kso12KCUPSSupport11resolveCupsEv@@Base+0x4c>
 3716f4c:	540000a1 	b.ne	3716f60 <_ZN3kso12KCUPSSupport11resolveCupsEv@@Base+0x70>  // b.any
 3716f50:	f85f83a0 	ldur	x0, [x29, #-8]
 3716f54:	52800041 	mov	w1, #0x2                   	// #2
 3716f58:	52800102 	mov	w2, #0x8                   	// #8
 3716f5c:	9473b435 	bl	5404030 <_ZN6kso_qt10QArrayData10deallocateEPS0_mm@plt>
 3716f60:	910003e0 	mov	x0, sp
 3716f64:	9473dc23 	bl	540dff0 <_ZN6kso_qt8QLibrary4loadEv@plt>
 3716f68:	36001520 	tbz	w0, #0, 371720c <_ZN3kso12KCUPSSupport11resolveCupsEv@@Base+0x31c>
 3716f6c:	f0fefa21 	adrp	x1, 165d000 <_ZTSN8CryptoPP5Weak19ARC4_BaseE@@Base-0xcfa9>
 3716f70:	912f8021 	add	x1, x1, #0xbe0
 3716f74:	910003e0 	mov	x0, sp
 3716f78:	9473f3fe 	bl	5413f70 <_ZN6kso_qt8QLibrary7resolveEPKc@plt>
 3716f7c:	d0010c68 	adrp	x8, 58a4000 <_ZN10KFontTable8m_FfnSetE@@Base+0x340>
 3716f80:	f9052500 	str	x0, [x8, #2632]
 3716f84:	d0fefa01 	adrp	x1, 1658000 <_ZTSN8CryptoPP5Weak19ARC4_BaseE@@Base-0x11fa9>
 3716f88:	91257821 	add	x1, x1, #0x95e
 3716f8c:	910003e0 	mov	x0, sp
 3716f90:	9473f3f8 	bl	5413f70 <_ZN6kso_qt8QLibrary7resolveEPKc@plt>
 3716f94:	d0010c68 	adrp	x8, 58a4000 <_ZN10KFontTable8m_FfnSetE@@Base+0x340>
 3716f98:	f9051900 	str	x0, [x8, #2608]
 3716f9c:	d0fef641 	adrp	x1, 15e0000 <_ZTSN8CryptoPP5Weak19ARC4_BaseE@@Base-0x89fa9>
 3716fa0:	91287c21 	add	x1, x1, #0xa1f
 3716fa4:	910003e0 	mov	x0, sp
 3716fa8:	9473f3f2 	bl	5413f70 <_ZN6kso_qt8QLibrary7resolveEPKc@plt>
 3716fac:	d0010c68 	adrp	x8, 58a4000 <_ZN10KFontTable8m_FfnSetE@@Base+0x340>
 3716fb0:	f9052900 	str	x0, [x8, #2640]
 3716fb4:	90fef761 	adrp	x1, 1602000 <_ZTSN8CryptoPP5Weak19ARC4_BaseE@@Base-0x67fa9>
 3716fb8:	91053c21 	add	x1, x1, #0x14f
 3716fbc:	910003e0 	mov	x0, sp
 3716fc0:	9473f3ec 	bl	5413f70 <_ZN6kso_qt8QLibrary7resolveEPKc@plt>
 3716fc4:	d0010c68 	adrp	x8, 58a4000 <_ZN10KFontTable8m_FfnSetE@@Base+0x340>
 3716fc8:	f9052d00 	str	x0, [x8, #2648]
 3716fcc:	90fef681 	adrp	x1, 15e6000 <_ZTSN8CryptoPP5Weak19ARC4_BaseE@@Base-0x83fa9>
 3716fd0:	911e2821 	add	x1, x1, #0x78a
 3716fd4:	910003e0 	mov	x0, sp
 3716fd8:	9473f3e6 	bl	5413f70 <_ZN6kso_qt8QLibrary7resolveEPKc@plt>
 3716fdc:	d0010c68 	adrp	x8, 58a4000 <_ZN10KFontTable8m_FfnSetE@@Base+0x340>
 3716fe0:	f9053100 	str	x0, [x8, #2656]
 3716fe4:	d0fef861 	adrp	x1, 1624000 <_ZTSN8CryptoPP5Weak19ARC4_BaseE@@Base-0x45fa9>
 3716fe8:	911a7821 	add	x1, x1, #0x69e
 3716fec:	910003e0 	mov	x0, sp
 3716ff0:	9473f3e0 	bl	5413f70 <_ZN6kso_qt8QLibrary7resolveEPKc@plt>
 3716ff4:	d0010c68 	adrp	x8, 58a4000 <_ZN10KFontTable8m_FfnSetE@@Base+0x340>
 3716ff8:	f9053500 	str	x0, [x8, #2664]
 3716ffc:	b0fefa61 	adrp	x1, 1663000 <_ZTSN8CryptoPP5Weak19ARC4_BaseE@@Base-0x6fa9>
 3717000:	91042421 	add	x1, x1, #0x109
 3717004:	910003e0 	mov	x0, sp
 3717008:	9473f3da 	bl	5413f70 <_ZN6kso_qt8QLibrary7resolveEPKc@plt>
 371700c:	b0010c68 	adrp	x8, 58a4000 <_ZN10KFontTable8m_FfnSetE@@Base+0x340>
 3717010:	f9053900 	str	x0, [x8, #2672]
 3717014:	90fef6a1 	adrp	x1, 15eb000 <_ZTSN8CryptoPP5Weak19ARC4_BaseE@@Base-0x7efa9>
 3717018:	9113c421 	add	x1, x1, #0x4f1
 371701c:	910003e0 	mov	x0, sp
 3717020:	9473f3d4 	bl	5413f70 <_ZN6kso_qt8QLibrary7resolveEPKc@plt>
 3717024:	b0010c68 	adrp	x8, 58a4000 <_ZN10KFontTable8m_FfnSetE@@Base+0x340>
 3717028:	f9051d00 	str	x0, [x8, #2616]
 371702c:	d0fef7a1 	adrp	x1, 160d000 <_ZTSN8CryptoPP5Weak19ARC4_BaseE@@Base-0x5cfa9>
 3717030:	912e2821 	add	x1, x1, #0xb8a
 3717034:	910003e0 	mov	x0, sp
 3717038:	9473f3ce 	bl	5413f70 <_ZN6kso_qt8QLibrary7resolveEPKc@plt>
 371703c:	b0010c68 	adrp	x8, 58a4000 <_ZN10KFontTable8m_FfnSetE@@Base+0x340>
 3717040:	f9053d00 	str	x0, [x8, #2680]
 3717044:	b0fef781 	adrp	x1, 1608000 <_ZTSN8CryptoPP5Weak19ARC4_BaseE@@Base-0x61fa9>
 3717048:	9102bc21 	add	x1, x1, #0xaf
 371704c:	910003e0 	mov	x0, sp
 3717050:	9473f3c8 	bl	5413f70 <_ZN6kso_qt8QLibrary7resolveEPKc@plt>
 3717054:	b0010c68 	adrp	x8, 58a4000 <_ZN10KFontTable8m_FfnSetE@@Base+0x340>
 3717058:	f9054100 	str	x0, [x8, #2688]
 371705c:	f0fef8e1 	adrp	x1, 1636000 <_ZTSN8CryptoPP5Weak19ARC4_BaseE@@Base-0x33fa9>
 3717060:	9114a421 	add	x1, x1, #0x529
 3717064:	910003e0 	mov	x0, sp
 3717068:	9473f3c2 	bl	5413f70 <_ZN6kso_qt8QLibrary7resolveEPKc@plt>
 371706c:	b0010c68 	adrp	x8, 58a4000 <_ZN10KFontTable8m_FfnSetE@@Base+0x340>
 3717070:	f9052100 	str	x0, [x8, #2624]
 3717074:	90fef5c1 	adrp	x1, 15cf000 <_ZTSN8CryptoPP5Weak19ARC4_BaseE@@Base-0x9afa9>
 3717078:	911b7421 	add	x1, x1, #0x6dd
 371707c:	910003e0 	mov	x0, sp
 3717080:	9473f3bc 	bl	5413f70 <_ZN6kso_qt8QLibrary7resolveEPKc@plt>
 3717084:	b0010c68 	adrp	x8, 58a4000 <_ZN10KFontTable8m_FfnSetE@@Base+0x340>
 3717088:	f9054500 	str	x0, [x8, #2696]
 371708c:	b0fef921 	adrp	x1, 163c000 <_ZTSN8CryptoPP5Weak19ARC4_BaseE@@Base-0x2dfa9>
 3717090:	91180c21 	add	x1, x1, #0x603
 3717094:	910003e0 	mov	x0, sp
 3717098:	9473f3b6 	bl	5413f70 <_ZN6kso_qt8QLibrary7resolveEPKc@plt>
 371709c:	b0010c68 	adrp	x8, 58a4000 <_ZN10KFontTable8m_FfnSetE@@Base+0x340>
 37170a0:	f9054900 	str	x0, [x8, #2704]
 37170a4:	d0fef9a1 	adrp	x1, 164d000 <_ZTSN8CryptoPP5Weak19ARC4_BaseE@@Base-0x1cfa9>
 37170a8:	911b4021 	add	x1, x1, #0x6d0
 37170ac:	910003e0 	mov	x0, sp
 37170b0:	9473f3b0 	bl	5413f70 <_ZN6kso_qt8QLibrary7resolveEPKc@plt>
 37170b4:	b0010c68 	adrp	x8, 58a4000 <_ZN10KFontTable8m_FfnSetE@@Base+0x340>
 37170b8:	f9054d00 	str	x0, [x8, #2712]
 37170bc:	f0fef6e1 	adrp	x1, 15f6000 <_ZTSN8CryptoPP5Weak19ARC4_BaseE@@Base-0x73fa9>
 37170c0:	9129bc21 	add	x1, x1, #0xa6f
 37170c4:	910003e0 	mov	x0, sp
 37170c8:	9473f3aa 	bl	5413f70 <_ZN6kso_qt8QLibrary7resolveEPKc@plt>
 37170cc:	b0010c68 	adrp	x8, 58a4000 <_ZN10KFontTable8m_FfnSetE@@Base+0x340>
 37170d0:	f9055100 	str	x0, [x8, #2720]
 37170d4:	f0fef661 	adrp	x1, 15e6000 <_ZTSN8CryptoPP5Weak19ARC4_BaseE@@Base-0x83fa9>
 37170d8:	911e6c21 	add	x1, x1, #0x79b
 37170dc:	910003e0 	mov	x0, sp
 37170e0:	9473f3a4 	bl	5413f70 <_ZN6kso_qt8QLibrary7resolveEPKc@plt>
 37170e4:	b0010c68 	adrp	x8, 58a4000 <_ZN10KFontTable8m_FfnSetE@@Base+0x340>
 37170e8:	f9055500 	str	x0, [x8, #2728]
 37170ec:	f0fef881 	adrp	x1, 162a000 <_ZTSN8CryptoPP5Weak19ARC4_BaseE@@Base-0x3ffa9>
 37170f0:	9128b421 	add	x1, x1, #0xa2d
 37170f4:	910003e0 	mov	x0, sp
 37170f8:	9473f39e 	bl	5413f70 <_ZN6kso_qt8QLibrary7resolveEPKc@plt>
 37170fc:	b0010c68 	adrp	x8, 58a4000 <_ZN10KFontTable8m_FfnSetE@@Base+0x340>
 3717100:	f9055900 	str	x0, [x8, #2736]
 3717104:	b0fef721 	adrp	x1, 15fc000 <_ZTSN8CryptoPP5Weak19ARC4_BaseE@@Base-0x6dfa9>
 3717108:	9123c421 	add	x1, x1, #0x8f1
 371710c:	910003e0 	mov	x0, sp
 3717110:	9473f398 	bl	5413f70 <_ZN6kso_qt8QLibrary7resolveEPKc@plt>
 3717114:	b0010c68 	adrp	x8, 58a4000 <_ZN10KFontTable8m_FfnSetE@@Base+0x340>
 3717118:	f9055d00 	str	x0, [x8, #2744]
 371711c:	b0fef641 	adrp	x1, 15e0000 <_ZTSN8CryptoPP5Weak19ARC4_BaseE@@Base-0x89fa9>
 3717120:	9128a821 	add	x1, x1, #0xa2a
 3717124:	910003e0 	mov	x0, sp
 3717128:	9473f392 	bl	5413f70 <_ZN6kso_qt8QLibrary7resolveEPKc@plt>
 371712c:	b0010c68 	adrp	x8, 58a4000 <_ZN10KFontTable8m_FfnSetE@@Base+0x340>
 3717130:	f9056100 	str	x0, [x8, #2752]
 3717134:	b0fef781 	adrp	x1, 1608000 <_ZTSN8CryptoPP5Weak19ARC4_BaseE@@Base-0x61fa9>
 3717138:	9102f421 	add	x1, x1, #0xbd
 371713c:	910003e0 	mov	x0, sp
 3717140:	9473f38c 	bl	5413f70 <_ZN6kso_qt8QLibrary7resolveEPKc@plt>
 3717144:	b0010c68 	adrp	x8, 58a4000 <_ZN10KFontTable8m_FfnSetE@@Base+0x340>
 3717148:	f9056500 	str	x0, [x8, #2760]
 371714c:	b0fef781 	adrp	x1, 1608000 <_ZTSN8CryptoPP5Weak19ARC4_BaseE@@Base-0x61fa9>
 3717150:	91032421 	add	x1, x1, #0xc9
 3717154:	910003e0 	mov	x0, sp
 3717158:	9473f386 	bl	5413f70 <_ZN6kso_qt8QLibrary7resolveEPKc@plt>
 371715c:	b0010c68 	adrp	x8, 58a4000 <_ZN10KFontTable8m_FfnSetE@@Base+0x340>
 3717160:	f9056900 	str	x0, [x8, #2768]
 3717164:	b0fef5e1 	adrp	x1, 15d4000 <_ZTSN8CryptoPP5Weak19ARC4_BaseE@@Base-0x95fa9>
 3717168:	91229c21 	add	x1, x1, #0x8a7
 371716c:	910003e0 	mov	x0, sp
 3717170:	9473f380 	bl	5413f70 <_ZN6kso_qt8QLibrary7resolveEPKc@plt>
 3717174:	b0010c68 	adrp	x8, 58a4000 <_ZN10KFontTable8m_FfnSetE@@Base+0x340>
 3717178:	f9056d00 	str	x0, [x8, #2776]
 371717c:	b0fef8c1 	adrp	x1, 1630000 <_ZTSN8CryptoPP5Weak19ARC4_BaseE@@Base-0x39fa9>
 3717180:	9119bc21 	add	x1, x1, #0x66f
 3717184:	910003e0 	mov	x0, sp
 3717188:	9473f37a 	bl	5413f70 <_ZN6kso_qt8QLibrary7resolveEPKc@plt>
 371718c:	b0010c68 	adrp	x8, 58a4000 <_ZN10KFontTable8m_FfnSetE@@Base+0x340>
 3717190:	f9057100 	str	x0, [x8, #2784]
 3717194:	90fef6a1 	adrp	x1, 15eb000 <_ZTSN8CryptoPP5Weak19ARC4_BaseE@@Base-0x7efa9>
 3717198:	9113e821 	add	x1, x1, #0x4fa
 371719c:	910003e0 	mov	x0, sp
 37171a0:	9473f374 	bl	5413f70 <_ZN6kso_qt8QLibrary7resolveEPKc@plt>
 37171a4:	b0010c68 	adrp	x8, 58a4000 <_ZN10KFontTable8m_FfnSetE@@Base+0x340>
 37171a8:	f9057500 	str	x0, [x8, #2792]
 37171ac:	f0fef9c1 	adrp	x1, 1652000 <_ZTSN8CryptoPP5Weak19ARC4_BaseE@@Base-0x17fa9>
 37171b0:	91349821 	add	x1, x1, #0xd26
 37171b4:	910003e0 	mov	x0, sp
 37171b8:	9473f36e 	bl	5413f70 <_ZN6kso_qt8QLibrary7resolveEPKc@plt>
 37171bc:	b0010c68 	adrp	x8, 58a4000 <_ZN10KFontTable8m_FfnSetE@@Base+0x340>
 37171c0:	f9057900 	str	x0, [x8, #2800]
 37171c4:	b0fef6c1 	adrp	x1, 15f0000 <_ZTSN8CryptoPP5Weak19ARC4_BaseE@@Base-0x79fa9>
 37171c8:	91392021 	add	x1, x1, #0xe48
 37171cc:	910003e0 	mov	x0, sp
 37171d0:	9473f368 	bl	5413f70 <_ZN6kso_qt8QLibrary7resolveEPKc@plt>
 37171d4:	b0010c68 	adrp	x8, 58a4000 <_ZN10KFontTable8m_FfnSetE@@Base+0x340>
 37171d8:	f9057d00 	str	x0, [x8, #2808]
 37171dc:	b0fef801 	adrp	x1, 1618000 <_ZTSN8CryptoPP5Weak19ARC4_BaseE@@Base-0x51fa9>
 37171e0:	912e1821 	add	x1, x1, #0xb86
 37171e4:	910003e0 	mov	x0, sp
 37171e8:	9473f362 	bl	5413f70 <_ZN6kso_qt8QLibrary7resolveEPKc@plt>
 37171ec:	b0010c68 	adrp	x8, 58a4000 <_ZN10KFontTable8m_FfnSetE@@Base+0x340>
 37171f0:	f9058100 	str	x0, [x8, #2816]
 37171f4:	d0fef7a1 	adrp	x1, 160d000 <_ZTSN8CryptoPP5Weak19ARC4_BaseE@@Base-0x5cfa9>
 37171f8:	912e6821 	add	x1, x1, #0xb9a
 37171fc:	910003e0 	mov	x0, sp
 3717200:	9473f35c 	bl	5413f70 <_ZN6kso_qt8QLibrary7resolveEPKc@plt>
 3717204:	b0010c68 	adrp	x8, 58a4000 <_ZN10KFontTable8m_FfnSetE@@Base+0x340>
 3717208:	f9058500 	str	x0, [x8, #2824]
 371720c:	910003e0 	mov	x0, sp
 3717210:	9473de94 	bl	540ec60 <_ZN6kso_qt8QLibraryD1Ev@plt>
 3717214:	a9437bfd 	ldp	x29, x30, [sp, #48]
 3717218:	f94013f3 	ldr	x19, [sp, #32]
 371721c:	910103ff 	add	sp, sp, #0x40
 3717220:	d65f03c0 	ret
 3717224:	f85f83a8 	ldur	x8, [x29, #-8]
 3717228:	aa0003f3 	mov	x19, x0
 371722c:	b9400109 	ldr	w9, [x8]
 3717230:	3100053f 	cmn	w9, #0x1
 3717234:	54000220 	b.eq	3717278 <_ZN3kso12KCUPSSupport11resolveCupsEv@@Base+0x388>  // b.none
 3717238:	340000e9 	cbz	w9, 3717254 <_ZN3kso12KCUPSSupport11resolveCupsEv@@Base+0x364>
 371723c:	885ffd09 	ldaxr	w9, [x8]
 3717240:	71000529 	subs	w9, w9, #0x1
 3717244:	880afd09 	stlxr	w10, w9, [x8]
 3717248:	35ffffaa 	cbnz	w10, 371723c <_ZN3kso12KCUPSSupport11resolveCupsEv@@Base+0x34c>
 371724c:	54000161 	b.ne	3717278 <_ZN3kso12KCUPSSupport11resolveCupsEv@@Base+0x388>  // b.any
 3717250:	f85f83a8 	ldur	x8, [x29, #-8]
 3717254:	52800041 	mov	w1, #0x2                   	// #2
 3717258:	52800102 	mov	w2, #0x8                   	// #8
 371725c:	aa0803e0 	mov	x0, x8
 3717260:	9473b374 	bl	5404030 <_ZN6kso_qt10QArrayData10deallocateEPS0_mm@plt>
 3717264:	aa1303e0 	mov	x0, x19
 3717268:	94739e86 	bl	53fec80 <_Unwind_Resume@plt>
 371726c:	aa0003f3 	mov	x19, x0
 3717270:	910003e0 	mov	x0, sp
 3717274:	9473de7b 	bl	540ec60 <_ZN6kso_qt8QLibraryD1Ev@plt>
 3717278:	aa1303e0 	mov	x0, x19
 371727c:	94739e81 	bl	53fec80 <_Unwind_Resume@plt>

0000000003717280 <_ZN3kso12KCUPSSupport11isAvailableEv@@Base>:
 3717280:	b0010c68 	adrp	x8, 58a4000 <_ZN10KFontTable8m_FfnSetE@@Base+0x340>
 3717284:	f9452508 	ldr	x8, [x8, #2632]
 3717288:	2a1f03e0 	mov	w0, wzr
 371728c:	b40009a8 	cbz	x8, 37173c0 <_ZN3kso12KCUPSSupport11isAvailableEv@@Base+0x140>
 3717290:	b0010c68 	adrp	x8, 58a4000 <_ZN10KFontTable8m_FfnSetE@@Base+0x340>
 3717294:	f9451908 	ldr	x8, [x8, #2608]
 3717298:	b4000948 	cbz	x8, 37173c0 <_ZN3kso12KCUPSSupport11isAvailableEv@@Base+0x140>
 371729c:	b0010c68 	adrp	x8, 58a4000 <_ZN10KFontTable8m_FfnSetE@@Base+0x340>
 37172a0:	f9452908 	ldr	x8, [x8, #2640]
 37172a4:	b40008e8 	cbz	x8, 37173c0 <_ZN3kso12KCUPSSupport11isAvailableEv@@Base+0x140>
 37172a8:	b0010c68 	adrp	x8, 58a4000 <_ZN10KFontTable8m_FfnSetE@@Base+0x340>
 37172ac:	f9453508 	ldr	x8, [x8, #2664]
 37172b0:	b4000888 	cbz	x8, 37173c0 <_ZN3kso12KCUPSSupport11isAvailableEv@@Base+0x140>
 37172b4:	b0010c68 	adrp	x8, 58a4000 <_ZN10KFontTable8m_FfnSetE@@Base+0x340>
 37172b8:	f9453908 	ldr	x8, [x8, #2672]
 37172bc:	b4000828 	cbz	x8, 37173c0 <_ZN3kso12KCUPSSupport11isAvailableEv@@Base+0x140>
 37172c0:	b0010c68 	adrp	x8, 58a4000 <_ZN10KFontTable8m_FfnSetE@@Base+0x340>
 37172c4:	f9451d08 	ldr	x8, [x8, #2616]
 37172c8:	b40007c8 	cbz	x8, 37173c0 <_ZN3kso12KCUPSSupport11isAvailableEv@@Base+0x140>
 37172cc:	b0010c68 	adrp	x8, 58a4000 <_ZN10KFontTable8m_FfnSetE@@Base+0x340>
 37172d0:	f9453d08 	ldr	x8, [x8, #2680]
 37172d4:	b4000768 	cbz	x8, 37173c0 <_ZN3kso12KCUPSSupport11isAvailableEv@@Base+0x140>
 37172d8:	b0010c68 	adrp	x8, 58a4000 <_ZN10KFontTable8m_FfnSetE@@Base+0x340>
 37172dc:	f9454108 	ldr	x8, [x8, #2688]
 37172e0:	b4000708 	cbz	x8, 37173c0 <_ZN3kso12KCUPSSupport11isAvailableEv@@Base+0x140>
 37172e4:	b0010c68 	adrp	x8, 58a4000 <_ZN10KFontTable8m_FfnSetE@@Base+0x340>
 37172e8:	f9452108 	ldr	x8, [x8, #2624]
 37172ec:	b40006a8 	cbz	x8, 37173c0 <_ZN3kso12KCUPSSupport11isAvailableEv@@Base+0x140>
 37172f0:	b0010c68 	adrp	x8, 58a4000 <_ZN10KFontTable8m_FfnSetE@@Base+0x340>
 37172f4:	f9454508 	ldr	x8, [x8, #2696]
 37172f8:	b4000648 	cbz	x8, 37173c0 <_ZN3kso12KCUPSSupport11isAvailableEv@@Base+0x140>
 37172fc:	b0010c68 	adrp	x8, 58a4000 <_ZN10KFontTable8m_FfnSetE@@Base+0x340>
 3717300:	f9452d08 	ldr	x8, [x8, #2648]
 3717304:	b40005e8 	cbz	x8, 37173c0 <_ZN3kso12KCUPSSupport11isAvailableEv@@Base+0x140>
 3717308:	b0010c68 	adrp	x8, 58a4000 <_ZN10KFontTable8m_FfnSetE@@Base+0x340>
 371730c:	f9453108 	ldr	x8, [x8, #2656]
 3717310:	b4000588 	cbz	x8, 37173c0 <_ZN3kso12KCUPSSupport11isAvailableEv@@Base+0x140>
 3717314:	b0010c68 	adrp	x8, 58a4000 <_ZN10KFontTable8m_FfnSetE@@Base+0x340>
 3717318:	f9454908 	ldr	x8, [x8, #2704]
 371731c:	b4000528 	cbz	x8, 37173c0 <_ZN3kso12KCUPSSupport11isAvailableEv@@Base+0x140>
 3717320:	b0010c68 	adrp	x8, 58a4000 <_ZN10KFontTable8m_FfnSetE@@Base+0x340>
 3717324:	f9455508 	ldr	x8, [x8, #2728]
 3717328:	b40004c8 	cbz	x8, 37173c0 <_ZN3kso12KCUPSSupport11isAvailableEv@@Base+0x140>
 371732c:	b0010c68 	adrp	x8, 58a4000 <_ZN10KFontTable8m_FfnSetE@@Base+0x340>
 3717330:	f9455908 	ldr	x8, [x8, #2736]
 3717334:	b4000468 	cbz	x8, 37173c0 <_ZN3kso12KCUPSSupport11isAvailableEv@@Base+0x140>
 3717338:	b0010c68 	adrp	x8, 58a4000 <_ZN10KFontTable8m_FfnSetE@@Base+0x340>
 371733c:	f9455d08 	ldr	x8, [x8, #2744]
 3717340:	b4000408 	cbz	x8, 37173c0 <_ZN3kso12KCUPSSupport11isAvailableEv@@Base+0x140>
 3717344:	b0010c68 	adrp	x8, 58a4000 <_ZN10KFontTable8m_FfnSetE@@Base+0x340>
 3717348:	f9456108 	ldr	x8, [x8, #2752]
 371734c:	b40003a8 	cbz	x8, 37173c0 <_ZN3kso12KCUPSSupport11isAvailableEv@@Base+0x140>
 3717350:	b0010c68 	adrp	x8, 58a4000 <_ZN10KFontTable8m_FfnSetE@@Base+0x340>
 3717354:	f9456508 	ldr	x8, [x8, #2760]
 3717358:	b4000348 	cbz	x8, 37173c0 <_ZN3kso12KCUPSSupport11isAvailableEv@@Base+0x140>
 371735c:	b0010c68 	adrp	x8, 58a4000 <_ZN10KFontTable8m_FfnSetE@@Base+0x340>
 3717360:	f9456908 	ldr	x8, [x8, #2768]
 3717364:	b40002e8 	cbz	x8, 37173c0 <_ZN3kso12KCUPSSupport11isAvailableEv@@Base+0x140>
 3717368:	b0010c68 	adrp	x8, 58a4000 <_ZN10KFontTable8m_FfnSetE@@Base+0x340>
 371736c:	f9456d08 	ldr	x8, [x8, #2776]
 3717370:	b4000288 	cbz	x8, 37173c0 <_ZN3kso12KCUPSSupport11isAvailableEv@@Base+0x140>
 3717374:	b0010c68 	adrp	x8, 58a4000 <_ZN10KFontTable8m_FfnSetE@@Base+0x340>
 3717378:	f9457108 	ldr	x8, [x8, #2784]
 371737c:	b4000228 	cbz	x8, 37173c0 <_ZN3kso12KCUPSSupport11isAvailableEv@@Base+0x140>
 3717380:	b0010c68 	adrp	x8, 58a4000 <_ZN10KFontTable8m_FfnSetE@@Base+0x340>
 3717384:	f9457508 	ldr	x8, [x8, #2792]
 3717388:	b40001c8 	cbz	x8, 37173c0 <_ZN3kso12KCUPSSupport11isAvailableEv@@Base+0x140>
 371738c:	b0010c68 	adrp	x8, 58a4000 <_ZN10KFontTable8m_FfnSetE@@Base+0x340>
 3717390:	f9457908 	ldr	x8, [x8, #2800]
 3717394:	b4000168 	cbz	x8, 37173c0 <_ZN3kso12KCUPSSupport11isAvailableEv@@Base+0x140>
 3717398:	b0010c68 	adrp	x8, 58a4000 <_ZN10KFontTable8m_FfnSetE@@Base+0x340>
 371739c:	f9457d08 	ldr	x8, [x8, #2808]
 37173a0:	b4000108 	cbz	x8, 37173c0 <_ZN3kso12KCUPSSupport11isAvailableEv@@Base+0x140>
 37173a4:	b0010c68 	adrp	x8, 58a4000 <_ZN10KFontTable8m_FfnSetE@@Base+0x340>
 37173a8:	f9458108 	ldr	x8, [x8, #2816]
 37173ac:	b40000a8 	cbz	x8, 37173c0 <_ZN3kso12KCUPSSupport11isAvailableEv@@Base+0x140>
 37173b0:	b0010c68 	adrp	x8, 58a4000 <_ZN10KFontTable8m_FfnSetE@@Base+0x340>
 37173b4:	f9458508 	ldr	x8, [x8, #2824]
 37173b8:	f100011f 	cmp	x8, #0x0
 37173bc:	1a9f07e0 	cset	w0, ne	// ne = any
 37173c0:	d65f03c0 	ret

00000000037173c4 <_ZN3kso12KCUPSSupport4initEv@@Base>:
 37173c4:	d101c3ff 	sub	sp, sp, #0x70
 37173c8:	a9016ffc 	stp	x28, x27, [sp, #16]
 37173cc:	a90267fa 	stp	x26, x25, [sp, #32]
 37173d0:	a9035ff8 	stp	x24, x23, [sp, #48]
 37173d4:	a90457f6 	stp	x22, x21, [sp, #64]
 37173d8:	a9054ff4 	stp	x20, x19, [sp, #80]
 37173dc:	a9067bfd 	stp	x29, x30, [sp, #96]
 37173e0:	910183fd 	add	x29, sp, #0x60
 37173e4:	12800008 	mov	w8, #0xffffffff            	// #-1
 37173e8:	b9002008 	str	w8, [x0, #32]
 37173ec:	b0010c68 	adrp	x8, 58a4000 <_ZN10KFontTable8m_FfnSetE@@Base+0x340>
 37173f0:	f9452508 	ldr	x8, [x8, #2632]
 37173f4:	91004014 	add	x20, x0, #0x10
 37173f8:	aa0003f3 	mov	x19, x0
 37173fc:	aa1403e0 	mov	x0, x20
 3717400:	d63f0100 	blr	x8
 3717404:	7100041f 	cmp	w0, #0x1
 3717408:	b9001a60 	str	w0, [x19, #24]
 371740c:	54000eab 	b.lt	37175e0 <_ZN3kso12KCUPSSupport4initEv@@Base+0x21c>  // b.tstop
 3717410:	aa1f03f5 	mov	x21, xzr
 3717414:	9100c276 	add	x22, x19, #0x30
 3717418:	f9400288 	ldr	x8, [x20]
 371741c:	b0010c69 	adrp	x9, 58a4000 <_ZN10KFontTable8m_FfnSetE@@Base+0x340>
 3717420:	d37beaaa 	lsl	x10, x21, #5
 3717424:	f9452929 	ldr	x9, [x9, #2640]
 3717428:	f86a6900 	ldr	x0, [x8, x10]
 371742c:	d63f0120 	blr	x9
 3717430:	b0010c68 	adrp	x8, 58a4000 <_ZN10KFontTable8m_FfnSetE@@Base+0x340>
 3717434:	f9453508 	ldr	x8, [x8, #2664]
 3717438:	aa0003f8 	mov	x24, x0
 371743c:	d63f0100 	blr	x8
 3717440:	b4000b00 	cbz	x0, 37175a0 <_ZN3kso12KCUPSSupport4initEv@@Base+0x1dc>
 3717444:	aa0003f7 	mov	x23, x0
 3717448:	52800300 	mov	w0, #0x18                  	// #24
 371744c:	94739dcd 	bl	53feb80 <_Znwm@plt>
 3717450:	aa0003f9 	mov	x25, x0
 3717454:	b900101f 	str	wzr, [x0, #16]
 3717458:	a9007c17 	stp	x23, xzr, [x0]
 371745c:	910023e8 	add	x8, sp, #0x8
 3717460:	aa1303e0 	mov	x0, x19
 3717464:	2a1503e1 	mov	w1, w21
 3717468:	94741dbe 	bl	541eb60 <_ZNK3kso12KCUPSSupport11printerNameEi@plt>
 371746c:	f9401a69 	ldr	x9, [x19, #48]
 3717470:	b9400128 	ldr	w8, [x9]
 3717474:	7100091f 	cmp	w8, #0x2
 3717478:	54000083 	b.cc	3717488 <_ZN3kso12KCUPSSupport4initEv@@Base+0xc4>  // b.lo, b.ul, b.last
 371747c:	aa1603e0 	mov	x0, x22
 3717480:	94000b40 	bl	371a180 <_ZN3kso12KCUPSSupport13cupsPrintFileEPKcS2_S2_iP13cups_option_s@@Base+0xcc>
 3717484:	f94002c9 	ldr	x9, [x22]
 3717488:	f9400928 	ldr	x8, [x9, #16]
 371748c:	b40002a8 	cbz	x8, 37174e0 <_ZN3kso12KCUPSSupport4initEv@@Base+0x11c>
 3717490:	aa1f03fb 	mov	x27, xzr
 3717494:	91006100 	add	x0, x8, #0x18
 3717498:	910023e1 	add	x1, sp, #0x8
 371749c:	aa0803fa 	mov	x26, x8
 37174a0:	9473ce08 	bl	540acc0 <_ZN6kso_qtltERKNS_7QStringES2_@plt>
 37174a4:	91004348 	add	x8, x26, #0x10
 37174a8:	91002349 	add	x9, x26, #0x8
 37174ac:	7200001f 	tst	w0, #0x1
 37174b0:	9a891108 	csel	x8, x8, x9, ne	// ne = any
 37174b4:	f9400108 	ldr	x8, [x8]
 37174b8:	9a9a137b 	csel	x27, x27, x26, ne	// ne = any
 37174bc:	b5fffec8 	cbnz	x8, 3717494 <_ZN3kso12KCUPSSupport4initEv@@Base+0xd0>
 37174c0:	5200001c 	eor	w28, w0, #0x1
 37174c4:	b400013b 	cbz	x27, 37174e8 <_ZN3kso12KCUPSSupport4initEv@@Base+0x124>
 37174c8:	91006361 	add	x1, x27, #0x18
 37174cc:	910023e0 	add	x0, sp, #0x8
 37174d0:	9473cdfc 	bl	540acc0 <_ZN6kso_qtltERKNS_7QStringES2_@plt>
 37174d4:	370000a0 	tbnz	w0, #0, 37174e8 <_ZN3kso12KCUPSSupport4initEv@@Base+0x124>
 37174d8:	91008368 	add	x8, x27, #0x20
 37174dc:	14000014 	b	371752c <_ZN3kso12KCUPSSupport4initEv@@Base+0x168>
 37174e0:	9100213a 	add	x26, x9, #0x8
 37174e4:	5280003c 	mov	w28, #0x1                   	// #1
 37174e8:	f94002c0 	ldr	x0, [x22]
 37174ec:	12000384 	and	w4, w28, #0x1
 37174f0:	52800501 	mov	w1, #0x28                  	// #40
 37174f4:	52800102 	mov	w2, #0x8                   	// #8
 37174f8:	aa1a03e3 	mov	x3, x26
 37174fc:	9473bf21 	bl	5407180 <_ZN6kso_qt12QMapDataBase10createNodeEiiPNS_12QMapNodeBaseEb@plt>
 3717500:	f94007e8 	ldr	x8, [sp, #8]
 3717504:	f9000c08 	str	x8, [x0, #24]
 3717508:	b9400109 	ldr	w9, [x8]
 371750c:	11000529 	add	w9, w9, #0x1
 3717510:	7100093f 	cmp	w9, #0x2
 3717514:	540000a3 	b.cc	3717528 <_ZN3kso12KCUPSSupport4initEv@@Base+0x164>  // b.lo, b.ul, b.last
 3717518:	885ffd09 	ldaxr	w9, [x8]
 371751c:	11000529 	add	w9, w9, #0x1
 3717520:	880afd09 	stlxr	w10, w9, [x8]
 3717524:	35ffffaa 	cbnz	w10, 3717518 <_ZN3kso12KCUPSSupport4initEv@@Base+0x154>
 3717528:	91008008 	add	x8, x0, #0x20
 371752c:	f9000119 	str	x25, [x8]
 3717530:	f94007e0 	ldr	x0, [sp, #8]
 3717534:	b9400008 	ldr	w8, [x0]
 3717538:	3100051f 	cmn	w8, #0x1
 371753c:	54000160 	b.eq	3717568 <_ZN3kso12KCUPSSupport4initEv@@Base+0x1a4>  // b.none
 3717540:	340000e8 	cbz	w8, 371755c <_ZN3kso12KCUPSSupport4initEv@@Base+0x198>
 3717544:	885ffc08 	ldaxr	w8, [x0]
 3717548:	71000508 	subs	w8, w8, #0x1
 371754c:	8809fc08 	stlxr	w9, w8, [x0]
 3717550:	35ffffa9 	cbnz	w9, 3717544 <_ZN3kso12KCUPSSupport4initEv@@Base+0x180>
 3717554:	540000a1 	b.ne	3717568 <_ZN3kso12KCUPSSupport4initEv@@Base+0x1a4>  // b.any
 3717558:	f94007e0 	ldr	x0, [sp, #8]
 371755c:	52800041 	mov	w1, #0x2                   	// #2
 3717560:	52800102 	mov	w2, #0x8                   	// #8
 3717564:	9473b2b3 	bl	5404030 <_ZN6kso_qt10QArrayData10deallocateEPS0_mm@plt>
 3717568:	aa1803e0 	mov	x0, x24
 371756c:	9473b135 	bl	5403a40 <unlink@plt>
 3717570:	b0010c68 	adrp	x8, 58a4000 <_ZN10KFontTable8m_FfnSetE@@Base+0x340>
 3717574:	f9453908 	ldr	x8, [x8, #2672]
 3717578:	aa1703e0 	mov	x0, x23
 371757c:	d63f0100 	blr	x8
 3717580:	f9400288 	ldr	x8, [x20]
 3717584:	b0010c69 	adrp	x9, 58a4000 <_ZN10KFontTable8m_FfnSetE@@Base+0x340>
 3717588:	f9453d29 	ldr	x9, [x9, #2680]
 371758c:	aa1703e0 	mov	x0, x23
 3717590:	8b151508 	add	x8, x8, x21, lsl #5
 3717594:	b9401501 	ldr	w1, [x8, #20]
 3717598:	f9400d02 	ldr	x2, [x8, #24]
 371759c:	d63f0120 	blr	x9
 37175a0:	b9801a68 	ldrsw	x8, [x19, #24]
 37175a4:	910006b5 	add	x21, x21, #0x1
 37175a8:	eb0802bf 	cmp	x21, x8
 37175ac:	54fff36b 	b.lt	3717418 <_ZN3kso12KCUPSSupport4initEv@@Base+0x54>  // b.tstop
 37175b0:	7100051f 	cmp	w8, #0x1
 37175b4:	5400020b 	b.lt	37175f4 <_ZN3kso12KCUPSSupport4initEv@@Base+0x230>  // b.tstop
 37175b8:	f9400289 	ldr	x9, [x20]
 37175bc:	aa1f03e1 	mov	x1, xzr
 37175c0:	91004129 	add	x9, x9, #0x10
 37175c4:	b940012a 	ldr	w10, [x9]
 37175c8:	3500010a 	cbnz	w10, 37175e8 <_ZN3kso12KCUPSSupport4initEv@@Base+0x224>
 37175cc:	91000421 	add	x1, x1, #0x1
 37175d0:	eb08003f 	cmp	x1, x8
 37175d4:	91008129 	add	x9, x9, #0x20
 37175d8:	54ffff6b 	b.lt	37175c4 <_ZN3kso12KCUPSSupport4initEv@@Base+0x200>  // b.tstop
 37175dc:	14000006 	b	37175f4 <_ZN3kso12KCUPSSupport4initEv@@Base+0x230>
 37175e0:	2a1f03e0 	mov	w0, wzr
 37175e4:	14000015 	b	3717638 <_ZN3kso12KCUPSSupport4initEv@@Base+0x274>
 37175e8:	aa1303e0 	mov	x0, x19
 37175ec:	29038661 	stp	w1, w1, [x19, #28]
 37175f0:	94744d00 	bl	542a9f0 <_ZN3kso12KCUPSSupport17setCurrentPrinterEi@plt>
 37175f4:	b9401e68 	ldr	w8, [x19, #28]
 37175f8:	3100051f 	cmn	w8, #0x1
 37175fc:	54000041 	b.ne	3717604 <_ZN3kso12KCUPSSupport4initEv@@Base+0x240>  // b.any
 3717600:	b9001e7f 	str	wzr, [x19, #28]
 3717604:	b0010c68 	adrp	x8, 58a4000 <_ZN10KFontTable8m_FfnSetE@@Base+0x340>
 3717608:	f9452d08 	ldr	x8, [x8, #2648]
 371760c:	aa1f03e0 	mov	x0, xzr
 3717610:	d63f0100 	blr	x8
 3717614:	b0010c68 	adrp	x8, 58a4000 <_ZN10KFontTable8m_FfnSetE@@Base+0x340>
 3717618:	f9453108 	ldr	x8, [x8, #2656]
 371761c:	d63f0100 	blr	x8
 3717620:	94740494 	bl	5418870 <_ZN6kso_qt10QTextCodec12codecForNameEPKc@plt>
 3717624:	f9001e60 	str	x0, [x19, #56]
 3717628:	b5000060 	cbnz	x0, 3717634 <_ZN3kso12KCUPSSupport4initEv@@Base+0x270>
 371762c:	94744cf5 	bl	542aa00 <_ZN6kso_qt10QTextCodec14codecForLocaleEv@plt>
 3717630:	f9001e60 	str	x0, [x19, #56]
 3717634:	52800020 	mov	w0, #0x1                   	// #1
 3717638:	a9467bfd 	ldp	x29, x30, [sp, #96]
 371763c:	a9454ff4 	ldp	x20, x19, [sp, #80]
 3717640:	a94457f6 	ldp	x22, x21, [sp, #64]
 3717644:	a9435ff8 	ldp	x24, x23, [sp, #48]
 3717648:	a94267fa 	ldp	x26, x25, [sp, #32]
 371764c:	a9416ffc 	ldp	x28, x27, [sp, #16]
 3717650:	9101c3ff 	add	sp, sp, #0x70
 3717654:	d65f03c0 	ret
 3717658:	f94007e8 	ldr	x8, [sp, #8]
 371765c:	aa0003f3 	mov	x19, x0
 3717660:	b9400109 	ldr	w9, [x8]
 3717664:	3100053f 	cmn	w9, #0x1
 3717668:	54000180 	b.eq	3717698 <_ZN3kso12KCUPSSupport4initEv@@Base+0x2d4>  // b.none
 371766c:	340000e9 	cbz	w9, 3717688 <_ZN3kso12KCUPSSupport4initEv@@Base+0x2c4>
 3717670:	885ffd09 	ldaxr	w9, [x8]
 3717674:	71000529 	subs	w9, w9, #0x1
 3717678:	880afd09 	stlxr	w10, w9, [x8]
 371767c:	35ffffaa 	cbnz	w10, 3717670 <_ZN3kso12KCUPSSupport4initEv@@Base+0x2ac>
 3717680:	540000c1 	b.ne	3717698 <_ZN3kso12KCUPSSupport4initEv@@Base+0x2d4>  // b.any
 3717684:	f94007e8 	ldr	x8, [sp, #8]
 3717688:	52800041 	mov	w1, #0x2                   	// #2
 371768c:	52800102 	mov	w2, #0x8                   	// #8
 3717690:	aa0803e0 	mov	x0, x8
 3717694:	9473b267 	bl	5404030 <_ZN6kso_qt10QArrayData10deallocateEPS0_mm@plt>
 3717698:	aa1303e0 	mov	x0, x19
 371769c:	94739d79 	bl	53fec80 <_Unwind_Resume@plt>
 37176a0:	a9be4ff4 	stp	x20, x19, [sp, #-32]!
 37176a4:	a9017bfd 	stp	x29, x30, [sp, #16]
 37176a8:	910043fd 	add	x29, sp, #0x10
 37176ac:	f9400013 	ldr	x19, [x0]
 37176b0:	b9400268 	ldr	w8, [x19]
 37176b4:	3100051f 	cmn	w8, #0x1
 37176b8:	54000400 	b.eq	3717738 <_ZN3kso12KCUPSSupport4initEv@@Base+0x374>  // b.none
 37176bc:	340000e8 	cbz	w8, 37176d8 <_ZN3kso12KCUPSSupport4initEv@@Base+0x314>
 37176c0:	885ffe68 	ldaxr	w8, [x19]
 37176c4:	71000508 	subs	w8, w8, #0x1
 37176c8:	8809fe68 	stlxr	w9, w8, [x19]
 37176cc:	35ffffa9 	cbnz	w9, 37176c0 <_ZN3kso12KCUPSSupport4initEv@@Base+0x2fc>
 37176d0:	54000341 	b.ne	3717738 <_ZN3kso12KCUPSSupport4initEv@@Base+0x374>  // b.any
 37176d4:	f9400013 	ldr	x19, [x0]
 37176d8:	f9400a74 	ldr	x20, [x19, #16]
 37176dc:	b40002b4 	cbz	x20, 3717730 <_ZN3kso12KCUPSSupport4initEv@@Base+0x36c>
 37176e0:	f9400e80 	ldr	x0, [x20, #24]
 37176e4:	b9400008 	ldr	w8, [x0]
 37176e8:	3100051f 	cmn	w8, #0x1
 37176ec:	54000160 	b.eq	3717718 <_ZN3kso12KCUPSSupport4initEv@@Base+0x354>  // b.none
 37176f0:	340000e8 	cbz	w8, 371770c <_ZN3kso12KCUPSSupport4initEv@@Base+0x348>
 37176f4:	885ffc08 	ldaxr	w8, [x0]
 37176f8:	71000508 	subs	w8, w8, #0x1
 37176fc:	8809fc08 	stlxr	w9, w8, [x0]
 3717700:	35ffffa9 	cbnz	w9, 37176f4 <_ZN3kso12KCUPSSupport4initEv@@Base+0x330>
 3717704:	540000a1 	b.ne	3717718 <_ZN3kso12KCUPSSupport4initEv@@Base+0x354>  // b.any
 3717708:	f9400e80 	ldr	x0, [x20, #24]
 371770c:	52800041 	mov	w1, #0x2                   	// #2
 3717710:	52800102 	mov	w2, #0x8                   	// #8
 3717714:	9473b247 	bl	5404030 <_ZN6kso_qt10QArrayData10deallocateEPS0_mm@plt>
 3717718:	aa1403e0 	mov	x0, x20
 371771c:	94000a6e 	bl	371a0d4 <_ZN3kso12KCUPSSupport13cupsPrintFileEPKcS2_S2_iP13cups_option_s@@Base+0x20>
 3717720:	f9400a61 	ldr	x1, [x19, #16]
 3717724:	52800102 	mov	w2, #0x8                   	// #8
 3717728:	aa1303e0 	mov	x0, x19
 371772c:	9473b3cd 	bl	5404660 <_ZN6kso_qt12QMapDataBase8freeTreeEPNS_12QMapNodeBaseEi@plt>
 3717730:	aa1303e0 	mov	x0, x19
 3717734:	9473b3cf 	bl	5404670 <_ZN6kso_qt12QMapDataBase8freeDataEPS0_@plt>
 3717738:	a9417bfd 	ldp	x29, x30, [sp, #16]
 371773c:	a8c24ff4 	ldp	x20, x19, [sp], #32
 3717740:	d65f03c0 	ret
 3717744:	97a9c66a 	bl	21890ec <_ZN22KxWebExtensionViewMenu11qt_metacallEN6kso_qt11QMetaObject4CallEiPPv@@Base+0x1059c>

0000000003717748 <_ZN3kso12KCUPSSupportD1Ev@@Base>:
 3717748:	a9bc5ff8 	stp	x24, x23, [sp, #-64]!
 371774c:	a90157f6 	stp	x22, x21, [sp, #16]
 3717750:	a9024ff4 	stp	x20, x19, [sp, #32]
 3717754:	a9037bfd 	stp	x29, x30, [sp, #48]
 3717758:	9100c3fd 	add	x29, sp, #0x30
 371775c:	f0010868 	adrp	x8, 5826000 <_ZTIPFiP9HunhandlePKcS2_E@@Base+0x1c0a78>
 3717760:	aa0003f3 	mov	x19, x0
 3717764:	b9401800 	ldr	w0, [x0, #24]
 3717768:	f9405508 	ldr	x8, [x8, #168]
 371776c:	7100041f 	cmp	w0, #0x1
 3717770:	91004108 	add	x8, x8, #0x10
 3717774:	f9000268 	str	x8, [x19]
 3717778:	5400060b 	b.lt	3717838 <_ZN3kso12KCUPSSupportD1Ev@@Base+0xf0>  // b.tstop
 371777c:	b0010c68 	adrp	x8, 58a4000 <_ZN10KFontTable8m_FfnSetE@@Base+0x340>
 3717780:	f9400a61 	ldr	x1, [x19, #16]
 3717784:	f9451908 	ldr	x8, [x8, #2608]
 3717788:	d63f0100 	blr	x8
 371778c:	aa1303f4 	mov	x20, x19
 3717790:	f8430e88 	ldr	x8, [x20, #48]!
 3717794:	b9400109 	ldr	w9, [x8]
 3717798:	7100093f 	cmp	w9, #0x2
 371779c:	54000083 	b.cc	37177ac <_ZN3kso12KCUPSSupportD1Ev@@Base+0x64>  // b.lo, b.ul, b.last
 37177a0:	aa1403e0 	mov	x0, x20
 37177a4:	94000a77 	bl	371a180 <_ZN3kso12KCUPSSupport13cupsPrintFileEPKcS2_S2_iP13cups_option_s@@Base+0xcc>
 37177a8:	f9400288 	ldr	x8, [x20]
 37177ac:	f9400909 	ldr	x9, [x8, #16]
 37177b0:	b4000069 	cbz	x9, 37177bc <_ZN3kso12KCUPSSupportD1Ev@@Base+0x74>
 37177b4:	f9401115 	ldr	x21, [x8, #32]
 37177b8:	14000002 	b	37177c0 <_ZN3kso12KCUPSSupportD1Ev@@Base+0x78>
 37177bc:	91002115 	add	x21, x8, #0x8
 37177c0:	b0010c77 	adrp	x23, 58a4000 <_ZN10KFontTable8m_FfnSetE@@Base+0x340>
 37177c4:	b0010c78 	adrp	x24, 58a4000 <_ZN10KFontTable8m_FfnSetE@@Base+0x340>
 37177c8:	14000003 	b	37177d4 <_ZN3kso12KCUPSSupportD1Ev@@Base+0x8c>
 37177cc:	f9400288 	ldr	x8, [x20]
 37177d0:	aa0003f5 	mov	x21, x0
 37177d4:	b9400109 	ldr	w9, [x8]
 37177d8:	7100093f 	cmp	w9, #0x2
 37177dc:	54000083 	b.cc	37177ec <_ZN3kso12KCUPSSupportD1Ev@@Base+0xa4>  // b.lo, b.ul, b.last
 37177e0:	aa1403e0 	mov	x0, x20
 37177e4:	94000a67 	bl	371a180 <_ZN3kso12KCUPSSupport13cupsPrintFileEPKcS2_S2_iP13cups_option_s@@Base+0xcc>
 37177e8:	f9400288 	ldr	x8, [x20]
 37177ec:	91002108 	add	x8, x8, #0x8
 37177f0:	eb0802bf 	cmp	x21, x8
 37177f4:	540001e0 	b.eq	3717830 <_ZN3kso12KCUPSSupportD1Ev@@Base+0xe8>  // b.none
 37177f8:	f94012b6 	ldr	x22, [x21, #32]
 37177fc:	f94002c0 	ldr	x0, [x22]
 3717800:	b4000060 	cbz	x0, 371780c <_ZN3kso12KCUPSSupportD1Ev@@Base+0xc4>
 3717804:	f9451f08 	ldr	x8, [x24, #2616]
 3717808:	d63f0100 	blr	x8
 371780c:	f94006c1 	ldr	x1, [x22, #8]
 3717810:	b94012c0 	ldr	w0, [x22, #16]
 3717814:	f94522e8 	ldr	x8, [x23, #2624]
 3717818:	d63f0100 	blr	x8
 371781c:	aa1603e0 	mov	x0, x22
 3717820:	94739ce8 	bl	53febc0 <_ZdlPv@plt>
 3717824:	aa1503e0 	mov	x0, x21
 3717828:	9473c7ca 	bl	5409750 <_ZNK6kso_qt12QMapNodeBase8nextNodeEv@plt>
 371782c:	17ffffe8 	b	37177cc <_ZN3kso12KCUPSSupportD1Ev@@Base+0x84>
 3717830:	aa1403e0 	mov	x0, x20
 3717834:	94000036 	bl	371790c <_ZN3kso12KCUPSSupportD1Ev@@Base+0x1c4>
 3717838:	f9401a74 	ldr	x20, [x19, #48]
 371783c:	b9400288 	ldr	w8, [x20]
 3717840:	3100051f 	cmn	w8, #0x1
 3717844:	54000400 	b.eq	37178c4 <_ZN3kso12KCUPSSupportD1Ev@@Base+0x17c>  // b.none
 3717848:	340000e8 	cbz	w8, 3717864 <_ZN3kso12KCUPSSupportD1Ev@@Base+0x11c>
 371784c:	885ffe88 	ldaxr	w8, [x20]
 3717850:	71000508 	subs	w8, w8, #0x1
 3717854:	8809fe88 	stlxr	w9, w8, [x20]
 3717858:	35ffffa9 	cbnz	w9, 371784c <_ZN3kso12KCUPSSupportD1Ev@@Base+0x104>
 371785c:	54000341 	b.ne	37178c4 <_ZN3kso12KCUPSSupportD1Ev@@Base+0x17c>  // b.any
 3717860:	f9401a74 	ldr	x20, [x19, #48]
 3717864:	f9400a95 	ldr	x21, [x20, #16]
 3717868:	b40002b5 	cbz	x21, 37178bc <_ZN3kso12KCUPSSupportD1Ev@@Base+0x174>
 371786c:	f9400ea0 	ldr	x0, [x21, #24]
 3717870:	b9400008 	ldr	w8, [x0]
 3717874:	3100051f 	cmn	w8, #0x1
 3717878:	54000160 	b.eq	37178a4 <_ZN3kso12KCUPSSupportD1Ev@@Base+0x15c>  // b.none
 371787c:	340000e8 	cbz	w8, 3717898 <_ZN3kso12KCUPSSupportD1Ev@@Base+0x150>
 3717880:	885ffc08 	ldaxr	w8, [x0]
 3717884:	71000508 	subs	w8, w8, #0x1
 3717888:	8809fc08 	stlxr	w9, w8, [x0]
 371788c:	35ffffa9 	cbnz	w9, 3717880 <_ZN3kso12KCUPSSupportD1Ev@@Base+0x138>
 3717890:	540000a1 	b.ne	37178a4 <_ZN3kso12KCUPSSupportD1Ev@@Base+0x15c>  // b.any
 3717894:	f9400ea0 	ldr	x0, [x21, #24]
 3717898:	52800041 	mov	w1, #0x2                   	// #2
 371789c:	52800102 	mov	w2, #0x8                   	// #8
 37178a0:	9473b1e4 	bl	5404030 <_ZN6kso_qt10QArrayData10deallocateEPS0_mm@plt>
 37178a4:	aa1503e0 	mov	x0, x21
 37178a8:	94000a0b 	bl	371a0d4 <_ZN3kso12KCUPSSupport13cupsPrintFileEPKcS2_S2_iP13cups_option_s@@Base+0x20>
 37178ac:	f9400a81 	ldr	x1, [x20, #16]
 37178b0:	52800102 	mov	w2, #0x8                   	// #8
 37178b4:	aa1403e0 	mov	x0, x20
 37178b8:	9473b36a 	bl	5404660 <_ZN6kso_qt12QMapDataBase8freeTreeEPNS_12QMapNodeBaseEi@plt>
 37178bc:	aa1403e0 	mov	x0, x20
 37178c0:	9473b36c 	bl	5404670 <_ZN6kso_qt12QMapDataBase8freeDataEPS0_@plt>
 37178c4:	aa1303e0 	mov	x0, x19
 37178c8:	a9437bfd 	ldp	x29, x30, [sp, #48]
 37178cc:	a9424ff4 	ldp	x20, x19, [sp, #32]
 37178d0:	a94157f6 	ldp	x22, x21, [sp, #16]
 37178d4:	a8c45ff8 	ldp	x24, x23, [sp], #64
 37178d8:	1473b446 	b	54049f0 <_ZN6kso_qt7QObjectD2Ev@plt>
 37178dc:	14000005 	b	37178f0 <_ZN3kso12KCUPSSupportD1Ev@@Base+0x1a8>
 37178e0:	14000004 	b	37178f0 <_ZN3kso12KCUPSSupportD1Ev@@Base+0x1a8>
 37178e4:	97a9c602 	bl	21890ec <_ZN22KxWebExtensionViewMenu11qt_metacallEN6kso_qt11QMetaObject4CallEiPPv@@Base+0x1059c>
 37178e8:	14000002 	b	37178f0 <_ZN3kso12KCUPSSupportD1Ev@@Base+0x1a8>
 37178ec:	14000001 	b	37178f0 <_ZN3kso12KCUPSSupportD1Ev@@Base+0x1a8>
 37178f0:	aa0003f4 	mov	x20, x0
 37178f4:	9100c260 	add	x0, x19, #0x30
 37178f8:	97ffff6a 	bl	37176a0 <_ZN3kso12KCUPSSupport4initEv@@Base+0x2dc>
 37178fc:	aa1303e0 	mov	x0, x19
 3717900:	9473b43c 	bl	54049f0 <_ZN6kso_qt7QObjectD2Ev@plt>
 3717904:	aa1403e0 	mov	x0, x20
 3717908:	97a9c5f9 	bl	21890ec <_ZN22KxWebExtensionViewMenu11qt_metacallEN6kso_qt11QMetaObject4CallEiPPv@@Base+0x1059c>
 371790c:	f81d0ff5 	str	x21, [sp, #-48]!
 3717910:	a9014ff4 	stp	x20, x19, [sp, #16]
 3717914:	a9027bfd 	stp	x29, x30, [sp, #32]
 3717918:	910083fd 	add	x29, sp, #0x20
 371791c:	90010833 	adrp	x19, 581b000 <_ZTV25DurationDatatypeValidator@@Base+0x3bd310>
 3717920:	f9400014 	ldr	x20, [x0]
 3717924:	f9444e73 	ldr	x19, [x19, #2200]
 3717928:	f9000013 	str	x19, [x0]
 371792c:	b9400288 	ldr	w8, [x20]
 3717930:	3100051f 	cmn	w8, #0x1
 3717934:	540003e0 	b.eq	37179b0 <_ZN3kso12KCUPSSupportD1Ev@@Base+0x268>  // b.none
 3717938:	340000c8 	cbz	w8, 3717950 <_ZN3kso12KCUPSSupportD1Ev@@Base+0x208>
 371793c:	885ffe88 	ldaxr	w8, [x20]
 3717940:	71000508 	subs	w8, w8, #0x1
 3717944:	8809fe88 	stlxr	w9, w8, [x20]
 3717948:	35ffffa9 	cbnz	w9, 371793c <_ZN3kso12KCUPSSupportD1Ev@@Base+0x1f4>
 371794c:	54000321 	b.ne	37179b0 <_ZN3kso12KCUPSSupportD1Ev@@Base+0x268>  // b.any
 3717950:	f9400a95 	ldr	x21, [x20, #16]
 3717954:	b40002b5 	cbz	x21, 37179a8 <_ZN3kso12KCUPSSupportD1Ev@@Base+0x260>
 3717958:	f9400ea0 	ldr	x0, [x21, #24]
 371795c:	b9400008 	ldr	w8, [x0]
 3717960:	3100051f 	cmn	w8, #0x1
 3717964:	54000160 	b.eq	3717990 <_ZN3kso12KCUPSSupportD1Ev@@Base+0x248>  // b.none
 3717968:	340000e8 	cbz	w8, 3717984 <_ZN3kso12KCUPSSupportD1Ev@@Base+0x23c>
 371796c:	885ffc08 	ldaxr	w8, [x0]
 3717970:	71000508 	subs	w8, w8, #0x1
 3717974:	8809fc08 	stlxr	w9, w8, [x0]
 3717978:	35ffffa9 	cbnz	w9, 371796c <_ZN3kso12KCUPSSupportD1Ev@@Base+0x224>
 371797c:	540000a1 	b.ne	3717990 <_ZN3kso12KCUPSSupportD1Ev@@Base+0x248>  // b.any
 3717980:	f9400ea0 	ldr	x0, [x21, #24]
 3717984:	52800041 	mov	w1, #0x2                   	// #2
 3717988:	52800102 	mov	w2, #0x8                   	// #8
 371798c:	9473b1a9 	bl	5404030 <_ZN6kso_qt10QArrayData10deallocateEPS0_mm@plt>
 3717990:	aa1503e0 	mov	x0, x21
 3717994:	940009d0 	bl	371a0d4 <_ZN3kso12KCUPSSupport13cupsPrintFileEPKcS2_S2_iP13cups_option_s@@Base+0x20>
 3717998:	f9400a81 	ldr	x1, [x20, #16]
 371799c:	52800102 	mov	w2, #0x8                   	// #8
 37179a0:	aa1403e0 	mov	x0, x20
 37179a4:	9473b32f 	bl	5404660 <_ZN6kso_qt12QMapDataBase8freeTreeEPNS_12QMapNodeBaseEi@plt>
 37179a8:	aa1403e0 	mov	x0, x20
 37179ac:	9473b331 	bl	5404670 <_ZN6kso_qt12QMapDataBase8freeDataEPS0_@plt>
 37179b0:	b9400268 	ldr	w8, [x19]
 37179b4:	3100051f 	cmn	w8, #0x1
 37179b8:	54000400 	b.eq	3717a38 <_ZN3kso12KCUPSSupportD1Ev@@Base+0x2f0>  // b.none
 37179bc:	340000c8 	cbz	w8, 37179d4 <_ZN3kso12KCUPSSupportD1Ev@@Base+0x28c>
 37179c0:	885ffe68 	ldaxr	w8, [x19]
 37179c4:	71000508 	subs	w8, w8, #0x1
 37179c8:	8809fe68 	stlxr	w9, w8, [x19]
 37179cc:	35ffffa9 	cbnz	w9, 37179c0 <_ZN3kso12KCUPSSupportD1Ev@@Base+0x278>
 37179d0:	54000341 	b.ne	3717a38 <_ZN3kso12KCUPSSupportD1Ev@@Base+0x2f0>  // b.any
 37179d4:	f9400a74 	ldr	x20, [x19, #16]
 37179d8:	b40002b4 	cbz	x20, 3717a2c <_ZN3kso12KCUPSSupportD1Ev@@Base+0x2e4>
 37179dc:	f9400e80 	ldr	x0, [x20, #24]
 37179e0:	b9400008 	ldr	w8, [x0]
 37179e4:	3100051f 	cmn	w8, #0x1
 37179e8:	54000160 	b.eq	3717a14 <_ZN3kso12KCUPSSupportD1Ev@@Base+0x2cc>  // b.none
 37179ec:	340000e8 	cbz	w8, 3717a08 <_ZN3kso12KCUPSSupportD1Ev@@Base+0x2c0>
 37179f0:	885ffc08 	ldaxr	w8, [x0]
 37179f4:	71000508 	subs	w8, w8, #0x1
 37179f8:	8809fc08 	stlxr	w9, w8, [x0]
 37179fc:	35ffffa9 	cbnz	w9, 37179f0 <_ZN3kso12KCUPSSupportD1Ev@@Base+0x2a8>
 3717a00:	540000a1 	b.ne	3717a14 <_ZN3kso12KCUPSSupportD1Ev@@Base+0x2cc>  // b.any
 3717a04:	f9400e80 	ldr	x0, [x20, #24]
 3717a08:	52800041 	mov	w1, #0x2                   	// #2
 3717a0c:	52800102 	mov	w2, #0x8                   	// #8
 3717a10:	9473b188 	bl	5404030 <_ZN6kso_qt10QArrayData10deallocateEPS0_mm@plt>
 3717a14:	aa1403e0 	mov	x0, x20
 3717a18:	940009af 	bl	371a0d4 <_ZN3kso12KCUPSSupport13cupsPrintFileEPKcS2_S2_iP13cups_option_s@@Base+0x20>
 3717a1c:	f9400a61 	ldr	x1, [x19, #16]
 3717a20:	52800102 	mov	w2, #0x8                   	// #8
 3717a24:	aa1303e0 	mov	x0, x19
 3717a28:	9473b30e 	bl	5404660 <_ZN6kso_qt12QMapDataBase8freeTreeEPNS_12QMapNodeBaseEi@plt>
 3717a2c:	90010820 	adrp	x0, 581b000 <_ZTV25DurationDatatypeValidator@@Base+0x3bd310>
 3717a30:	f9444c00 	ldr	x0, [x0, #2200]
 3717a34:	9473b30f 	bl	5404670 <_ZN6kso_qt12QMapDataBase8freeDataEPS0_@plt>
 3717a38:	a9427bfd 	ldp	x29, x30, [sp, #32]
 3717a3c:	a9414ff4 	ldp	x20, x19, [sp, #16]
 3717a40:	f84307f5 	ldr	x21, [sp], #48
 3717a44:	d65f03c0 	ret
 3717a48:	97a9c5a9 	bl	21890ec <_ZN22KxWebExtensionViewMenu11qt_metacallEN6kso_qt11QMetaObject4CallEiPPv@@Base+0x1059c>
 3717a4c:	97a9c5a8 	bl	21890ec <_ZN22KxWebExtensionViewMenu11qt_metacallEN6kso_qt11QMetaObject4CallEiPPv@@Base+0x1059c>

0000000003717a50 <_ZN3kso12KCUPSSupportD0Ev@@Base>:
 3717a50:	f81e0ff3 	str	x19, [sp, #-32]!
 3717a54:	a9017bfd 	stp	x29, x30, [sp, #16]
 3717a58:	910043fd 	add	x29, sp, #0x10
 3717a5c:	aa0003f3 	mov	x19, x0
 3717a60:	94744bec 	bl	542aa10 <_ZN3kso12KCUPSSupportD2Ev@plt>
 3717a64:	a9417bfd 	ldp	x29, x30, [sp, #16]
 3717a68:	aa1303e0 	mov	x0, x19
 3717a6c:	f84207f3 	ldr	x19, [sp], #32
 3717a70:	14739c54 	b	53febc0 <_ZdlPv@plt>

0000000003717a74 <_ZN3kso12KCUPSSupport13isInitSuccessEv@@Base>:
 3717a74:	f81e0ff3 	str	x19, [sp, #-32]!
 3717a78:	a9017bfd 	stp	x29, x30, [sp, #16]
 3717a7c:	910043fd 	add	x29, sp, #0x10
 3717a80:	aa0003f3 	mov	x19, x0
 3717a84:	94742853 	bl	5421bd0 <_ZN3kso12KCUPSSupport11isAvailableEv@plt>
 3717a88:	36000160 	tbz	w0, #0, 3717ab4 <_ZN3kso12KCUPSSupport13isInitSuccessEv@@Base+0x40>
 3717a8c:	f9400a68 	ldr	x8, [x19, #16]
 3717a90:	b4000128 	cbz	x8, 3717ab4 <_ZN3kso12KCUPSSupport13isInitSuccessEv@@Base+0x40>
 3717a94:	b9401a68 	ldr	w8, [x19, #24]
 3717a98:	7100051f 	cmp	w8, #0x1
 3717a9c:	540000cb 	b.lt	3717ab4 <_ZN3kso12KCUPSSupport13isInitSuccessEv@@Base+0x40>  // b.tstop
 3717aa0:	f9401a68 	ldr	x8, [x19, #48]
 3717aa4:	b9400508 	ldr	w8, [x8, #4]
 3717aa8:	7100011f 	cmp	w8, #0x0
 3717aac:	1a9f07e0 	cset	w0, ne	// ne = any
 3717ab0:	14000002 	b	3717ab8 <_ZN3kso12KCUPSSupport13isInitSuccessEv@@Base+0x44>
 3717ab4:	2a1f03e0 	mov	w0, wzr
 3717ab8:	a9417bfd 	ldp	x29, x30, [sp, #16]
 3717abc:	f84207f3 	ldr	x19, [sp], #32
 3717ac0:	d65f03c0 	ret
bionicx-exec: primary pid=16173 exited status=0x0; draining session
bionicx-exec: session drained children=0
