--------- beginning of main
08-12 07:37:00.980 25055 25055 I BionicX : profile=chrome display=1920x1080@144 socket=filesystem
08-12 07:37:00.991 25055 25080 I BionicX : discovered 1 IPv4 DNS server(s)
08-12 07:37:00.993 25055 25080 I BionicX : launching Google Chrome stable ARM64 smoke test: [/data/user/0/io.taowen.bx/files/bin/bionicx-exec, --direct, --cwd, /data/user/0/io.taowen.bx/files/apps/chrome/opt/google/chrome, --argv0, /data/user/0/io.taowen.bx/files/apps/chrome/opt/google/chrome/google-chrome, --env, DISPLAY=:0, --env, HOME=/data/user/0/io.taowen.bx/files/homes/chrome, --env, TMPDIR=/data/user/0/io.taowen.bx/files/run/chrome, --env, XDG_RUNTIME_DIR=/data/user/0/io.taowen.bx/files/run/chrome/runtime, --env, CHROME_WRAPPER=/data/user/0/io.taowen.bx/files/apps/chrome/opt/google/chrome/google-chrome, --env, CHROME_VERSION_EXTRA=stable, --env, GNOME_DISABLE_CRASH_DIALOG=SET_BY_GOOGLE_CHROME, --env, FONTCONFIG_PATH=/data/user/0/io.taowen.bx/files/apps/chrome/etc/fonts, --env, FONTCONFIG_FILE=fonts.conf, --env, GSETTINGS_SCHEMA_DIR=/data/user/0/io.taowen.bx/files/apps/chrome/share/glib-2.0/schemas, --env, GSETTINGS_BACKEND=memory, --env, LD_LIBRARY_PATH=/data/user/0/io.taowen.bx/files/apps/chrome/lib:/data/user/0/io.taowen.bx/files/apps/chrome/opt/google/chrome:/data/user/0/io.taowen.bx/files/rootfs/usr/lib, --env, LANG=C, --env, BIONICX_DNS_SERVERS=192.168.1.1, --env, LD_PRELOAD=/data/user/0/io.taowen.bx/files/lib/libbionicx-android-seccomp.so:/data/user/0/io.taowen.bx/files/lib/libbionicx-android-dns.so:/data/user/0/io.taowen.bx/files/lib/libbionicx-chrome.so, --, /data/user/0/io.taowen.bx/files/apps/chrome/opt/google/chrome/chrome, --no-sandbox, --disable-breakpad, --disable-crashpad-for-testing, --disable-gpu, --disable-dev-shm-usage, --no-first-run, --no-default-browser-check, --window-position=0,0, --window-size=1920,1080, --start-maximized, --user-data-dir=/data/user/0/io.taowen.bx/files/homes/chrome/profile, --ozone-platform=x11, --enable-logging=stderr, about:blank]
08-12 07:37:00.999 25055 25084 I BionicX : bionicx-exec: running untraced pid=25086
08-12 07:37:01.021 25055 25085 I BionicX : BIONICX propagated --disable-crashpad-for-testing to Chrome child
08-12 07:37:01.021 25055 25085 I BionicX : BIONICX propagated --disable-crashpad-for-testing to Chrome child
08-12 07:37:01.051 25055 25085 I BionicX : [25086:25086:0811/233701.051741:ERROR:chrome/browser/policy/browser_dm_token_storage_linux.cc:118] Error: /etc/machine-id contains 0 characters (32 were expected).
08-12 07:37:01.055 25055 25085 I BionicX : [25086:25102:0811/233701.055387:ERROR:dbus/bus.cc:405] Failed to connect to the bus: Failed to connect to socket /run/dbus/system_bus_socket: No such file or directory
08-12 07:37:01.077 25055 25085 I BionicX : [25086:25102:0811/233701.076619:ERROR:dbus/bus.cc:405] Failed to connect to the bus: Could not parse server address: Unknown address type (examples of valid types are "tcp" and on UNIX "unix")
08-12 07:37:01.077 25055 25085 I BionicX : [25086:25102:0811/233701.077072:ERROR:dbus/bus.cc:405] Failed to connect to the bus: Failed to connect to socket /run/dbus/system_bus_socket: No such file or directory
08-12 07:37:01.077 25055 25085 I BionicX : [25086:25102:0811/233701.077157:ERROR:dbus/bus.cc:405] Failed to connect to the bus: Failed to connect to socket /run/dbus/system_bus_socket: No such file or directory
08-12 07:37:01.077 25055 25085 I BionicX : [25086:25102:0811/233701.077176:ERROR:dbus/bus.cc:405] Failed to connect to the bus: Could not parse server address: Unknown address type (examples of valid types are "tcp" and on UNIX "unix")
08-12 07:37:01.079 25055 25085 I BionicX : [25086:25102:0811/233701.079692:ERROR:dbus/bus.cc:405] Failed to connect to the bus: Could not parse server address: Unknown address type (examples of valid types are "tcp" and on UNIX "unix")
08-12 07:37:01.080 25055 25085 I BionicX : [25086:25086:0811/233701.080838:INFO:components/enterprise/browser/controller/chrome_browser_cloud_management_controller.cc:241] No machine level policy manager exists.
08-12 07:37:01.082 25055 25085 I BionicX : BIONICX propagated --disable-crashpad-for-testing to Chrome child
08-12 07:37:01.102 25055 25085 I BionicX : [25086:25102:0811/233701.101563:ERROR:dbus/bus.cc:405] Failed to connect to the bus: Could not parse server address: Unknown address type (examples of valid types are "tcp" and on UNIX "unix")
08-12 07:37:01.119 25055 25085 I BionicX : [25117:25117:0811/233701.118998:WARNING:sandbox/policy/linux/sandbox_linux.cc:405] InitializeSandbox() called with multiple threads in process gpu-process.
08-12 07:37:01.141 25055 25085 I BionicX : [25086:25102:0811/233701.141321:ERROR:dbus/bus.cc:405] Failed to connect to the bus: Could not parse server address: Unknown address type (examples of valid types are "tcp" and on UNIX "unix")
08-12 07:37:01.141 25055 25085 I BionicX : [25086:25102:0811/233701.141366:ERROR:dbus/bus.cc:405] Failed to connect to the bus: Could not parse server address: Unknown address type (examples of valid types are "tcp" and on UNIX "unix")
08-12 07:37:01.202 25055 25085 I BionicX : [25086:25086:0811/233701.200566:ERROR:dbus/object_proxy.cc:572] Failed to call method: org.freedesktop.DBus.NameHasOwner: object_path= /org/freedesktop/DBus: unknown error type:
08-12 07:37:01.202 25055 25085 I BionicX : [25086:25086:0811/233701.200662:WARNING:device/bluetooth/dbus/bluez_dbus_manager.cc:209] Floss manager service not available, cannot set Floss enable/disable.
08-12 07:37:01.202 25055 25085 I BionicX : [25086:25102:0811/233701.200673:ERROR:dbus/bus.cc:405] Failed to connect to the bus: Could not parse server address: Unknown address type (examples of valid types are "tcp" and on UNIX "unix")
08-12 07:37:01.202 25055 25085 I BionicX : [25086:25086:0811/233701.200681:ERROR:dbus/object_proxy.cc:572] Failed to call method: org.freedesktop.DBus.NameHasOwner: object_path= /org/freedesktop/DBus: unknown error type:
08-12 07:37:01.202 25055 25085 I BionicX : [25086:25102:0811/233701.200719:ERROR:dbus/bus.cc:405] Failed to connect to the bus: Could not parse server address: Unknown address type (examples of valid types are "tcp" and on UNIX "unix")
08-12 07:37:01.203 25055 25085 I BionicX : [25086:25086:0811/233701.200826:ERROR:dbus/object_proxy.cc:572] Failed to call method: org.freedesktop.DBus.NameHasOwner: object_path= /org/freedesktop/DBus: unknown error type:
08-12 07:37:01.203 25055 25085 I BionicX : [25086:25086:0811/233701.201767:ERROR:dbus/object_proxy.cc:572] Failed to call method: org.freedesktop.DBus.NameHasOwner: object_path= /org/freedesktop/DBus: unknown error type:
08-12 07:37:01.221 25055 25085 I BionicX : [25086:25086:0811/233701.221827:ERROR:dbus/object_proxy.cc:572] Failed to call method: org.freedesktop.DBus.NameHasOwner: object_path= /org/freedesktop/DBus: unknown error type:
08-12 07:37:01.221 25055 25085 I BionicX : [25086:25102:0811/233701.221826:ERROR:dbus/bus.cc:405] Failed to connect to the bus: Failed to connect to socket /run/dbus/system_bus_socket: No such file or directory
08-12 07:37:01.221 25055 25085 I BionicX : [25086:25102:0811/233701.221853:ERROR:dbus/bus.cc:405] Failed to connect to the bus: Failed to connect to socket /run/dbus/system_bus_socket: No such file or directory
08-12 07:37:01.222 25055 25085 I BionicX : [25086:25086:0811/233701.222014:ERROR:dbus/object_proxy.cc:572] Failed to call method: org.freedesktop.DBus.NameHasOwner: object_path= /org/freedesktop/DBus: unknown error type:
08-12 07:37:01.222 25055 25085 I BionicX : [25086:25102:0811/233701.222084:ERROR:dbus/bus.cc:405] Failed to connect to the bus: Could not parse server address: Unknown address type (examples of valid types are "tcp" and on UNIX "unix")
08-12 07:37:01.235 25055 25085 I BionicX : [25086:25086:0811/233701.235515:WARNING:dbus/property.cc:94] Failed to connect to PropertiesChangedsignal.
08-12 07:37:01.235 25055 25085 I BionicX : [25086:25086:0811/233701.235566:ERROR:dbus/object_proxy.cc:572] Failed to call method: org.freedesktop.DBus.Properties.GetAll: object_path= /org/freedesktop/UPower/devices/DisplayDevice: unknown error type:
08-12 07:37:01.235 25055 25085 I BionicX : [25086:25086:0811/233701.235571:WARNING:dbus/property.cc:174] GetAll request failed for: org.freedesktop.UPower.Device
08-12 07:37:01.236 25055 25085 I BionicX : [25086:25086:0811/233701.235938:ERROR:dbus/object_proxy.cc:572] Failed to call method: org.freedesktop.DBus.NameHasOwner: object_path= /org/freedesktop/DBus: unknown error type:
08-12 07:37:01.236 25055 25085 I BionicX : [25086:25102:0811/233701.236265:ERROR:dbus/bus.cc:405] Failed to connect to the bus: Could not parse server address: Unknown address type (examples of valid types are "tcp" and on UNIX "unix")
08-12 07:37:01.244 25055 25085 I BionicX : [25086:25086:0811/233701.244604:ERROR:dbus/object_proxy.cc:572] Failed to call method: org.freedesktop.DBus.NameHasOwner: object_path= /org/freedesktop/DBus: unknown error type:
08-12 07:37:01.245 25055 25085 I BionicX : [25086:25102:0811/233701.244882:ERROR:dbus/bus.cc:405] Failed to connect to the bus: Could not parse server address: Unknown address type (examples of valid types are "tcp" and on UNIX "unix")
08-12 07:37:01.255 25055 25085 I BionicX : [25086:25086:0811/233701.255305:ERROR:dbus/object_proxy.cc:572] Failed to call method: org.freedesktop.DBus.NameHasOwner: object_path= /org/freedesktop/DBus: unknown error type:
08-12 07:37:01.255 25055 25085 I BionicX : [25086:25086:0811/233701.255342:WARNING:ui/base/idle/idle_linux.cc:111] None of the known D-Bus ScreenSaver services could be used.
