--------- beginning of main
08-12 07:14:30.195 18530 18530 I BionicX : profile=chrome display=1920x1080@144 socket=filesystem
08-12 07:14:30.205 18530 18557 I BionicX : discovered 1 IPv4 DNS server(s)
08-12 07:14:30.208 18530 18557 I BionicX : launching Google Chrome stable ARM64 smoke test: [/data/user/0/io.taowen.bx/files/bin/bionicx-exec, --direct, --cwd, /data/user/0/io.taowen.bx/files/apps/chrome/opt/google/chrome, --argv0, /data/user/0/io.taowen.bx/files/apps/chrome/opt/google/chrome/google-chrome, --env, DISPLAY=:0, --env, HOME=/data/user/0/io.taowen.bx/files/homes/chrome, --env, TMPDIR=/data/user/0/io.taowen.bx/files/run/chrome, --env, XDG_RUNTIME_DIR=/data/user/0/io.taowen.bx/files/run/chrome/runtime, --env, CHROME_WRAPPER=/data/user/0/io.taowen.bx/files/apps/chrome/opt/google/chrome/google-chrome, --env, CHROME_VERSION_EXTRA=stable, --env, GNOME_DISABLE_CRASH_DIALOG=SET_BY_GOOGLE_CHROME, --env, FONTCONFIG_PATH=/data/user/0/io.taowen.bx/files/apps/chrome/etc/fonts, --env, FONTCONFIG_FILE=fonts.conf, --env, LD_LIBRARY_PATH=/data/user/0/io.taowen.bx/files/apps/chrome/lib:/data/user/0/io.taowen.bx/files/apps/chrome/opt/google/chrome:/data/user/0/io.taowen.bx/files/rootfs/usr/lib, --env, LANG=C, --env, BIONICX_DNS_SERVERS=192.168.1.1, --env, LD_PRELOAD=/data/user/0/io.taowen.bx/files/lib/libbionicx-android-seccomp.so:/data/user/0/io.taowen.bx/files/lib/libbionicx-android-dns.so:/data/user/0/io.taowen.bx/files/lib/libbionicx-chrome.so, --, /data/user/0/io.taowen.bx/files/apps/chrome/opt/google/chrome/chrome, --no-sandbox, --disable-breakpad, --disable-crashpad-for-testing, --disable-gpu, --disable-dev-shm-usage, --no-first-run, --no-default-browser-check, --window-position=0,0, --window-size=1920,1080, --start-maximized, --user-data-dir=/data/user/0/io.taowen.bx/files/homes/chrome/profile, --ozone-platform=x11, --enable-logging=stderr, about:blank]
08-12 07:14:30.214 18530 18561 I BionicX : bionicx-exec: running untraced pid=18563
08-12 07:14:30.246 18530 18562 I BionicX : BIONICX propagated --disable-crashpad-for-testing to Chrome child
08-12 07:14:30.246 18530 18562 I BionicX : BIONICX propagated --disable-crashpad-for-testing to Chrome child
08-12 07:14:30.276 18530 18562 I BionicX : [18563:18563:0811/231430.276775:ERROR:chrome/browser/policy/browser_dm_token_storage_linux.cc:118] Error: /etc/machine-id contains 0 characters (32 were expected).
08-12 07:14:30.279 18530 18562 I BionicX : [18563:18578:0811/231430.279757:ERROR:dbus/bus.cc:405] Failed to connect to the bus: Failed to connect to socket /run/dbus/system_bus_socket: No such file or directory
08-12 07:14:30.302 18530 18562 I BionicX : [18563:18578:0811/231430.301744:ERROR:dbus/bus.cc:405] Failed to connect to the bus: Could not parse server address: Unknown address type (examples of valid types are "tcp" and on UNIX "unix")
08-12 07:14:30.302 18530 18562 I BionicX : [18563:18578:0811/231430.301832:ERROR:dbus/bus.cc:405] Failed to connect to the bus: Failed to connect to socket /run/dbus/system_bus_socket: No such file or directory
08-12 07:14:30.302 18530 18562 I BionicX : [18563:18578:0811/231430.301854:ERROR:dbus/bus.cc:405] Failed to connect to the bus: Failed to connect to socket /run/dbus/system_bus_socket: No such file or directory
08-12 07:14:30.302 18530 18562 I BionicX : [18563:18578:0811/231430.301860:ERROR:dbus/bus.cc:405] Failed to connect to the bus: Could not parse server address: Unknown address type (examples of valid types are "tcp" and on UNIX "unix")
08-12 07:14:30.304 18530 18562 I BionicX : [18563:18578:0811/231430.304497:ERROR:dbus/bus.cc:405] Failed to connect to the bus: Could not parse server address: Unknown address type (examples of valid types are "tcp" and on UNIX "unix")
08-12 07:14:30.307 18530 18562 I BionicX : BIONICX propagated --disable-crashpad-for-testing to Chrome child
08-12 07:14:30.321 18530 18562 I BionicX : [18563:18563:0811/231430.321184:INFO:components/enterprise/browser/controller/chrome_browser_cloud_management_controller.cc:241] No machine level policy manager exists.
08-12 07:14:30.339 18530 18562 I BionicX : [18594:18594:0811/231430.338957:WARNING:sandbox/policy/linux/sandbox_linux.cc:405] InitializeSandbox() called with multiple threads in process gpu-process.
08-12 07:14:30.340 18530 18562 I BionicX : [18563:18578:0811/231430.340146:ERROR:dbus/bus.cc:405] Failed to connect to the bus: Could not parse server address: Unknown address type (examples of valid types are "tcp" and on UNIX "unix")
08-12 07:14:30.354 18530 18562 I BionicX :
08-12 07:14:30.355 18530 18562 I BionicX : (process:18563): GLib-GIO-CRITICAL **: 23:14:30.354: g_settings_schema_source_lookup: assertion 'source != NULL' failed
08-12 07:14:30.375 18530 18562 I BionicX : [18563:18578:0811/231430.375767:ERROR:dbus/bus.cc:405] Failed to connect to the bus: Could not parse server address: Unknown address type (examples of valid types are "tcp" and on UNIX "unix")
08-12 07:14:30.375 18530 18562 I BionicX : [18563:18578:0811/231430.375831:ERROR:dbus/bus.cc:405] Failed to connect to the bus: Could not parse server address: Unknown address type (examples of valid types are "tcp" and on UNIX "unix")
08-12 07:14:30.434 18530 18562 I BionicX : [18563:18563:0811/231430.434685:ERROR:dbus/object_proxy.cc:572] Failed to call method: org.freedesktop.DBus.NameHasOwner: object_path= /org/freedesktop/DBus: unknown error type:
08-12 07:14:30.434 18530 18562 I BionicX : [18563:18563:0811/231430.434807:WARNING:device/bluetooth/dbus/bluez_dbus_manager.cc:209] Floss manager service not available, cannot set Floss enable/disable.
08-12 07:14:30.434 18530 18562 I BionicX : [18563:18563:0811/231430.434829:ERROR:dbus/object_proxy.cc:572] Failed to call method: org.freedesktop.DBus.NameHasOwner: object_path= /org/freedesktop/DBus: unknown error type:
08-12 07:14:30.434 18530 18562 I BionicX : [18563:18578:0811/231430.434864:ERROR:dbus/bus.cc:405] Failed to connect to the bus: Could not parse server address: Unknown address type (examples of valid types are "tcp" and on UNIX "unix")
08-12 07:14:30.434 18530 18562 I BionicX : [18563:18578:0811/231430.434878:ERROR:dbus/bus.cc:405] Failed to connect to the bus: Could not parse server address: Unknown address type (examples of valid types are "tcp" and on UNIX "unix")
08-12 07:14:30.435 18530 18562 I BionicX : [18563:18563:0811/231430.434972:ERROR:dbus/object_proxy.cc:572] Failed to call method: org.freedesktop.DBus.NameHasOwner: object_path= /org/freedesktop/DBus: unknown error type:
08-12 07:14:30.436 18530 18562 I BionicX : [18563:18563:0811/231430.436073:ERROR:dbus/object_proxy.cc:572] Failed to call method: org.freedesktop.DBus.NameHasOwner: object_path= /org/freedesktop/DBus: unknown error type:
08-12 07:14:30.452 18530 18562 I BionicX : [18563:18563:0811/231430.452146:ERROR:dbus/object_proxy.cc:572] Failed to call method: org.freedesktop.DBus.NameHasOwner: object_path= /org/freedesktop/DBus: unknown error type:
08-12 07:14:30.452 18530 18562 I BionicX : [18563:18578:0811/231430.452215:ERROR:dbus/bus.cc:405] Failed to connect to the bus: Failed to connect to socket /run/dbus/system_bus_socket: No such file or directory
08-12 07:14:30.452 18530 18562 I BionicX : [18563:18578:0811/231430.452245:ERROR:dbus/bus.cc:405] Failed to connect to the bus: Failed to connect to socket /run/dbus/system_bus_socket: No such file or directory
08-12 07:14:30.452 18530 18562 I BionicX : [18563:18563:0811/231430.452265:ERROR:dbus/object_proxy.cc:572] Failed to call method: org.freedesktop.DBus.NameHasOwner: object_path= /org/freedesktop/DBus: unknown error type:
08-12 07:14:30.452 18530 18562 I BionicX : [18563:18578:0811/231430.452390:ERROR:dbus/bus.cc:405] Failed to connect to the bus: Could not parse server address: Unknown address type (examples of valid types are "tcp" and on UNIX "unix")
08-12 07:14:30.462 18530 18562 I BionicX : [18563:18563:0811/231430.461890:WARNING:dbus/property.cc:94] Failed to connect to PropertiesChangedsignal.
08-12 07:14:30.462 18530 18562 I BionicX : [18563:18563:0811/231430.461912:ERROR:dbus/object_proxy.cc:572] Failed to call method: org.freedesktop.DBus.Properties.GetAll: object_path= /org/freedesktop/UPower/devices/DisplayDevice: unknown error type:
08-12 07:14:30.462 18530 18562 I BionicX : [18563:18563:0811/231430.461915:WARNING:dbus/property.cc:174] GetAll request failed for: org.freedesktop.UPower.Device
08-12 07:14:30.462 18530 18562 I BionicX : [18563:18563:0811/231430.461955:ERROR:dbus/object_proxy.cc:572] Failed to call method: org.freedesktop.DBus.NameHasOwner: object_path= /org/freedesktop/DBus: unknown error type:
08-12 07:14:30.462 18530 18562 I BionicX : [18563:18578:0811/231430.462108:ERROR:dbus/bus.cc:405] Failed to connect to the bus: Could not parse server address: Unknown address type (examples of valid types are "tcp" and on UNIX "unix")
08-12 07:14:30.468 18530 18562 I BionicX : [18563:18563:0811/231430.468298:ERROR:dbus/object_proxy.cc:572] Failed to call method: org.freedesktop.DBus.NameHasOwner: object_path= /org/freedesktop/DBus: unknown error type:
08-12 07:14:30.468 18530 18562 I BionicX : [18563:18578:0811/231430.468480:ERROR:dbus/bus.cc:405] Failed to connect to the bus: Could not parse server address: Unknown address type (examples of valid types are "tcp" and on UNIX "unix")
08-12 07:14:30.473 18530 18562 I BionicX : [18563:18563:0811/231430.473728:ERROR:dbus/object_proxy.cc:572] Failed to call method: org.freedesktop.DBus.NameHasOwner: object_path= /org/freedesktop/DBus: unknown error type:
08-12 07:14:30.473 18530 18562 I BionicX : [18563:18563:0811/231430.473788:WARNING:ui/base/idle/idle_linux.cc:111] None of the known D-Bus ScreenSaver services could be used.
