--------- beginning of main
08-12 07:00:59.792 14562 14562 I BionicX : profile=chrome display=1920x1080@144 socket=filesystem
08-12 07:00:59.804 14562 14587 I BionicX : discovered 1 IPv4 DNS server(s)
08-12 07:00:59.806 14562 14587 I BionicX : launching Google Chrome stable ARM64 smoke test: [/data/user/0/io.taowen.bx/files/bin/bionicx-exec, --direct, --cwd, /data/user/0/io.taowen.bx/files/apps/chrome/opt/google/chrome, --argv0, /data/user/0/io.taowen.bx/files/apps/chrome/opt/google/chrome/google-chrome, --env, DISPLAY=:0, --env, HOME=/data/user/0/io.taowen.bx/files/homes/chrome, --env, TMPDIR=/data/user/0/io.taowen.bx/files/run/chrome, --env, XDG_RUNTIME_DIR=/data/user/0/io.taowen.bx/files/run/chrome/runtime, --env, CHROME_WRAPPER=/data/user/0/io.taowen.bx/files/apps/chrome/opt/google/chrome/google-chrome, --env, CHROME_VERSION_EXTRA=stable, --env, GNOME_DISABLE_CRASH_DIALOG=SET_BY_GOOGLE_CHROME, --env, FONTCONFIG_PATH=/data/user/0/io.taowen.bx/files/apps/chrome/etc/fonts, --env, FONTCONFIG_FILE=fonts.conf, --env, LD_LIBRARY_PATH=/data/user/0/io.taowen.bx/files/apps/chrome/lib:/data/user/0/io.taowen.bx/files/apps/chrome/opt/google/chrome:/data/user/0/io.taowen.bx/files/rootfs/usr/lib, --env, LANG=C, --env, BIONICX_DNS_SERVERS=192.168.1.1, --env, LD_PRELOAD=/data/user/0/io.taowen.bx/files/lib/libbionicx-android-seccomp.so:/data/user/0/io.taowen.bx/files/lib/libbionicx-android-dns.so:/data/user/0/io.taowen.bx/files/lib/libbionicx-chrome.so, --, /data/user/0/io.taowen.bx/files/apps/chrome/opt/google/chrome/chrome, --no-sandbox, --disable-breakpad, --disable-crashpad-for-testing, --disable-gpu, --disable-dev-shm-usage, --no-first-run, --no-default-browser-check, --user-data-dir=/data/user/0/io.taowen.bx/files/homes/chrome/profile, --ozone-platform=x11, --enable-logging=stderr, about:blank]
08-12 07:00:59.812 14562 14591 I BionicX : bionicx-exec: running untraced pid=14593
08-12 07:00:59.838 14562 14592 I BionicX : BIONICX propagated --disable-crashpad-for-testing to Chrome child
08-12 07:00:59.838 14562 14592 I BionicX : BIONICX propagated --disable-crashpad-for-testing to Chrome child
08-12 07:00:59.865 14562 14592 I BionicX : [14593:14593:0811/230059.865037:ERROR:chrome/browser/policy/browser_dm_token_storage_linux.cc:118] Error: /etc/machine-id contains 0 characters (32 were expected).
08-12 07:00:59.868 14562 14592 I BionicX : [14593:14608:0811/230059.868193:ERROR:dbus/bus.cc:405] Failed to connect to the bus: Failed to connect to socket /run/dbus/system_bus_socket: No such file or directory
08-12 07:00:59.892 14562 14592 I BionicX : [14593:14608:0811/230059.892131:ERROR:dbus/bus.cc:405] Failed to connect to the bus: Could not parse server address: Unknown address type (examples of valid types are "tcp" and on UNIX "unix")
08-12 07:00:59.892 14562 14592 I BionicX : [14593:14608:0811/230059.892209:ERROR:dbus/bus.cc:405] Failed to connect to the bus: Failed to connect to socket /run/dbus/system_bus_socket: No such file or directory
08-12 07:00:59.892 14562 14592 I BionicX : [14593:14608:0811/230059.892325:ERROR:dbus/bus.cc:405] Failed to connect to the bus: Failed to connect to socket /run/dbus/system_bus_socket: No such file or directory
08-12 07:00:59.892 14562 14592 I BionicX : [14593:14608:0811/230059.892339:ERROR:dbus/bus.cc:405] Failed to connect to the bus: Could not parse server address: Unknown address type (examples of valid types are "tcp" and on UNIX "unix")
08-12 07:00:59.894 14562 14592 I BionicX : [14593:14608:0811/230059.894822:ERROR:dbus/bus.cc:405] Failed to connect to the bus: Could not parse server address: Unknown address type (examples of valid types are "tcp" and on UNIX "unix")
08-12 07:00:59.896 14562 14592 I BionicX : [14593:14593:0811/230059.895966:INFO:components/enterprise/browser/controller/chrome_browser_cloud_management_controller.cc:241] No machine level policy manager exists.
08-12 07:00:59.897 14562 14592 I BionicX : BIONICX propagated --disable-crashpad-for-testing to Chrome child
08-12 07:00:59.918 14562 14592 I BionicX : [14593:14608:0811/230059.917605:ERROR:dbus/bus.cc:405] Failed to connect to the bus: Could not parse server address: Unknown address type (examples of valid types are "tcp" and on UNIX "unix")
08-12 07:00:59.930 14562 14592 I BionicX : [14625:14625:0811/230059.929771:WARNING:sandbox/policy/linux/sandbox_linux.cc:405] InitializeSandbox() called with multiple threads in process gpu-process.
08-12 07:00:59.931 14562 14592 I BionicX :
08-12 07:00:59.931 14562 14592 I BionicX : (process:14593): GLib-GIO-CRITICAL **: 23:00:59.931: g_settings_schema_source_lookup: assertion 'source != NULL' failed
08-12 07:00:59.951 14562 14592 I BionicX : [14593:14608:0811/230059.951893:ERROR:dbus/bus.cc:405] Failed to connect to the bus: Could not parse server address: Unknown address type (examples of valid types are "tcp" and on UNIX "unix")
08-12 07:00:59.952 14562 14592 I BionicX : [14593:14608:0811/230059.951927:ERROR:dbus/bus.cc:405] Failed to connect to the bus: Could not parse server address: Unknown address type (examples of valid types are "tcp" and on UNIX "unix")
08-12 07:01:00.011 14562 14592 I BionicX : [14593:14593:0811/230100.010923:ERROR:dbus/object_proxy.cc:572] Failed to call method: org.freedesktop.DBus.NameHasOwner: object_path= /org/freedesktop/DBus: unknown error type:
08-12 07:01:00.011 14562 14592 I BionicX : [14593:14593:0811/230100.011023:WARNING:device/bluetooth/dbus/bluez_dbus_manager.cc:209] Floss manager service not available, cannot set Floss enable/disable.
08-12 07:01:00.011 14562 14592 I BionicX : [14593:14593:0811/230100.011041:ERROR:dbus/object_proxy.cc:572] Failed to call method: org.freedesktop.DBus.NameHasOwner: object_path= /org/freedesktop/DBus: unknown error type:
08-12 07:01:00.011 14562 14592 I BionicX : [14593:14593:0811/230100.011212:ERROR:dbus/object_proxy.cc:572] Failed to call method: org.freedesktop.DBus.NameHasOwner: object_path= /org/freedesktop/DBus: unknown error type:
08-12 07:01:00.012 14562 14592 I BionicX : [14593:14593:0811/230100.012134:ERROR:dbus/object_proxy.cc:572] Failed to call method: org.freedesktop.DBus.NameHasOwner: object_path= /org/freedesktop/DBus: unknown error type:
08-12 07:01:00.016 14562 14592 I BionicX : [14593:14608:0811/230100.015735:ERROR:dbus/bus.cc:405] Failed to connect to the bus: Could not parse server address: Unknown address type (examples of valid types are "tcp" and on UNIX "unix")
08-12 07:01:00.016 14562 14592 I BionicX : [14593:14608:0811/230100.015991:ERROR:dbus/bus.cc:405] Failed to connect to the bus: Could not parse server address: Unknown address type (examples of valid types are "tcp" and on UNIX "unix")
08-12 07:01:00.016 14562 14592 I BionicX : [14593:14593:0811/230100.016315:WARNING:ui/gfx/x/connection.cc:61] X error received.  Request: XFixes::SelectSelectionInputRequest, Error: Render::PictOpError{.sequence = 199, .bad_value = 7, .minor_opcode = 2, .major_opcode = 151}
08-12 07:01:00.018 14562 14592 I BionicX : [14593:14593:0811/230100.016382:WARNING:ui/gfx/x/connection.cc:61] X error received.  Request: XFixes::SelectSelectionInputRequest, Error: Render::PictOpError{.sequence = 200, .bad_value = 7, .minor_opcode = 2, .major_opcode = 151}
08-12 07:01:00.018 14562 14592 I BionicX : [14593:14593:0811/230100.017134:WARNING:ui/gfx/x/connection.cc:61] X error received.  Request: XFixes::SelectSelectionInputRequest, Error: Render::PictOpError{.sequence = 216, .bad_value = 7, .minor_opcode = 2, .major_opcode = 151}
08-12 07:01:00.030 14562 14592 I BionicX : [14593:14608:0811/230100.030482:ERROR:dbus/bus.cc:405] Failed to connect to the bus: Failed to connect to socket /run/dbus/system_bus_socket: No such file or directory
08-12 07:01:00.030 14562 14592 I BionicX : [14593:14608:0811/230100.030569:ERROR:dbus/bus.cc:405] Failed to connect to the bus: Failed to connect to socket /run/dbus/system_bus_socket: No such file or directory
08-12 07:01:00.037 14562 14592 I BionicX : [14593:14593:0811/230100.036993:ERROR:dbus/object_proxy.cc:572] Failed to call method: org.freedesktop.DBus.NameHasOwner: object_path= /org/freedesktop/DBus: unknown error type:
08-12 07:01:00.037 14562 14592 I BionicX : [14593:14593:0811/230100.037321:ERROR:dbus/object_proxy.cc:572] Failed to call method: org.freedesktop.DBus.NameHasOwner: object_path= /org/freedesktop/DBus: unknown error type:
08-12 07:01:00.037 14562 14592 I BionicX : [14593:14608:0811/230100.037464:ERROR:dbus/bus.cc:405] Failed to connect to the bus: Could not parse server address: Unknown address type (examples of valid types are "tcp" and on UNIX "unix")
08-12 07:01:00.044 14562 14592 I BionicX : [14593:14593:0811/230100.044150:WARNING:dbus/property.cc:94] Failed to connect to PropertiesChangedsignal.
08-12 07:01:00.044 14562 14592 I BionicX : [14593:14593:0811/230100.044240:ERROR:dbus/object_proxy.cc:572] Failed to call method: org.freedesktop.DBus.Properties.GetAll: object_path= /org/freedesktop/UPower/devices/DisplayDevice: unknown error type:
08-12 07:01:00.044 14562 14592 I BionicX : [14593:14593:0811/230100.044245:WARNING:dbus/property.cc:174] GetAll request failed for: org.freedesktop.UPower.Device
08-12 07:01:00.048 14562 14592 I BionicX : [14593:14593:0811/230100.047948:ERROR:dbus/object_proxy.cc:572] Failed to call method: org.freedesktop.DBus.NameHasOwner: object_path= /org/freedesktop/DBus: unknown error type:
08-12 07:01:00.048 14562 14592 I BionicX : [14593:14608:0811/230100.048031:ERROR:dbus/bus.cc:405] Failed to connect to the bus: Could not parse server address: Unknown address type (examples of valid types are "tcp" and on UNIX "unix")
08-12 07:01:00.052 14562 14592 I BionicX : [14593:14593:0811/230100.052494:ERROR:dbus/object_proxy.cc:572] Failed to call method: org.freedesktop.DBus.NameHasOwner: object_path= /org/freedesktop/DBus: unknown error type:
08-12 07:01:00.052 14562 14592 I BionicX : [14593:14608:0811/230100.052567:ERROR:dbus/bus.cc:405] Failed to connect to the bus: Could not parse server address: Unknown address type (examples of valid types are "tcp" and on UNIX "unix")
08-12 07:01:00.060 14562 14592 I BionicX : [14593:14593:0811/230100.058554:ERROR:dbus/object_proxy.cc:572] Failed to call method: org.freedesktop.DBus.NameHasOwner: object_path= /org/freedesktop/DBus: unknown error type:
08-12 07:01:00.060 14562 14592 I BionicX : [14593:14593:0811/230100.058567:WARNING:ui/base/idle/idle_linux.cc:111] None of the known D-Bus ScreenSaver services could be used.
