--------- beginning of main
08-12 07:30:37.507 22851 22851 I BionicX : profile=chrome display=1920x1080@144 socket=filesystem
08-12 07:30:37.518 22851 22880 I BionicX : discovered 1 IPv4 DNS server(s)
08-12 07:30:37.521 22851 22880 I BionicX : launching Google Chrome stable ARM64 smoke test: [/data/user/0/io.taowen.bx/files/bin/bionicx-exec, --direct, --cwd, /data/user/0/io.taowen.bx/files/apps/chrome/opt/google/chrome, --argv0, /data/user/0/io.taowen.bx/files/apps/chrome/opt/google/chrome/google-chrome, --env, DISPLAY=:0, --env, HOME=/data/user/0/io.taowen.bx/files/homes/chrome, --env, TMPDIR=/data/user/0/io.taowen.bx/files/run/chrome, --env, XDG_RUNTIME_DIR=/data/user/0/io.taowen.bx/files/run/chrome/runtime, --env, CHROME_WRAPPER=/data/user/0/io.taowen.bx/files/apps/chrome/opt/google/chrome/google-chrome, --env, CHROME_VERSION_EXTRA=stable, --env, GNOME_DISABLE_CRASH_DIALOG=SET_BY_GOOGLE_CHROME, --env, FONTCONFIG_PATH=/data/user/0/io.taowen.bx/files/apps/chrome/etc/fonts, --env, FONTCONFIG_FILE=fonts.conf, --env, LD_LIBRARY_PATH=/data/user/0/io.taowen.bx/files/apps/chrome/lib:/data/user/0/io.taowen.bx/files/apps/chrome/opt/google/chrome:/data/user/0/io.taowen.bx/files/rootfs/usr/lib, --env, LANG=C, --env, BIONICX_DNS_SERVERS=192.168.1.1, --env, LD_PRELOAD=/data/user/0/io.taowen.bx/files/lib/libbionicx-android-seccomp.so:/data/user/0/io.taowen.bx/files/lib/libbionicx-android-dns.so:/data/user/0/io.taowen.bx/files/lib/libbionicx-chrome.so, --, /data/user/0/io.taowen.bx/files/apps/chrome/opt/google/chrome/chrome, --no-sandbox, --disable-breakpad, --disable-crashpad-for-testing, --disable-gpu, --disable-dev-shm-usage, --no-first-run, --no-default-browser-check, --window-position=0,0, --window-size=1920,1080, --start-maximized, --user-data-dir=/data/user/0/io.taowen.bx/files/homes/chrome/profile, --ozone-platform=x11, --enable-logging=stderr, about:blank]
08-12 07:30:37.528 22851 22884 I BionicX : bionicx-exec: running untraced pid=22887
08-12 07:30:37.558 22851 22885 I BionicX : BIONICX propagated --disable-crashpad-for-testing to Chrome child
08-12 07:30:37.559 22851 22885 I BionicX : BIONICX propagated --disable-crashpad-for-testing to Chrome child
08-12 07:30:37.589 22851 22885 I BionicX : [22887:22887:0811/233037.589576:ERROR:chrome/browser/policy/browser_dm_token_storage_linux.cc:118] Error: /etc/machine-id contains 0 characters (32 were expected).
08-12 07:30:37.594 22851 22885 I BionicX : [22887:22903:0811/233037.593911:ERROR:dbus/bus.cc:405] Failed to connect to the bus: Failed to connect to socket /run/dbus/system_bus_socket: No such file or directory
08-12 07:30:37.618 22851 22885 I BionicX : [22887:22903:0811/233037.618655:ERROR:dbus/bus.cc:405] Failed to connect to the bus: Could not parse server address: Unknown address type (examples of valid types are "tcp" and on UNIX "unix")
08-12 07:30:37.618 22851 22885 I BionicX : [22887:22903:0811/233037.618742:ERROR:dbus/bus.cc:405] Failed to connect to the bus: Failed to connect to socket /run/dbus/system_bus_socket: No such file or directory
08-12 07:30:37.618 22851 22885 I BionicX : [22887:22903:0811/233037.618766:ERROR:dbus/bus.cc:405] Failed to connect to the bus: Failed to connect to socket /run/dbus/system_bus_socket: No such file or directory
08-12 07:30:37.620 22851 22885 I BionicX : [22887:22903:0811/233037.619039:ERROR:dbus/bus.cc:405] Failed to connect to the bus: Could not parse server address: Unknown address type (examples of valid types are "tcp" and on UNIX "unix")
08-12 07:30:37.622 22851 22885 I BionicX : [22887:22903:0811/233037.622062:ERROR:dbus/bus.cc:405] Failed to connect to the bus: Could not parse server address: Unknown address type (examples of valid types are "tcp" and on UNIX "unix")
08-12 07:30:37.623 22851 22885 I BionicX : [22887:22887:0811/233037.623466:INFO:components/enterprise/browser/controller/chrome_browser_cloud_management_controller.cc:241] No machine level policy manager exists.
08-12 07:30:37.626 22851 22885 I BionicX : BIONICX propagated --disable-crashpad-for-testing to Chrome child
08-12 07:30:37.645 22851 22885 I BionicX : [22887:22903:0811/233037.645066:ERROR:dbus/bus.cc:405] Failed to connect to the bus: Could not parse server address: Unknown address type (examples of valid types are "tcp" and on UNIX "unix")
08-12 07:30:37.659 22851 22885 I BionicX : [22917:22917:0811/233037.659464:WARNING:sandbox/policy/linux/sandbox_linux.cc:405] InitializeSandbox() called with multiple threads in process gpu-process.
08-12 07:30:37.665 22851 22885 I BionicX :
08-12 07:30:37.665 22851 22885 I BionicX : (process:22887): GLib-GIO-CRITICAL **: 23:30:37.665: g_settings_schema_source_lookup: assertion 'source != NULL' failed
08-12 07:30:37.688 22851 22885 I BionicX : [22887:22903:0811/233037.687937:ERROR:dbus/bus.cc:405] Failed to connect to the bus: Could not parse server address: Unknown address type (examples of valid types are "tcp" and on UNIX "unix")
08-12 07:30:37.688 22851 22885 I BionicX : [22887:22903:0811/233037.687971:ERROR:dbus/bus.cc:405] Failed to connect to the bus: Could not parse server address: Unknown address type (examples of valid types are "tcp" and on UNIX "unix")
08-12 07:30:37.749 22851 22885 I BionicX : [22887:22887:0811/233037.749743:ERROR:dbus/object_proxy.cc:572] Failed to call method: org.freedesktop.DBus.NameHasOwner: object_path= /org/freedesktop/DBus: unknown error type:
08-12 07:30:37.750 22851 22885 I BionicX : [22887:22903:0811/233037.749858:ERROR:dbus/bus.cc:405] Failed to connect to the bus: Could not parse server address: Unknown address type (examples of valid types are "tcp" and on UNIX "unix")
08-12 07:30:37.750 22851 22885 I BionicX : [22887:22887:0811/233037.749870:WARNING:device/bluetooth/dbus/bluez_dbus_manager.cc:209] Floss manager service not available, cannot set Floss enable/disable.
08-12 07:30:37.750 22851 22885 I BionicX : [22887:22887:0811/233037.749892:ERROR:dbus/object_proxy.cc:572] Failed to call method: org.freedesktop.DBus.NameHasOwner: object_path= /org/freedesktop/DBus: unknown error type:
08-12 07:30:37.750 22851 22885 I BionicX : [22887:22887:0811/233037.750063:ERROR:dbus/object_proxy.cc:572] Failed to call method: org.freedesktop.DBus.NameHasOwner: object_path= /org/freedesktop/DBus: unknown error type:
08-12 07:30:37.750 22851 22885 I BionicX : [22887:22903:0811/233037.750354:ERROR:dbus/bus.cc:405] Failed to connect to the bus: Could not parse server address: Unknown address type (examples of valid types are "tcp" and on UNIX "unix")
08-12 07:30:37.751 22851 22885 I BionicX : [22887:22887:0811/233037.751135:ERROR:dbus/object_proxy.cc:572] Failed to call method: org.freedesktop.DBus.NameHasOwner: object_path= /org/freedesktop/DBus: unknown error type:
08-12 07:30:37.765 22851 22885 I BionicX : [22887:22887:0811/233037.764932:ERROR:dbus/object_proxy.cc:572] Failed to call method: org.freedesktop.DBus.NameHasOwner: object_path= /org/freedesktop/DBus: unknown error type:
08-12 07:30:37.765 22851 22885 I BionicX : [22887:22903:0811/233037.764945:ERROR:dbus/bus.cc:405] Failed to connect to the bus: Failed to connect to socket /run/dbus/system_bus_socket: No such file or directory
08-12 07:30:37.765 22851 22885 I BionicX : [22887:22903:0811/233037.764974:ERROR:dbus/bus.cc:405] Failed to connect to the bus: Failed to connect to socket /run/dbus/system_bus_socket: No such file or directory
08-12 07:30:37.765 22851 22885 I BionicX : [22887:22887:0811/233037.765112:ERROR:dbus/object_proxy.cc:572] Failed to call method: org.freedesktop.DBus.NameHasOwner: object_path= /org/freedesktop/DBus: unknown error type:
08-12 07:30:37.765 22851 22885 I BionicX : [22887:22903:0811/233037.765155:ERROR:dbus/bus.cc:405] Failed to connect to the bus: Could not parse server address: Unknown address type (examples of valid types are "tcp" and on UNIX "unix")
08-12 07:30:37.774 22851 22885 I BionicX : [22887:22887:0811/233037.774592:WARNING:dbus/property.cc:94] Failed to connect to PropertiesChangedsignal.
08-12 07:30:37.775 22851 22885 I BionicX : [22887:22887:0811/233037.774904:ERROR:dbus/object_proxy.cc:572] Failed to call method: org.freedesktop.DBus.Properties.GetAll: object_path= /org/freedesktop/UPower/devices/DisplayDevice: unknown error type:
08-12 07:30:37.775 22851 22885 I BionicX : [22887:22887:0811/233037.774910:WARNING:dbus/property.cc:174] GetAll request failed for: org.freedesktop.UPower.Device
08-12 07:30:37.775 22851 22885 I BionicX : [22887:22887:0811/233037.774925:ERROR:dbus/object_proxy.cc:572] Failed to call method: org.freedesktop.DBus.NameHasOwner: object_path= /org/freedesktop/DBus: unknown error type:
08-12 07:30:37.775 22851 22885 I BionicX : [22887:22903:0811/233037.775118:ERROR:dbus/bus.cc:405] Failed to connect to the bus: Could not parse server address: Unknown address type (examples of valid types are "tcp" and on UNIX "unix")
08-12 07:30:37.781 22851 22885 I BionicX : [22887:22887:0811/233037.780194:ERROR:dbus/object_proxy.cc:572] Failed to call method: org.freedesktop.DBus.NameHasOwner: object_path= /org/freedesktop/DBus: unknown error type:
08-12 07:30:37.781 22851 22885 I BionicX : [22887:22903:0811/233037.780294:ERROR:dbus/bus.cc:405] Failed to connect to the bus: Could not parse server address: Unknown address type (examples of valid types are "tcp" and on UNIX "unix")
08-12 07:30:37.787 22851 22885 I BionicX : [22887:22887:0811/233037.787572:ERROR:dbus/object_proxy.cc:572] Failed to call method: org.freedesktop.DBus.NameHasOwner: object_path= /org/freedesktop/DBus: unknown error type:
08-12 07:30:37.787 22851 22885 I BionicX : [22887:22887:0811/233037.787603:WARNING:ui/base/idle/idle_linux.cc:111] None of the known D-Bus ScreenSaver services could be used.
