--------- beginning of main
08-12 07:09:13.982 16870 16870 I BionicX : profile=chrome display=1920x1080@144 socket=filesystem
08-12 07:09:13.993 16870 16895 I BionicX : discovered 1 IPv4 DNS server(s)
08-12 07:09:13.996 16870 16895 I BionicX : launching Google Chrome stable ARM64 smoke test: [/data/user/0/io.taowen.bx/files/bin/bionicx-exec, --direct, --cwd, /data/user/0/io.taowen.bx/files/apps/chrome/opt/google/chrome, --argv0, /data/user/0/io.taowen.bx/files/apps/chrome/opt/google/chrome/google-chrome, --env, DISPLAY=:0, --env, HOME=/data/user/0/io.taowen.bx/files/homes/chrome, --env, TMPDIR=/data/user/0/io.taowen.bx/files/run/chrome, --env, XDG_RUNTIME_DIR=/data/user/0/io.taowen.bx/files/run/chrome/runtime, --env, CHROME_WRAPPER=/data/user/0/io.taowen.bx/files/apps/chrome/opt/google/chrome/google-chrome, --env, CHROME_VERSION_EXTRA=stable, --env, GNOME_DISABLE_CRASH_DIALOG=SET_BY_GOOGLE_CHROME, --env, FONTCONFIG_PATH=/data/user/0/io.taowen.bx/files/apps/chrome/etc/fonts, --env, FONTCONFIG_FILE=fonts.conf, --env, LD_LIBRARY_PATH=/data/user/0/io.taowen.bx/files/apps/chrome/lib:/data/user/0/io.taowen.bx/files/apps/chrome/opt/google/chrome:/data/user/0/io.taowen.bx/files/rootfs/usr/lib, --env, LANG=C, --env, BIONICX_DNS_SERVERS=192.168.1.1, --env, LD_PRELOAD=/data/user/0/io.taowen.bx/files/lib/libbionicx-android-seccomp.so:/data/user/0/io.taowen.bx/files/lib/libbionicx-android-dns.so:/data/user/0/io.taowen.bx/files/lib/libbionicx-chrome.so, --, /data/user/0/io.taowen.bx/files/apps/chrome/opt/google/chrome/chrome, --no-sandbox, --disable-breakpad, --disable-crashpad-for-testing, --disable-gpu, --disable-dev-shm-usage, --no-first-run, --no-default-browser-check, --window-position=0,0, --window-size=1920,1080, --start-maximized, --user-data-dir=/data/user/0/io.taowen.bx/files/homes/chrome/profile, --ozone-platform=x11, --enable-logging=stderr, about:blank]
08-12 07:09:14.001 16870 16899 I BionicX : bionicx-exec: running untraced pid=16901
08-12 07:09:14.029 16870 16900 I BionicX : BIONICX propagated --disable-crashpad-for-testing to Chrome child
08-12 07:09:14.029 16870 16900 I BionicX : BIONICX propagated --disable-crashpad-for-testing to Chrome child
08-12 07:09:14.056 16870 16900 I BionicX : [16901:16901:0811/230914.056439:ERROR:chrome/browser/policy/browser_dm_token_storage_linux.cc:118] Error: /etc/machine-id contains 0 characters (32 were expected).
08-12 07:09:14.060 16870 16900 I BionicX : [16901:16919:0811/230914.060452:ERROR:dbus/bus.cc:405] Failed to connect to the bus: Failed to connect to socket /run/dbus/system_bus_socket: No such file or directory
08-12 07:09:14.082 16870 16900 I BionicX : [16901:16919:0811/230914.082347:ERROR:dbus/bus.cc:405] Failed to connect to the bus: Could not parse server address: Unknown address type (examples of valid types are "tcp" and on UNIX "unix")
08-12 07:09:14.082 16870 16900 I BionicX : [16901:16919:0811/230914.082747:ERROR:dbus/bus.cc:405] Failed to connect to the bus: Failed to connect to socket /run/dbus/system_bus_socket: No such file or directory
08-12 07:09:14.082 16870 16900 I BionicX : [16901:16919:0811/230914.082854:ERROR:dbus/bus.cc:405] Failed to connect to the bus: Failed to connect to socket /run/dbus/system_bus_socket: No such file or directory
08-12 07:09:14.083 16870 16900 I BionicX : [16901:16919:0811/230914.082866:ERROR:dbus/bus.cc:405] Failed to connect to the bus: Could not parse server address: Unknown address type (examples of valid types are "tcp" and on UNIX "unix")
08-12 07:09:14.085 16870 16900 I BionicX : [16901:16919:0811/230914.085296:ERROR:dbus/bus.cc:405] Failed to connect to the bus: Could not parse server address: Unknown address type (examples of valid types are "tcp" and on UNIX "unix")
08-12 07:09:14.086 16870 16900 I BionicX : [16901:16901:0811/230914.086282:INFO:components/enterprise/browser/controller/chrome_browser_cloud_management_controller.cc:241] No machine level policy manager exists.
08-12 07:09:14.088 16870 16900 I BionicX : BIONICX propagated --disable-crashpad-for-testing to Chrome child
08-12 07:09:14.109 16870 16900 I BionicX : [16901:16919:0811/230914.108932:ERROR:dbus/bus.cc:405] Failed to connect to the bus: Could not parse server address: Unknown address type (examples of valid types are "tcp" and on UNIX "unix")
08-12 07:09:14.124 16870 16900 I BionicX : [16934:16934:0811/230914.124369:WARNING:sandbox/policy/linux/sandbox_linux.cc:405] InitializeSandbox() called with multiple threads in process gpu-process.
08-12 07:09:14.125 16870 16900 I BionicX :
08-12 07:09:14.126 16870 16900 I BionicX : (process:16901): GLib-GIO-CRITICAL **: 23:09:14.125: g_settings_schema_source_lookup: assertion 'source != NULL' failed
08-12 07:09:14.146 16870 16900 I BionicX : [16901:16919:0811/230914.146666:ERROR:dbus/bus.cc:405] Failed to connect to the bus: Could not parse server address: Unknown address type (examples of valid types are "tcp" and on UNIX "unix")
08-12 07:09:14.146 16870 16900 I BionicX : [16901:16919:0811/230914.146699:ERROR:dbus/bus.cc:405] Failed to connect to the bus: Could not parse server address: Unknown address type (examples of valid types are "tcp" and on UNIX "unix")
08-12 07:09:14.205 16870 16900 I BionicX : [16901:16901:0811/230914.205261:ERROR:dbus/object_proxy.cc:572] Failed to call method: org.freedesktop.DBus.NameHasOwner: object_path= /org/freedesktop/DBus: unknown error type:
08-12 07:09:14.205 16870 16900 I BionicX : [16901:16901:0811/230914.205345:WARNING:device/bluetooth/dbus/bluez_dbus_manager.cc:209] Floss manager service not available, cannot set Floss enable/disable.
08-12 07:09:14.205 16870 16900 I BionicX : [16901:16901:0811/230914.205361:ERROR:dbus/object_proxy.cc:572] Failed to call method: org.freedesktop.DBus.NameHasOwner: object_path= /org/freedesktop/DBus: unknown error type:
08-12 07:09:14.205 16870 16900 I BionicX : [16901:16919:0811/230914.205358:ERROR:dbus/bus.cc:405] Failed to connect to the bus: Could not parse server address: Unknown address type (examples of valid types are "tcp" and on UNIX "unix")
08-12 07:09:14.205 16870 16900 I BionicX : [16901:16919:0811/230914.205408:ERROR:dbus/bus.cc:405] Failed to connect to the bus: Could not parse server address: Unknown address type (examples of valid types are "tcp" and on UNIX "unix")
08-12 07:09:14.205 16870 16900 I BionicX : [16901:16901:0811/230914.205523:ERROR:dbus/object_proxy.cc:572] Failed to call method: org.freedesktop.DBus.NameHasOwner: object_path= /org/freedesktop/DBus: unknown error type:
08-12 07:09:14.206 16870 16900 I BionicX : [16901:16901:0811/230914.206559:ERROR:dbus/object_proxy.cc:572] Failed to call method: org.freedesktop.DBus.NameHasOwner: object_path= /org/freedesktop/DBus: unknown error type:
08-12 07:09:14.210 16870 16900 I BionicX : [16901:16901:0811/230914.210638:WARNING:ui/gfx/x/connection.cc:61] X error received.  Request: XFixes::SelectSelectionInputRequest, Error: Render::PictOpError{.sequence = 199, .bad_value = 7, .minor_opcode = 2, .major_opcode = 151}
08-12 07:09:14.211 16870 16900 I BionicX : [16901:16901:0811/230914.210676:WARNING:ui/gfx/x/connection.cc:61] X error received.  Request: XFixes::SelectSelectionInputRequest, Error: Render::PictOpError{.sequence = 200, .bad_value = 7, .minor_opcode = 2, .major_opcode = 151}
08-12 07:09:14.211 16870 16900 I BionicX : [16901:16901:0811/230914.211266:WARNING:ui/gfx/x/connection.cc:61] X error received.  Request: XFixes::SelectSelectionInputRequest, Error: Render::PictOpError{.sequence = 216, .bad_value = 7, .minor_opcode = 2, .major_opcode = 151}
08-12 07:09:14.224 16870 16900 I BionicX : [16901:16901:0811/230914.224071:ERROR:dbus/object_proxy.cc:572] Failed to call method: org.freedesktop.DBus.NameHasOwner: object_path= /org/freedesktop/DBus: unknown error type:
08-12 07:09:14.224 16870 16900 I BionicX : [16901:16919:0811/230914.224078:ERROR:dbus/bus.cc:405] Failed to connect to the bus: Failed to connect to socket /run/dbus/system_bus_socket: No such file or directory
08-12 07:09:14.224 16870 16900 I BionicX : [16901:16919:0811/230914.224107:ERROR:dbus/bus.cc:405] Failed to connect to the bus: Failed to connect to socket /run/dbus/system_bus_socket: No such file or directory
08-12 07:09:14.224 16870 16900 I BionicX : [16901:16901:0811/230914.224261:ERROR:dbus/object_proxy.cc:572] Failed to call method: org.freedesktop.DBus.NameHasOwner: object_path= /org/freedesktop/DBus: unknown error type:
08-12 07:09:14.224 16870 16900 I BionicX : [16901:16919:0811/230914.224339:ERROR:dbus/bus.cc:405] Failed to connect to the bus: Could not parse server address: Unknown address type (examples of valid types are "tcp" and on UNIX "unix")
08-12 07:09:14.237 16870 16900 I BionicX : [16901:16901:0811/230914.237576:WARNING:dbus/property.cc:94] Failed to connect to PropertiesChangedsignal.
08-12 07:09:14.237 16870 16900 I BionicX : [16901:16901:0811/230914.237620:ERROR:dbus/object_proxy.cc:572] Failed to call method: org.freedesktop.DBus.Properties.GetAll: object_path= /org/freedesktop/UPower/devices/DisplayDevice: unknown error type:
08-12 07:09:14.237 16870 16900 I BionicX : [16901:16901:0811/230914.237625:WARNING:dbus/property.cc:174] GetAll request failed for: org.freedesktop.UPower.Device
08-12 07:09:14.238 16870 16900 I BionicX : [16901:16901:0811/230914.238008:ERROR:dbus/object_proxy.cc:572] Failed to call method: org.freedesktop.DBus.NameHasOwner: object_path= /org/freedesktop/DBus: unknown error type:
08-12 07:09:14.238 16870 16900 I BionicX : [16901:16919:0811/230914.238116:ERROR:dbus/bus.cc:405] Failed to connect to the bus: Could not parse server address: Unknown address type (examples of valid types are "tcp" and on UNIX "unix")
08-12 07:09:14.245 16870 16900 I BionicX : [16901:16901:0811/230914.245249:ERROR:dbus/object_proxy.cc:572] Failed to call method: org.freedesktop.DBus.NameHasOwner: object_path= /org/freedesktop/DBus: unknown error type:
08-12 07:09:14.245 16870 16900 I BionicX : [16901:16919:0811/230914.245429:ERROR:dbus/bus.cc:405] Failed to connect to the bus: Could not parse server address: Unknown address type (examples of valid types are "tcp" and on UNIX "unix")
08-12 07:09:14.251 16870 16900 I BionicX : [16901:16901:0811/230914.250954:ERROR:dbus/object_proxy.cc:572] Failed to call method: org.freedesktop.DBus.NameHasOwner: object_path= /org/freedesktop/DBus: unknown error type:
08-12 07:09:14.251 16870 16900 I BionicX : [16901:16901:0811/230914.250973:WARNING:ui/base/idle/idle_linux.cc:111] None of the known D-Bus ScreenSaver services could be used.
