x300 serial: 01408BH601027129
Android package: io.taowen.bx
rootfs content ID: b7ea6f1f1aac7a71432910ec5bcd78511d4f74870ec490586da1512e5e0da049

FileZilla 3.68.1, org.freedesktop.DBus.ListNames:
   array [
      string "org.freedesktop.DBus"
      string ":1.3" (query client)
      string ":1.0"
      string ":1.1"
   ]
GetConnectionUnixProcessID string:":1.0" -> uint32 10540
GetConnectionUnixProcessID string:":1.1" -> uint32 10540
ps: pid 10540 ld-linux-aarch64.so.1 (FileZilla launch recorded by BionicX)
prior `Could not parse server address` diagnostic: absent

Thunderbird 140.13 ESR, org.freedesktop.DBus.ListNames:
   array [
      string "org.freedesktop.DBus"
      string ":1.0"
      string ":1.1" (query client)
      string "org.mozilla.thunderbird.L2RhdGEvdXNlci8wL2lvLnRhb3dlbi5ieC9maWxlcy9ob21lcy90aHVuZGVyYmlyZA__"
   ]
account-setup UI: rendered
D-Bus connection/activation diagnostics in captured BionicX log: none

Final canonical rootfs recheck:
rootfs content ID: 84e4d9c00d4049517093ed2217b48bea0014c7ec9d44114c0c15b58d377cff38
dbus package: 1.16.2-2 (explicit apt root)
dbus-probe ListNames: org.freedesktop.DBus, :1.0; exit 0
FileZilla ListNames: org.freedesktop.DBus, :1.0, :1.1, query client :1.2
prior `Could not parse server address` diagnostic: absent
