08-11 23:41:04.324 32372 32398 I BionicX : launching BionicX glibc/kernel/X11 runtime probe: [/data/user/0/io.taowen.bx/files/bin/bionicx-exec, --loader, /data/user/0/io.taowen.bx/files/rootfs/usr/lib/ld-linux-aarch64.so.1, --library-path, /data/user/0/io.taowen.bx/files/apps/runtime-probe/lib:/data/user/0/io.taowen.bx/files/rootfs/usr/lib, --cwd, /data/user/0/io.taowen.bx/files/apps/runtime-probe, --env, DISPLAY=:0, --env, HOME=/data/user/0/io.taowen.bx/files/homes/runtime-probe, --env, TMPDIR=/data/user/0/io.taowen.bx/files/run/runtime-probe, --env, LANG=en_US.UTF-8, --env, LOCPATH=/data/user/0/io.taowen.bx/files/rootfs/usr/lib/locale, --, /data/user/0/io.taowen.bx/files/apps/runtime-probe/bin/runtime-probe, --duration, 8]
08-11 23:41:04.328 32372 32398 I BionicX : bionicx-exec: running untraced pid=32402
08-11 23:41:04.329 32372 32398 I BionicX : BXTEST PASS runtime-identity glibc=2.39 pid=32402 page=4096
08-11 23:41:04.329 32372 32398 I BionicX : BXTEST PASS pthread-create-join
08-11 23:41:04.330 32372 32398 I BionicX : BXTEST PASS pthread-robust-mutex isolated-exit=0
08-11 23:41:04.330 32372 32398 I BionicX : BXTEST PASS fork-wait
08-11 23:41:04.330 32372 32398 I BionicX : BXTEST PASS eventfd-epoll
08-11 23:41:04.350 32372 32398 I BionicX : BXTEST PASS timerfd-poll
08-11 23:41:04.350 32372 32398 I BionicX : BXTEST PASS signalfd
08-11 23:41:04.350 32372 32398 I BionicX : BXTEST PASS memfd-shared-mmap
08-11 23:41:04.350 32372 32398 I BionicX : BXTEST PASS mprotect
08-11 23:41:04.350 32372 32398 I BionicX : BXTEST PASS unix-scm-rights
08-11 23:41:04.351 32372 32398 I BionicX : BXTEST PASS unix-filesystem-socket
08-11 23:41:04.351 32372 32398 I BionicX : BXTEST PASS tcp-loopback connect
08-11 23:41:04.351 32372 32398 I BionicX : BXTEST PASS inotify
08-11 23:41:04.351 32372 32398 I BionicX : BXTEST PASS procfs
08-11 23:41:04.352 32372 32398 I BionicX : BXTEST PASS dlopen-libm
08-11 23:41:04.352 32372 32398 I BionicX : BXTEST PASS getrandom
08-11 23:41:04.352 32372 32398 I BionicX : BXTEST PASS unnamed-semaphore
08-11 23:41:04.352 32372 32398 I BionicX : BXTEST PASS locale-utf8
08-11 23:41:04.352 32372 32398 I BionicX : BXTEST PASS prctl-name
08-11 23:41:04.352 32372 32398 I BionicX : BXCAP raw-set-robust-list signal value=31 (Bad system call)
08-11 23:41:04.353 32372 32398 I BionicX : BXCAP user-namespace denied value=22 (Invalid argument)
08-11 23:41:04.353 32372 32398 I BionicX : BXCAP sysv-shm signal value=31 (Bad system call)
08-11 23:41:04.353 32372 32398 I BionicX : BXCAP posix-shm available value=0 (none)
08-11 23:41:12.384 32372 32398 I BionicX : BXTEST PASS x11-window-text
08-11 23:41:12.384 32372 32398 I BionicX : BXSUMMARY runtime passed=20 failed=0
08-11 23:41:12.384  2277  2354 I ActivityManager: Process PhantomProcessRecord {ac66af7 32399:32372:bionicx-exec/u0a194} died
