device=01408BH601027129 Android=14 API=34 ABI=arm64-v8a
profile=session-x11-probe duration=15 diagnostics=off root=unused

normal session:
BXTEST PASS session-x11 primary-exit pid=9146 detached-via=9147
BXTEST PASS session-x11 detached-session-created
bionicx-exec: primary pid=9146 exited status=0x0; draining session
BXSESSION detached pid=9148 ppid=9143 sid=9147
BXTEST PASS session-x11 detached-client duration=15
BXSUMMARY session-x11 passed=3/3
bionicx-exec: session child pid=9148 exited status=0x0
bionicx-exec: session drained children=1
session-x11-probe exited with 0

unrooted shutdown regression (60-second worker interrupted immediately):
bionicx-exec: primary pid=8860 exited status=0x0; draining session
BXSESSION detached pid=8862 ppid=8857 sid=8861
bionicx-exec: stopping session signal=15
session-x11-probe exited with 143
BXTEST PASS process-cleaned pid=8857
BXTEST PASS process-cleaned pid=8862

unchanged lower-layer regression:
BXSUMMARY runtime passed=20 failed=0
bionicx-exec: session drained children=0
runtime-probe exited with 0
