BXTEST PASS host-vulkan-loader status=0 version=1.4.309
BXTEST PASS host-vulkan-instance-extensions status=0 extensions=17
BXTEST PASS host-vulkan-xlib-extensions status=0 returned=17 surface=1 xlib=1
BXTEST PASS host-vulkan-xcb-extension status=0 xcb=1
BXTEST PASS host-vulkan-xlib-window display=open window=0x400001 size=640x360
BXTEST PASS host-vulkan-create-instance status=0 handle=valid
BXTEST PASS host-vulkan-physical-devices status=0 devices=1
BXTEST PASS host-vulkan-device-properties status=0 name=Vortek (Adreno (TM) 750) api=1.3.128 vendor=0x5143 device=0x43051401
BXTEST PASS host-vulkan-device-extension-honesty status=0 returned=133 swapchain=1 fragmentShadingRate=0
BXTEST PASS host-vulkan-queue-families families=3 graphics=0
BXTEST PASS host-vulkan-memory types=9 heaps=2 bytes=9388290048
BXTEST PASS host-vulkan-xlib-surface status=0 handle=valid window=0x400001
BXTEST PASS host-vulkan-xcb-surface status=0 handle=valid window=0x400001
BXTEST PASS host-vulkan-presentation-support status=0 surface=1 xlib=1
BXTEST PASS host-vulkan-xcb-presentation-support family=0 xcb=1
BXTEST PASS host-vulkan-surface-capabilities status=0 extent=640x360 images=1..2 usage=0x9f
BXTEST PASS host-vulkan-surface-formats status=0 advertised=4 returned=4
BXTEST PASS host-vulkan-present-modes status=0 advertised=4 returned=4 fifo=1
BXTEST PASS host-vulkan-logical-device status=0 handle=valid family=0
BXTEST PASS host-vulkan-device-queue handle=valid family=0 index=0
BXTEST PASS host-vulkan-swapchain status=0 handle=valid format=44 extent=640x360 images=1
BXTEST PASS host-vulkan-swapchain-images status=0 advertised=1 returned=1
BXTEST PASS host-vulkan-command-buffer pool=0 allocate=0 handle=valid
BXTEST PASS host-vulkan-acquire status=0 index=0 count=1
BXTEST PASS host-vulkan-record-clear status=0 color=26,191,64,255
BXTEST PASS host-vulkan-present-semaphore status=0 handle=valid
BXTEST PASS host-vulkan-submit-clear submit=0 signal=present-semaphore
BXTEST PASS host-vulkan-present status=0 index=0 color=26,191,64,255
BXSUMMARY host-vulkan passed=28 failed=0
BXTEST PASS host-vulkan-compositor pixels=230293 bounds=0,0-639,359 size=1920x1080
vulkan-probe exited with 0
