device=01408BH601027129
profile=wps-office plus diagnostic-only BIONICX_TRACE_COMMANDS=1
workflow=Writer PDF export completion -> Open File

wps-sysvipc-compat: popen via Android shell: gsettings get org.ukui.SettingsDaemon.plugins.tablet-mode tablet-mode 2>/dev/null mode=r caller=libkprometheus.so+0x46ba60
wps-command-trace: frame=2 module=libkprometheus.so+0x46a9f8
wps-command-trace: frame=3 module=libkso.so+0x29e7520

wps-sysvipc-compat: popen via Android shell: pidof wpsupdate mode=r caller=libkprometheus.so+0x615168
wps-command-trace: frame=2 module=libkprometheus.so+0x614c84

wps-sysvipc-compat: popen via Android shell: bash  <office6> mode=r caller=libkso.so+0x29f5e7c
wps-command-trace: frame=2 module=libQt5CoreKso.so.5+0x29e5bc
wps-command-trace: frame=3 module=libc.so.6+0x82b40
wps-command-trace: frame=4 module=libc.so.6+0xe6a5c
sh: bash: inaccessible or not found

observed command-wrapper events after Open File:
execve=0 execv=0 execvp=0 posix_spawn=0 posix_spawnp=0 system=0
result=Writer displayed its PDF-open error; exported PDF remained valid

untraced compatibility regression:
BXTEST PASS android-shell-popen bytes=21 status=0 output=bionicx-android-shell
BXTEST PASS x11-window-text
BXSUMMARY runtime passed=21 failed=0
wps-compat-probe exited with 0
