--------- beginning of main
08-12 00:25:37.225 17420 17420 I BionicX : profile=wps-office display=1920x1080@144 socket=filesystem
08-12 00:25:37.237 17420 17445 I BionicX : launching WPS Office Writer (AArch64): [/data/user/0/io.taowen.bx/files/bin/bionicx-exec, --direct, --cwd, /data/user/0/io.taowen.bx/files/apps/wps-office/opt/kingsoft/wps-office/office6, --argv0, wps, --env, DISPLAY=:0, --env, HOME=/data/user/0/io.taowen.bx/files/homes/wps-office, --env, TMPDIR=/data/user/0/io.taowen.bx/files/run/wps-office, --env, XDG_RUNTIME_DIR=/data/user/0/io.taowen.bx/files/run/wps-office/runtime, --env, GCONV_PATH=/data/user/0/io.taowen.bx/files/rootfs/usr/lib/gconv, --env, FONTCONFIG_PATH=/data/user/0/io.taowen.bx/files/apps/wps-office/etc/fonts, --env, FONTCONFIG_FILE=fonts.conf, --env, LANG=C, --env, QT_QPA_PLATFORM=xcb, --env, QT_X11_NO_MITSHM=1, --env, QT_OPENGL=software, --env, LIBGL_ALWAYS_SOFTWARE=1, --env, LD_LIBRARY_PATH=/data/user/0/io.taowen.bx/files/apps/wps-office/opt/kingsoft/wps-office/office6:/data/user/0/io.taowen.bx/files/rootfs/usr/lib, --env, LD_PRELOAD=/data/user/0/io.taowen.bx/files/lib/libbionicx-wps.so:/data/user/0/io.taowen.bx/files/rootfs/usr/lib/libfreetype.so.6, --, /data/user/0/io.taowen.bx/files/apps/wps-office/opt/kingsoft/wps-office/office6/wps]
08-12 00:25:37.241 17420 17445 I BionicX : bionicx-exec: running untraced pid=17449
08-12 00:25:37.357 17420 17445 I BionicX : failed to get the primary output of the screen
08-12 00:25:37.360 17420 17445 I BionicX : qt.qpa.xcb: failed to select notify events from XKB
08-12 00:25:37.360 17420 17445 I BionicX : qt.qpa.xcb: failed to get core keyboard device info
08-12 00:25:37.416 17420 17445 I BionicX : wps-sysvipc-compat: fopen64 failed errno=2 path=/etc/ssl/openssl.cnf
08-12 00:25:37.496 17420 17445 I BionicX : wps-sysvipc-compat: fopen failed errno=2 path=/data/user/0/io.taowen.bx/files/homes/wps-office/.local/share/icons/dmz/cursors/left_ptr
08-12 00:25:37.496 17420 17445 I BionicX : wps-sysvipc-compat: fopen failed errno=2 path=/data/user/0/io.taowen.bx/files/homes/wps-office/.local/share/icons/dmz/index.theme
08-12 00:25:37.496 17420 17445 I BionicX : wps-sysvipc-compat: fopen failed errno=2 path=/data/user/0/io.taowen.bx/files/homes/wps-office/.icons/dmz/cursors/left_ptr
08-12 00:25:37.496 17420 17445 I BionicX : wps-sysvipc-compat: fopen failed errno=2 path=/data/user/0/io.taowen.bx/files/homes/wps-office/.icons/dmz/index.theme
08-12 00:25:37.496 17420 17445 I BionicX : wps-sysvipc-compat: fopen failed errno=2 path=/data/data/io.taowen.bx/files/rootfs/usr/share/icons/dmz/cursors/left_ptr
08-12 00:25:37.496 17420 17445 I BionicX : wps-sysvipc-compat: fopen failed errno=2 path=/data/data/io.taowen.bx/files/rootfs/usr/share/icons/dmz/index.theme
08-12 00:25:37.496 17420 17445 I BionicX : wps-sysvipc-compat: fopen failed errno=2 path=/data/data/io.taowen.bx/files/rootfs/usr/share/pixmaps/dmz/cursors/left_ptr
08-12 00:25:37.496 17420 17445 I BionicX : wps-sysvipc-compat: fopen failed errno=2 path=/data/data/io.taowen.bx/files/rootfs/usr/share/pixmaps/dmz/index.theme
08-12 00:25:37.496 17420 17445 I BionicX : wps-sysvipc-compat: fopen failed errno=2 path=/data/user/0/io.taowen.bx/files/homes/wps-office/.local/share/icons/default/cursors/left_ptr
08-12 00:25:37.496 17420 17445 I BionicX : wps-sysvipc-compat: fopen failed errno=2 path=/data/user/0/io.taowen.bx/files/homes/wps-office/.local/share/icons/default/index.theme
08-12 00:25:37.496 17420 17445 I BionicX : wps-sysvipc-compat: fopen failed errno=2 path=/data/user/0/io.taowen.bx/files/homes/wps-office/.icons/default/cursors/left_ptr
08-12 00:25:37.496 17420 17445 I BionicX : wps-sysvipc-compat: fopen failed errno=2 path=/data/user/0/io.taowen.bx/files/homes/wps-office/.icons/default/index.theme
08-12 00:25:37.496 17420 17445 I BionicX : wps-sysvipc-compat: fopen failed errno=2 path=/data/data/io.taowen.bx/files/rootfs/usr/share/icons/default/cursors/left_ptr
08-12 00:25:37.496 17420 17445 I BionicX : wps-sysvipc-compat: fopen failed errno=2 path=/data/data/io.taowen.bx/files/rootfs/usr/share/icons/default/index.theme
08-12 00:25:37.496 17420 17445 I BionicX : wps-sysvipc-compat: fopen failed errno=2 path=/data/data/io.taowen.bx/files/rootfs/usr/share/pixmaps/default/cursors/left_ptr
08-12 00:25:37.496 17420 17445 I BionicX : wps-sysvipc-compat: fopen failed errno=2 path=/data/data/io.taowen.bx/files/rootfs/usr/share/pixmaps/default/index.theme
08-12 00:25:37.537 17420 17445 I BionicX : wps-sysvipc-compat: emulating sem key=0x5135fa2b id=5722112
08-12 00:25:37.537 17420 17445 I BionicX : wps-sysvipc-compat: semctl id=5722112 cmd=16
08-12 00:25:37.537 17420 17445 I BionicX : wps-sysvipc-compat: semctl id=5722112 cmd=16
08-12 00:25:37.537 17420 17445 I BionicX : wps-sysvipc-compat: semop id=5722112 count=1 first=-1
08-12 00:25:37.538 17420 17445 I BionicX : wps-sysvipc-compat: semop id=5722112 count=1 first=1
08-12 00:25:37.538 17420 17445 I BionicX : wps-sysvipc-compat: semop id=5722112 count=1 first=-1
08-12 00:25:37.538 17420 17445 I BionicX : wps-sysvipc-compat: semop id=5722112 count=1 first=1
08-12 00:25:37.538 17420 17445 I BionicX : wps-sysvipc-compat: semctl id=5722112 cmd=0
08-12 00:25:37.549 17420 17445 I BionicX : wps-sysvipc-compat: popen via Android shell: gsettings get org.ukui.SettingsDaemon.plugins.tablet-mode tablet-mode 2>/dev/null
08-12 00:25:37.657 17420 17445 I BionicX : wps-sysvipc-compat: popen via Android shell: pidof wpsupdate
