device=01408BH601027129 Android=14 API=34 ABI=arm64-v8a
diagnostic_only=root strace 6.13 attached to WPS; final verification unrooted

21:18:32.020024 newfstatat(AT_FDCWD, "/product/bin/xdg-open", ...) = -1 ENOENT
21:18:32.020659 newfstatat(AT_FDCWD, "/system/bin/xdg-open", ...) = -1 ENOENT
21:18:32.020955 newfstatat(AT_FDCWD, "/vendor/xbin/xdg-open", ...) = -1 ENOENT
21:18:32.021124 newfstatat(AT_FDCWD, "/product/bin/gnome-open", ...) = -1 ENOENT
21:18:32.021827 newfstatat(AT_FDCWD, "/product/bin/google-chrome", ...) = -1 ENOENT
21:18:32.022446 newfstatat(AT_FDCWD, "/product/bin/firefox", ...) = -1 ENOENT

shell prototype result:
CANNOT LINK EXECUTABLE "/system/bin/sh": rootfs/usr/lib/libc.so has bad ELF magic

final unrooted process:
pid=30215 ppid=1 uid=10194 name=wpspdf
argv=wpspdf <HOME>/Documents/PS on Android.pdf

controlled URI decode (genuine device glibc dispatcher):
input=file:///tmp/BionicX%20Probe.txt
status=4
output=bionicx-open: no handler for /tmp/BionicX Probe.txt

PDF verification:
Creator: WPS Writer
Pages: 1
Page size: 595.3 x 841.9 pts (A4)
File size: 23755 bytes
PDF version: 1.7
sha256=723c00cb044697e2cbc515936206bb8d126efe5ce9ac31d0119ad033998f52e0
text=PS on Android | glibc on bionic without proot1 | 1BOLD TEXT11 | EDGE FIT VERIFIED1
result=PASS Writer Open File launched and rendered the exported PDF
