I/BionicX (25647): BXTEST PASS xrender      version=0.1 event=0 error=0 a8=1 a8-picture=1 alpha-mask=0xff in-add=0x80 out-reverse=0x60 saturate=0xff create-repeat=0xff0000 over=0x80007f clear=0xff000000 mask-over=0x4000bf clip=0xff0000/0x0000ff pixmap-clip=0xff0000/0x0000ff gradient=0xef0010/0x1000ef src=0xef0010
I/BionicX (25647): BXTEST PASS xfixes       version=2.0 rectangles=1 mask=7 set=1 destroy=1 close=1
I/BionicX (25647): BXTEST PASS randr        version=1.3 crtcs=1 outputs=1 primary=0x9 mode=1920x1080 name=BionicX-0 output=1 crtc=1 empty-property=1
I/BionicX (25647): BXTEST PASS xinput2      version=2.0 devices=2 masters=1/1 buttons=1 query=1 root=0x4 selected=1 masks=1 grabs=1/1 peer=0x400014
I/BionicX (25647): BXTEST PASS xkeyboard    version=1.0 opcode=149 selected=1 device=BionicX keyboard map=0 names=0 keys=8-255 types=4 esc-syms=1 offset=1 escape=0xff1b a-syms=2 a=0x61/0x41
I/BionicX (25647): BXTEST PASS xkbcommon    device=3 keymap=1 state=1 keycode=38 syms=1 first=0x61 minus=0x2d/0x5f
I/BionicX (25647): BXCAP mit-shm unavailable version=0.0 pixmaps=0
I/BionicX (25647): BXINPUT xi2 type=8 device=2 source=2 detail=0 length=11 buttons=0x0 valid=1
I/BionicX (25647): BXINPUT xi2 type=7 device=2 source=2 detail=2 length=11 buttons=0x0 valid=1
I/BionicX (25647): BXINPUT xi2 type=6 device=2 source=2 detail=0 length=13 buttons=0x0 valid=1
I/BionicX (25647): BXINPUT xi2 type=4 device=2 source=2 detail=1 length=13 buttons=0x0 valid=1
I/BionicX (25647): BXINPUT xi2 type=5 device=2 source=2 detail=1 length=13 buttons=0x2 valid=1
I/BionicX (25647): BXINPUT xi2 type=8 device=2 source=2 detail=3 length=11 buttons=0x0 valid=1
I/BionicX (25647): BXINPUT xi2 type=7 device=2 source=2 detail=3 length=11 buttons=0x0 valid=1
I/BionicX (25647): BXINPUT xi2 type=6 device=2 source=2 detail=0 length=13 buttons=0x0 valid=1
I/BionicX (25647): BXINPUT xi2 type=4 device=2 source=2 detail=1 length=13 buttons=0x0 valid=1
I/BionicX (25647): BXINPUT xfixes-input-shape event-x=100 event-y=120 root-x=180 root-y=200
I/BionicX (25647): BXINPUT xi2 type=5 device=2 source=2 detail=1 length=13 buttons=0x2 valid=1
I/BionicX (25647): BXINPUT xi2 type=2 device=3 source=3 detail=38 length=13 buttons=0x0 valid=1
I/BionicX (25647): BXINPUT xi2 type=3 device=3 source=3 detail=38 length=13 buttons=0x0 valid=1
I/BionicX (25647): BXINPUT xi2 type=2 device=3 source=3 detail=56 length=13 buttons=0x0 valid=1
I/BionicX (25647): BXINPUT xi2 type=3 device=3 source=3 detail=56 length=13 buttons=0x0 valid=1
I/BionicX (25647): BXINPUT xi2 type=2 device=3 source=3 detail=54 length=13 buttons=0x0 valid=1
I/BionicX (25647): BXINPUT xi2 type=3 device=3 source=3 detail=54 length=13 buttons=0x0 valid=1
I/BionicX (25647): BXINPUT xi2 type=2 device=3 source=3 detail=50 length=13 buttons=0x0 valid=1
I/BionicX (25647): BXINPUT xkb-state keycode=50 event=2 mods=0x1 base=0x1 locked=0x0 changed=0xb
I/BionicX (25647): BXINPUT xi2 type=2 device=3 source=3 detail=20 length=13 buttons=0x0 valid=1
I/BionicX (25647): BXINPUT xi2 type=3 device=3 source=3 detail=50 length=13 buttons=0x0 valid=1
I/BionicX (25647): BXINPUT xkb-state keycode=50 event=3 mods=0x0 base=0x0 locked=0x0 changed=0xb
I/BionicX (25647): BXINPUT xi2 type=3 device=3 source=3 detail=20 length=13 buttons=0x0 valid=1
I/BionicX (25647): BXINPUT xi2 type=2 device=3 source=3 detail=50 length=13 buttons=0x0 valid=1
I/BionicX (25647): BXINPUT xkb-state keycode=50 event=2 mods=0x1 base=0x1 locked=0x0 changed=0xb
I/BionicX (25647): BXINPUT xi2 type=2 device=3 source=3 detail=38 length=13 buttons=0x0 valid=1
I/BionicX (25647): BXINPUT xi2 type=3 device=3 source=3 detail=50 length=13 buttons=0x0 valid=1
I/BionicX (25647): BXINPUT xkb-state keycode=50 event=3 mods=0x0 base=0x0 locked=0x0 changed=0xb
I/BionicX (25647): BXINPUT xi2 type=3 device=3 source=3 detail=38 length=13 buttons=0x0 valid=1
I/BionicX (25647): BXTEST PASS xkb-state-notify shift-set=1 shift-clear=1
I/BionicX (25647): BXTEST PASS xfixes-input-shape inside-presses=1 expected=1
I/BionicX (25647): BXTEST PASS xi2-device-events motion=2 press=2 release=2 enter=2 leave=2 states=1/1 wire-valid=1
I/BionicX (25647): BXSUMMARY desktop-x11 passed=9 failed=0 xerrors=0
I/BionicX (25647): x11-desktop-probe exited with 0
