--------- beginning of main
08-12 07:14:05.158 18319 18319 I BionicX : profile=x11-desktop-probe display=1920x1080@144 socket=filesystem
08-12 07:14:05.168 18319 18345 I BionicX : launching BionicX X11 desktop extension probe: [/data/user/0/io.taowen.bx/files/bin/bionicx-exec, --loader, /data/user/0/io.taowen.bx/files/rootfs/usr/lib/ld-linux-aarch64.so.1, --library-path, /data/user/0/io.taowen.bx/files/apps/x11-desktop-probe/lib:/data/user/0/io.taowen.bx/files/rootfs/usr/lib, --cwd, /data/user/0/io.taowen.bx/files/apps/x11-desktop-probe, --env, DISPLAY=:0, --env, HOME=/data/user/0/io.taowen.bx/files/homes/x11-desktop-probe, --env, TMPDIR=/data/user/0/io.taowen.bx/files/run/x11-desktop-probe, --env, LANG=en_US.UTF-8, --env, LOCPATH=/data/user/0/io.taowen.bx/files/rootfs/usr/lib/locale, --, /data/user/0/io.taowen.bx/files/apps/x11-desktop-probe/bin/x11-desktop-probe, --duration, 8]
08-12 07:14:05.173 18319 18350 I BionicX : bionicx-exec: running untraced pid=18352
08-12 07:14:05.180 18319 18350 I BionicX : BXTEST PASS xrender      version=0.1 event=0 error=0 a8=1 alpha-mask=0xff
08-12 07:14:05.194 18319 18350 I BionicX : BXTEST PASS xfixes       version=2.0 rectangles=1 mask=7 set=1 destroy=1 close=1
08-12 07:14:05.195 18319 18350 I BionicX : BXTEST PASS randr        version=1.3 crtcs=1 outputs=1 primary=0x8 mode=1920x1080 name=BionicX-0 output=1 crtc=1 empty-property=1
08-12 07:14:05.196 18319 18350 I BionicX : BXTEST PASS xinput2      version=2.0 devices=2 masters=1/1 selected=1 masks=1
08-12 07:14:05.209 18319 18350 I BionicX : BXTEST PASS xkeyboard    version=1.0 opcode=148 selected=1 device=BionicX keyboard map=0 names=0 keys=8-255 types=4 esc-syms=1 offset=1 escape=0xff1b a-syms=2 a=0x61/0x41
08-12 07:14:05.223 18319 18351 I BionicX : Xlib:  extension "MIT-SHM" missing on display ":0".
08-12 07:14:05.225 18319 18350 I BionicX : BXTEST PASS xkbcommon    device=3 keymap=1 state=1 keycode=38 syms=1 first=0x61 minus=0x2d/0x5f
08-12 07:14:07.314 18319 18350 I BionicX : BXCAP mit-shm unavailable version=0.0 pixmaps=0
08-12 07:14:07.314 18319 18350 I BionicX : BXINPUT xfixes-input-shape event-x=100 event-y=120 root-x=180 root-y=200
08-12 07:14:08.359 18319 18350 I BionicX : BXINPUT xkb-state keycode=50 event=2 mods=0x1 base=0x1 locked=0x0 changed=0xb
08-12 07:14:08.359 18319 18350 I BionicX : BXINPUT xkb-state keycode=50 event=3 mods=0x0 base=0x0 locked=0x0 changed=0xb
08-12 07:14:08.359 18319 18350 I BionicX : BXINPUT xkb-state keycode=50 event=2 mods=0x1 base=0x1 locked=0x0 changed=0xb
08-12 07:14:08.359 18319 18350 I BionicX : BXINPUT xkb-state keycode=50 event=3 mods=0x0 base=0x0 locked=0x0 changed=0xb
08-12 07:14:13.224 18319 18350 I BionicX : BXTEST PASS xkb-state-notify shift-set=1 shift-clear=1
08-12 07:14:13.224 18319 18350 I BionicX : BXTEST PASS xfixes-input-shape inside-presses=1 expected=1
08-12 07:14:13.224 18319 18350 I BionicX : BXSUMMARY desktop-x11 passed=8 failed=0 xerrors=0
08-12 07:14:13.227 18319 18351 I BionicX : bionicx-exec: primary pid=18352 exited status=0x0; draining session
08-12 07:14:13.227 18319 18351 I BionicX : bionicx-exec: session drained children=0
08-12 07:14:13.228 18319 18345 I BionicX : x11-desktop-probe exited with 0
