--------- beginning of main
08-12 07:50:28.164 28741 28741 I BionicX : profile=x11-probe display=1920x1080@144 socket=filesystem
08-12 07:50:28.174 28741 28766 I BionicX : launching BionicX core X11 integration probe: [/data/user/0/io.taowen.bx/files/bin/bionicx-exec, --loader, /data/user/0/io.taowen.bx/files/rootfs/usr/lib/ld-linux-aarch64.so.1, --library-path, /data/user/0/io.taowen.bx/files/apps/x11-probe/lib:/data/user/0/io.taowen.bx/files/rootfs/usr/lib, --cwd, /data/user/0/io.taowen.bx/files/apps/x11-probe, --env, DISPLAY=:0, --env, HOME=/data/user/0/io.taowen.bx/files/homes/x11-probe, --env, TMPDIR=/data/user/0/io.taowen.bx/files/run/x11-probe, --env, LANG=C.UTF-8, --, /data/user/0/io.taowen.bx/files/apps/x11-probe/bin/x11-probe, --duration, 12]
08-12 07:50:28.179 28741 28772 I BionicX : bionicx-exec: running untraced pid=28774
08-12 07:50:28.182 28741 28772 I BionicX : BXTEST PASS display-connect glibc=2.39 vendor=Elbrus Technologies, LLC protocol=11.0 screens=1
08-12 07:50:28.182 28741 28772 I BionicX : BXTEST PASS list-extensions count=10
08-12 07:50:28.187 28741 28772 I BionicX : BXINFO extension BIG-REQUESTS
08-12 07:50:28.187 28741 28772 I BionicX : BXINFO extension DRI3
08-12 07:50:28.187 28741 28772 I BionicX : BXINFO extension Present
08-12 07:50:28.187 28741 28772 I BionicX : BXINFO extension Composite
08-12 07:50:28.187 28741 28772 I BionicX : BXINFO extension RENDER
08-12 07:50:28.187 28741 28772 I BionicX : BXINFO extension XFIXES
08-12 07:50:28.187 28741 28772 I BionicX : BXINFO extension RANDR
08-12 07:50:28.187 28741 28772 I BionicX : BXINFO extension XInputExtension
08-12 07:50:28.187 28741 28772 I BionicX : BXINFO extension XKEYBOARD
08-12 07:50:28.187 28741 28772 I BionicX : BXINFO extension GLX
08-12 07:50:28.187 28741 28772 I BionicX : BXTEST PASS window-create-map
08-12 07:50:28.187 28741 28772 I BionicX : BXTEST PASS input-focus
08-12 07:50:28.187 28741 28772 I BionicX : BXTEST PASS property-roundtrip UTF8_STRING
08-12 07:50:28.212 28741 28772 I BionicX : BXTEST PASS pixmap-gc-copy pixel=0x3264c8
08-12 07:50:28.221 28741 28772 I BionicX : BXTEST PASS poly-text8 foreground-pixels=473
08-12 07:50:28.223 28741 28772 I BionicX : BXTEST PASS window-tree children=1
08-12 07:50:28.223 28741 28772 I BionicX : BXTEST PASS input-only-geometry class=2 geometry=40x30+3+4 border=0 depth=0
08-12 07:50:28.225 28741 28772 I BionicX : BXTEST PASS translate-coordinates root=220,160
08-12 07:50:28.227 28741 28772 I BionicX : BXTEST PASS cursor-create-define
08-12 07:50:28.228 28741 28772 I BionicX : BXTEST PASS selection-owner CLIPBOARD
08-12 07:50:28.229 28741 28772 I BionicX : BXTEST PASS client-message-send
08-12 07:50:29.277 28741 28772 I BionicX : BXINPUT keycode=38 state=0x0 base=0x61 shifted=0x41
08-12 07:50:29.277 28741 28772 I BionicX : BXINPUT release keycode=38 state=0x0
08-12 07:50:29.278 28741 28772 I BionicX : BXINPUT keycode=56 state=0x0 base=0x62 shifted=0x42
08-12 07:50:29.279 28741 28772 I BionicX : BXINPUT release keycode=56 state=0x0
08-12 07:50:29.282 28741 28772 I BionicX : BXINPUT keycode=54 state=0x0 base=0x63 shifted=0x43
08-12 07:50:29.282 28741 28772 I BionicX : BXINPUT release keycode=54 state=0x0
08-12 07:50:29.283 28741 28772 I BionicX : BXINPUT keycode=50 state=0x0 base=0xffe1 shifted=0xffe1
08-12 07:50:29.283 28741 28772 I BionicX : BXINPUT keycode=20 state=0x1 base=0x2d shifted=0x5f
08-12 07:50:29.283 28741 28772 I BionicX : BXINPUT release keycode=50 state=0x1
08-12 07:50:29.283 28741 28772 I BionicX : BXINPUT release keycode=20 state=0x0
08-12 07:50:29.284 28741 28772 I BionicX : BXINPUT keycode=50 state=0x0 base=0xffe1 shifted=0xffe1
08-12 07:50:29.285 28741 28772 I BionicX : BXINPUT keycode=38 state=0x1 base=0x61 shifted=0x41
08-12 07:50:29.285 28741 28772 I BionicX : BXINPUT release keycode=50 state=0x1
08-12 07:50:29.285 28741 28772 I BionicX : BXINPUT release keycode=38 state=0x0
08-12 07:50:40.325 28741 28772 I BionicX : BXTEST PASS client-message-receive WM_DELETE_WINDOW
08-12 07:50:40.325 28741 28772 I BionicX : BXTEST PASS modifier-event-state lower=1 shift-press=1 underscore=1 shift-release=1 releases=7
08-12 07:50:40.328 28741 28772 I BionicX : BXOBS input-events keys=7 buttons=1 motions=43
08-12 07:50:40.328 28741 28772 I BionicX : BXSUMMARY passed=15 failed=0 observational_input=yes
08-12 07:50:40.328 28741 28773 I BionicX : bionicx-exec: primary pid=28774 exited status=0x0; draining session
08-12 07:50:40.328 28741 28773 I BionicX : bionicx-exec: session drained children=0
08-12 07:50:40.329 28741 28766 I BionicX : x11-probe exited with 0
