--------- beginning of main
08-12 11:33:28.895 12886 12886 I BionicX : profile=x11-desktop-probe display=1920x1080@144 socket=filesystem
08-12 11:33:28.906 12886 12910 I BionicX : launching BionicX X11 desktop extension probe: [/data/user/0/io.taowen.bx/files/bin/bionicx-exec, --loader, /data/user/0/io.taowen.bx/files/rootfs/usr/lib/ld-linux-aarch64.so.1, --library-path, /data/user/0/io.taowen.bx/files/apps/x11-desktop-probe/lib:/data/user/0/io.taowen.bx/files/rootfs/usr/lib, --cwd, /data/user/0/io.taowen.bx/files/apps/x11-desktop-probe, --env, DISPLAY=:0, --env, HOME=/data/user/0/io.taowen.bx/files/homes/x11-desktop-probe, --env, TMPDIR=/data/user/0/io.taowen.bx/files/run/x11-desktop-probe, --env, LANG=en_US.UTF-8, --env, LOCPATH=/data/user/0/io.taowen.bx/files/rootfs/usr/lib/locale, --, /data/user/0/io.taowen.bx/files/apps/x11-desktop-probe/bin/x11-desktop-probe, --duration, 8]
08-12 11:33:28.911 12886 12914 I BionicX : bionicx-exec: running untraced pid=12916
08-12 11:33:28.991 12886 12914 I BionicX : BXTEST PASS xrender      version=0.1 event=0 error=0 a8=1 a8-picture=1 alpha-mask=0xff in-add=0x80 out-reverse=0x60 create-repeat=0xff0000 over=0x80007f clear=0xff000000 mask-over=0x4000bf clip=0xff0000/0x0000ff gradient=0xef0010/0x1000ef src=0xef0010
08-12 11:33:29.004 12886 12914 I BionicX : BXTEST PASS xfixes       version=2.0 rectangles=1 mask=7 set=1 destroy=1 close=1
08-12 11:33:29.005 12886 12914 I BionicX : BXTEST PASS randr        version=1.3 crtcs=1 outputs=1 primary=0x9 mode=1920x1080 name=BionicX-0 output=1 crtc=1 empty-property=1
08-12 11:33:29.006 12886 12914 I BionicX : BXTEST PASS xinput2      version=2.0 devices=2 masters=1/1 buttons=1 query=1 root=0x4 selected=1 masks=1
08-12 11:33:29.019 12886 12914 I BionicX : BXTEST PASS xkeyboard    version=1.0 opcode=148 selected=1 device=BionicX keyboard map=0 names=0 keys=8-255 types=4 esc-syms=1 offset=1 escape=0xff1b a-syms=2 a=0x61/0x41
08-12 11:33:29.031 12886 12914 I BionicX : BXTEST PASS xkbcommon    device=3 keymap=1 state=1 keycode=38 syms=1 first=0x61 minus=0x2d/0x5f
08-12 11:33:29.031 12886 12915 I BionicX : Xlib:  extension "MIT-SHM" missing on display ":0".
08-12 11:33:31.062 12886 12914 I BionicX : BXCAP mit-shm unavailable version=0.0 pixmaps=0
08-12 11:33:31.062 12886 12914 I BionicX : BXINPUT xi2 type=6 device=2 source=2 detail=0 length=12 valid=1
08-12 11:33:31.062 12886 12914 I BionicX : BXINPUT xi2 type=4 device=2 source=2 detail=1 length=12 valid=1
08-12 11:33:31.062 12886 12914 I BionicX : BXINPUT xfixes-input-shape event-x=100 event-y=120 root-x=180 root-y=200
08-12 11:33:31.102 12886 12914 I BionicX : BXINPUT xi2 type=5 device=2 source=2 detail=1 length=12 valid=1
08-12 11:33:32.108 12886 12914 I BionicX : BXINPUT xkb-state keycode=50 event=2 mods=0x1 base=0x1 locked=0x0 changed=0xb
08-12 11:33:32.108 12886 12914 I BionicX : BXINPUT xkb-state keycode=50 event=3 mods=0x0 base=0x0 locked=0x0 changed=0xb
08-12 11:33:32.108 12886 12914 I BionicX : BXINPUT xkb-state keycode=50 event=2 mods=0x1 base=0x1 locked=0x0 changed=0xb
08-12 11:33:32.108 12886 12914 I BionicX : BXINPUT xkb-state keycode=50 event=3 mods=0x0 base=0x0 locked=0x0 changed=0xb
08-12 11:33:37.050 12886 12914 I BionicX : BXTEST PASS xkb-state-notify shift-set=1 shift-clear=1
08-12 11:33:37.051 12886 12914 I BionicX : BXTEST PASS xfixes-input-shape inside-presses=1 expected=1
08-12 11:33:37.051 12886 12914 I BionicX : BXTEST PASS xi2-device-events motion=1 press=1 release=1 wire-valid=1
08-12 11:33:37.051 12886 12914 I BionicX : BXSUMMARY desktop-x11 passed=9 failed=0 xerrors=0
08-12 11:33:37.054 12886 12915 I BionicX : bionicx-exec: primary pid=12916 exited status=0x0; draining session
08-12 11:33:37.054 12886 12915 I BionicX : bionicx-exec: session drained children=0
08-12 11:33:37.055 12886 12910 I BionicX : x11-desktop-probe exited with 0
